== H-GRS-GENERAL-SIZE run 20260902T113614Z_a999d1b0_5daa598b6a04
[stage A] transport library OK
[stage F] controls battery OK (34 asserts so far)
[stage B] PGL counts {7: 336, 11: 1320, 13: 2184}
[stage C] (3,3) re-expression p=7: {6: 12, 7: 588}
[stage C] (3,3) re-expression p=11: {6: 4, 7: 72}
[stage C] (3,3) re-expression p=13: {6: 2, 7: 42}
[stage C] (2,4) p=13: n6=2 n7=42 k5empty=0
[stage C] (2,4) p=11: n6=4 n7=72 k5empty=0
[stage C] (2,4) p=7: n6=12 n7=84 k5empty=0
[stage C] (3,4) p=13: circuits=2 k6empty=0
[stage C] (3,4) p=11: circuits=2 k6empty=0
[stage C] (3,4) p=7: circuits=42 k6empty=0
[stage D] 4x4 GF7: size9=0 size10=16
[stage D] 4x4 GF11: size9=0 size10=16
[stage D] 4x4 GF13: size9=0 size10=16
[stage D] 5x5 GF7: size9=36378 (CPU 662.2s)
[stage D] 5x5 GF7: size10=181960
[stage E] n=8 GF11: rank7=2192 CI=560 common=1632
[stage E] n=8 GF13: rank7=1344 CI=416 common=928
== ALL CONTROLS PASS: 103 asserts; CPU 1627.534s, wall 1756.066s
