Traceback (most recent call last):
  File "/Users/jinleic/jinleic-workspace/cs/mceliece/campaigns/2026-08-31T08-44Z_DA168C79/code/run_toy_census.py", line 392, in <module>
    sys.exit(main())
             ~~~~^^
  File "/Users/jinleic/jinleic-workspace/cs/mceliece/campaigns/2026-08-31T08-44Z_DA168C79/code/run_toy_census.py", line 289, in main
    res = tc.run_census(ledger_dir, sh,
                        extra_header={"controls_artifact_sha256":
                                      controls_artifact_sha})
  File "/Users/jinleic/jinleic-workspace/cs/mceliece/campaigns/2026-08-31T08-44Z_DA168C79/code/toy_census.py", line 1369, in run_census
    rec = run_cell(beta, ef)
  File "/Users/jinleic/jinleic-workspace/cs/mceliece/campaigns/2026-08-31T08-44Z_DA168C79/code/toy_census.py", line 1267, in run_cell
    pub = run_public_phase(public, ef)
  File "/Users/jinleic/jinleic-workspace/cs/mceliece/campaigns/2026-08-31T08-44Z_DA168C79/code/toy_census.py", line 1249, in run_public_phase
    scans[pos] = scan_labels(public, ef, u4, pos, ker_E)
                 ~~~~~~~~~~~^^^^^^^^^^^^^^^^^^^^^^^^^^^^
  File "/Users/jinleic/jinleic-workspace/cs/mceliece/campaigns/2026-08-31T08-44Z_DA168C79/code/toy_census.py", line 559, in scan_labels
    _, _, feas, _ = rref_affine(rows, bvec, nunk, ef)
                    ~~~~~~~~~~~^^^^^^^^^^^^^^^^^^^^^^
  File "/Users/jinleic/jinleic-workspace/cs/mceliece/campaigns/2026-08-31T08-44Z_DA168C79/code/toy_census.py", line 363, in rref_affine
    rows[i] = [rows[i][c2] ^ ef.MUL[f, rows[r][c2]]
               ~~~~~~~~~~~~^~~~~~~~~~~~~~~~~~~~~~~~
  File "/Users/jinleic/jinleic-workspace/cs/mceliece/campaigns/2026-08-31T08-44Z_DA168C79/code/run_toy_census.py", line 94, in wall_cap_handler
    raise TimeoutError(
        f"McEliece census exceeded {WALL_CAP_SECONDS} seconds; "
        "preserving every completed or staged artifact")
TimeoutError: McEliece census exceeded 7200 seconds; preserving every completed or staged artifact
