[MC] removing stale lock from dead pid 25467
[MC] skip complete cell 0 (matched p=0.002 gross sched#4382, 52000 shots)
[MC] matched p=0.002 pbb sched#4107 stage13: cum=56000 fails=1252 hw=3.53e-03 done=False (3455s)
[MC] matched p=0.002 pbb sched#4107 stage14: cum=60000 fails=1337 hw=3.40e-03 done=False (3767s)
[MC] matched p=0.002 pbb sched#4107 stage15: cum=64000 fails=1427 hw=3.29e-03 done=False (4018s)
[MC] matched p=0.002 pbb sched#4107 stage16: cum=68000 fails=1525 hw=3.20e-03 done=False (3488s)
[MC] matched p=0.002 pbb sched#4107 stage17: cum=72000 fails=1617 hw=3.11e-03 done=False (3640s)
[MC] matched p=0.002 pbb sched#4107 stage18: cum=76000 fails=1713 hw=3.04e-03 done=False (3048s)
[MC] matched p=0.002 pbb sched#4107 stage19: cum=80000 fails=1809 hw=2.96e-03 done=False (3190s)
[MC] matched p=0.002 pbb sched#4107 stage20: cum=84000 fails=1889 hw=2.88e-03 done=False (3196s)
[MC] matched p=0.002 pbb sched#4107 stage21: cum=88000 fails=1951 hw=2.80e-03 done=False (3195s)
[MC] matched p=0.002 pbb sched#4107 stage22: cum=92000 fails=2040 hw=2.74e-03 done=False (3286s)
[MC] matched p=0.002 pbb sched#4107 stage23: cum=96000 fails=2127 hw=2.68e-03 done=False (3728s)
[MC] matched p=0.002 pbb sched#4107 stage24: cum=100000 fails=2200 hw=2.61e-03 done=False (3790s)
[MC] matched p=0.002 pbb sched#4107 stage25: cum=104000 fails=2270 hw=2.55e-03 done=False (3565s)
[MC] matched p=0.002 pbb sched#4107 stage26: cum=108000 fails=2363 hw=2.51e-03 done=False (3477s)
[MC] matched p=0.002 pbb sched#4107 stage27: cum=112000 fails=2448 hw=2.46e-03 done=False (3095s)
[MC] matched p=0.002 pbb sched#4107 stage28: cum=116000 fails=2533 hw=2.42e-03 done=False (3014s)
[MC] matched p=0.002 pbb sched#4107 stage29: cum=120000 fails=2614 hw=2.37e-03 done=False (2843s)
[MC] matched p=0.002 pbb sched#4107 stage30: cum=124000 fails=2701 hw=2.34e-03 done=False (2967s)
[MC] matched p=0.002 pbb sched#4107 stage31: cum=128000 fails=2792 hw=2.30e-03 done=False (3020s)
[MC] matched p=0.002 pbb sched#4107 stage32: cum=132000 fails=2882 hw=2.27e-03 done=False (2865s)
[MC] matched p=0.002 pbb sched#4107 stage33: cum=136000 fails=2962 hw=2.23e-03 done=False (2957s)
[MC] matched p=0.002 pbb sched#4107 stage34: cum=140000 fails=3051 hw=2.20e-03 done=False (2938s)
[MC] matched p=0.002 pbb sched#4107 stage35: cum=144000 fails=3142 hw=2.17e-03 done=False (3078s)
[MC] matched p=0.002 pbb sched#4107 stage36: cum=148000 fails=3235 hw=2.14e-03 done=False (3219s)
/opt/homebrew/Cellar/python@3.13/3.13.9_1/Frameworks/Python.framework/Versions/3.13/lib/python3.13/multiprocessing/resource_tracker.py:324: UserWarning: resource_tracker: There appear to be 5 leaked semaphore objects to clean up at shutdown: {'/mp-cpm3qsw8', '/mp-96f193_0', '/mp-1sjyk73y', '/mp-q52d6elb', '/mp-09zjw107'}
  warnings.warn(
[MC] removing stale lock from dead pid 99692
[MC] skip complete cell 0 (matched p=0.002 gross sched#4382, 52000 shots)
[MC] matched p=0.002 pbb sched#4107 stage37: cum=152000 fails=3314 hw=2.11e-03 done=False (2961s)
[MC] matched p=0.002 pbb sched#4107 stage38: cum=156000 fails=3405 hw=2.08e-03 done=False (2757s)
[MC] matched p=0.002 pbb sched#4107 stage39: cum=160000 fails=3512 hw=2.06e-03 done=False (3001s)
[MC] matched p=0.002 pbb sched#4107 stage40: cum=164000 fails=3599 hw=2.04e-03 done=False (2960s)
[MC] matched p=0.002 pbb sched#4107 stage41: cum=168000 fails=3695 hw=2.01e-03 done=False (2744s)
[MC] matched p=0.002 pbb sched#4107 stage42: cum=172000 fails=3801 hw=2.00e-03 done=True (2901s)
[MC] matched p=0.002 gross sched#6479 stage0: cum=4000 fails=68 hw=1.18e-02 done=False (312s)
[MC] matched p=0.002 gross sched#6479 stage1: cum=8000 fails=136 hw=8.25e-03 done=False (293s)
[MC] matched p=0.002 gross sched#6479 stage2: cum=12000 fails=188 hw=6.46e-03 done=False (309s)
[MC] matched p=0.002 gross sched#6479 stage3: cum=16000 fails=254 hw=5.61e-03 done=False (300s)
[MC] matched p=0.002 gross sched#6479 stage4: cum=20000 fails=313 hw=4.98e-03 done=False (288s)
[MC] matched p=0.002 gross sched#6479 stage5: cum=24000 fails=376 hw=4.54e-03 done=False (303s)
[MC] matched p=0.002 gross sched#6479 stage6: cum=28000 fails=434 hw=4.18e-03 done=False (298s)
[MC] matched p=0.002 gross sched#6479 stage7: cum=32000 fails=492 hw=3.89e-03 done=False (290s)
[MC] matched p=0.002 gross sched#6479 stage8: cum=36000 fails=554 hw=3.67e-03 done=False (285s)
[MC] matched p=0.002 gross sched#6479 stage9: cum=40000 fails=634 hw=3.53e-03 done=False (304s)
[MC] matched p=0.002 gross sched#6479 stage10: cum=44000 fails=698 hw=3.37e-03 done=False (281s)
[MC] matched p=0.002 gross sched#6479 stage11: cum=48000 fails=758 hw=3.22e-03 done=False (291s)
[MC] matched p=0.002 gross sched#6479 stage12: cum=52000 fails=819 hw=3.09e-03 done=False (304s)
[MC] matched p=0.002 gross sched#6479 stage13: cum=56000 fails=885 hw=2.98e-03 done=False (285s)
[MC] matched p=0.002 gross sched#6479 stage14: cum=60000 fails=946 hw=2.87e-03 done=False (282s)
[MC] matched p=0.002 gross sched#6479 stage15: cum=64000 fails=1001 hw=2.77e-03 done=False (296s)
[MC] matched p=0.002 gross sched#6479 stage16: cum=68000 fails=1069 hw=2.69e-03 done=False (298s)
[MC] matched p=0.002 gross sched#6479 stage17: cum=72000 fails=1136 hw=2.62e-03 done=False (313s)
[MC] matched p=0.002 gross sched#6479 stage18: cum=76000 fails=1196 hw=2.55e-03 done=False (291s)
[MC] matched p=0.002 gross sched#6479 stage19: cum=80000 fails=1257 hw=2.48e-03 done=False (284s)
[MC] matched p=0.002 gross sched#6479 stage20: cum=84000 fails=1322 hw=2.42e-03 done=False (286s)
[MC] matched p=0.002 gross sched#6479 stage21: cum=88000 fails=1384 hw=2.37e-03 done=False (298s)
[MC] matched p=0.002 gross sched#6479 stage22: cum=92000 fails=1448 hw=2.31e-03 done=False (305s)
[MC] matched p=0.002 gross sched#6479 stage23: cum=96000 fails=1500 hw=2.26e-03 done=False (305s)
[MC] matched p=0.002 gross sched#6479 stage24: cum=100000 fails=1565 hw=2.21e-03 done=False (331s)
[MC] matched p=0.002 gross sched#6479 stage25: cum=104000 fails=1619 hw=2.16e-03 done=False (333s)
[MC] matched p=0.002 gross sched#6479 stage26: cum=108000 fails=1673 hw=2.12e-03 done=False (321s)
[MC] matched p=0.002 gross sched#6479 stage27: cum=112000 fails=1741 hw=2.08e-03 done=False (330s)
[MC] matched p=0.002 gross sched#6479 stage28: cum=116000 fails=1798 hw=2.05e-03 done=False (327s)
[MC] matched p=0.002 gross sched#6479 stage29: cum=120000 fails=1857 hw=2.01e-03 done=False (329s)
[MC] matched p=0.002 gross sched#6479 stage30: cum=124000 fails=1928 hw=1.98e-03 done=True (314s)
[MC] matched p=0.002 pbb sched#5020 stage0: cum=4000 fails=113 hw=1.50e-02 done=False (3217s)
[MC] matched p=0.002 pbb sched#5020 stage1: cum=8000 fails=241 hw=1.09e-02 done=False (3231s)
[MC] matched p=0.002 pbb sched#5020 stage2: cum=12000 fails=342 hw=8.62e-03 done=False (3061s)
[MC] matched p=0.002 pbb sched#5020 stage3: cum=16000 fails=467 hw=7.54e-03 done=False (3204s)
[MC] matched p=0.002 pbb sched#5020 stage4: cum=20000 fails=572 hw=6.67e-03 done=False (3161s)
[MC] matched p=0.002 pbb sched#5020 stage5: cum=24000 fails=708 hw=6.17e-03 done=False (3458s)
[MC] matched p=0.002 pbb sched#5020 stage6: cum=28000 fails=800 hw=5.63e-03 done=False (3168s)
[MC] matched p=0.002 pbb sched#5020 stage7: cum=32000 fails=917 hw=5.27e-03 done=False (3284s)
[MC] matched p=0.002 pbb sched#5020 stage8: cum=36000 fails=1025 hw=4.95e-03 done=False (3183s)
[MC] matched p=0.002 pbb sched#5020 stage9: cum=40000 fails=1140 hw=4.70e-03 done=False (3361s)
[MC] matched p=0.002 pbb sched#5020 stage10: cum=44000 fails=1244 hw=4.46e-03 done=False (3203s)
[MC] matched p=0.002 pbb sched#5020 stage11: cum=48000 fails=1355 hw=4.27e-03 done=False (3816s)
[MC] matched p=0.002 pbb sched#5020 stage12: cum=52000 fails=1467 hw=4.10e-03 done=False (4190s)
[MC] matched p=0.002 pbb sched#5020 stage13: cum=56000 fails=1574 hw=3.94e-03 done=False (4257s)
[MC] matched p=0.002 pbb sched#5020 stage14: cum=60000 fails=1696 hw=3.82e-03 done=False (4183s)
[MC] matched p=0.002 pbb sched#5020 stage15: cum=64000 fails=1797 hw=3.68e-03 done=False (3800s)
[MC] matched p=0.002 pbb sched#5020 stage16: cum=68000 fails=1923 hw=3.58e-03 done=False (3698s)
[MC] matched p=0.002 pbb sched#5020 stage17: cum=72000 fails=2044 hw=3.49e-03 done=False (3637s)
[MC] matched p=0.002 pbb sched#5020 stage18: cum=76000 fails=2149 hw=3.39e-03 done=False (3879s)
[MC] matched p=0.002 pbb sched#5020 stage19: cum=80000 fails=2262 hw=3.30e-03 done=False (3889s)
[MC] matched p=0.002 pbb sched#5020 stage20: cum=84000 fails=2392 hw=3.23e-03 done=False (4209s)
[MC] matched p=0.002 pbb sched#5020 stage21: cum=88000 fails=2495 hw=3.15e-03 done=False (3820s)
[MC] matched p=0.002 pbb sched#5020 stage22: cum=92000 fails=2612 hw=3.09e-03 done=False (3729s)
[MC] matched p=0.002 pbb sched#5020 stage23: cum=96000 fails=2717 hw=3.02e-03 done=False (3827s)
[MC] matched p=0.002 pbb sched#5020 stage24: cum=100000 fails=2841 hw=2.96e-03 done=False (3866s)
[MC] matched p=0.002 pbb sched#5020 stage25: cum=104000 fails=2943 hw=2.90e-03 done=False (3679s)
[MC] matched p=0.002 pbb sched#5020 stage26: cum=108000 fails=3055 hw=2.84e-03 done=False (3576s)
[MC] matched p=0.002 pbb sched#5020 stage27: cum=112000 fails=3162 hw=2.79e-03 done=False (3639s)
[MC] matched p=0.002 pbb sched#5020 stage28: cum=116000 fails=3265 hw=2.74e-03 done=False (3589s)
[MC] matched p=0.002 pbb sched#5020 stage29: cum=120000 fails=3379 hw=2.69e-03 done=False (3670s)
[MC] matched p=0.002 pbb sched#5020 stage30: cum=124000 fails=3513 hw=2.65e-03 done=False (3667s)
[MC] matched p=0.002 pbb sched#5020 stage31: cum=128000 fails=3639 hw=2.62e-03 done=False (3843s)
[MC] matched p=0.002 pbb sched#5020 stage32: cum=132000 fails=3767 hw=2.58e-03 done=False (3418s)
[MC] matched p=0.002 pbb sched#5020 stage33: cum=136000 fails=3879 hw=2.54e-03 done=False (3398s)
[MC] matched p=0.002 pbb sched#5020 stage34: cum=140000 fails=4024 hw=2.51e-03 done=False (3772s)
[MC] matched p=0.002 pbb sched#5020 stage35: cum=144000 fails=4122 hw=2.47e-03 done=False (3596s)
[MC] matched p=0.002 pbb sched#5020 stage36: cum=148000 fails=4217 hw=2.43e-03 done=False (3685s)
[MC] matched p=0.002 pbb sched#5020 stage37: cum=152000 fails=4317 hw=2.40e-03 done=False (3650s)
[MC] matched p=0.002 pbb sched#5020 stage38: cum=156000 fails=4429 hw=2.37e-03 done=False (3680s)
[MC] matched p=0.002 pbb sched#5020 stage39: cum=160000 fails=4543 hw=2.34e-03 done=False (3660s)
[MC] matched p=0.002 pbb sched#5020 stage40: cum=164000 fails=4647 hw=2.31e-03 done=False (3618s)
[MC] matched p=0.002 pbb sched#5020 stage41: cum=168000 fails=4752 hw=2.28e-03 done=False (3690s)
[MC] matched p=0.002 pbb sched#5020 stage42: cum=172000 fails=4860 hw=2.25e-03 done=False (3800s)
[MC] matched p=0.002 pbb sched#5020 stage43: cum=176000 fails=4974 hw=2.22e-03 done=False (3614s)
[MC] matched p=0.002 pbb sched#5020 stage44: cum=180000 fails=5090 hw=2.20e-03 done=False (6392s)
[MC] matched p=0.002 pbb sched#5020 stage45: cum=184000 fails=5205 hw=2.18e-03 done=False (3727s)
[MC] matched p=0.002 pbb sched#5020 stage46: cum=188000 fails=5323 hw=2.15e-03 done=False (3957s)
[MC] matched p=0.002 pbb sched#5020 stage47: cum=192000 fails=5453 hw=2.13e-03 done=False (4274s)
[MC] matched p=0.002 pbb sched#5020 stage48: cum=196000 fails=5572 hw=2.11e-03 done=False (3998s)
[MC] matched p=0.002 pbb sched#5020 stage49: cum=200000 fails=5681 hw=2.09e-03 done=False (4648s)
[MC] matched p=0.002 pbb sched#5020 stage50: cum=204000 fails=5780 hw=2.07e-03 done=False (4125s)
[MC] matched p=0.002 pbb sched#5020 stage51: cum=208000 fails=5879 hw=2.04e-03 done=False (3865s)
[MC] matched p=0.002 pbb sched#5020 stage52: cum=212000 fails=5983 hw=2.02e-03 done=False (4344s)
[MC] matched p=0.002 pbb sched#5020 stage53: cum=216000 fails=6123 hw=2.01e-03 done=False (4584s)
[MC] matched p=0.002 pbb sched#5020 stage54: cum=220000 fails=6229 hw=1.99e-03 done=True (4154s)
[MC] matched p=0.002 gross sched#7997 stage0: cum=4000 fails=40 hw=9.14e-03 done=False (413s)
[MC] matched p=0.002 gross sched#7997 stage1: cum=8000 fails=68 hw=5.91e-03 done=False (414s)
[MC] matched p=0.002 gross sched#7997 stage2: cum=12000 fails=102 hw=4.80e-03 done=False (419s)
[MC] matched p=0.002 gross sched#7997 stage3: cum=16000 fails=144 hw=4.26e-03 done=False (405s)
[MC] matched p=0.002 gross sched#7997 stage4: cum=20000 fails=174 hw=3.74e-03 done=False (399s)
[MC] matched p=0.002 gross sched#7997 stage5: cum=24000 fails=208 hw=3.40e-03 done=False (410s)
[MC] matched p=0.002 gross sched#7997 stage6: cum=28000 fails=239 hw=3.13e-03 done=False (403s)
[MC] matched p=0.002 gross sched#7997 stage7: cum=32000 fails=272 hw=2.91e-03 done=False (399s)
[MC] matched p=0.002 gross sched#7997 stage8: cum=36000 fails=322 hw=2.82e-03 done=False (397s)
[MC] matched p=0.002 gross sched#7997 stage9: cum=40000 fails=357 hw=2.67e-03 done=False (396s)
[MC] matched p=0.002 gross sched#7997 stage10: cum=44000 fails=398 hw=2.56e-03 done=False (412s)
[MC] matched p=0.002 gross sched#7997 stage11: cum=48000 fails=425 hw=2.42e-03 done=False (399s)
[MC] matched p=0.002 gross sched#7997 stage12: cum=52000 fails=464 hw=2.34e-03 done=False (391s)
[MC] matched p=0.002 gross sched#7997 stage13: cum=56000 fails=494 hw=2.24e-03 done=False (399s)
[MC] matched p=0.002 gross sched#7997 stage14: cum=60000 fails=523 hw=2.15e-03 done=False (408s)
[MC] matched p=0.002 gross sched#7997 stage15: cum=64000 fails=565 hw=2.09e-03 done=False (397s)
[MC] matched p=0.002 gross sched#7997 stage16: cum=68000 fails=602 hw=2.03e-03 done=False (422s)
[MC] matched p=0.002 gross sched#7997 stage17: cum=72000 fails=637 hw=1.97e-03 done=True (404s)
[MC] matched p=0.002 pbb sched#6635 stage0: cum=4000 fails=150 hw=1.71e-02 done=False (4095s)
[MC] matched p=0.002 pbb sched#6635 stage1: cum=8000 fails=301 hw=1.21e-02 done=False (3907s)
[MC] matched p=0.002 pbb sched#6635 stage2: cum=12000 fails=467 hw=1.00e-02 done=False (3919s)
[MC] matched p=0.002 pbb sched#6635 stage3: cum=16000 fails=649 hw=8.82e-03 done=False (4477s)
[MC] matched p=0.002 pbb sched#6635 stage4: cum=20000 fails=813 hw=7.89e-03 done=False (9148s)
[MC] matched p=0.002 pbb sched#6635 stage5: cum=24000 fails=992 hw=7.26e-03 done=False (4219s)
[MC] matched p=0.002 pbb sched#6635 stage6: cum=28000 fails=1156 hw=6.71e-03 done=False (4004s)
[MC] matched p=0.002 pbb sched#6635 stage7: cum=32000 fails=1319 hw=6.27e-03 done=False (4007s)
[MC] matched p=0.002 pbb sched#6635 stage8: cum=36000 fails=1469 hw=5.88e-03 done=False (3769s)
[MC] matched p=0.002 pbb sched#6635 stage9: cum=40000 fails=1628 hw=5.57e-03 done=False (4041s)
[MC] matched p=0.002 pbb sched#6635 stage10: cum=44000 fails=1812 hw=5.34e-03 done=False (4074s)
[MC] matched p=0.002 pbb sched#6635 stage11: cum=48000 fails=1976 hw=5.11e-03 done=False (3710s)
[MC] matched p=0.002 pbb sched#6635 stage12: cum=52000 fails=2141 hw=4.91e-03 done=False (3869s)
[MC] matched p=0.002 pbb sched#6635 stage13: cum=56000 fails=2305 hw=4.73e-03 done=False (3897s)
[MC] matched p=0.002 pbb sched#6635 stage14: cum=60000 fails=2463 hw=4.56e-03 done=False (3999s)
[MC] matched p=0.002 pbb sched#6635 stage15: cum=64000 fails=2615 hw=4.41e-03 done=False (3975s)
[MC] matched p=0.002 pbb sched#6635 stage16: cum=68000 fails=2767 hw=4.27e-03 done=False (3984s)
[MC] matched p=0.002 pbb sched#6635 stage17: cum=72000 fails=2926 hw=4.15e-03 done=False (5557s)
[MC] matched p=0.002 pbb sched#6635 stage18: cum=76000 fails=3099 hw=4.04e-03 done=False (4033s)
[MC] matched p=0.002 pbb sched#6635 stage19: cum=80000 fails=3261 hw=3.94e-03 done=False (3866s)
[MC] matched p=0.002 pbb sched#6635 stage20: cum=84000 fails=3412 hw=3.84e-03 done=False (4648s)
[MC] matched p=0.002 pbb sched#6635 stage21: cum=88000 fails=3569 hw=3.74e-03 done=False (4079s)
[MC] matched p=0.002 pbb sched#6635 stage22: cum=92000 fails=3726 hw=3.66e-03 done=False (3902s)
[MC] matched p=0.002 pbb sched#6635 stage23: cum=96000 fails=3893 hw=3.58e-03 done=False (4061s)
[MC] matched p=0.002 pbb sched#6635 stage24: cum=100000 fails=4043 hw=3.51e-03 done=False (3994s)
[MC] matched p=0.002 pbb sched#6635 stage25: cum=104000 fails=4215 hw=3.44e-03 done=False (3878s)
[MC] matched p=0.002 pbb sched#6635 stage26: cum=108000 fails=4399 hw=3.39e-03 done=False (3928s)
[MC] matched p=0.002 pbb sched#6635 stage27: cum=112000 fails=4553 hw=3.32e-03 done=False (4003s)
[MC] matched p=0.002 pbb sched#6635 stage28: cum=116000 fails=4699 hw=3.26e-03 done=False (4094s)
[MC] matched p=0.002 pbb sched#6635 stage29: cum=120000 fails=4845 hw=3.20e-03 done=False (3824s)
[MC] matched p=0.002 pbb sched#6635 stage30: cum=124000 fails=5002 hw=3.14e-03 done=False (3930s)
[MC] matched p=0.002 pbb sched#6635 stage31: cum=128000 fails=5157 hw=3.09e-03 done=False (3721s)
[MC] matched p=0.002 pbb sched#6635 stage32: cum=132000 fails=5303 hw=3.04e-03 done=False (3965s)
[MC] matched p=0.002 pbb sched#6635 stage33: cum=136000 fails=5456 hw=2.99e-03 done=False (3810s)
[MC] matched p=0.002 pbb sched#6635 stage34: cum=140000 fails=5624 hw=2.95e-03 done=False (3900s)
[MC] matched p=0.002 pbb sched#6635 stage35: cum=144000 fails=5796 hw=2.91e-03 done=False (3754s)
[MC] matched p=0.002 pbb sched#6635 stage36: cum=148000 fails=5956 hw=2.87e-03 done=False (3975s)
[MC] matched p=0.002 pbb sched#6635 stage37: cum=152000 fails=6135 hw=2.84e-03 done=False (3818s)
[MC] matched p=0.002 pbb sched#6635 stage38: cum=156000 fails=6280 hw=2.80e-03 done=False (3784s)
[MC] matched p=0.002 pbb sched#6635 stage39: cum=160000 fails=6445 hw=2.77e-03 done=False (4214s)
[MC] matched p=0.002 pbb sched#6635 stage40: cum=164000 fails=6604 hw=2.73e-03 done=False (4167s)
[MC] matched p=0.002 pbb sched#6635 stage41: cum=168000 fails=6767 hw=2.70e-03 done=False (5116s)
[MC] matched p=0.002 pbb sched#6635 stage42: cum=172000 fails=6924 hw=2.67e-03 done=False (4084s)
[MC] matched p=0.002 pbb sched#6635 stage43: cum=176000 fails=7083 hw=2.64e-03 done=False (4674s)
[MC] matched p=0.002 pbb sched#6635 stage44: cum=180000 fails=7254 hw=2.61e-03 done=False (5859s)
[MC] matched p=0.002 pbb sched#6635 stage45: cum=184000 fails=7430 hw=2.58e-03 done=False (4241s)
