{
  "experiment": "exp048_flagship_sibling_distance",
  "parent": "12_6_0193",
  "catalogue_index": 37,
  "parent_d_certified": 12,
  "perturbation": {
    "c_terms": [
      [
        0,
        0
      ],
      [
        0,
        1
      ],
      [
        0,
        4
      ],
      [
        0,
        5
      ],
      [
        3,
        0
      ],
      [
        3,
        2
      ],
      [
        6,
        0
      ],
      [
        6,
        1
      ],
      [
        6,
        4
      ],
      [
        6,
        5
      ],
      [
        9,
        0
      ],
      [
        9,
        2
      ]
    ],
    "d_terms": []
  },
  "n": 144,
  "k": 12,
  "k_parent": 12,
  "witness_x0": {
    "weight": 6,
    "is_logical_full_symplectic": true
  },
  "upper_bound": 6,
  "cap": 5,
  "decision": "UNSAT",
  "cnf_sha256": "b34fdaee6a10f45363fe511a8e2b14c0c98fe3b0c7012af625fc10f2a9c898b0",
  "encoding_version": "sat-decide-v2",
  "solver_wall_s": 0.35450349998427555,
  "wall_s": 0.3830041250330396,
  "conclusion": "d(Q) = d_X(Q) = 6 exact: certified 12 -> 6 collapse at full k"
}
