CKPT entropy_rejection_diagnostic {"scope": "single repaired base certificate audit; no rung and no decision", "certificate_count": 192, "accepted_count": 53, "rejected_count": 139, "rejected_by_kind_region": [{"kind": "glob", "region": 0, "count": 1}, {"kind": "glob", "reg
{
 "accepted_count": 53,
 "certificate_count": 192,
 "rejected_by_kind_region": [
  {
   "count": 1,
   "kind": "glob",
   "region": 0
  },
  {
   "count": 1,
   "kind": "glob",
   "region": 1
  },
  {
   "count": 1,
   "kind": "glob",
   "region": 2
  },
  {
   "count": 48,
   "kind": "part",
   "region": 0
  },
  {
   "count": 44,
   "kind": "part",
   "region": 1
  },
  {
   "count": 44,
   "kind": "part",
   "region": 2
  }
 ],
 "rejected_count": 139,
 "scope": "single repaired base certificate audit; no rung and no decision"
}
