CKPT raw_anchor_diagnostic {"scope": "single repaired base; no rung and no decision", "old_frozen_raw": [2.37155383583508, 2.3715538358350807], "repaired_raw": [2.3715518061851393, 2.3715522159185425], "repaired_R": [2.8170069599782974, 2.817007818064274], "repaired_
{
 "all_entropy_multipliers_accepted": false,
 "glob_entropy_branch_count": 3,
 "old_anchor_enclosed": false,
 "old_anchor_relation": "above_repaired_raw",
 "old_frozen_raw": [
  2.37155383583508,
  2.3715538358350807
 ],
 "part_entropy_branch_count": 189,
 "repaired_M": [
  2.0942543887102625,
  2.0942543887102634
 ],
 "repaired_R": [
  2.8170069599782974,
  2.817007818064274
 ],
 "repaired_defect": [
  6.62887140863812e-13,
  6.628871408638122e-13
 ],
 "repaired_full": [
  2.3715518061858023,
  2.371552215919205
 ],
 "repaired_raw": [
  2.3715518061851393,
  2.3715522159185425
 ],
 "scope": "single repaired base; no rung and no decision"
}
