WITNESS d88a5047975c605a ['15_6_0218', 'bliss_70c03e15fe2839e4'] w_x= 6 d_lb= 14
WITNESS d88a5047975c605a ['15_6_0218', 'bliss_70c03e15fe2839e4'] w_x= 6 d_lb= 14
WITNESS d88a5047975c605a ['15_6_0218', 'bliss_70c03e15fe2839e4'] w_x= 6 d_lb= 14
WITNESS d88a5047975c605a ['15_6_0218', 'bliss_70c03e15fe2839e4'] w_x= 6 d_lb= 14
n180-primary d88a5047975c 15_6_0218        kP= 8 syz=  8 d_lb=14 lights= 4275 perts= 215 dem=675900 minw=6 viol=380 t=36.54s
WITNESS 5a61c4ae52436b35 ['15_6_0219', 'bliss_e02255ad9ff31483', 'bliss_0127936f92b0399b'] w_x= 6 d_lb= 14
WITNESS 5a61c4ae52436b35 ['15_6_0219', 'bliss_e02255ad9ff31483', 'bliss_0127936f92b0399b'] w_x= 6 d_lb= 14
WITNESS 5a61c4ae52436b35 ['15_6_0219', 'bliss_e02255ad9ff31483', 'bliss_0127936f92b0399b'] w_x= 6 d_lb= 14
WITNESS 5a61c4ae52436b35 ['15_6_0219', 'bliss_e02255ad9ff31483', 'bliss_0127936f92b0399b'] w_x= 6 d_lb= 14
n180-primary 5a61c4ae5243 15_6_0219        kP= 8 syz=  8 d_lb=14 lights= 4275 perts= 216 dem=672120 minw=6 viol=376 t=36.73s
WITNESS efbe10fbf7c094a3 ['15_6_0221'] w_x= 6 d_lb= 12
WITNESS efbe10fbf7c094a3 ['15_6_0221'] w_x= 6 d_lb= 12
WITNESS efbe10fbf7c094a3 ['15_6_0221'] w_x= 6 d_lb= 12
WITNESS efbe10fbf7c094a3 ['15_6_0221'] w_x= 6 d_lb= 12
n180-primary efbe10fbf7c0 15_6_0221        kP= 8 syz=  8 d_lb=12 lights=  630 perts= 214 dem=118440 minw=6 viol=376 t=12.06s
WITNESS 4cd5b4697c084fc7 ['15_6_0222', '15_6_0230', '15_6_0232'] w_x= 6 d_lb= 14
WITNESS 4cd5b4697c084fc7 ['15_6_0222', '15_6_0230', '15_6_0232'] w_x= 6 d_lb= 14
WITNESS 4cd5b4697c084fc7 ['15_6_0222', '15_6_0230', '15_6_0232'] w_x= 6 d_lb= 14
WITNESS 4cd5b4697c084fc7 ['15_6_0222', '15_6_0230', '15_6_0232'] w_x= 6 d_lb= 14
n180-primary 4cd5b4697c08 15_6_0222        kP= 8 syz=  8 d_lb=14 lights= 4275 perts= 216 dem=668430 minw=6 viol=374 t=35.89s
n180-primary 2138a832f7dd 15_6_0223        kP= 8 syz=  8 d_lb=None lights= 6000 perts= 215 dem=950698 minw=6 viol=0 t=41.59s
WITNESS 855e8bf135ba4e05 ['15_6_0224'] w_x= 6 d_lb= 16
WITNESS 855e8bf135ba4e05 ['15_6_0224'] w_x= 6 d_lb= 16
WITNESS 855e8bf135ba4e05 ['15_6_0224'] w_x= 6 d_lb= 16
WITNESS 855e8bf135ba4e05 ['15_6_0224'] w_x= 6 d_lb= 16
n180-primary 855e8bf135ba 15_6_0224        kP= 8 syz=  8 d_lb=16 lights= 6000 perts= 214 dem=940865 minw=6 viol=378 t=48.08s
WITNESS 4544f069cb72e4ba ['15_6_0225', '15_6_0247'] w_x= 6 d_lb= 10
WITNESS 4544f069cb72e4ba ['15_6_0225', '15_6_0247'] w_x= 6 d_lb= 10
WITNESS 4544f069cb72e4ba ['15_6_0225', '15_6_0247'] w_x= 6 d_lb= 10
WITNESS 4544f069cb72e4ba ['15_6_0225', '15_6_0247'] w_x= 6 d_lb= 10
n180-primary 4544f069cb72 15_6_0225        kP= 8 syz=  8 d_lb=10 lights=   90 perts= 215 dem=16650 minw=6 viol=370 t=8.48s
WITNESS de0abe9c73d149d1 ['15_6_0227', '15_6_0241'] w_x= 6 d_lb= 10
WITNESS de0abe9c73d149d1 ['15_6_0227', '15_6_0241'] w_x= 6 d_lb= 10
WITNESS de0abe9c73d149d1 ['15_6_0227', '15_6_0241'] w_x= 6 d_lb= 10
WITNESS de0abe9c73d149d1 ['15_6_0227', '15_6_0241'] w_x= 6 d_lb= 10
n180-primary de0abe9c73d1 15_6_0227        kP= 8 syz=  8 d_lb=10 lights=   90 perts= 215 dem=16920 minw=6 viol=376 t=9.03s
WITNESS 14fd1880f852aac3 ['bliss_c374c80bd8c83df1'] w_x= 6 d_lb= 10
WITNESS 14fd1880f852aac3 ['bliss_c374c80bd8c83df1'] w_x= 6 d_lb= 10
WITNESS 14fd1880f852aac3 ['bliss_c374c80bd8c83df1'] w_x= 6 d_lb= 10
WITNESS 14fd1880f852aac3 ['bliss_c374c80bd8c83df1'] w_x= 6 d_lb= 10
n180-primary 14fd1880f852 bliss_c374c80bd8c83df1 kP= 8 syz=  8 d_lb=10 lights=   90 perts= 214 dem=15930 minw=6 viol=354 t=8.2s
n180-primary 84922299002f 15_6_0228        kP= 8 syz=  8 d_lb=None lights= 6000 perts= 214 dem=948735 minw=6 viol=0 t=46.25s
n180-primary d936c3bea1e1 15_6_0229        kP= 8 syz=  8 d_lb=None lights= 6000 perts= 215 dem=953454 minw=6 viol=0 t=45.86s
n180-primary 90f0f5b15df2 15_6_0067        kP= 8 syz=  8 d_lb=None lights= 6000 perts= 214 dem=954480 minw=6 viol=0 t=46.11s
n180-primary 749861cec762 bliss_66bd71ca48ee2892 kP= 8 syz=  8 d_lb=None lights= 6000 perts= 214 dem=938962 minw=6 viol=0 t=46.73s
n180-primary 7e6650c1e5a9 bliss_b2215e94b5b2b50f kP= 8 syz=  8 d_lb=None lights= 6000 perts= 214 dem=961546 minw=6 viol=0 t=47.67s
n180-primary 2c4f5b959fc3 15_6_0233        kP= 4 syz=  4 d_lb=None lights= 6000 perts= 212 dem=694120 minw=6 viol=0 t=45.4s
n180-primary cd64df467b6c bliss_f5ea23d8c0f4bd34 kP= 8 syz=  8 d_lb=None lights= 6000 perts= 215 dem=955533 minw=6 viol=0 t=50.28s
WITNESS 89754a1eccf36cad ['15_6_0234'] w_x= 6 d_lb= 12
WITNESS 89754a1eccf36cad ['15_6_0234'] w_x= 6 d_lb= 12
WITNESS 89754a1eccf36cad ['15_6_0234'] w_x= 6 d_lb= 12
WITNESS 89754a1eccf36cad ['15_6_0234'] w_x= 6 d_lb= 12
n180-primary 89754a1eccf3 15_6_0234        kP= 8 syz=  8 d_lb=12 lights=  630 perts= 214 dem=116550 minw=6 viol=370 t=14.54s
n180-primary d6ac8c1f8e08 bliss_b89c9221f3a9e1b8 kP= 8 syz=  8 d_lb=None lights= 6000 perts= 214 dem=957897 minw=6 viol=0 t=48.51s
WITNESS 4e1ec9f3dee01a62 ['15_6_0235'] w_x= 6 d_lb= 12
WITNESS 4e1ec9f3dee01a62 ['15_6_0235'] w_x= 6 d_lb= 12
WITNESS 4e1ec9f3dee01a62 ['15_6_0235'] w_x= 6 d_lb= 12
WITNESS 4e1ec9f3dee01a62 ['15_6_0235'] w_x= 6 d_lb= 12
n180-primary 4e1ec9f3dee0 15_6_0235        kP= 4 syz=  4 d_lb=12 lights=  630 perts= 212 dem=91980 minw=6 viol=292 t=12.03s
n180-primary 46dd8784e4e7 15_6_0236        kP= 4 syz=  4 d_lb=None lights= 6000 perts= 212 dem=687897 minw=6 viol=0 t=42.38s
WITNESS 1dbc43531239b7db ['15_6_0237'] w_x= 6 d_lb= 8
WITNESS 1dbc43531239b7db ['15_6_0237'] w_x= 6 d_lb= 8
WITNESS 1dbc43531239b7db ['15_6_0237'] w_x= 6 d_lb= 8
WITNESS 1dbc43531239b7db ['15_6_0237'] w_x= 6 d_lb= 8
n180-primary 1dbc43531239 15_6_0237        kP=12 syz= 12 d_lb=8 lights=   90 perts= 216 dem=17280 minw=6 viol=384 t=9.17s
n180-primary 9fcf3cf2f0dc 15_6_0238        kP= 8 syz=  8 d_lb=None lights= 6000 perts= 214 dem=935478 minw=6 viol=0 t=45.71s
WITNESS 4af946cd2ce1101b ['bliss_147f0c05ee400f6b'] w_x= 6 d_lb= 14
WITNESS 4af946cd2ce1101b ['bliss_147f0c05ee400f6b'] w_x= 6 d_lb= 14
WITNESS 4af946cd2ce1101b ['bliss_147f0c05ee400f6b'] w_x= 6 d_lb= 14
WITNESS 4af946cd2ce1101b ['bliss_147f0c05ee400f6b'] w_x= 6 d_lb= 14
n180-primary 4af946cd2ce1 bliss_147f0c05ee400f6b kP= 8 syz=  8 d_lb=14 lights= 4275 perts= 214 dem=674010 minw=6 viol=378 t=37.77s
n180-primary e1cac39089f4 15_6_0239        kP= 8 syz=  8 d_lb=None lights= 6000 perts= 215 dem=944890 minw=6 viol=0 t=41.85s
WITNESS 10296061ea19d400 ['15_6_0240', 'bliss_04f7ae62489e74a7'] w_x= 6 d_lb= 12
WITNESS 10296061ea19d400 ['15_6_0240', 'bliss_04f7ae62489e74a7'] w_x= 6 d_lb= 12
WITNESS 10296061ea19d400 ['15_6_0240', 'bliss_04f7ae62489e74a7'] w_x= 6 d_lb= 12
WITNESS 10296061ea19d400 ['15_6_0240', 'bliss_04f7ae62489e74a7'] w_x= 6 d_lb= 12
n180-primary 10296061ea19 15_6_0240        kP= 8 syz=  8 d_lb=12 lights=  630 perts= 215 dem=118440 minw=6 viol=376 t=12.45s
WITNESS 24d926dbdd3d63f6 ['bliss_c6cf81287810866d', 'bliss_275d7a0f7de8f3ef', 'bliss_062e759b5a564c59', '15_6_0246'] w_x= 6 d_lb= 10
WITNESS 24d926dbdd3d63f6 ['bliss_c6cf81287810866d', 'bliss_275d7a0f7de8f3ef', 'bliss_062e759b5a564c59', '15_6_0246'] w_x= 6 d_lb= 10
WITNESS 24d926dbdd3d63f6 ['bliss_c6cf81287810866d', 'bliss_275d7a0f7de8f3ef', 'bliss_062e759b5a564c59', '15_6_0246'] w_x= 6 d_lb= 10
WITNESS 24d926dbdd3d63f6 ['bliss_c6cf81287810866d', 'bliss_275d7a0f7de8f3ef', 'bliss_062e759b5a564c59', '15_6_0246'] w_x= 6 d_lb= 10
n180-primary 24d926dbdd3d bliss_c6cf81287810866d kP= 8 syz=  8 d_lb=10 lights=   90 perts= 217 dem=16470 minw=6 viol=366 t=8.03s
WITNESS 76a8ed930626e56c ['15_6_0242'] w_x= 6 d_lb= 12
WITNESS 76a8ed930626e56c ['15_6_0242'] w_x= 6 d_lb= 12
WITNESS 76a8ed930626e56c ['15_6_0242'] w_x= 6 d_lb= 12
WITNESS 76a8ed930626e56c ['15_6_0242'] w_x= 6 d_lb= 12
n180-primary 76a8ed930626 15_6_0242        kP= 8 syz=  8 d_lb=12 lights=  630 perts= 214 dem=118440 minw=6 viol=376 t=12.13s
WITNESS 2c3914241de0f7f6 ['15_6_0244'] w_x= 6 d_lb= 14
WITNESS 2c3914241de0f7f6 ['15_6_0244'] w_x= 6 d_lb= 14
WITNESS 2c3914241de0f7f6 ['15_6_0244'] w_x= 6 d_lb= 14
WITNESS 2c3914241de0f7f6 ['15_6_0244'] w_x= 6 d_lb= 14
n180-primary 2c3914241de0 15_6_0244        kP= 4 syz=  4 d_lb=14 lights= 4275 perts= 212 dem=504990 minw=6 viol=362 t=33.68s
n180-primary add651a84d7e 15_6_0245        kP= 4 syz=  4 d_lb=None lights= 6000 perts= 212 dem=739023 minw=6 viol=0 t=38.8s
n180-primary d570a57306bc bliss_c6f3b99079d24821 kP= 8 syz=  8 d_lb=None lights= 6000 perts= 214 dem=960344 minw=6 viol=0 t=43.28s
WITNESS 330b4a23408b048a ['15_6_0248'] w_x= 6 d_lb= 14
WITNESS 330b4a23408b048a ['15_6_0248'] w_x= 6 d_lb= 14
WITNESS 330b4a23408b048a ['15_6_0248'] w_x= 6 d_lb= 14
WITNESS 330b4a23408b048a ['15_6_0248'] w_x= 6 d_lb= 14
n180-primary 330b4a23408b 15_6_0248        kP= 4 syz=  4 d_lb=14 lights= 5085 perts= 212 dem=614250 minw=6 viol=350 t=39.69s
WITNESS 70d02764f23d9122 ['15_6_0249'] w_x= 6 d_lb= 14
WITNESS 70d02764f23d9122 ['15_6_0249'] w_x= 6 d_lb= 14
WITNESS 70d02764f23d9122 ['15_6_0249'] w_x= 6 d_lb= 14
WITNESS 70d02764f23d9122 ['15_6_0249'] w_x= 6 d_lb= 14
n180-primary 70d02764f23d 15_6_0249        kP= 4 syz=  4 d_lb=14 lights= 4365 perts= 212 dem=513360 minw=6 viol=368 t=35.32s
n180-primary 9fa3a6691b0e bliss_db63ca2b001604d0 kP= 4 syz=  4 d_lb=None lights= 6000 perts= 212 dem=714175 minw=6 viol=0 t=38.98s
n180-primary ad33c2fff1d6 15_6_0250        kP= 4 syz=  4 d_lb=None lights= 6000 perts= 212 dem=756648 minw=6 viol=0 t=39.11s
WITNESS 9fdd1902fbb01790 ['15_6_0251'] w_x= 6 d_lb= 12
WITNESS 9fdd1902fbb01790 ['15_6_0251'] w_x= 6 d_lb= 12
WITNESS 9fdd1902fbb01790 ['15_6_0251'] w_x= 6 d_lb= 12
WITNESS 9fdd1902fbb01790 ['15_6_0251'] w_x= 6 d_lb= 12
n180-primary 9fdd1902fbb0 15_6_0251        kP= 4 syz=  4 d_lb=12 lights=  630 perts= 212 dem=108360 minw=6 viol=344 t=11.47s
WITNESS 060f75243d921f0d ['15_6_0252'] w_x= 6 d_lb= 8
WITNESS 060f75243d921f0d ['15_6_0252'] w_x= 6 d_lb= 8
WITNESS 060f75243d921f0d ['15_6_0252'] w_x= 6 d_lb= 8
WITNESS 060f75243d921f0d ['15_6_0252'] w_x= 6 d_lb= 8
n180-primary 060f75243d92 15_6_0252        kP=12 syz= 12 d_lb=8 lights=   90 perts= 216 dem=17280 minw=6 viol=384 t=8.36s
n180-primary 15654a1cebe3 phase2_107       kP=20 syz= 20 d_lb=6 lights=    0 perts= 220 dem=  0 minw=None viol=0 t=1.32s
n180-primary 7bdf9619c716 15_6_0253        kP= 4 syz=  4 d_lb=None lights= 6000 perts= 212 dem=701932 minw=6 viol=0 t=37.68s
n180-primary 1ce092dc5e2b phase2_108       kP=12 syz= 12 d_lb=6 lights=    0 perts= 216 dem=  0 minw=None viol=0 t=1.19s
n180-primary 81d58b7f5677 bliss_2d52fbddb7db5996 kP= 8 syz=  8 d_lb=None lights= 6000 perts= 215 dem=823834 minw=6 viol=0 t=39.18s
n180-primary 61ffb64bc6fa bliss_f93e44e35e33559c kP= 8 syz=  8 d_lb=None lights= 6000 perts= 215 dem=881360 minw=6 viol=0 t=39.36s
n180-primary e15b3d648098 15_6_0256        kP= 8 syz=  8 d_lb=None lights= 6000 perts= 214 dem=  0 minw=None viol=0 t=26.59s
n180-primary 548b1050c99c 15_6_0257        kP= 4 syz=  4 d_lb=None lights= 6000 perts= 212 dem=677778 minw=6 viol=0 t=35.64s
n180-primary aa31c95bcfb0 bliss_42614e174cac73cd kP= 4 syz=  4 d_lb=None lights= 6000 perts= 213 dem=661446 minw=6 viol=0 t=36.81s
n180-primary e8bce15135d1 15_6_0259        kP= 4 syz=  4 d_lb=None lights= 6000 perts= 212 dem=721612 minw=6 viol=0 t=38.02s
n180-primary dc98a5e4c350 phase2_109       kP= 8 syz=  8 d_lb=None lights= 6000 perts= 214 dem=  0 minw=None viol=0 t=27.78s
WITNESS 8b55945277ba6c79 ['12_6_0187', 'bliss_40bae617111e7148', 'bliss_834adcc3f8b86d1e'] w_x= 6 d_lb= 12
WITNESS 8b55945277ba6c79 ['12_6_0187', 'bliss_40bae617111e7148', 'bliss_834adcc3f8b86d1e'] w_x= 6 d_lb= 12
WITNESS 8b55945277ba6c79 ['12_6_0187', 'bliss_40bae617111e7148', 'bliss_834adcc3f8b86d1e'] w_x= 6 d_lb= 12
WITNESS 8b55945277ba6c79 ['12_6_0187', 'bliss_40bae617111e7148', 'bliss_834adcc3f8b86d1e'] w_x= 6 d_lb= 12
n144-bonus 8b55945277ba 12_6_0187        kP=12 syz= 12 d_lb=12 lights=  504 perts= 200 dem=86688 minw=6 viol=344 t=6.84s
WITNESS 311e3202c3d5193d ['12_6_0188', '12_6_0189'] w_x= 6 d_lb= 12
WITNESS 311e3202c3d5193d ['12_6_0188', '12_6_0189'] w_x= 6 d_lb= 12
WITNESS 311e3202c3d5193d ['12_6_0188', '12_6_0189'] w_x= 6 d_lb= 12
WITNESS 311e3202c3d5193d ['12_6_0188', '12_6_0189'] w_x= 6 d_lb= 12
n144-bonus 311e3202c3d5 12_6_0188        kP=12 syz= 12 d_lb=12 lights=  504 perts= 199 dem=87192 minw=6 viol=346 t=6.95s
WITNESS e85a49a5f56e42f2 ['12_6_0190', '12_6_0191', '12_6_0192'] w_x= 6 d_lb= 12
WITNESS e85a49a5f56e42f2 ['12_6_0190', '12_6_0191', '12_6_0192'] w_x= 6 d_lb= 12
WITNESS e85a49a5f56e42f2 ['12_6_0190', '12_6_0191', '12_6_0192'] w_x= 6 d_lb= 12
WITNESS e85a49a5f56e42f2 ['12_6_0190', '12_6_0191', '12_6_0192'] w_x= 6 d_lb= 12
n144-bonus e85a49a5f56e 12_6_0190        kP=12 syz= 12 d_lb=12 lights=  504 perts= 200 dem=87696 minw=6 viol=348 t=7.18s
WITNESS 2b70d04d8c458bf0 ['bliss_b261ff5e77ae456d'] w_x= 6 d_lb= 12
WITNESS 2b70d04d8c458bf0 ['bliss_b261ff5e77ae456d'] w_x= 6 d_lb= 12
WITNESS 2b70d04d8c458bf0 ['bliss_b261ff5e77ae456d'] w_x= 6 d_lb= 12
WITNESS 2b70d04d8c458bf0 ['bliss_b261ff5e77ae456d'] w_x= 6 d_lb= 12
n144-bonus 2b70d04d8c45 bliss_b261ff5e77ae456d kP=12 syz= 12 d_lb=12 lights=  504 perts= 198 dem=87192 minw=6 viol=346 t=7.05s
WITNESS 4c7eb964a6a3e38c ['12_6_0193'] w_x= 6 d_lb= 12
WITNESS 4c7eb964a6a3e38c ['12_6_0193'] w_x= 6 d_lb= 12
WITNESS 4c7eb964a6a3e38c ['12_6_0193'] w_x= 6 d_lb= 12
WITNESS 4c7eb964a6a3e38c ['12_6_0193'] w_x= 6 d_lb= 12
n144-bonus 4c7eb964a6a3 12_6_0193        kP=12 syz= 12 d_lb=12 lights=  504 perts= 198 dem=83664 minw=6 viol=332 t=6.88s
WITNESS 512ccc058978c3a4 ['bliss_1219913c49eb1daf', 'bliss_4a77a996000a5d40'] w_x= 6 d_lb= 12
WITNESS 512ccc058978c3a4 ['bliss_1219913c49eb1daf', 'bliss_4a77a996000a5d40'] w_x= 6 d_lb= 12
WITNESS 512ccc058978c3a4 ['bliss_1219913c49eb1daf', 'bliss_4a77a996000a5d40'] w_x= 6 d_lb= 12
WITNESS 512ccc058978c3a4 ['bliss_1219913c49eb1daf', 'bliss_4a77a996000a5d40'] w_x= 6 d_lb= 12
n144-bonus 512ccc058978 bliss_1219913c49eb1daf kP=12 syz= 12 d_lb=12 lights=  504 perts= 199 dem=87696 minw=6 viol=348 t=6.92s
WITNESS c796971e1cf59520 ['bliss_08166cccb951f700', '12_6_0195', '12_6_0197', '12_6_0198'] w_x= 6 d_lb= 12
WITNESS c796971e1cf59520 ['bliss_08166cccb951f700', '12_6_0195', '12_6_0197', '12_6_0198'] w_x= 6 d_lb= 12
WITNESS c796971e1cf59520 ['bliss_08166cccb951f700', '12_6_0195', '12_6_0197', '12_6_0198'] w_x= 6 d_lb= 12
WITNESS c796971e1cf59520 ['bliss_08166cccb951f700', '12_6_0195', '12_6_0197', '12_6_0198'] w_x= 6 d_lb= 12
n144-bonus c796971e1cf5 bliss_08166cccb951f700 kP=12 syz= 12 d_lb=12 lights=  504 perts= 202 dem=86688 minw=6 viol=344 t=6.84s
WITNESS aebb649586c1f5ab ['12_6_0194', 'bliss_f47c00a00c278bf4'] w_x= 6 d_lb= 12
WITNESS aebb649586c1f5ab ['12_6_0194', 'bliss_f47c00a00c278bf4'] w_x= 6 d_lb= 12
WITNESS aebb649586c1f5ab ['12_6_0194', 'bliss_f47c00a00c278bf4'] w_x= 6 d_lb= 12
WITNESS aebb649586c1f5ab ['12_6_0194', 'bliss_f47c00a00c278bf4'] w_x= 6 d_lb= 12
n144-bonus aebb649586c1 12_6_0194        kP=12 syz= 12 d_lb=12 lights=  504 perts= 199 dem=85680 minw=6 viol=340 t=7.24s
WITNESS cad33b918e1709ab ['bliss_393b2d4a60427543', '12_6_0196'] w_x= 6 d_lb= 12
WITNESS cad33b918e1709ab ['bliss_393b2d4a60427543', '12_6_0196'] w_x= 6 d_lb= 12
WITNESS cad33b918e1709ab ['bliss_393b2d4a60427543', '12_6_0196'] w_x= 6 d_lb= 12
WITNESS cad33b918e1709ab ['bliss_393b2d4a60427543', '12_6_0196'] w_x= 6 d_lb= 12
n144-bonus cad33b918e17 bliss_393b2d4a60427543 kP=12 syz= 12 d_lb=12 lights=  504 perts= 199 dem=86688 minw=6 viol=344 t=7.04s
WITNESS 81dcecd2f767bcbc ['bliss_20ab34b4a638fca6'] w_x= 6 d_lb= 12
WITNESS 81dcecd2f767bcbc ['bliss_20ab34b4a638fca6'] w_x= 6 d_lb= 12
WITNESS 81dcecd2f767bcbc ['bliss_20ab34b4a638fca6'] w_x= 6 d_lb= 12
WITNESS 81dcecd2f767bcbc ['bliss_20ab34b4a638fca6'] w_x= 6 d_lb= 12
n144-bonus 81dcecd2f767 bliss_20ab34b4a638fca6 kP=12 syz= 12 d_lb=12 lights=  504 perts= 198 dem=87696 minw=6 viol=348 t=7.28s
WITNESS 1240c4ad8c6c3ca6 ['bliss_8dacd619802a8e88'] w_x= 6 d_lb= 12
WITNESS 1240c4ad8c6c3ca6 ['bliss_8dacd619802a8e88'] w_x= 6 d_lb= 12
WITNESS 1240c4ad8c6c3ca6 ['bliss_8dacd619802a8e88'] w_x= 6 d_lb= 12
WITNESS 1240c4ad8c6c3ca6 ['bliss_8dacd619802a8e88'] w_x= 6 d_lb= 12
n144-bonus 1240c4ad8c6c bliss_8dacd619802a8e88 kP=12 syz= 12 d_lb=12 lights=  504 perts= 198 dem=84168 minw=6 viol=334 t=7.06s
WITNESS 7c4e8e5250433659 ['12_6_0199'] w_x= 6 d_lb= 12
WITNESS 7c4e8e5250433659 ['12_6_0199'] w_x= 6 d_lb= 12
WITNESS 7c4e8e5250433659 ['12_6_0199'] w_x= 6 d_lb= 12
WITNESS 7c4e8e5250433659 ['12_6_0199'] w_x= 6 d_lb= 12
n144-bonus 7c4e8e525043 12_6_0199        kP= 4 syz=  4 d_lb=12 lights=  648 perts= 194 dem=64800 minw=6 viol=300 t=6.74s
n144-bonus c7a56012b0d1 phase2_90        kP=24 syz= 24 d_lb=6 lights=    0 perts= 204 dem=  0 minw=None viol=0 t=0.76s
WITNESS cf7e2065ad081912 ['12_6_0200'] w_x= 6 d_lb= 10
WITNESS cf7e2065ad081912 ['12_6_0200'] w_x= 6 d_lb= 10
WITNESS cf7e2065ad081912 ['12_6_0200'] w_x= 6 d_lb= 10
WITNESS cf7e2065ad081912 ['12_6_0200'] w_x= 6 d_lb= 10
n144-bonus cf7e2065ad08 12_6_0200        kP= 8 syz=  8 d_lb=10 lights=  144 perts= 196 dem=24768 minw=6 viol=344 t=5.58s
WITNESS 0f02d38116f9b8b4 ['12_6_0201'] w_x= 6 d_lb= 8
WITNESS 0f02d38116f9b8b4 ['12_6_0201'] w_x= 6 d_lb= 8
WITNESS 0f02d38116f9b8b4 ['12_6_0201'] w_x= 6 d_lb= 8
WITNESS 0f02d38116f9b8b4 ['12_6_0201'] w_x= 6 d_lb= 8
n144-bonus 0f02d38116f9 12_6_0201        kP= 8 syz=  8 d_lb=8 lights=   72 perts= 196 dem=12312 minw=6 viol=342 t=5.3s
WITNESS fabf5b65b4df229a ['12_6_0202'] w_x= 6 d_lb= 12
WITNESS fabf5b65b4df229a ['12_6_0202'] w_x= 6 d_lb= 12
WITNESS fabf5b65b4df229a ['12_6_0202'] w_x= 6 d_lb= 12
WITNESS fabf5b65b4df229a ['12_6_0202'] w_x= 6 d_lb= 12
n144-bonus fabf5b65b4df 12_6_0202        kP= 4 syz=  4 d_lb=12 lights=  648 perts= 194 dem=70848 minw=6 viol=328 t=7.28s
WITNESS 29fb2efe860aae60 ['12_6_0203', '12_6_0208'] w_x= 6 d_lb= 8
WITNESS 29fb2efe860aae60 ['12_6_0203', '12_6_0208'] w_x= 6 d_lb= 8
WITNESS 29fb2efe860aae60 ['12_6_0203', '12_6_0208'] w_x= 6 d_lb= 8
WITNESS 29fb2efe860aae60 ['12_6_0203', '12_6_0208'] w_x= 6 d_lb= 8
n144-bonus 29fb2efe860a 12_6_0203        kP=12 syz= 12 d_lb=8 lights=   72 perts= 199 dem=12384 minw=6 viol=344 t=4.96s
WITNESS 6838112c22d1f97f ['bliss_d28b518a6de50846', '12_6_0205', '12_6_0206', 'bliss_46e59981e3735075'] w_x= 6 d_lb= 8
WITNESS 6838112c22d1f97f ['bliss_d28b518a6de50846', '12_6_0205', '12_6_0206', 'bliss_46e59981e3735075'] w_x= 6 d_lb= 8
WITNESS 6838112c22d1f97f ['bliss_d28b518a6de50846', '12_6_0205', '12_6_0206', 'bliss_46e59981e3735075'] w_x= 6 d_lb= 8
WITNESS 6838112c22d1f97f ['bliss_d28b518a6de50846', '12_6_0205', '12_6_0206', 'bliss_46e59981e3735075'] w_x= 6 d_lb= 8
n144-bonus 6838112c22d1 bliss_d28b518a6de50846 kP=12 syz= 12 d_lb=8 lights=   72 perts= 203 dem=12240 minw=6 viol=340 t=4.81s
WITNESS 3f45cf65a9023274 ['12_6_0204'] w_x= 6 d_lb= 8
WITNESS 3f45cf65a9023274 ['12_6_0204'] w_x= 6 d_lb= 8
WITNESS 3f45cf65a9023274 ['12_6_0204'] w_x= 6 d_lb= 8
WITNESS 3f45cf65a9023274 ['12_6_0204'] w_x= 6 d_lb= 8
n144-bonus 3f45cf65a902 12_6_0204        kP=12 syz= 12 d_lb=8 lights=   72 perts= 198 dem=12240 minw=6 viol=340 t=5.14s
WITNESS b72653f1626f7a0d ['12_6_0207', 'bliss_a52548d7fb1ac67d'] w_x= 6 d_lb= 8
WITNESS b72653f1626f7a0d ['12_6_0207', 'bliss_a52548d7fb1ac67d'] w_x= 6 d_lb= 8
WITNESS b72653f1626f7a0d ['12_6_0207', 'bliss_a52548d7fb1ac67d'] w_x= 6 d_lb= 8
WITNESS b72653f1626f7a0d ['12_6_0207', 'bliss_a52548d7fb1ac67d'] w_x= 6 d_lb= 8
n144-bonus b72653f1626f 12_6_0207        kP=12 syz= 12 d_lb=8 lights=   72 perts= 199 dem=12240 minw=6 viol=340 t=4.8s
WITNESS fe6d2454d8b079cf ['12_6_0210'] w_x= 6 d_lb= 12
WITNESS fe6d2454d8b079cf ['12_6_0210'] w_x= 6 d_lb= 12
WITNESS fe6d2454d8b079cf ['12_6_0210'] w_x= 6 d_lb= 12
WITNESS fe6d2454d8b079cf ['12_6_0210'] w_x= 6 d_lb= 12
n144-bonus fe6d2454d8b0 12_6_0210        kP= 4 syz=  4 d_lb=12 lights=  504 perts= 194 dem=81144 minw=6 viol=322 t=6.79s
WITNESS ad946b2596f6f11d ['12_6_0211'] w_x= 6 d_lb= 12
WITNESS ad946b2596f6f11d ['12_6_0211'] w_x= 6 d_lb= 12
WITNESS ad946b2596f6f11d ['12_6_0211'] w_x= 6 d_lb= 12
WITNESS ad946b2596f6f11d ['12_6_0211'] w_x= 6 d_lb= 12
n144-bonus ad946b2596f6 12_6_0211        kP= 4 syz=  4 d_lb=12 lights=  504 perts= 194 dem=76608 minw=6 viol=304 t=6.5s
WITNESS dda4814c71b0dbc9 ['12_6_0212'] w_x= 6 d_lb= 12
WITNESS dda4814c71b0dbc9 ['12_6_0212'] w_x= 6 d_lb= 12
WITNESS dda4814c71b0dbc9 ['12_6_0212'] w_x= 6 d_lb= 12
WITNESS dda4814c71b0dbc9 ['12_6_0212'] w_x= 6 d_lb= 12
n144-bonus dda4814c71b0 12_6_0212        kP= 4 syz=  4 d_lb=12 lights=  504 perts= 194 dem=72576 minw=6 viol=288 t=6.17s
n144-bonus f09849c51879 phase2_91        kP=16 syz= 16 d_lb=6 lights=    0 perts= 200 dem=  0 minw=None viol=0 t=0.81s
n144-bonus 9c95afdfac9f phase2_92        kP=16 syz= 16 d_lb=6 lights=    0 perts= 200 dem=  0 minw=None viol=0 t=0.77s
n144-bonus 24e0fb6e6b9f phase2_93        kP=16 syz= 16 d_lb=6 lights=    0 perts= 200 dem=  0 minw=None viol=0 t=0.78s
WITNESS 11c079351d1e2f61 ['12_6_0213'] w_x= 6 d_lb= 12
WITNESS 11c079351d1e2f61 ['12_6_0213'] w_x= 6 d_lb= 12
WITNESS 11c079351d1e2f61 ['12_6_0213'] w_x= 6 d_lb= 12
WITNESS 11c079351d1e2f61 ['12_6_0213'] w_x= 6 d_lb= 12
n144-bonus 11c079351d1e 12_6_0213        kP= 4 syz=  4 d_lb=12 lights=  504 perts= 194 dem=80136 minw=6 viol=318 t=6.63s
WITNESS 404bdb774b33079f ['12_6_0214'] w_x= 6 d_lb= 12
WITNESS 404bdb774b33079f ['12_6_0214'] w_x= 6 d_lb= 12
WITNESS 404bdb774b33079f ['12_6_0214'] w_x= 6 d_lb= 12
WITNESS 404bdb774b33079f ['12_6_0214'] w_x= 6 d_lb= 12
n144-bonus 404bdb774b33 12_6_0214        kP= 4 syz=  4 d_lb=12 lights=  648 perts= 194 dem=69552 minw=6 viol=322 t=6.94s
WITNESS 5f4eea0714cf5a99 ['12_6_0215'] w_x= 6 d_lb= 8
WITNESS 5f4eea0714cf5a99 ['12_6_0215'] w_x= 6 d_lb= 8
WITNESS 5f4eea0714cf5a99 ['12_6_0215'] w_x= 6 d_lb= 8
WITNESS 5f4eea0714cf5a99 ['12_6_0215'] w_x= 6 d_lb= 8
n144-bonus 5f4eea0714cf 12_6_0215        kP= 8 syz=  8 d_lb=8 lights=   72 perts= 196 dem=12384 minw=6 viol=344 t=5.03s
WITNESS b912ff10713b912c ['12_6_0064', '12_6_0066'] w_x= 6 d_lb= 8
WITNESS b912ff10713b912c ['12_6_0064', '12_6_0066'] w_x= 6 d_lb= 8
WITNESS b912ff10713b912c ['12_6_0064', '12_6_0066'] w_x= 6 d_lb= 8
WITNESS b912ff10713b912c ['12_6_0064', '12_6_0066'] w_x= 6 d_lb= 8
n144-bonus b912ff10713b 12_6_0064        kP= 8 syz=  8 d_lb=8 lights=   72 perts= 197 dem=12240 minw=6 viol=340 t=4.75s
n144-bonus c9e0f0ba898a phase2_94        kP=12 syz= 12 d_lb=6 lights=    0 perts= 199 dem=  0 minw=None viol=0 t=0.71s
n144-bonus 9a2fecdf62ce phase2_95        kP=12 syz= 12 d_lb=6 lights=    0 perts= 199 dem=  0 minw=None viol=0 t=0.74s
n144-bonus 9a7638586033 phase2_98        kP=12 syz= 12 d_lb=6 lights=    0 perts= 198 dem=  0 minw=None viol=0 t=0.76s
WITNESS 8091a86cb0d85e73 ['12_6_0216'] w_x= 6 d_lb= 10
WITNESS 8091a86cb0d85e73 ['12_6_0216'] w_x= 6 d_lb= 10
WITNESS 8091a86cb0d85e73 ['12_6_0216'] w_x= 6 d_lb= 10
WITNESS 8091a86cb0d85e73 ['12_6_0216'] w_x= 6 d_lb= 10
n144-bonus 8091a86cb0d8 12_6_0216        kP= 4 syz=  4 d_lb=10 lights=  144 perts= 194 dem=21888 minw=6 viol=304 t=4.77s
WITNESS b0f0cb8b688ec5ac ['12_6_0217'] w_x= 6 d_lb= 8
WITNESS b0f0cb8b688ec5ac ['12_6_0217'] w_x= 6 d_lb= 8
WITNESS b0f0cb8b688ec5ac ['12_6_0217'] w_x= 6 d_lb= 8
WITNESS b0f0cb8b688ec5ac ['12_6_0217'] w_x= 6 d_lb= 8
n144-bonus b0f0cb8b688e 12_6_0217        kP= 8 syz=  8 d_lb=8 lights=   72 perts= 196 dem=11520 minw=6 viol=320 t=4.67s
n144-bonus 5ca78dabd8dc phase2_99        kP= 8 syz=  8 d_lb=6 lights=    0 perts= 201 dem=  0 minw=None viol=0 t=0.85s
n144-bonus 77e1048a33f5 phase2_105       kP= 8 syz=  8 d_lb=6 lights=    0 perts= 196 dem=  0 minw=None viol=0 t=0.84s
n144-bonus b3b6239c10bb phase2_106       kP= 8 syz=  8 d_lb=6 lights=    0 perts= 196 dem=  0 minw=None viol=0 t=0.79s
n360-bonus 0c800c7c3ac9 30_6_0260        kP=12 syz= 12 d_lb=None lights= 6000 perts= 306 dem=1440729 minw=6 viol=0 t=198.28s
n360-bonus 3911ad730615 bliss_68d93d677268a3fd kP=12 syz= 12 d_lb=None lights= 6000 perts= 306 dem=1435681 minw=6 viol=0 t=174.86s
n360-bonus c95522adb355 30_6_0263        kP=12 syz= 12 d_lb=None lights= 6000 perts= 308 dem=1488834 minw=6 viol=0 t=183.23s
n360-bonus cfff36c7a902 30_6_0262        kP=12 syz= 12 d_lb=None lights= 6000 perts= 307 dem=1454932 minw=6 viol=0 t=183.38s
n360-bonus 826571d335e9 30_6_0264        kP=12 syz= 12 d_lb=None lights= 6000 perts= 306 dem=1523210 minw=6 viol=0 t=184.71s
n360-bonus ded271e2f49f bliss_6f76d175b6c3996b kP=12 syz= 12 d_lb=None lights= 6000 perts= 308 dem=1447305 minw=6 viol=0 t=179.82s
n360-bonus ae98e63a9304 bliss_481101301eadfc29 kP=12 syz= 12 d_lb=None lights= 6000 perts= 306 dem=1413918 minw=6 viol=0 t=170.43s
n360-bonus 5a0fcb6c83b6 30_6_0267        kP=12 syz= 12 d_lb=None lights= 6000 perts= 307 dem=1450711 minw=6 viol=0 t=169.59s
n360-bonus b196f4b9c5ab phase2_110       kP=12 syz= 12 d_lb=None lights= 6000 perts= 306 dem=1455597 minw=6 viol=0 t=166.12s
n360-bonus ff6593999ef1 30_6_0270        kP= 4 syz=  4 d_lb=None lights= 6000 perts= 302 dem=1120952 minw=6 viol=0 t=158.75s
n360-bonus e20d7573bb6a 30_6_0271        kP= 4 syz=  4 d_lb=None lights= 6000 perts= 302 dem=974144 minw=6 viol=0 t=156.14s
n360-bonus c6510b7fe63c 30_6_0272        kP=12 syz= 12 d_lb=None lights= 6000 perts= 306 dem=1443158 minw=6 viol=0 t=173.92s
n360-bonus 5383b17878e4 30_6_0273        kP=12 syz= 12 d_lb=None lights= 6000 perts= 306 dem=1364558 minw=6 viol=0 t=170.42s
n360-bonus 950505e86786 30_6_0274        kP=12 syz= 12 d_lb=None lights= 6000 perts= 308 dem=1382824 minw=6 viol=0 t=175.88s
n360-bonus 680df736d8a1 30_6_0275        kP=12 syz= 12 d_lb=None lights= 6000 perts= 306 dem=1362272 minw=6 viol=0 t=174.48s
n360-bonus 3df6522b03ff 30_6_0276        kP= 4 syz=  4 d_lb=None lights= 6000 perts= 302 dem=974144 minw=6 viol=0 t=147.24s
n360-bonus a321009a700c 30_6_0277        kP= 8 syz=  8 d_lb=None lights= 6000 perts= 304 dem=1447588 minw=6 viol=0 t=163.77s
n360-bonus d41abe9d631b 30_6_0278        kP= 8 syz=  8 d_lb=None lights= 6000 perts= 304 dem=1444480 minw=6 viol=0 t=170.87s
n360-bonus cecb78fb9fc6 30_6_0279        kP=12 syz= 12 d_lb=None lights= 6000 perts= 306 dem=1449105 minw=6 viol=0 t=173.51s
n360-bonus 80265fe68df8 bliss_0455bdfc096e7eb7 kP=12 syz= 12 d_lb=None lights= 6000 perts= 306 dem=1468290 minw=6 viol=0 t=171.32s
n360-bonus 8d31e6ece590 30_6_0280        kP= 8 syz=  8 d_lb=None lights= 6000 perts= 304 dem=1434462 minw=6 viol=0 t=168.9s
n360-bonus 17f601395fa3 30_6_0281        kP= 8 syz=  8 d_lb=None lights= 6000 perts= 304 dem=1391542 minw=6 viol=0 t=169.18s
n360-bonus 165569a77859 30_6_0282        kP= 4 syz=  4 d_lb=None lights= 6000 perts= 302 dem=1106176 minw=6 viol=0 t=156.13s
n360-bonus 8117e81f817c 30_6_0283        kP= 8 syz=  8 d_lb=None lights= 6000 perts= 307 dem=1260840 minw=6 viol=0 t=161.91s
n360-bonus 972a4d473914 30_6_0285        kP=16 syz= 16 d_lb=None lights= 6000 perts= 308 dem=1599842 minw=6 viol=0 t=175.43s
n360-bonus 96c7d827bf84 30_6_0008        kP=60 syz= 60 d_lb=None lights= 6000 perts= 330 dem=1750452 minw=6 viol=0 t=193.71s
n360-bonus 00832250becd 30_6_0012        kP=60 syz= 60 d_lb=None lights= 6000 perts= 330 dem=1809672 minw=6 viol=0 t=188.11s
n360-bonus e51651891edf 30_6_0007        kP=60 syz= 60 d_lb=None lights= 6000 perts= 330 dem=1809672 minw=6 viol=0 t=196.15s
n360-bonus 7bb6d9372221 30_6_0286        kP=12 syz= 12 d_lb=None lights= 6000 perts= 306 dem=1456469 minw=6 viol=0 t=170.7s
WITNESS 2305c15696c7a276 ['30_6_0287'] w_x= 6 d_lb= 12
WITNESS 2305c15696c7a276 ['30_6_0287'] w_x= 6 d_lb= 12
WITNESS 2305c15696c7a276 ['30_6_0287'] w_x= 6 d_lb= 12
WITNESS 2305c15696c7a276 ['30_6_0287'] w_x= 6 d_lb= 12
n360-bonus 2305c15696c7 30_6_0287        kP=12 syz= 12 d_lb=12 lights= 1260 perts= 306 dem=346500 minw=6 viol=550 t=75.62s
n360-bonus 14dac50e1c3f 30_6_0013        kP=24 syz= 24 d_lb=None lights= 6000 perts= 312 dem=1652544 minw=6 viol=0 t=179.57s
n360-bonus 3b6cbbad967f 30_6_0039        kP=40 syz= 40 d_lb=None lights= 6000 perts=  42 dem=95994 minw=6 viol=0 t=13.89s
{"verdict": "X_COLLAPSE_WITNESSES_FOUND", "witnesses": 196, "parents": 116, "uncert": 212, "seconds": 6900.5}
