036d196531e5 phase2_2       kP= 4 sig=  4 dZ=6 singles=0/44 D0=0/22 dBars=[] t=1s
813f243ec550 phase2_0       kP= 4 sig=  4 dZ=6 singles=0/44 D0=0/21 dBars=[] t=1s
ea71c27063b0 phase2_1       kP= 4 sig=  4 dZ=6 singles=0/44 D0=0/19 dBars=[] t=1s
f28c7d4f6ae7 phase2_47      kP=12 sig= 12 dZ=6 singles=0/66 D0=0/36 dBars=[] t=1s
1bb51a1b2a32 phase2_49      kP=12 sig= 12 dZ=6 singles=0/66 D0=0/36 dBars=[] t=1s
fa8ccc5bd5d8 phase2_51      kP=12 sig= 12 dZ=6 singles=0/66 D0=0/36 dBars=[] t=1s
d4a3726e026a 6_6_0099       kP= 4 sig=  4 dZ=8 singles=59/62 D0=22/26 dBars=[0] t=1s
3f53bb172a13 6_6_0100       kP= 4 sig=  4 dZ=8 singles=57/62 D0=19/24 dBars=[0] t=2s
b072f0bd632d phase2_58      kP= 8 sig=  8 dZ=4 singles=0/64 D0=0/25 dBars=[] t=2s
b56f8907a41f phase2_59      kP= 4 sig=  4 dZ=6 singles=0/62 D0=0/36 dBars=[] t=2s
ccac05ceb781 phase2_60      kP= 8 sig=  8 dZ=4 singles=0/64 D0=0/36 dBars=[] t=2s
520b829294f6 9_6_0118       kP= 8 sig=  8 dZ=10 singles=73/82 D0=29/30 dBars=[0] t=2s
cf0443c850a7 9_6_0119       kP= 8 sig=  8 dZ=10 singles=79/82 D0=29/30 dBars=[0] t=3s
b3ba361852a0 bliss_6b9a48f3603eb5f4 kP= 8 sig=  8 dZ=10 singles=82/82 D0=28/29 dBars=[0] t=3s
798b33a29d65 9_6_0121       kP= 8 sig=  8 dZ=10 singles=77/82 D0=28/30 dBars=[0] t=3s
0a69ba943d52 9_6_0125       kP= 8 sig=  8 dZ=10 singles=80/82 D0=29/30 dBars=[0] t=4s
27f1beadf313 9_6_0127       kP= 8 sig=  8 dZ=10 singles=81/82 D0=25/29 dBars=[0] t=4s
d4312e2ab0e5 9_6_0128       kP= 8 sig=  8 dZ=10 singles=73/82 D0=28/29 dBars=[0] t=4s
efbc52cfdadc 9_6_0129       kP= 8 sig=  8 dZ=10 singles=81/82 D0=23/28 dBars=[0] t=5s
9be27a455679 9_6_0135       kP= 8 sig=  8 dZ=10 singles=77/82 D0=26/30 dBars=[0] t=5s
85f17ac12a39 9_6_0136       kP= 4 sig=  4 dZ=12 singles=79/80 D0=21/21 dBars=[0] t=6s
ec0ae247e338 9_6_0137       kP= 4 sig=  4 dZ=12 singles=79/80 D0=20/20 dBars=[0] t=7s
7b6a5ce3cc2b 9_6_0138       kP= 8 sig=  8 dZ=10 singles=78/82 D0=29/30 dBars=[0] t=7s
f2c1446e8bb1 phase2_61      kP= 8 sig=  8 dZ=8 singles=82/82 D0=28/29 dBars=[0] t=7s
722720c18dfd 9_6_0139       kP= 8 sig=  8 dZ=8 singles=80/82 D0=29/30 dBars=[0] t=8s
3dd14ad108f2 9_6_0141       kP= 4 sig=  4 dZ=12 singles=78/80 D0=21/21 dBars=[0] t=9s
762ab95d5e62 9_6_0142       kP= 4 sig=  4 dZ=12 singles=79/80 D0=19/19 dBars=[0] t=10s
e6ce1234e90b 9_6_0144       kP= 4 sig=  4 dZ=10 singles=79/80 D0=21/21 dBars=[0] t=10s
cf1182365632 bliss_3dc59b1af06527c9 kP= 8 sig=  8 dZ=10 singles=80/82 D0=27/29 dBars=[0] t=10s
f402a0f3c7e3 9_6_0145       kP= 8 sig=  8 dZ=8 singles=82/82 D0=28/30 dBars=[0] t=11s
a16db76cacba phase2_62      kP=12 sig= 12 dZ=6 singles=0/84 D0=0/30 dBars=[] t=11s
c915e3f9848d 9_6_0146       kP= 4 sig=  4 dZ=10 singles=78/80 D0=24/24 dBars=[0] t=11s
e50eeb46555c 9_6_0147       kP= 4 sig=  4 dZ=10 singles=77/80 D0=22/22 dBars=[0] t=12s
b1f221fd327b bliss_10ab2276c95b9b84 kP= 4 sig=  4 dZ=10 singles=78/80 D0=20/20 dBars=[0] t=12s
45016323c82f phase2_63      kP= 4 sig=  4 dZ=8 singles=78/80 D0=18/18 dBars=[0] t=12s
f2ca68452a07 9_6_0150       kP= 4 sig=  4 dZ=10 singles=77/80 D0=19/19 dBars=[0] t=13s
3a22fd2c1f17 9_6_0152       kP= 4 sig=  4 dZ=10 singles=79/80 D0=20/20 dBars=[0] t=13s
348f39237855 9_6_0153       kP= 4 sig=  4 dZ=12 singles=78/80 D0=21/21 dBars=[0] t=14s
03c86c487c3e phase2_64      kP= 8 sig=  8 dZ=8 singles=82/82 D0=30/30 dBars=[0] t=14s
704262b1b22b 9_6_0155       kP= 8 sig=  8 dZ=8 singles=82/82 D0=28/29 dBars=[0] t=15s
befbc59fc6b6 9_6_0156       kP= 8 sig=  8 dZ=8 singles=81/82 D0=26/30 dBars=[0] t=15s
f751756a839c bliss_2d9308956f32d8bf kP= 8 sig=  8 dZ=8 singles=82/82 D0=30/30 dBars=[0] t=15s
7e3201cfb50c bliss_4b38db5afbf07fc0 kP= 8 sig=  8 dZ=8 singles=81/82 D0=28/30 dBars=[0] t=16s
c76df602f4ab 9_6_0160       kP= 8 sig=  8 dZ=8 singles=80/82 D0=29/30 dBars=[0] t=16s
0f33890d7453 phase2_67      kP= 8 sig=  8 dZ=8 singles=82/82 D0=28/30 dBars=[0] t=16s
9e58db5757a0 9_6_0164       kP= 8 sig=  8 dZ=8 singles=82/82 D0=28/30 dBars=[0] t=17s
fa12c42d8149 phase2_68      kP= 8 sig=  8 dZ=8 singles=82/82 D0=29/30 dBars=[0] t=17s
1e5868778f56 9_6_0168       kP= 8 sig=  8 dZ=8 singles=82/82 D0=27/29 dBars=[0] t=17s
4d0ac4e2956f 9_6_0171       kP= 4 sig=  4 dZ=12 singles=80/80 D0=22/22 dBars=[0] t=18s
dde898efa05c 9_6_0172       kP= 4 sig=  4 dZ=10 singles=78/80 D0=22/22 dBars=[0] t=19s
9450fcd0deb5 phase2_70      kP= 4 sig=  4 dZ=10 singles=76/80 D0=18/18 dBars=[0] t=19s
e528730a9f6f 9_6_0174       kP= 4 sig=  4 dZ=10 singles=72/80 D0=22/30 dBars=[0] t=19s
e6d148e8b421 9_6_0175       kP= 8 sig=  8 dZ=8 singles=0/82 D0=0/24 dBars=[] t=20s
9dfa6a9eed81 9_6_0176       kP= 4 sig=  4 dZ=8 singles=80/80 D0=21/21 dBars=[0] t=20s
4b21e39d2127 9_6_0177       kP= 4 sig=  4 dZ=8 singles=80/80 D0=20/20 dBars=[0] t=20s
374a20f25a8a 9_6_0178       kP= 8 sig=  8 dZ=8 singles=82/82 D0=30/30 dBars=[0] t=21s
2e14127bebe6 9_6_0179       kP= 4 sig=  4 dZ=8 singles=75/80 D0=20/20 dBars=[0] t=21s
fd7cb999e53d bliss_6d501ec13b20c3b5 kP= 8 sig=  8 dZ=8 singles=81/82 D0=27/29 dBars=[0] t=21s
dd2ed18e1a89 9_6_0181       kP= 4 sig=  4 dZ=8 singles=78/80 D0=23/23 dBars=[0] t=22s
c26178cc4311 phase2_71      kP=12 sig= 12 dZ=4 singles=0/84 D0=0/30 dBars=[] t=22s
ae64a7476765 phase2_72      kP=12 sig= 12 dZ=4 singles=0/84 D0=0/30 dBars=[] t=22s
a36c82bc5208 9_6_0183       kP= 4 sig=  4 dZ=8 singles=79/80 D0=17/17 dBars=[0] t=22s
99505490ef88 phase2_73      kP= 8 sig=  8 dZ=6 singles=0/82 D0=0/36 dBars=[] t=23s
36267138298c phase2_75      kP= 8 sig=  8 dZ=6 singles=0/82 D0=0/26 dBars=[] t=23s
f6f983d465ad phase2_76      kP= 8 sig=  8 dZ=6 singles=0/82 D0=0/27 dBars=[] t=23s
dc109be6b403 phase2_77      kP= 8 sig=  8 dZ=6 singles=0/82 D0=0/36 dBars=[] t=23s
1a94a52a9dc8 phase2_78      kP= 4 sig=  4 dZ=6 singles=0/80 D0=0/19 dBars=[] t=24s
ca02d9d5b115 phase2_79      kP= 8 sig=  8 dZ=6 singles=0/82 D0=0/36 dBars=[] t=24s
87c85bda4490 phase2_80      kP= 8 sig=  8 dZ=6 singles=0/82 D0=0/36 dBars=[] t=24s
0a13b6861b29 phase2_81      kP= 8 sig=  8 dZ=6 singles=0/82 D0=0/30 dBars=[] t=24s
b7a45ee735ad phase2_82      kP= 8 sig=  8 dZ=6 singles=0/82 D0=0/30 dBars=[] t=25s
fc25c02de4ce phase2_83      kP= 8 sig=  8 dZ=6 singles=0/82 D0=0/36 dBars=[] t=25s
d8f273add12c phase2_84      kP= 8 sig=  8 dZ=6 singles=0/82 D0=0/36 dBars=[] t=25s
99baa8b36238 phase2_85      kP= 8 sig=  8 dZ=6 singles=0/82 D0=0/36 dBars=[] t=26s
5f1cd3c67d69 phase2_86      kP= 8 sig=  8 dZ=6 singles=0/82 D0=0/36 dBars=[] t=26s
3dd62a0e8747 phase2_87      kP= 8 sig=  8 dZ=6 singles=0/82 D0=0/36 dBars=[] t=26s
a2069178cda5 9_6_0186       kP= 4 sig=  4 dZ=8 singles=77/80 D0=23/23 dBars=[0] t=26s
357a8fba7c59 phase2_88      kP= 4 sig=  4 dZ=4 singles=0/80 D0=0/21 dBars=[] t=27s
6a5a1ae04fce phase2_89      kP= 4 sig=  4 dZ=6 singles=0/80 D0=0/21 dBars=[] t=27s
8b55945277ba 12_6_0187      kP=12 sig= 12 dZ=12 singles=100/102 D0=36/36 dBars=[0] t=29s
311e3202c3d5 12_6_0188      kP=12 sig= 12 dZ=12 singles=101/102 D0=36/36 dBars=[0] t=32s
e85a49a5f56e 12_6_0190      kP=12 sig= 12 dZ=12 singles=102/102 D0=35/36 dBars=[0] t=34s
2b70d04d8c45 bliss_b261ff5e77ae456d kP=12 sig= 12 dZ=12 singles=101/102 D0=36/36 dBars=[0] t=36s
4c7eb964a6a3 12_6_0193      kP=12 sig= 12 dZ=12 singles=94/102 D0=36/36 dBars=[0] t=38s
512ccc058978 bliss_1219913c49eb1daf kP=12 sig= 12 dZ=12 singles=102/102 D0=36/36 dBars=[0] t=41s
c796971e1cf5 bliss_08166cccb951f700 kP=12 sig= 12 dZ=12 singles=100/102 D0=34/36 dBars=[0] t=43s
aebb649586c1 12_6_0194      kP=12 sig= 12 dZ=12 singles=98/102 D0=35/36 dBars=[0] t=45s
cad33b918e17 bliss_393b2d4a60427543 kP=12 sig= 12 dZ=12 singles=100/102 D0=35/36 dBars=[0] t=48s
81dcecd2f767 bliss_20ab34b4a638fca6 kP=12 sig= 12 dZ=12 singles=102/102 D0=36/36 dBars=[0] t=50s
1240c4ad8c6c bliss_8dacd619802a8e88 kP=12 sig= 12 dZ=12 singles=95/102 D0=35/36 dBars=[0] t=52s
7c4e8e525043 12_6_0199      kP= 4 sig=  4 dZ=12 singles=80/98 D0=30/32 dBars=[0] t=55s
c7a56012b0d1 phase2_90      kP=24 sig= 24 dZ=6 singles=0/108 D0=0/48 dBars=[] t=55s
cf7e2065ad08 12_6_0200      kP= 8 sig=  8 dZ=10 singles=100/100 D0=27/27 dBars=[0] t=56s
0f02d38116f9 12_6_0201      kP= 8 sig=  8 dZ=8 singles=100/100 D0=24/24 dBars=[0] t=57s
fabf5b65b4df 12_6_0202      kP= 4 sig=  4 dZ=12 singles=91/98 D0=21/26 dBars=[0] t=59s
29fb2efe860a 12_6_0203      kP=12 sig= 12 dZ=8 singles=100/102 D0=36/36 dBars=[0] t=60s
6838112c22d1 bliss_d28b518a6de50846 kP=12 sig= 12 dZ=8 singles=98/102 D0=36/36 dBars=[0] t=61s
3f45cf65a902 12_6_0204      kP=12 sig= 12 dZ=8 singles=98/102 D0=35/36 dBars=[0] t=61s
b72653f1626f 12_6_0207      kP=12 sig= 12 dZ=8 singles=98/102 D0=35/36 dBars=[0] t=62s
fe6d2454d8b0 12_6_0210      kP= 4 sig=  4 dZ=12 singles=93/98 D0=25/27 dBars=[0] t=64s
ad946b2596f6 12_6_0211      kP= 4 sig=  4 dZ=12 singles=87/98 D0=28/32 dBars=[0] t=66s
dda4814c71b0 12_6_0212      kP= 4 sig=  4 dZ=12 singles=77/98 D0=25/32 dBars=[0] t=68s
f09849c51879 phase2_91      kP=16 sig= 16 dZ=6 singles=0/104 D0=0/32 dBars=[] t=69s
9c95afdfac9f phase2_92      kP=16 sig= 16 dZ=6 singles=0/104 D0=0/32 dBars=[] t=69s
24e0fb6e6b9f phase2_93      kP=16 sig= 16 dZ=6 singles=0/104 D0=0/32 dBars=[] t=70s
11c079351d1e 12_6_0213      kP= 4 sig=  4 dZ=12 singles=93/98 D0=25/27 dBars=[0] t=72s
404bdb774b33 12_6_0214      kP= 4 sig=  4 dZ=12 singles=92/98 D0=21/27 dBars=[0] t=74s
5f4eea0714cf 12_6_0215      kP= 8 sig=  8 dZ=8 singles=100/100 D0=27/27 dBars=[0] t=75s
b912ff10713b 12_6_0064      kP= 8 sig=  8 dZ=8 singles=98/100 D0=31/32 dBars=[0] t=76s
c9e0f0ba898a phase2_94      kP=12 sig= 12 dZ=6 singles=0/102 D0=0/36 dBars=[] t=76s
9a2fecdf62ce phase2_95      kP=12 sig= 12 dZ=6 singles=0/102 D0=0/48 dBars=[] t=77s
9a7638586033 phase2_98      kP=12 sig= 12 dZ=6 singles=0/102 D0=0/36 dBars=[] t=77s
8091a86cb0d8 12_6_0216      kP= 4 sig=  4 dZ=10 singles=84/98 D0=30/36 dBars=[0] t=78s
b0f0cb8b688e 12_6_0217      kP= 8 sig=  8 dZ=8 singles=88/100 D0=34/36 dBars=[0] t=79s
5ca78dabd8dc phase2_99      kP= 8 sig=  8 dZ=6 singles=0/100 D0=0/36 dBars=[] t=79s
77e1048a33f5 phase2_105     kP= 8 sig=  8 dZ=6 singles=0/100 D0=0/36 dBars=[] t=80s
b3b6239c10bb phase2_106     kP= 8 sig=  8 dZ=6 singles=0/100 D0=0/36 dBars=[] t=80s
d88a5047975c 15_6_0218      kP= 8 sig=  8 dZ=14 singles=118/118 D0=29/30 dBars=[0] t=103s
5a61c4ae5243 15_6_0219      kP= 8 sig=  8 dZ=14 singles=118/118 D0=28/30 dBars=[0] t=126s
efbe10fbf7c0 15_6_0221      kP= 8 sig=  8 dZ=12 singles=117/118 D0=27/29 dBars=[0] t=131s
4cd5b4697c08 15_6_0222      kP= 8 sig=  8 dZ=14 singles=116/118 D0=30/30 dBars=[0] t=154s
2138a832f7dd 15_6_0223      kP= 8 sig=  8 dZ=None singles=118/118 D0=29/30 dBars=[0] t=184s
855e8bf135ba 15_6_0224      kP= 8 sig=  8 dZ=16 singles=118/118 D0=28/28 dBars=[0] t=214s
4544f069cb72 15_6_0225      kP= 8 sig=  8 dZ=10 singles=113/118 D0=27/29 dBars=[0] t=216s
de0abe9c73d1 15_6_0227      kP= 8 sig=  8 dZ=10 singles=117/118 D0=27/30 dBars=[0] t=217s
14fd1880f852 bliss_c374c80bd8c83df1 kP= 8 sig=  8 dZ=10 singles=107/118 D0=27/28 dBars=[0] t=218s
84922299002f 15_6_0228      kP= 8 sig=  8 dZ=None singles=116/118 D0=30/30 dBars=[0] t=248s
d936c3bea1e1 15_6_0229      kP= 8 sig=  8 dZ=None singles=116/118 D0=30/30 dBars=[0] t=278s
90f0f5b15df2 15_6_0067      kP= 8 sig=  8 dZ=None singles=117/118 D0=27/29 dBars=[0] t=308s
749861cec762 bliss_66bd71ca48ee2892 kP= 8 sig=  8 dZ=None singles=114/118 D0=28/30 dBars=[0] t=338s
7e6650c1e5a9 bliss_b2215e94b5b2b50f kP= 8 sig=  8 dZ=None singles=117/118 D0=29/29 dBars=[0] t=367s
2c4f5b959fc3 15_6_0233      kP= 4 sig=  4 dZ=None singles=116/116 D0=18/18 dBars=[0] t=392s
cd64df467b6c bliss_f5ea23d8c0f4bd34 kP= 8 sig=  8 dZ=None singles=117/118 D0=30/30 dBars=[0] t=421s
89754a1eccf3 15_6_0234      kP= 8 sig=  8 dZ=12 singles=113/118 D0=29/29 dBars=[0] t=425s
d6ac8c1f8e08 bliss_b89c9221f3a9e1b8 kP= 8 sig=  8 dZ=None singles=118/118 D0=29/30 dBars=[0] t=453s
4e1ec9f3dee0 15_6_0235      kP= 4 sig=  4 dZ=12 singles=79/116 D0=27/34 dBars=[0] t=457s
46dd8784e4e7 15_6_0236      kP= 4 sig=  4 dZ=None singles=116/116 D0=18/18 dBars=[0] t=481s
1dbc43531239 15_6_0237      kP=12 sig= 12 dZ=8 singles=120/120 D0=30/30 dBars=[0] t=482s
9fcf3cf2f0dc 15_6_0238      kP= 8 sig=  8 dZ=None singles=114/118 D0=28/30 dBars=[0] t=511s
4af946cd2ce1 bliss_147f0c05ee400f6b kP= 8 sig=  8 dZ=14 singles=118/118 D0=29/30 dBars=[0] t=533s
e1cac39089f4 15_6_0239      kP= 8 sig=  8 dZ=None singles=112/118 D0=28/29 dBars=[0] t=562s
10296061ea19 15_6_0240      kP= 8 sig=  8 dZ=12 singles=116/118 D0=29/29 dBars=[0] t=566s
24d926dbdd3d bliss_c6cf81287810866d kP= 8 sig=  8 dZ=10 singles=112/118 D0=29/29 dBars=[0] t=567s
76a8ed930626 15_6_0242      kP= 8 sig=  8 dZ=12 singles=116/118 D0=29/30 dBars=[0] t=571s
2c3914241de0 15_6_0244      kP= 4 sig=  4 dZ=14 singles=114/116 D0=21/21 dBars=[0] t=591s
add651a84d7e 15_6_0245      kP= 4 sig=  4 dZ=None singles=116/116 D0=19/19 dBars=[0] t=616s
d570a57306bc bliss_c6f3b99079d24821 kP= 8 sig=  8 dZ=None singles=116/118 D0=25/29 dBars=[0] t=646s
330b4a23408b 15_6_0248      kP= 4 sig=  4 dZ=14 singles=103/116 D0=18/29 dBars=[0] t=668s
70d02764f23d 15_6_0249      kP= 4 sig=  4 dZ=14 singles=115/116 D0=21/21 dBars=[0] t=688s
9fa3a6691b0e bliss_db63ca2b001604d0 kP= 4 sig=  4 dZ=None singles=104/116 D0=21/29 dBars=[0] t=715s
ad33c2fff1d6 15_6_0250      kP= 4 sig=  4 dZ=None singles=114/116 D0=24/24 dBars=[0] t=741s
9fdd1902fbb0 15_6_0251      kP= 4 sig=  4 dZ=12 singles=105/116 D0=25/34 dBars=[0] t=745s
060f75243d92 15_6_0252      kP=12 sig= 12 dZ=8 singles=120/120 D0=29/29 dBars=[0] t=747s
15654a1cebe3 phase2_107     kP=20 sig= 20 dZ=6 singles=0/124 D0=0/34 dBars=[] t=747s
7bdf9619c716 15_6_0253      kP= 4 sig=  4 dZ=None singles=105/116 D0=25/30 dBars=[0] t=774s
1ce092dc5e2b phase2_108     kP=12 sig= 12 dZ=6 singles=0/120 D0=0/30 dBars=[] t=774s
81d58b7f5677 bliss_2d52fbddb7db5996 kP= 8 sig=  8 dZ=None singles=90/118 D0=34/36 dBars=[0] t=803s
61ffb64bc6fa bliss_f93e44e35e33559c kP= 8 sig=  8 dZ=None singles=102/118 D0=33/36 dBars=[0] t=832s
e15b3d648098 15_6_0256      kP= 8 sig=  8 dZ=None singles=0/118 D0=0/36 dBars=[] t=852s
548b1050c99c 15_6_0257      kP= 4 sig=  4 dZ=None singles=97/116 D0=23/30 dBars=[0] t=878s
aa31c95bcfb0 bliss_42614e174cac73cd kP= 4 sig=  4 dZ=None singles=95/116 D0=24/30 dBars=[0] t=903s
e8bce15135d1 15_6_0259      kP= 4 sig=  4 dZ=None singles=114/116 D0=16/16 dBars=[0] t=929s
dc98a5e4c350 phase2_109     kP= 8 sig=  8 dZ=None singles=0/118 D0=0/25 dBars=[] t=948s
{"parents": 163, "seconds": 947.6}
