{
  "best_by_size": {
    "13": {
      "best_defect": "66/169",
      "best_defect_count": 66,
      "best_family": [
        0,
        4,
        16,
        32,
        176,
        265,
        578,
        587,
        763,
        1284,
        1460,
        1484,
        2047
      ],
      "dimension": 11,
      "restarted_from_checkpoint": 0,
      "restarts_done": 12,
      "size": 13
    }
  },
  "checkpoint": "uc/gate_b/experiments/e26gateb_n11_m13_fullsetseeds_c_checkpoint.jsonl",
  "dimension": 11,
  "generator": "uc/gate_b/experiments/e26gateb_seed_prep.py",
  "mode": "e26_gateb_fullset_seed_prep",
  "restarts": 12,
  "seed": 515051,
  "sizes": [
    13
  ],
  "steps": 800000
}
