n=10 m=20 restart=0 defect=17/50 Q=4.510810790654 Q-only=0.028266707024 sample-A=0.205142488082 selected-order-A=0.036445561169
n=10 m=20 restart=1 defect=67/200 Q=4.485998417941 Q-only=0.004337825985 sample-A=0.176875907036 selected-order-A=0.031612718833
n=10 m=20 restart=2 defect=13/40 Q=4.551368922113 Q-only=0.067380689152 sample-A=0.240627940242 selected-order-A=0.045153739363
n=10 m=20 restart=3 defect=17/50 Q=4.492049608962 Q-only=0.010173552852 sample-A=0.184575642556 selected-order-A=0.037701568857
n=10 m=20 restart=4 defect=13/40 Q=4.451353912980 Q-only=-0.029073095553 sample-A=0.145631800886 selected-order-A=-0.017353176827
n=10 m=20 restart=5 defect=17/50 Q=4.500285665061 Q-only=0.018116348526 sample-A=0.190483799196 selected-order-A=0.022612714693
n=10 m=20 restart=6 defect=17/50 Q=4.561666967468 Q-only=0.077312053036 sample-A=0.255374963846 selected-order-A=0.050913651560
n=10 m=20 restart=7 defect=17/50 Q=4.506252354317 Q-only=0.023870582473 sample-A=0.200637828527 selected-order-A=0.012273570982
n=10 m=20 restart=8 defect=17/50 Q=4.555241402219 Q-only=0.071115282246 sample-A=0.244864289680 selected-order-A=0.034340126346
n=10 m=20 restart=9 defect=17/50 Q=4.523607829306 Q-only=0.040608082800 sample-A=0.218396855185 selected-order-A=0.009466136441
n=10 m=20 restart=10 defect=33/100 Q=4.452472683023 Q-only=-0.027994161442 sample-A=0.144626125157 selected-order-A=0.010392104108
n=10 m=20 restart=11 defect=33/100 Q=4.464535466604 Q-only=-0.016360896190 sample-A=0.155965615893 selected-order-A=0.009228836222
{
  "any_finalist_has_certified_negative_fixed_order": true,
  "any_finalist_passes_q_necessary_condition": true,
  "best_by_size": {
    "20": {
      "accepted": 378,
      "clone_witness_global_order_bounds": {
        "derivation": "-log2(m) <= A_{+,pi} <= n-log2(m) since every entropy sum lies in [0,n]",
        "lower": "-171209210738350402346973392383/39614081257132168796771975168",
        "upper": "449863203665942571241492718595/79228162514264337593543950336"
      },
      "closure_defect": "13/40",
      "closure_defect_count": 130,
      "contains_full_set": true,
      "dimension": 10,
      "family": [
        0,
        1,
        4,
        16,
        17,
        32,
        56,
        92,
        256,
        257,
        288,
        353,
        642,
        658,
        750,
        766,
        975,
        991,
        1007,
        1023
      ],
      "finite_negative_clone_witness": {
        "a_plus_lower": "-2412478438612657148984480325/79228162514264337593543950336",
        "a_plus_lower_decimal": "-0.030449758799",
        "a_plus_upper": "-988823435413376431967713/39614081257132168796771975168",
        "a_plus_upper_decimal": "-0.000024961412",
        "bound_method": "two-sided convex envelope over exact fixed-order bounds",
        "certified_negative": true,
        "cloned_dimension": 17133317494515433225618002536775,
        "geometric_ratio": 2954,
        "multiplicities": [
          5798076321848583529631047936,
          1,
          664450979318700728896,
          8726116,
          1962788192907441953158784,
          17127517454740715746530115602944,
          224932626715877024,
          2954,
          76145100445456,
          25776946664
        ],
        "target_order": [
          5,
          0,
          4,
          2,
          6,
          8,
          9,
          3,
          7,
          1
        ],
        "target_order_probability": "1473913829930832415594545274789204273543548238008609889648167840586123986562455286029594480629256800150149158873604186120557720378181156491256391624214708224/1478411868084749201332467763760324473548376496230651006750628459712538496721606238315128435889008700224803998992725732337990649715432024510829878743004671875",
        "target_order_probability_lower": "17075405372433472818751382444233/17127517454740715746530115602944",
        "union_bound_probability_lower": "2945/2954"
      },
      "normalized": false,
      "q_alone_certifies_positive": false,
      "q_lower": "352672591226038981405811074359/79228162514264337593543950336",
      "q_lower_decimal": "4.451353912979",
      "q_only_a_lower": "-2303407939188270695154284751/79228162514264337593543950336",
      "q_only_a_lower_decimal": "-0.029073095553",
      "q_only_a_upper": "-2303407939188270695154281061/79228162514264337593543950336",
      "q_only_a_upper_decimal": "-0.029073095552",
      "q_upper": "352672591226038981405811078183/79228162514264337593543950336",
      "q_upper_decimal": "4.451353912980",
      "restart": 4,
      "sampled_a_lower": "11538139987803054586570140105/79228162514264337593543950336",
      "sampled_a_lower_decimal": "0.145631800885",
      "sampled_a_status": "DISCOVERY ONLY: exact arithmetic over sampled orders",
      "sampled_a_upper": "2884534996950763646642535949/19807040628566084398385987584",
      "sampled_a_upper_decimal": "0.145631800886",
      "sampled_bellman_lower": "388732181880234597275371482957/79228162514264337593543950336",
      "sampled_bellman_upper": "48591522735029324659421435371/9903520314283042199192993792",
      "schema": 1,
      "score_mode": "min-a",
      "screen_order_count": 48,
      "screen_score": -0.017353176827185735,
      "seed": 20260830,
      "selected_fixed_order": [
        5,
        0,
        4,
        2,
        6,
        8,
        9,
        3,
        7,
        1
      ],
      "selected_fixed_order_a_lower": "-1374860313803049141948589129/79228162514264337593543950336",
      "selected_fixed_order_a_lower_decimal": "-0.017353176828",
      "selected_fixed_order_a_upper": "-343715078450762285487147279/19807040628566084398385987584",
      "selected_fixed_order_a_upper_decimal": "-0.017353176827",
      "selected_fixed_order_certified_negative": true,
      "selected_fixed_order_status": "EXACT RATIONAL TWO-SIDED ENCLOSURE; order selected by discovery score",
      "size": 20,
      "steps": 7500,
      "strict_defect_cap": "137/400"
    }
  },
  "best_score_finalist": {
    "accepted": 378,
    "clone_witness_global_order_bounds": {
      "derivation": "-log2(m) <= A_{+,pi} <= n-log2(m) since every entropy sum lies in [0,n]",
      "lower": "-171209210738350402346973392383/39614081257132168796771975168",
      "upper": "449863203665942571241492718595/79228162514264337593543950336"
    },
    "closure_defect": "13/40",
    "closure_defect_count": 130,
    "contains_full_set": true,
    "dimension": 10,
    "family": [
      0,
      1,
      4,
      16,
      17,
      32,
      56,
      92,
      256,
      257,
      288,
      353,
      642,
      658,
      750,
      766,
      975,
      991,
      1007,
      1023
    ],
    "finite_negative_clone_witness": {
      "a_plus_lower": "-2412478438612657148984480325/79228162514264337593543950336",
      "a_plus_lower_decimal": "-0.030449758799",
      "a_plus_upper": "-988823435413376431967713/39614081257132168796771975168",
      "a_plus_upper_decimal": "-0.000024961412",
      "bound_method": "two-sided convex envelope over exact fixed-order bounds",
      "certified_negative": true,
      "cloned_dimension": 17133317494515433225618002536775,
      "geometric_ratio": 2954,
      "multiplicities": [
        5798076321848583529631047936,
        1,
        664450979318700728896,
        8726116,
        1962788192907441953158784,
        17127517454740715746530115602944,
        224932626715877024,
        2954,
        76145100445456,
        25776946664
      ],
      "target_order": [
        5,
        0,
        4,
        2,
        6,
        8,
        9,
        3,
        7,
        1
      ],
      "target_order_probability": "1473913829930832415594545274789204273543548238008609889648167840586123986562455286029594480629256800150149158873604186120557720378181156491256391624214708224/1478411868084749201332467763760324473548376496230651006750628459712538496721606238315128435889008700224803998992725732337990649715432024510829878743004671875",
      "target_order_probability_lower": "17075405372433472818751382444233/17127517454740715746530115602944",
      "union_bound_probability_lower": "2945/2954"
    },
    "normalized": false,
    "q_alone_certifies_positive": false,
    "q_lower": "352672591226038981405811074359/79228162514264337593543950336",
    "q_lower_decimal": "4.451353912979",
    "q_only_a_lower": "-2303407939188270695154284751/79228162514264337593543950336",
    "q_only_a_lower_decimal": "-0.029073095553",
    "q_only_a_upper": "-2303407939188270695154281061/79228162514264337593543950336",
    "q_only_a_upper_decimal": "-0.029073095552",
    "q_upper": "352672591226038981405811078183/79228162514264337593543950336",
    "q_upper_decimal": "4.451353912980",
    "restart": 4,
    "sampled_a_lower": "11538139987803054586570140105/79228162514264337593543950336",
    "sampled_a_lower_decimal": "0.145631800885",
    "sampled_a_status": "DISCOVERY ONLY: exact arithmetic over sampled orders",
    "sampled_a_upper": "2884534996950763646642535949/19807040628566084398385987584",
    "sampled_a_upper_decimal": "0.145631800886",
    "sampled_bellman_lower": "388732181880234597275371482957/79228162514264337593543950336",
    "sampled_bellman_upper": "48591522735029324659421435371/9903520314283042199192993792",
    "schema": 1,
    "score_mode": "min-a",
    "screen_order_count": 48,
    "screen_score": -0.017353176827185735,
    "seed": 20260830,
    "selected_fixed_order": [
      5,
      0,
      4,
      2,
      6,
      8,
      9,
      3,
      7,
      1
    ],
    "selected_fixed_order_a_lower": "-1374860313803049141948589129/79228162514264337593543950336",
    "selected_fixed_order_a_lower_decimal": "-0.017353176828",
    "selected_fixed_order_a_upper": "-343715078450762285487147279/19807040628566084398385987584",
    "selected_fixed_order_a_upper_decimal": "-0.017353176827",
    "selected_fixed_order_certified_negative": true,
    "selected_fixed_order_status": "EXACT RATIONAL TWO-SIDED ENCLOSURE; order selected by discovery score",
    "size": 20,
    "steps": 7500,
    "strict_defect_cap": "137/400"
  },
  "clone_reachability_convention": "A certified negative fixed order gives a finite negative clone multiset in the displayed cap/Reimer class; nontrivial cloning does not preserve separation",
  "coverage": "SEEDED HEURISTIC; exact defect and exact full-order Q enclosure; selected fixed-order A_+ has an exact rational two-sided enclosure",
  "dimension": 10,
  "displayed_supremum_convention": "cap and Reimer only",
  "dominant_full_set_required": true,
  "lowest_defect_certified_negative_fixed_order": {
    "accepted": 378,
    "clone_witness_global_order_bounds": {
      "derivation": "-log2(m) <= A_{+,pi} <= n-log2(m) since every entropy sum lies in [0,n]",
      "lower": "-171209210738350402346973392383/39614081257132168796771975168",
      "upper": "449863203665942571241492718595/79228162514264337593543950336"
    },
    "closure_defect": "13/40",
    "closure_defect_count": 130,
    "contains_full_set": true,
    "dimension": 10,
    "family": [
      0,
      1,
      4,
      16,
      17,
      32,
      56,
      92,
      256,
      257,
      288,
      353,
      642,
      658,
      750,
      766,
      975,
      991,
      1007,
      1023
    ],
    "finite_negative_clone_witness": {
      "a_plus_lower": "-2412478438612657148984480325/79228162514264337593543950336",
      "a_plus_lower_decimal": "-0.030449758799",
      "a_plus_upper": "-988823435413376431967713/39614081257132168796771975168",
      "a_plus_upper_decimal": "-0.000024961412",
      "bound_method": "two-sided convex envelope over exact fixed-order bounds",
      "certified_negative": true,
      "cloned_dimension": 17133317494515433225618002536775,
      "geometric_ratio": 2954,
      "multiplicities": [
        5798076321848583529631047936,
        1,
        664450979318700728896,
        8726116,
        1962788192907441953158784,
        17127517454740715746530115602944,
        224932626715877024,
        2954,
        76145100445456,
        25776946664
      ],
      "target_order": [
        5,
        0,
        4,
        2,
        6,
        8,
        9,
        3,
        7,
        1
      ],
      "target_order_probability": "1473913829930832415594545274789204273543548238008609889648167840586123986562455286029594480629256800150149158873604186120557720378181156491256391624214708224/1478411868084749201332467763760324473548376496230651006750628459712538496721606238315128435889008700224803998992725732337990649715432024510829878743004671875",
      "target_order_probability_lower": "17075405372433472818751382444233/17127517454740715746530115602944",
      "union_bound_probability_lower": "2945/2954"
    },
    "normalized": false,
    "q_alone_certifies_positive": false,
    "q_lower": "352672591226038981405811074359/79228162514264337593543950336",
    "q_lower_decimal": "4.451353912979",
    "q_only_a_lower": "-2303407939188270695154284751/79228162514264337593543950336",
    "q_only_a_lower_decimal": "-0.029073095553",
    "q_only_a_upper": "-2303407939188270695154281061/79228162514264337593543950336",
    "q_only_a_upper_decimal": "-0.029073095552",
    "q_upper": "352672591226038981405811078183/79228162514264337593543950336",
    "q_upper_decimal": "4.451353912980",
    "restart": 4,
    "sampled_a_lower": "11538139987803054586570140105/79228162514264337593543950336",
    "sampled_a_lower_decimal": "0.145631800885",
    "sampled_a_status": "DISCOVERY ONLY: exact arithmetic over sampled orders",
    "sampled_a_upper": "2884534996950763646642535949/19807040628566084398385987584",
    "sampled_a_upper_decimal": "0.145631800886",
    "sampled_bellman_lower": "388732181880234597275371482957/79228162514264337593543950336",
    "sampled_bellman_upper": "48591522735029324659421435371/9903520314283042199192993792",
    "schema": 1,
    "score_mode": "min-a",
    "screen_order_count": 48,
    "screen_score": -0.017353176827185735,
    "seed": 20260830,
    "selected_fixed_order": [
      5,
      0,
      4,
      2,
      6,
      8,
      9,
      3,
      7,
      1
    ],
    "selected_fixed_order_a_lower": "-1374860313803049141948589129/79228162514264337593543950336",
    "selected_fixed_order_a_lower_decimal": "-0.017353176828",
    "selected_fixed_order_a_upper": "-343715078450762285487147279/19807040628566084398385987584",
    "selected_fixed_order_a_upper_decimal": "-0.017353176827",
    "selected_fixed_order_certified_negative": true,
    "selected_fixed_order_status": "EXACT RATIONAL TWO-SIDED ENCLOSURE; order selected by discovery score",
    "size": 20,
    "steps": 7500,
    "strict_defect_cap": "137/400"
  },
  "mode": "subtwofifths_min-a_search",
  "normalization_convention": "active and separating is reported, not required by the displayed supremum",
  "restarts": 12,
  "score_mode": "min-a",
  "screen_order_count": 48,
  "sizes": [
    20
  ],
  "steps": 7500,
  "strict_defect_cap": "137/400"
}
