n=10 m=13 restart=0 defect=66/169 Q=4.063188302208 Q-only=0.218071044508 sample-A=0.369849710721 selected-order-A=0.109721812140
n=10 m=13 restart=1 defect=66/169 Q=3.949043500061 Q-only=0.107990584917 sample-A=0.258174112179 selected-order-A=0.109627964340
n=10 m=13 restart=2 defect=66/169 Q=3.956929967196 Q-only=0.115596239405 sample-A=0.266389053616 selected-order-A=0.109627964340
n=10 m=13 restart=3 defect=64/169 Q=4.008161502920 Q-only=0.165003578960 sample-A=0.316403109248 selected-order-A=0.109627964340
n=10 m=13 restart=4 defect=66/169 Q=4.058712398817 Q-only=0.213754514162 sample-A=0.367492837120 selected-order-A=0.110505603183
n=10 m=13 restart=5 defect=66/169 Q=3.992140444141 Q-only=0.149552980419 sample-A=0.300588178893 selected-order-A=0.109721812140
n=10 m=13 restart=6 defect=64/169 Q=4.084571622555 Q-only=0.238692971106 sample-A=0.390781067434 selected-order-A=0.109627964340
n=10 m=13 restart=7 defect=66/169 Q=3.965628865701 Q-only=0.123985397101 sample-A=0.273677615085 selected-order-A=0.109803281643
n=10 m=13 restart=8 defect=66/169 Q=3.983908454130 Q-only=0.141614106053 sample-A=0.292035022740 selected-order-A=0.110140180981
n=10 m=13 restart=9 defect=66/169 Q=3.985237738298 Q-only=0.142896058533 sample-A=0.292935733031 selected-order-A=0.109721812140
n=10 m=13 restart=10 defect=66/169 Q=4.003033127454 Q-only=0.160057809046 sample-A=0.313243259460 selected-order-A=0.116564658699
n=10 m=13 restart=11 defect=66/169 Q=3.965670018938 Q-only=0.124025084999 sample-A=0.275682381643 selected-order-A=0.115701054490
{
  "any_finalist_has_certified_negative_fixed_order": false,
  "any_finalist_passes_q_necessary_condition": false,
  "best_by_size": {
    "13": {
      "accepted": 1047,
      "clone_witness_global_order_bounds": {
        "derivation": "-log2(m) <= A_{+,pi} <= n-log2(m) since every entropy sum lies in [0,n]",
        "lower": "-36647379920390121124439737233/9903520314283042199192993792",
        "upper": "499102585779522406939921605497/79228162514264337593543950336"
      },
      "closure_defect": "66/169",
      "closure_defect_count": 66,
      "contains_full_set": true,
      "dimension": 10,
      "family": [
        0,
        2,
        21,
        72,
        106,
        128,
        162,
        256,
        744,
        788,
        895,
        917,
        1023
      ],
      "finite_negative_clone_witness": null,
      "normalized": false,
      "q_alone_certifies_positive": true,
      "q_lower": "156437730099364640816014091765/39614081257132168796771975168",
      "q_lower_decimal": "3.949043500060",
      "q_only_a_lower": "8555895611858178978366821337/79228162514264337593543950336",
      "q_only_a_lower_decimal": "0.107990584917",
      "q_only_a_upper": "8555895611858178978366824811/79228162514264337593543950336",
      "q_only_a_upper_decimal": "0.107990584918",
      "q_upper": "156437730099364640816014093565/39614081257132168796771975168",
      "q_upper_decimal": "3.949043500061",
      "restart": 1,
      "sampled_a_lower": "20454660516629650630929645527/79228162514264337593543950336",
      "sampled_a_lower_decimal": "0.258174112178",
      "sampled_a_status": "DISCOVERY ONLY: exact arithmetic over sampled orders",
      "sampled_a_upper": "20454660516629650630929649001/79228162514264337593543950336",
      "sampled_a_upper_decimal": "0.258174112179",
      "sampled_bellman_lower": "83542550072959676723913231631/19807040628566084398385987584",
      "sampled_bellman_upper": "334170200291838706895652926533/79228162514264337593543950336",
      "schema": 1,
      "score_mode": "min-a",
      "screen_order_count": 48,
      "screen_score": 0.10962796433980548,
      "seed": 20260830,
      "selected_fixed_order": [
        8,
        3,
        7,
        1,
        6,
        4,
        9,
        0,
        2,
        5
      ],
      "selected_fixed_order_a_lower": "1085702771852757858691916795/9903520314283042199192993792",
      "selected_fixed_order_a_lower_decimal": "0.109627964339",
      "selected_fixed_order_a_upper": "4342811087411031434767667185/39614081257132168796771975168",
      "selected_fixed_order_a_upper_decimal": "0.109627964340",
      "selected_fixed_order_certified_negative": false,
      "selected_fixed_order_status": "EXACT RATIONAL TWO-SIDED ENCLOSURE; order selected by discovery score",
      "size": 13,
      "steps": 7500,
      "strict_defect_cap": "2/5"
    }
  },
  "best_score_finalist": {
    "accepted": 1047,
    "clone_witness_global_order_bounds": {
      "derivation": "-log2(m) <= A_{+,pi} <= n-log2(m) since every entropy sum lies in [0,n]",
      "lower": "-36647379920390121124439737233/9903520314283042199192993792",
      "upper": "499102585779522406939921605497/79228162514264337593543950336"
    },
    "closure_defect": "66/169",
    "closure_defect_count": 66,
    "contains_full_set": true,
    "dimension": 10,
    "family": [
      0,
      2,
      21,
      72,
      106,
      128,
      162,
      256,
      744,
      788,
      895,
      917,
      1023
    ],
    "finite_negative_clone_witness": null,
    "normalized": false,
    "q_alone_certifies_positive": true,
    "q_lower": "156437730099364640816014091765/39614081257132168796771975168",
    "q_lower_decimal": "3.949043500060",
    "q_only_a_lower": "8555895611858178978366821337/79228162514264337593543950336",
    "q_only_a_lower_decimal": "0.107990584917",
    "q_only_a_upper": "8555895611858178978366824811/79228162514264337593543950336",
    "q_only_a_upper_decimal": "0.107990584918",
    "q_upper": "156437730099364640816014093565/39614081257132168796771975168",
    "q_upper_decimal": "3.949043500061",
    "restart": 1,
    "sampled_a_lower": "20454660516629650630929645527/79228162514264337593543950336",
    "sampled_a_lower_decimal": "0.258174112178",
    "sampled_a_status": "DISCOVERY ONLY: exact arithmetic over sampled orders",
    "sampled_a_upper": "20454660516629650630929649001/79228162514264337593543950336",
    "sampled_a_upper_decimal": "0.258174112179",
    "sampled_bellman_lower": "83542550072959676723913231631/19807040628566084398385987584",
    "sampled_bellman_upper": "334170200291838706895652926533/79228162514264337593543950336",
    "schema": 1,
    "score_mode": "min-a",
    "screen_order_count": 48,
    "screen_score": 0.10962796433980548,
    "seed": 20260830,
    "selected_fixed_order": [
      8,
      3,
      7,
      1,
      6,
      4,
      9,
      0,
      2,
      5
    ],
    "selected_fixed_order_a_lower": "1085702771852757858691916795/9903520314283042199192993792",
    "selected_fixed_order_a_lower_decimal": "0.109627964339",
    "selected_fixed_order_a_upper": "4342811087411031434767667185/39614081257132168796771975168",
    "selected_fixed_order_a_upper_decimal": "0.109627964340",
    "selected_fixed_order_certified_negative": false,
    "selected_fixed_order_status": "EXACT RATIONAL TWO-SIDED ENCLOSURE; order selected by discovery score",
    "size": 13,
    "steps": 7500,
    "strict_defect_cap": "2/5"
  },
  "clone_reachability_convention": "A certified negative fixed order gives a finite negative clone multiset in the displayed cap/Reimer class; nontrivial cloning does not preserve separation",
  "coverage": "SEEDED HEURISTIC; exact defect and exact full-order Q enclosure; selected fixed-order A_+ has an exact rational two-sided enclosure",
  "dimension": 10,
  "displayed_supremum_convention": "cap and Reimer only",
  "dominant_full_set_required": true,
  "lowest_defect_certified_negative_fixed_order": null,
  "mode": "subtwofifths_min-a_search",
  "normalization_convention": "active and separating is reported, not required by the displayed supremum",
  "restarts": 12,
  "score_mode": "min-a",
  "screen_order_count": 48,
  "sizes": [
    13
  ],
  "steps": 7500,
  "strict_defect_cap": "2/5"
}
