n=11 m=15: no dominant seed below 73/225
{
  "any_finalist_has_certified_negative_fixed_order": false,
  "any_finalist_passes_q_necessary_condition": false,
  "best_by_size": {},
  "best_score_finalist": null,
  "clone_reachability_convention": "A certified negative fixed order gives a finite negative clone multiset in the displayed cap/Reimer class; nontrivial cloning does not preserve separation",
  "coverage": "SEEDED HEURISTIC; exact defect and exact full-order Q enclosure; selected fixed-order A_+ has an exact rational two-sided enclosure",
  "dimension": 11,
  "displayed_supremum_convention": "cap and Reimer only",
  "dominant_full_set_required": true,
  "lowest_defect_certified_negative_fixed_order": null,
  "mode": "subtwofifths_min-a_search",
  "normalization_convention": "active and separating is reported, not required by the displayed supremum",
  "restarts": 12,
  "score_mode": "min-a",
  "screen_order_count": 48,
  "sizes": [
    15
  ],
  "steps": 7500,
  "strict_defect_cap": "73/225"
}
