n=10 m=15 restart=0 defect=62/225 Q=3.980923048699 Q-only=-0.067715875813 sample-A=0.083843844872 selected-order-A=0.026256892722
n=10 m=15 restart=1 defect=56/225 Q=4.034060701042 Q-only=-0.016470290544 sample-A=0.135906456396 selected-order-A=0.044563643222
n=10 m=15 restart=2 defect=58/225 Q=3.984439983857 Q-only=-0.064324167814 sample-A=0.090949135002 selected-order-A=0.012081104942
n=10 m=15 restart=3 defect=4/15 Q=4.035427571375 Q-only=-0.015152090226 sample-A=0.139222773815 selected-order-A=0.027359213918
n=10 m=15 restart=4 defect=62/225 Q=4.034090706348 Q-only=-0.016441353634 sample-A=0.138012550559 selected-order-A=0.013967560163
n=10 m=15 restart=5 defect=62/225 Q=3.998741067709 Q-only=-0.050532301224 sample-A=0.102582089395 selected-order-A=0.010652087183
n=10 m=15 restart=6 defect=4/15 Q=4.032698247500 Q-only=-0.017784231338 sample-A=0.137671743088 selected-order-A=0.012237062946
n=10 m=15 restart=7 defect=62/225 Q=4.044737908492 Q-only=-0.006173265351 sample-A=0.147922217677 selected-order-A=0.014083911801
n=10 m=15 restart=8 defect=4/15 Q=4.008775088694 Q-only=-0.040855560621 sample-A=0.112950607730 selected-order-A=0.010922710938
n=10 m=15 restart=9 defect=62/225 Q=4.074154753969 Q-only=0.022196137451 sample-A=0.180343752949 selected-order-A=0.012081104942
n=10 m=15 restart=10 defect=62/225 Q=4.044737908492 Q-only=-0.006173265351 sample-A=0.147850208055 selected-order-A=0.013967560163
n=10 m=15 restart=11 defect=62/225 Q=3.996376410728 Q-only=-0.052812760101 sample-A=0.099017733634 selected-order-A=-0.003436925222
{
  "any_finalist_has_certified_negative_fixed_order": true,
  "any_finalist_passes_q_necessary_condition": true,
  "best_by_size": {
    "15": {
      "accepted": 344,
      "clone_witness_global_order_bounds": {
        "derivation": "-log2(m) <= A_{+,pi} <= n-log2(m) since every entropy sum lies in [0,n]",
        "lower": "-38691970379290337352793677249/9903520314283042199192993792",
        "upper": "482745862108320677113090085369/79228162514264337593543950336"
      },
      "closure_defect": "62/225",
      "closure_defect_count": 62,
      "contains_full_set": true,
      "dimension": 10,
      "family": [
        0,
        32,
        64,
        128,
        176,
        256,
        272,
        304,
        432,
        527,
        591,
        623,
        719,
        991,
        1023
      ],
      "finite_negative_clone_witness": {
        "a_plus_lower": "-446598453177323062534777765/79228162514264337593543950336",
        "a_plus_lower_decimal": "-0.005636864961",
        "a_plus_upper": "-78018203678870742181537/79228162514264337593543950336",
        "a_plus_upper_decimal": "-0.000000984728",
        "bound_method": "two-sided convex envelope over exact fixed-order bounds",
        "certified_negative": true,
        "cloned_dimension": 67382560458741089732375206511924320566,
        "geometric_ratio": 15965,
        "multiplicities": [
          64964438857500625,
          4220378316069937110854821875390625,
          264351914567487448221410703125,
          16558215757437359738265625,
          254881225,
          4069178757125,
          15965,
          1037157266359997478125,
          67378339816056545974797231240611328125,
          1
        ],
        "target_order": [
          8,
          1,
          2,
          3,
          7,
          0,
          5,
          4,
          6,
          9
        ],
        "target_order_probability": "1388677917209654589571015164218169740482113588143185035612541988313310182088820157562213351897903063505488789546848597680815066127996092743074666903218802621978511524503119289875030517578125/1389461000788475799142610390174527341912576765971066754516794740967647731189437978292311239655893371988642770954811502103514989938258411060835560399805501686246429847420229899053246514606336",
        "target_order_probability_lower": "67340365926490081520353319461980995584/67378339816056545974797231240611328125",
        "union_bound_probability_lower": "15956/15965"
      },
      "normalized": false,
      "q_alone_certifies_positive": false,
      "q_lower": "158312779868650649133774864633/39614081257132168796771975168",
      "q_lower_decimal": "3.996376410727",
      "q_only_a_lower": "-2092128970015757076041252591/39614081257132168796771975168",
      "q_only_a_lower_decimal": "-0.052812760101",
      "q_only_a_upper": "-4184257940031514152082502547/79228162514264337593543950336",
      "q_only_a_upper_decimal": "-0.052812760100",
      "q_upper": "79156389934325324566887432999/19807040628566084398385987584",
      "q_upper_decimal": "3.996376410728",
      "restart": 11,
      "sampled_a_lower": "3922496546036134822050848261/39614081257132168796771975168",
      "sampled_a_lower_decimal": "0.099017733633",
      "sampled_a_status": "DISCOVERY ONLY: exact arithmetic over sampled orders",
      "sampled_a_upper": "7844993092072269644101699157/79228162514264337593543950336",
      "sampled_a_upper_decimal": "0.099017733634",
      "sampled_bellman_lower": "337834830667757760326908596461/79228162514264337593543950336",
      "sampled_bellman_upper": "168917415333878880163454298235/39614081257132168796771975168",
      "schema": 1,
      "score_mode": "min-a",
      "screen_order_count": 48,
      "screen_score": -0.0034369252227488545,
      "seed": 20260831,
      "selected_fixed_order": [
        8,
        1,
        2,
        3,
        7,
        0,
        5,
        4,
        6,
        9
      ],
      "selected_fixed_order_a_lower": "-136150635048655437746231969/39614081257132168796771975168",
      "selected_fixed_order_a_lower_decimal": "-0.003436925223",
      "selected_fixed_order_a_upper": "-272301270097310875492463927/79228162514264337593543950336",
      "selected_fixed_order_a_upper_decimal": "-0.003436925222",
      "selected_fixed_order_certified_negative": true,
      "selected_fixed_order_status": "EXACT RATIONAL TWO-SIDED ENCLOSURE; order selected by discovery score",
      "size": 15,
      "steps": 7500,
      "strict_defect_cap": "7/25"
    }
  },
  "best_score_finalist": {
    "accepted": 344,
    "clone_witness_global_order_bounds": {
      "derivation": "-log2(m) <= A_{+,pi} <= n-log2(m) since every entropy sum lies in [0,n]",
      "lower": "-38691970379290337352793677249/9903520314283042199192993792",
      "upper": "482745862108320677113090085369/79228162514264337593543950336"
    },
    "closure_defect": "62/225",
    "closure_defect_count": 62,
    "contains_full_set": true,
    "dimension": 10,
    "family": [
      0,
      32,
      64,
      128,
      176,
      256,
      272,
      304,
      432,
      527,
      591,
      623,
      719,
      991,
      1023
    ],
    "finite_negative_clone_witness": {
      "a_plus_lower": "-446598453177323062534777765/79228162514264337593543950336",
      "a_plus_lower_decimal": "-0.005636864961",
      "a_plus_upper": "-78018203678870742181537/79228162514264337593543950336",
      "a_plus_upper_decimal": "-0.000000984728",
      "bound_method": "two-sided convex envelope over exact fixed-order bounds",
      "certified_negative": true,
      "cloned_dimension": 67382560458741089732375206511924320566,
      "geometric_ratio": 15965,
      "multiplicities": [
        64964438857500625,
        4220378316069937110854821875390625,
        264351914567487448221410703125,
        16558215757437359738265625,
        254881225,
        4069178757125,
        15965,
        1037157266359997478125,
        67378339816056545974797231240611328125,
        1
      ],
      "target_order": [
        8,
        1,
        2,
        3,
        7,
        0,
        5,
        4,
        6,
        9
      ],
      "target_order_probability": "1388677917209654589571015164218169740482113588143185035612541988313310182088820157562213351897903063505488789546848597680815066127996092743074666903218802621978511524503119289875030517578125/1389461000788475799142610390174527341912576765971066754516794740967647731189437978292311239655893371988642770954811502103514989938258411060835560399805501686246429847420229899053246514606336",
      "target_order_probability_lower": "67340365926490081520353319461980995584/67378339816056545974797231240611328125",
      "union_bound_probability_lower": "15956/15965"
    },
    "normalized": false,
    "q_alone_certifies_positive": false,
    "q_lower": "158312779868650649133774864633/39614081257132168796771975168",
    "q_lower_decimal": "3.996376410727",
    "q_only_a_lower": "-2092128970015757076041252591/39614081257132168796771975168",
    "q_only_a_lower_decimal": "-0.052812760101",
    "q_only_a_upper": "-4184257940031514152082502547/79228162514264337593543950336",
    "q_only_a_upper_decimal": "-0.052812760100",
    "q_upper": "79156389934325324566887432999/19807040628566084398385987584",
    "q_upper_decimal": "3.996376410728",
    "restart": 11,
    "sampled_a_lower": "3922496546036134822050848261/39614081257132168796771975168",
    "sampled_a_lower_decimal": "0.099017733633",
    "sampled_a_status": "DISCOVERY ONLY: exact arithmetic over sampled orders",
    "sampled_a_upper": "7844993092072269644101699157/79228162514264337593543950336",
    "sampled_a_upper_decimal": "0.099017733634",
    "sampled_bellman_lower": "337834830667757760326908596461/79228162514264337593543950336",
    "sampled_bellman_upper": "168917415333878880163454298235/39614081257132168796771975168",
    "schema": 1,
    "score_mode": "min-a",
    "screen_order_count": 48,
    "screen_score": -0.0034369252227488545,
    "seed": 20260831,
    "selected_fixed_order": [
      8,
      1,
      2,
      3,
      7,
      0,
      5,
      4,
      6,
      9
    ],
    "selected_fixed_order_a_lower": "-136150635048655437746231969/39614081257132168796771975168",
    "selected_fixed_order_a_lower_decimal": "-0.003436925223",
    "selected_fixed_order_a_upper": "-272301270097310875492463927/79228162514264337593543950336",
    "selected_fixed_order_a_upper_decimal": "-0.003436925222",
    "selected_fixed_order_certified_negative": true,
    "selected_fixed_order_status": "EXACT RATIONAL TWO-SIDED ENCLOSURE; order selected by discovery score",
    "size": 15,
    "steps": 7500,
    "strict_defect_cap": "7/25"
  },
  "clone_reachability_convention": "A certified negative fixed order gives a finite negative clone multiset in the displayed cap/Reimer class; nontrivial cloning does not preserve separation",
  "coverage": "SEEDED HEURISTIC; exact defect and exact full-order Q enclosure; selected fixed-order A_+ has an exact rational two-sided enclosure",
  "dimension": 10,
  "displayed_supremum_convention": "cap and Reimer only",
  "dominant_full_set_required": true,
  "lowest_defect_certified_negative_fixed_order": {
    "accepted": 344,
    "clone_witness_global_order_bounds": {
      "derivation": "-log2(m) <= A_{+,pi} <= n-log2(m) since every entropy sum lies in [0,n]",
      "lower": "-38691970379290337352793677249/9903520314283042199192993792",
      "upper": "482745862108320677113090085369/79228162514264337593543950336"
    },
    "closure_defect": "62/225",
    "closure_defect_count": 62,
    "contains_full_set": true,
    "dimension": 10,
    "family": [
      0,
      32,
      64,
      128,
      176,
      256,
      272,
      304,
      432,
      527,
      591,
      623,
      719,
      991,
      1023
    ],
    "finite_negative_clone_witness": {
      "a_plus_lower": "-446598453177323062534777765/79228162514264337593543950336",
      "a_plus_lower_decimal": "-0.005636864961",
      "a_plus_upper": "-78018203678870742181537/79228162514264337593543950336",
      "a_plus_upper_decimal": "-0.000000984728",
      "bound_method": "two-sided convex envelope over exact fixed-order bounds",
      "certified_negative": true,
      "cloned_dimension": 67382560458741089732375206511924320566,
      "geometric_ratio": 15965,
      "multiplicities": [
        64964438857500625,
        4220378316069937110854821875390625,
        264351914567487448221410703125,
        16558215757437359738265625,
        254881225,
        4069178757125,
        15965,
        1037157266359997478125,
        67378339816056545974797231240611328125,
        1
      ],
      "target_order": [
        8,
        1,
        2,
        3,
        7,
        0,
        5,
        4,
        6,
        9
      ],
      "target_order_probability": "1388677917209654589571015164218169740482113588143185035612541988313310182088820157562213351897903063505488789546848597680815066127996092743074666903218802621978511524503119289875030517578125/1389461000788475799142610390174527341912576765971066754516794740967647731189437978292311239655893371988642770954811502103514989938258411060835560399805501686246429847420229899053246514606336",
      "target_order_probability_lower": "67340365926490081520353319461980995584/67378339816056545974797231240611328125",
      "union_bound_probability_lower": "15956/15965"
    },
    "normalized": false,
    "q_alone_certifies_positive": false,
    "q_lower": "158312779868650649133774864633/39614081257132168796771975168",
    "q_lower_decimal": "3.996376410727",
    "q_only_a_lower": "-2092128970015757076041252591/39614081257132168796771975168",
    "q_only_a_lower_decimal": "-0.052812760101",
    "q_only_a_upper": "-4184257940031514152082502547/79228162514264337593543950336",
    "q_only_a_upper_decimal": "-0.052812760100",
    "q_upper": "79156389934325324566887432999/19807040628566084398385987584",
    "q_upper_decimal": "3.996376410728",
    "restart": 11,
    "sampled_a_lower": "3922496546036134822050848261/39614081257132168796771975168",
    "sampled_a_lower_decimal": "0.099017733633",
    "sampled_a_status": "DISCOVERY ONLY: exact arithmetic over sampled orders",
    "sampled_a_upper": "7844993092072269644101699157/79228162514264337593543950336",
    "sampled_a_upper_decimal": "0.099017733634",
    "sampled_bellman_lower": "337834830667757760326908596461/79228162514264337593543950336",
    "sampled_bellman_upper": "168917415333878880163454298235/39614081257132168796771975168",
    "schema": 1,
    "score_mode": "min-a",
    "screen_order_count": 48,
    "screen_score": -0.0034369252227488545,
    "seed": 20260831,
    "selected_fixed_order": [
      8,
      1,
      2,
      3,
      7,
      0,
      5,
      4,
      6,
      9
    ],
    "selected_fixed_order_a_lower": "-136150635048655437746231969/39614081257132168796771975168",
    "selected_fixed_order_a_lower_decimal": "-0.003436925223",
    "selected_fixed_order_a_upper": "-272301270097310875492463927/79228162514264337593543950336",
    "selected_fixed_order_a_upper_decimal": "-0.003436925222",
    "selected_fixed_order_certified_negative": true,
    "selected_fixed_order_status": "EXACT RATIONAL TWO-SIDED ENCLOSURE; order selected by discovery score",
    "size": 15,
    "steps": 7500,
    "strict_defect_cap": "7/25"
  },
  "mode": "subtwofifths_min-a_search",
  "normalization_convention": "active and separating is reported, not required by the displayed supremum",
  "restarts": 12,
  "score_mode": "min-a",
  "screen_order_count": 48,
  "sizes": [
    15
  ],
  "steps": 7500,
  "strict_defect_cap": "7/25"
}
