{
  "best_by_size": {
    "15": {
      "best_defect": "92/225",
      "best_defect_count": 92,
      "best_family": [
        0,
        8,
        64,
        68,
        79,
        128,
        290,
        544,
        696,
        1109,
        1409,
        1536,
        1979,
        2039,
        2047
      ],
      "dimension": 11,
      "restarted_from_checkpoint": 0,
      "restarts_done": 8,
      "size": 15
    }
  },
  "checkpoint": "uc/gate_b/experiments/e27gateb_n11_m15_fullsetseeds_checkpoint.jsonl",
  "dimension": 11,
  "generator": "uc/gate_b/experiments/e26gateb_seed_prep.py",
  "mode": "e26_gateb_fullset_seed_prep",
  "restarts": 8,
  "seed": 20260831,
  "sizes": [
    15
  ],
  "steps": 600000
}
