[2026-09-02T01:13:41Z] in-run control battery: n=11 ACCEPT (bit-exact) + REJECT plants
[2026-09-02T01:14:47Z] in-run control battery: n=11 ACCEPT (bit-exact) + REJECT plants
[2026-09-02T01:14:48Z]   orbits: input g-orbits 14884 of 177147 words; output g-orbits (flat) 22450
[2026-09-02T01:14:48Z]   word bucketing done (177147 words) [1.0s]
[2026-09-02T01:14:53Z] structure q=3 n=11: 10000/14884 reps, rep-entries=3691498, B-slots=2234901
[2026-09-02T01:14:57Z] structure q=3 n=11: in-g=14884 out-g=22450 rep-entries=6148309 B-slots=3573542 [10.311s]
[2026-09-02T01:17:19Z]   full KL q=3 n=11: 10000/177147
[2026-09-02T01:17:23Z]   full KL q=3 n=11: 20000/177147
[2026-09-02T01:17:28Z]   full KL q=3 n=11: 30000/177147
[2026-09-02T01:17:33Z]   full KL q=3 n=11: 40000/177147
[2026-09-02T01:17:38Z]   full KL q=3 n=11: 50000/177147
[2026-09-02T01:17:43Z]   full KL q=3 n=11: 60000/177147
[2026-09-02T01:17:48Z]   full KL q=3 n=11: 70000/177147
[2026-09-02T01:17:53Z]   full KL q=3 n=11: 80000/177147
[2026-09-02T01:17:57Z]   full KL q=3 n=11: 90000/177147
[2026-09-02T01:18:01Z]   full KL q=3 n=11: 100000/177147
[2026-09-02T01:18:07Z]   full KL q=3 n=11: 110000/177147
[2026-09-02T01:18:11Z]   full KL q=3 n=11: 120000/177147
[2026-09-02T01:18:16Z]   full KL q=3 n=11: 130000/177147
[2026-09-02T01:18:22Z]   full KL q=3 n=11: 140000/177147
[2026-09-02T01:18:27Z]   full KL q=3 n=11: 150000/177147
[2026-09-02T01:18:32Z]   full KL q=3 n=11: 160000/177147
[2026-09-02T01:18:36Z]   full KL q=3 n=11: 170000/177147
[2026-09-02T01:18:49Z]   full KL q=3 n=11: 10000/177147
[2026-09-02T01:18:54Z]   full KL q=3 n=11: 20000/177147
[2026-09-02T01:18:59Z]   full KL q=3 n=11: 30000/177147
[2026-09-02T01:19:04Z]   full KL q=3 n=11: 40000/177147
[2026-09-02T01:19:10Z]   full KL q=3 n=11: 50000/177147
[2026-09-02T01:19:14Z]   full KL q=3 n=11: 60000/177147
[2026-09-02T01:19:19Z]   full KL q=3 n=11: 70000/177147
[2026-09-02T01:19:24Z]   full KL q=3 n=11: 80000/177147
[2026-09-02T01:19:28Z]   full KL q=3 n=11: 90000/177147
[2026-09-02T01:19:32Z]   full KL q=3 n=11: 100000/177147
[2026-09-02T01:19:38Z]   full KL q=3 n=11: 110000/177147
[2026-09-02T01:19:43Z]   full KL q=3 n=11: 120000/177147
[2026-09-02T01:19:49Z]   full KL q=3 n=11: 130000/177147
[2026-09-02T01:19:54Z]   full KL q=3 n=11: 140000/177147
[2026-09-02T01:19:59Z]   full KL q=3 n=11: 150000/177147
[2026-09-02T01:20:04Z]   full KL q=3 n=11: 160000/177147
[2026-09-02T01:20:09Z]   full KL q=3 n=11: 170000/177147
[2026-09-02T01:20:22Z]   full KL q=3 n=11: 10000/177147
[2026-09-02T01:20:27Z]   full KL q=3 n=11: 20000/177147
[2026-09-02T01:20:32Z]   full KL q=3 n=11: 30000/177147
[2026-09-02T01:20:37Z]   full KL q=3 n=11: 40000/177147
[2026-09-02T01:20:43Z]   full KL q=3 n=11: 50000/177147
[2026-09-02T01:20:47Z]   full KL q=3 n=11: 60000/177147
[2026-09-02T01:20:52Z]   full KL q=3 n=11: 70000/177147
[2026-09-02T01:20:58Z]   full KL q=3 n=11: 80000/177147
[2026-09-02T01:21:01Z]   full KL q=3 n=11: 90000/177147
[2026-09-02T01:21:06Z]   full KL q=3 n=11: 100000/177147
[2026-09-02T01:21:11Z]   full KL q=3 n=11: 110000/177147
[2026-09-02T01:21:16Z]   full KL q=3 n=11: 120000/177147
[2026-09-02T01:21:21Z]   full KL q=3 n=11: 130000/177147
[2026-09-02T01:21:26Z]   full KL q=3 n=11: 140000/177147
[2026-09-02T01:21:31Z]   full KL q=3 n=11: 150000/177147
[2026-09-02T01:21:36Z]   full KL q=3 n=11: 160000/177147
[2026-09-02T01:21:40Z]   full KL q=3 n=11: 170000/177147
[2026-09-02T01:21:42Z] ACCEPT control n=11 (3,11,1/2): MATCH (35 fields)
[2026-09-02T01:21:42Z]   orbits: input g-orbits 25 of 243 words; output g-orbits (flat) 43
[2026-09-02T01:21:42Z]   word bucketing done (243 words) [0.0s]
[2026-09-02T01:21:42Z] structure q=3 n=5: in-g=25 out-g=43 rep-entries=466 B-slots=271 [0.001s]
[2026-09-02T01:21:42Z] in-run control battery: PASS (ACCEPT MATCH, all plants REJECTED)
[2026-09-02T01:22:00Z]   orbits: input g-orbits 44530 of 531441 words; output g-orbits (flat) 66980
[2026-09-02T01:22:00Z]   word bucketing done (531441 words) [3.3s]
[2026-09-02T01:22:07Z] structure q=3 n=12: 10000/44530 reps, rep-entries=4519116, B-slots=2935630
[2026-09-02T01:22:16Z] structure q=3 n=12: 20000/44530 reps, rep-entries=10984951, B-slots=6959900
[2026-09-02T01:22:27Z] structure q=3 n=12: 30000/44530 reps, rep-entries=18486444, B-slots=11446425
[2026-09-02T01:22:38Z] structure q=3 n=12: 40000/44530 reps, rep-entries=26431331, B-slots=16092904
[2026-09-02T01:22:47Z] structure q=3 n=12: in-g=44530 out-g=66980 rep-entries=30666848 B-slots=18311678 [50.389s]
[2026-09-02T01:34:28Z]   full KL q=3 n=12: 10000/531441
[2026-09-02T01:34:34Z]   full KL q=3 n=12: 20000/531441
[2026-09-02T01:34:42Z]   full KL q=3 n=12: 30000/531441
[2026-09-02T01:34:50Z]   full KL q=3 n=12: 40000/531441
[2026-09-02T01:34:59Z]   full KL q=3 n=12: 50000/531441
[2026-09-02T01:35:06Z]   full KL q=3 n=12: 60000/531441
[2026-09-02T01:35:15Z]   full KL q=3 n=12: 70000/531441
[2026-09-02T01:35:25Z]   full KL q=3 n=12: 80000/531441
[2026-09-02T01:35:32Z]   full KL q=3 n=12: 90000/531441
[2026-09-02T01:35:41Z]   full KL q=3 n=12: 100000/531441
[2026-09-02T01:35:52Z]   full KL q=3 n=12: 110000/531441
[2026-09-02T01:36:01Z]   full KL q=3 n=12: 120000/531441
[2026-09-02T01:36:11Z]   full KL q=3 n=12: 130000/531441
[2026-09-02T01:36:20Z]   full KL q=3 n=12: 140000/531441
[2026-09-02T01:36:31Z]   full KL q=3 n=12: 150000/531441
[2026-09-02T01:36:40Z]   full KL q=3 n=12: 160000/531441
[2026-09-02T01:36:50Z]   full KL q=3 n=12: 170000/531441
[2026-09-02T01:36:55Z]   full KL q=3 n=12: 180000/531441
[2026-09-02T01:37:04Z]   full KL q=3 n=12: 190000/531441
[2026-09-02T01:37:13Z]   full KL q=3 n=12: 200000/531441
[2026-09-02T01:37:21Z]   full KL q=3 n=12: 210000/531441
[2026-09-02T01:37:31Z]   full KL q=3 n=12: 220000/531441
[2026-09-02T01:37:43Z]   full KL q=3 n=12: 230000/531441
[2026-09-02T01:37:51Z]   full KL q=3 n=12: 240000/531441
[2026-09-02T01:37:58Z]   full KL q=3 n=12: 250000/531441
[2026-09-02T01:38:06Z]   full KL q=3 n=12: 260000/531441
[2026-09-02T01:38:11Z]   full KL q=3 n=12: 270000/531441
[2026-09-02T01:38:19Z]   full KL q=3 n=12: 280000/531441
[2026-09-02T01:38:27Z]   full KL q=3 n=12: 290000/531441
[2026-09-02T01:38:35Z]   full KL q=3 n=12: 300000/531441
[2026-09-02T01:38:46Z]   full KL q=3 n=12: 310000/531441
[2026-09-02T01:38:56Z]   full KL q=3 n=12: 320000/531441
[2026-09-02T01:39:05Z]   full KL q=3 n=12: 330000/531441
[2026-09-02T01:39:15Z]   full KL q=3 n=12: 340000/531441
[2026-09-02T01:39:23Z]   full KL q=3 n=12: 350000/531441
[2026-09-02T01:39:29Z]   full KL q=3 n=12: 360000/531441
[2026-09-02T01:39:38Z]   full KL q=3 n=12: 370000/531441
[2026-09-02T01:39:48Z]   full KL q=3 n=12: 380000/531441
[2026-09-02T01:39:58Z]   full KL q=3 n=12: 390000/531441
[2026-09-02T01:40:09Z]   full KL q=3 n=12: 400000/531441
[2026-09-02T01:40:19Z]   full KL q=3 n=12: 410000/531441
[2026-09-02T01:40:27Z]   full KL q=3 n=12: 420000/531441
[2026-09-02T01:40:39Z]   full KL q=3 n=12: 430000/531441
[2026-09-02T01:40:48Z]   full KL q=3 n=12: 440000/531441
[2026-09-02T01:40:56Z]   full KL q=3 n=12: 450000/531441
[2026-09-02T01:41:06Z]   full KL q=3 n=12: 460000/531441
[2026-09-02T01:41:15Z]   full KL q=3 n=12: 470000/531441
[2026-09-02T01:41:22Z]   full KL q=3 n=12: 480000/531441
[2026-09-02T01:41:31Z]   full KL q=3 n=12: 490000/531441
[2026-09-02T01:41:40Z]   full KL q=3 n=12: 500000/531441
[2026-09-02T01:41:47Z]   full KL q=3 n=12: 510000/531441
[2026-09-02T01:41:54Z]   full KL q=3 n=12: 520000/531441
[2026-09-02T01:41:59Z]   full KL q=3 n=12: 530000/531441
[2026-09-02T01:42:40Z]   full KL q=3 n=12: 10000/531441
[2026-09-02T01:42:46Z]   full KL q=3 n=12: 20000/531441
[2026-09-02T01:42:52Z]   full KL q=3 n=12: 30000/531441
[2026-09-02T01:43:00Z]   full KL q=3 n=12: 40000/531441
[2026-09-02T01:43:08Z]   full KL q=3 n=12: 50000/531441
[2026-09-02T01:43:15Z]   full KL q=3 n=12: 60000/531441
[2026-09-02T01:43:23Z]   full KL q=3 n=12: 70000/531441
[2026-09-02T01:43:33Z]   full KL q=3 n=12: 80000/531441
[2026-09-02T01:43:40Z]   full KL q=3 n=12: 90000/531441
[2026-09-02T01:43:48Z]   full KL q=3 n=12: 100000/531441
[2026-09-02T01:43:59Z]   full KL q=3 n=12: 110000/531441
[2026-09-02T01:44:07Z]   full KL q=3 n=12: 120000/531441
[2026-09-02T01:44:16Z]   full KL q=3 n=12: 130000/531441
[2026-09-02T01:44:25Z]   full KL q=3 n=12: 140000/531441
[2026-09-02T01:44:35Z]   full KL q=3 n=12: 150000/531441
[2026-09-02T01:44:45Z]   full KL q=3 n=12: 160000/531441
[2026-09-02T01:44:53Z]   full KL q=3 n=12: 170000/531441
[2026-09-02T01:44:59Z]   full KL q=3 n=12: 180000/531441
[2026-09-02T01:45:07Z]   full KL q=3 n=12: 190000/531441
[2026-09-02T01:45:15Z]   full KL q=3 n=12: 200000/531441
[2026-09-02T01:45:23Z]   full KL q=3 n=12: 210000/531441
[2026-09-02T01:45:33Z]   full KL q=3 n=12: 220000/531441
[2026-09-02T01:45:44Z]   full KL q=3 n=12: 230000/531441
[2026-09-02T01:45:51Z]   full KL q=3 n=12: 240000/531441
[2026-09-02T01:45:59Z]   full KL q=3 n=12: 250000/531441
[2026-09-02T01:46:06Z]   full KL q=3 n=12: 260000/531441
[2026-09-02T01:46:10Z]   full KL q=3 n=12: 270000/531441
[2026-09-02T01:46:17Z]   full KL q=3 n=12: 280000/531441
[2026-09-02T01:46:25Z]   full KL q=3 n=12: 290000/531441
[2026-09-02T01:46:32Z]   full KL q=3 n=12: 300000/531441
[2026-09-02T01:46:43Z]   full KL q=3 n=12: 310000/531441
[2026-09-02T01:46:53Z]   full KL q=3 n=12: 320000/531441
[2026-09-02T01:47:01Z]   full KL q=3 n=12: 330000/531441
[2026-09-02T01:47:10Z]   full KL q=3 n=12: 340000/531441
[2026-09-02T01:47:18Z]   full KL q=3 n=12: 350000/531441
[2026-09-02T01:47:24Z]   full KL q=3 n=12: 360000/531441
[2026-09-02T01:47:32Z]   full KL q=3 n=12: 370000/531441
[2026-09-02T01:47:41Z]   full KL q=3 n=12: 380000/531441
[2026-09-02T01:47:51Z]   full KL q=3 n=12: 390000/531441
[2026-09-02T01:48:00Z]   full KL q=3 n=12: 400000/531441
[2026-09-02T01:48:10Z]   full KL q=3 n=12: 410000/531441
[2026-09-02T01:48:18Z]   full KL q=3 n=12: 420000/531441
[2026-09-02T01:48:28Z]   full KL q=3 n=12: 430000/531441
[2026-09-02T01:48:37Z]   full KL q=3 n=12: 440000/531441
[2026-09-02T01:48:44Z]   full KL q=3 n=12: 450000/531441
[2026-09-02T01:48:53Z]   full KL q=3 n=12: 460000/531441
[2026-09-02T01:49:02Z]   full KL q=3 n=12: 470000/531441
[2026-09-02T01:49:08Z]   full KL q=3 n=12: 480000/531441
[2026-09-02T01:49:16Z]   full KL q=3 n=12: 490000/531441
[2026-09-02T01:49:24Z]   full KL q=3 n=12: 500000/531441
[2026-09-02T01:49:31Z]   full KL q=3 n=12: 510000/531441
[2026-09-02T01:49:37Z]   full KL q=3 n=12: 520000/531441
[2026-09-02T01:49:42Z]   full KL q=3 n=12: 530000/531441
[2026-09-02T01:50:23Z]   full KL q=3 n=12: 10000/531441
[2026-09-02T01:50:29Z]   full KL q=3 n=12: 20000/531441
[2026-09-02T01:50:35Z]   full KL q=3 n=12: 30000/531441
[2026-09-02T01:50:43Z]   full KL q=3 n=12: 40000/531441
[2026-09-02T01:50:51Z]   full KL q=3 n=12: 50000/531441
[2026-09-02T01:50:58Z]   full KL q=3 n=12: 60000/531441
[2026-09-02T01:51:06Z]   full KL q=3 n=12: 70000/531441
[2026-09-02T01:51:15Z]   full KL q=3 n=12: 80000/531441
[2026-09-02T01:51:22Z]   full KL q=3 n=12: 90000/531441
[2026-09-02T01:51:30Z]   full KL q=3 n=12: 100000/531441
[2026-09-02T01:51:41Z]   full KL q=3 n=12: 110000/531441
[2026-09-02T01:51:50Z]   full KL q=3 n=12: 120000/531441
[2026-09-02T01:51:59Z]   full KL q=3 n=12: 130000/531441
[2026-09-02T01:52:08Z]   full KL q=3 n=12: 140000/531441
[2026-09-02T01:52:18Z]   full KL q=3 n=12: 150000/531441
[2026-09-02T01:52:27Z]   full KL q=3 n=12: 160000/531441
[2026-09-02T01:52:36Z]   full KL q=3 n=12: 170000/531441
[2026-09-02T01:52:42Z]   full KL q=3 n=12: 180000/531441
[2026-09-02T01:52:49Z]   full KL q=3 n=12: 190000/531441
[2026-09-02T01:52:58Z]   full KL q=3 n=12: 200000/531441
[2026-09-02T01:53:06Z]   full KL q=3 n=12: 210000/531441
[2026-09-02T01:53:16Z]   full KL q=3 n=12: 220000/531441
[2026-09-02T01:53:27Z]   full KL q=3 n=12: 230000/531441
[2026-09-02T01:53:34Z]   full KL q=3 n=12: 240000/531441
[2026-09-02T01:53:42Z]   full KL q=3 n=12: 250000/531441
[2026-09-02T01:53:49Z]   full KL q=3 n=12: 260000/531441
[2026-09-02T01:53:54Z]   full KL q=3 n=12: 270000/531441
[2026-09-02T01:54:01Z]   full KL q=3 n=12: 280000/531441
[2026-09-02T01:54:09Z]   full KL q=3 n=12: 290000/531441
[2026-09-02T01:54:16Z]   full KL q=3 n=12: 300000/531441
[2026-09-02T01:54:26Z]   full KL q=3 n=12: 310000/531441
[2026-09-02T01:54:37Z]   full KL q=3 n=12: 320000/531441
[2026-09-02T01:54:45Z]   full KL q=3 n=12: 330000/531441
[2026-09-02T01:54:54Z]   full KL q=3 n=12: 340000/531441
[2026-09-02T01:55:02Z]   full KL q=3 n=12: 350000/531441
[2026-09-02T01:55:08Z]   full KL q=3 n=12: 360000/531441
[2026-09-02T01:55:16Z]   full KL q=3 n=12: 370000/531441
[2026-09-02T01:55:26Z]   full KL q=3 n=12: 380000/531441
[2026-09-02T01:55:36Z]   full KL q=3 n=12: 390000/531441
[2026-09-02T01:55:46Z]   full KL q=3 n=12: 400000/531441
[2026-09-02T01:55:55Z]   full KL q=3 n=12: 410000/531441
[2026-09-02T01:56:04Z]   full KL q=3 n=12: 420000/531441
[2026-09-02T01:56:14Z]   full KL q=3 n=12: 430000/531441
[2026-09-02T01:56:23Z]   full KL q=3 n=12: 440000/531441
[2026-09-02T01:56:30Z]   full KL q=3 n=12: 450000/531441
[2026-09-02T01:56:40Z]   full KL q=3 n=12: 460000/531441
[2026-09-02T01:56:49Z]   full KL q=3 n=12: 470000/531441
[2026-09-02T01:56:55Z]   full KL q=3 n=12: 480000/531441
[2026-09-02T01:57:04Z]   full KL q=3 n=12: 490000/531441
[2026-09-02T01:57:12Z]   full KL q=3 n=12: 500000/531441
[2026-09-02T01:57:19Z]   full KL q=3 n=12: 510000/531441
[2026-09-02T01:57:25Z]   full KL q=3 n=12: 520000/531441
[2026-09-02T01:57:30Z]   full KL q=3 n=12: 530000/531441
[2026-09-02T01:57:30Z] q=3 n=12 d=1/10 ordinal=0 status=CERTIFIED rss=4398972928
[2026-09-02T02:09:20Z]   full KL q=3 n=12: 10000/531441
[2026-09-02T02:09:27Z]   full KL q=3 n=12: 20000/531441
[2026-09-02T02:09:34Z]   full KL q=3 n=12: 30000/531441
[2026-09-02T02:09:44Z]   full KL q=3 n=12: 40000/531441
[2026-09-02T02:09:53Z]   full KL q=3 n=12: 50000/531441
[2026-09-02T02:10:00Z]   full KL q=3 n=12: 60000/531441
[2026-09-02T02:10:09Z]   full KL q=3 n=12: 70000/531441
[2026-09-02T02:10:20Z]   full KL q=3 n=12: 80000/531441
[2026-09-02T02:10:28Z]   full KL q=3 n=12: 90000/531441
[2026-09-02T02:10:38Z]   full KL q=3 n=12: 100000/531441
[2026-09-02T02:10:51Z]   full KL q=3 n=12: 110000/531441
[2026-09-02T02:11:00Z]   full KL q=3 n=12: 120000/531441
[2026-09-02T02:11:11Z]   full KL q=3 n=12: 130000/531441
[2026-09-02T02:11:21Z]   full KL q=3 n=12: 140000/531441
[2026-09-02T02:11:33Z]   full KL q=3 n=12: 150000/531441
[2026-09-02T02:11:43Z]   full KL q=3 n=12: 160000/531441
[2026-09-02T02:11:53Z]   full KL q=3 n=12: 170000/531441
[2026-09-02T02:12:00Z]   full KL q=3 n=12: 180000/531441
[2026-09-02T02:12:08Z]   full KL q=3 n=12: 190000/531441
[2026-09-02T02:12:18Z]   full KL q=3 n=12: 200000/531441
[2026-09-02T02:12:27Z]   full KL q=3 n=12: 210000/531441
[2026-09-02T02:12:38Z]   full KL q=3 n=12: 220000/531441
[2026-09-02T02:12:51Z]   full KL q=3 n=12: 230000/531441
[2026-09-02T02:12:59Z]   full KL q=3 n=12: 240000/531441
[2026-09-02T02:13:07Z]   full KL q=3 n=12: 250000/531441
[2026-09-02T02:13:15Z]   full KL q=3 n=12: 260000/531441
[2026-09-02T02:13:21Z]   full KL q=3 n=12: 270000/531441
[2026-09-02T02:13:28Z]   full KL q=3 n=12: 280000/531441
[2026-09-02T02:13:36Z]   full KL q=3 n=12: 290000/531441
[2026-09-02T02:13:44Z]   full KL q=3 n=12: 300000/531441
[2026-09-02T02:13:56Z]   full KL q=3 n=12: 310000/531441
[2026-09-02T02:14:07Z]   full KL q=3 n=12: 320000/531441
[2026-09-02T02:14:16Z]   full KL q=3 n=12: 330000/531441
[2026-09-02T02:14:25Z]   full KL q=3 n=12: 340000/531441
[2026-09-02T02:14:34Z]   full KL q=3 n=12: 350000/531441
[2026-09-02T02:14:40Z]   full KL q=3 n=12: 360000/531441
[2026-09-02T02:14:50Z]   full KL q=3 n=12: 370000/531441
[2026-09-02T02:15:00Z]   full KL q=3 n=12: 380000/531441
[2026-09-02T02:15:11Z]   full KL q=3 n=12: 390000/531441
[2026-09-02T02:15:22Z]   full KL q=3 n=12: 400000/531441
[2026-09-02T02:15:33Z]   full KL q=3 n=12: 410000/531441
[2026-09-02T02:15:42Z]   full KL q=3 n=12: 420000/531441
[2026-09-02T02:15:54Z]   full KL q=3 n=12: 430000/531441
[2026-09-02T02:16:05Z]   full KL q=3 n=12: 440000/531441
[2026-09-02T02:16:14Z]   full KL q=3 n=12: 450000/531441
[2026-09-02T02:16:25Z]   full KL q=3 n=12: 460000/531441
[2026-09-02T02:16:35Z]   full KL q=3 n=12: 470000/531441
[2026-09-02T02:16:43Z]   full KL q=3 n=12: 480000/531441
[2026-09-02T02:16:53Z]   full KL q=3 n=12: 490000/531441
[2026-09-02T02:17:02Z]   full KL q=3 n=12: 500000/531441
[2026-09-02T02:17:11Z]   full KL q=3 n=12: 510000/531441
[2026-09-02T02:17:18Z]   full KL q=3 n=12: 520000/531441
[2026-09-02T02:17:24Z]   full KL q=3 n=12: 530000/531441
[2026-09-02T02:18:07Z]   full KL q=3 n=12: 10000/531441
[2026-09-02T02:18:13Z]   full KL q=3 n=12: 20000/531441
[2026-09-02T02:18:20Z]   full KL q=3 n=12: 30000/531441
[2026-09-02T02:18:28Z]   full KL q=3 n=12: 40000/531441
[2026-09-02T02:18:37Z]   full KL q=3 n=12: 50000/531441
[2026-09-02T02:18:44Z]   full KL q=3 n=12: 60000/531441
[2026-09-02T02:18:52Z]   full KL q=3 n=12: 70000/531441
[2026-09-02T02:19:02Z]   full KL q=3 n=12: 80000/531441
[2026-09-02T02:19:10Z]   full KL q=3 n=12: 90000/531441
[2026-09-02T02:19:19Z]   full KL q=3 n=12: 100000/531441
[2026-09-02T02:19:30Z]   full KL q=3 n=12: 110000/531441
[2026-09-02T02:19:39Z]   full KL q=3 n=12: 120000/531441
[2026-09-02T02:19:48Z]   full KL q=3 n=12: 130000/531441
[2026-09-02T02:19:58Z]   full KL q=3 n=12: 140000/531441
[2026-09-02T02:20:09Z]   full KL q=3 n=12: 150000/531441
[2026-09-02T02:20:19Z]   full KL q=3 n=12: 160000/531441
[2026-09-02T02:20:28Z]   full KL q=3 n=12: 170000/531441
[2026-09-02T02:20:34Z]   full KL q=3 n=12: 180000/531441
[2026-09-02T02:20:42Z]   full KL q=3 n=12: 190000/531441
[2026-09-02T02:20:51Z]   full KL q=3 n=12: 200000/531441
[2026-09-02T02:20:59Z]   full KL q=3 n=12: 210000/531441
[2026-09-02T02:21:10Z]   full KL q=3 n=12: 220000/531441
[2026-09-02T02:21:21Z]   full KL q=3 n=12: 230000/531441
[2026-09-02T02:21:30Z]   full KL q=3 n=12: 240000/531441
[2026-09-02T02:21:37Z]   full KL q=3 n=12: 250000/531441
[2026-09-02T02:21:45Z]   full KL q=3 n=12: 260000/531441
[2026-09-02T02:21:50Z]   full KL q=3 n=12: 270000/531441
[2026-09-02T02:21:56Z]   full KL q=3 n=12: 280000/531441
[2026-09-02T02:22:04Z]   full KL q=3 n=12: 290000/531441
[2026-09-02T02:22:12Z]   full KL q=3 n=12: 300000/531441
[2026-09-02T02:22:23Z]   full KL q=3 n=12: 310000/531441
[2026-09-02T02:22:33Z]   full KL q=3 n=12: 320000/531441
[2026-09-02T02:22:42Z]   full KL q=3 n=12: 330000/531441
[2026-09-02T02:22:50Z]   full KL q=3 n=12: 340000/531441
[2026-09-02T02:22:59Z]   full KL q=3 n=12: 350000/531441
[2026-09-02T02:23:05Z]   full KL q=3 n=12: 360000/531441
[2026-09-02T02:23:14Z]   full KL q=3 n=12: 370000/531441
[2026-09-02T02:23:23Z]   full KL q=3 n=12: 380000/531441
[2026-09-02T02:23:34Z]   full KL q=3 n=12: 390000/531441
[2026-09-02T02:23:44Z]   full KL q=3 n=12: 400000/531441
[2026-09-02T02:23:54Z]   full KL q=3 n=12: 410000/531441
[2026-09-02T02:24:02Z]   full KL q=3 n=12: 420000/531441
[2026-09-02T02:24:13Z]   full KL q=3 n=12: 430000/531441
[2026-09-02T02:24:22Z]   full KL q=3 n=12: 440000/531441
[2026-09-02T02:24:29Z]   full KL q=3 n=12: 450000/531441
[2026-09-02T02:24:39Z]   full KL q=3 n=12: 460000/531441
[2026-09-02T02:24:48Z]   full KL q=3 n=12: 470000/531441
[2026-09-02T02:24:55Z]   full KL q=3 n=12: 480000/531441
[2026-09-02T02:25:03Z]   full KL q=3 n=12: 490000/531441
[2026-09-02T02:25:11Z]   full KL q=3 n=12: 500000/531441
[2026-09-02T02:25:18Z]   full KL q=3 n=12: 510000/531441
[2026-09-02T02:25:24Z]   full KL q=3 n=12: 520000/531441
[2026-09-02T02:25:29Z]   full KL q=3 n=12: 530000/531441
[2026-09-02T02:26:11Z]   full KL q=3 n=12: 10000/531441
[2026-09-02T02:26:17Z]   full KL q=3 n=12: 20000/531441
[2026-09-02T02:26:24Z]   full KL q=3 n=12: 30000/531441
[2026-09-02T02:26:33Z]   full KL q=3 n=12: 40000/531441
[2026-09-02T02:26:41Z]   full KL q=3 n=12: 50000/531441
[2026-09-02T02:26:49Z]   full KL q=3 n=12: 60000/531441
[2026-09-02T02:26:57Z]   full KL q=3 n=12: 70000/531441
[2026-09-02T02:27:07Z]   full KL q=3 n=12: 80000/531441
[2026-09-02T02:27:15Z]   full KL q=3 n=12: 90000/531441
[2026-09-02T02:27:24Z]   full KL q=3 n=12: 100000/531441
[2026-09-02T02:27:35Z]   full KL q=3 n=12: 110000/531441
[2026-09-02T02:27:44Z]   full KL q=3 n=12: 120000/531441
[2026-09-02T02:27:53Z]   full KL q=3 n=12: 130000/531441
[2026-09-02T02:28:03Z]   full KL q=3 n=12: 140000/531441
[2026-09-02T02:28:14Z]   full KL q=3 n=12: 150000/531441
[2026-09-02T02:28:23Z]   full KL q=3 n=12: 160000/531441
[2026-09-02T02:28:33Z]   full KL q=3 n=12: 170000/531441
[2026-09-02T02:28:39Z]   full KL q=3 n=12: 180000/531441
[2026-09-02T02:28:47Z]   full KL q=3 n=12: 190000/531441
[2026-09-02T02:28:55Z]   full KL q=3 n=12: 200000/531441
[2026-09-02T02:29:04Z]   full KL q=3 n=12: 210000/531441
[2026-09-02T02:29:15Z]   full KL q=3 n=12: 220000/531441
[2026-09-02T02:29:26Z]   full KL q=3 n=12: 230000/531441
[2026-09-02T02:29:34Z]   full KL q=3 n=12: 240000/531441
[2026-09-02T02:29:42Z]   full KL q=3 n=12: 250000/531441
[2026-09-02T02:29:50Z]   full KL q=3 n=12: 260000/531441
[2026-09-02T02:29:55Z]   full KL q=3 n=12: 270000/531441
[2026-09-02T02:30:02Z]   full KL q=3 n=12: 280000/531441
[2026-09-02T02:30:10Z]   full KL q=3 n=12: 290000/531441
[2026-09-02T02:30:18Z]   full KL q=3 n=12: 300000/531441
[2026-09-02T02:30:29Z]   full KL q=3 n=12: 310000/531441
[2026-09-02T02:30:39Z]   full KL q=3 n=12: 320000/531441
[2026-09-02T02:30:48Z]   full KL q=3 n=12: 330000/531441
[2026-09-02T02:30:57Z]   full KL q=3 n=12: 340000/531441
[2026-09-02T02:31:06Z]   full KL q=3 n=12: 350000/531441
[2026-09-02T02:31:12Z]   full KL q=3 n=12: 360000/531441
[2026-09-02T02:31:20Z]   full KL q=3 n=12: 370000/531441
[2026-09-02T02:31:30Z]   full KL q=3 n=12: 380000/531441
[2026-09-02T02:31:41Z]   full KL q=3 n=12: 390000/531441
[2026-09-02T02:31:50Z]   full KL q=3 n=12: 400000/531441
[2026-09-02T02:32:00Z]   full KL q=3 n=12: 410000/531441
[2026-09-02T02:32:09Z]   full KL q=3 n=12: 420000/531441
[2026-09-02T02:32:20Z]   full KL q=3 n=12: 430000/531441
[2026-09-02T02:32:30Z]   full KL q=3 n=12: 440000/531441
[2026-09-02T02:32:37Z]   full KL q=3 n=12: 450000/531441
[2026-09-02T02:32:47Z]   full KL q=3 n=12: 460000/531441
[2026-09-02T02:32:56Z]   full KL q=3 n=12: 470000/531441
[2026-09-02T02:33:03Z]   full KL q=3 n=12: 480000/531441
[2026-09-02T02:33:11Z]   full KL q=3 n=12: 490000/531441
[2026-09-02T02:33:19Z]   full KL q=3 n=12: 500000/531441
[2026-09-02T02:33:26Z]   full KL q=3 n=12: 510000/531441
[2026-09-02T02:33:32Z]   full KL q=3 n=12: 520000/531441
[2026-09-02T02:33:36Z]   full KL q=3 n=12: 530000/531441
[2026-09-02T02:33:37Z] q=3 n=12 d=1/20 ordinal=1 status=CERTIFIED rss=4398972928
[2026-09-02T02:33:37Z] q3 n=12 row stage complete {'status': 'PASS', 'campaign_id': '20260902T010546Z_adc6518e_e85083dd9888', 'schema': 'delcap-q3-n12-continuation-d10-d20-v1', 'source_sha256': '5bafe94f1625a31de72284e69d8ca458d4032dc72576c1cbd56adfe7d6097a4f', 'rows': 2, 'certified_rows': 2, 'valid_width_miss_rows': 0, 'resource_rows': 0, 'wall_s': 4299.939, 'cpu_s': 4033.048, 'completed_utc': '2026-09-02T02:33:37Z', 'evidence_label': 'MACHINE-VERIFIED', 'timing_and_resource_evidence_label': 'COMPUTATIONAL-EVIDENCE'}
