\BOOKMARK [1][-]{section.1}{\376\377\0001\000.\000\040\000I\000n\000t\000r\000o\000d\000u\000c\000t\000i\000o\000n}{}% 1
\BOOKMARK [2][-]{subsection.1.1}{\376\377\0001\000.\0001\000.\000\040\000T\000h\000e\000\040\000r\000e\000c\000o\000r\000d\000\040\000c\000h\000a\000i\000n\000\040\000a\000n\000d\000\040\000i\000t\000s\000\040\000a\000u\000d\000i\000t}{section.1}% 2
\BOOKMARK [2][-]{subsection.1.2}{\376\377\0001\000.\0002\000.\000\040\000C\000o\000n\000t\000r\000i\000b\000u\000t\000i\000o\000n\000s\000\040\000a\000n\000d\000\040\000s\000c\000o\000p\000e}{section.1}% 3
\BOOKMARK [1][-]{section.2}{\376\377\0002\000.\000\040\000M\000o\000d\000e\000l\000-\000f\000i\000e\000l\000d\000\040\000a\000r\000c\000h\000i\000t\000e\000c\000t\000u\000r\000e\000:\000\040\000s\000e\000l\000e\000c\000t\000i\000o\000n\000,\000\040\000w\000i\000t\000n\000e\000s\000s\000\040\000t\000y\000i\000n\000g\000,\000\040\000a\000n\000d\000\040\000t\000h\000e\000\040\000o\000p\000e\000n\000\040\000n\000o\000r\000m\000\040\000p\000r\000o\000b\000l\000e\000m}{}% 4
\BOOKMARK [2][-]{subsection.2.1}{\376\377\0002\000.\0001\000.\000\040\000T\000h\000e\000\040\000f\000i\000n\000i\000t\000e\000-\000f\000i\000e\000l\000d\000\040\000s\000e\000l\000e\000c\000t\000o\000r\000\040\000i\000s\000\040\000e\000x\000a\000c\000t}{section.2}% 5
\BOOKMARK [2][-]{subsection.2.2}{\376\377\0002\000.\0002\000.\000\040\000T\000h\000e\000\040\000t\000i\000e\000d\000\040\000m\000o\000d\000e\000l\000\040\000a\000n\000d\000\040\000i\000t\000s\000\040\000s\000i\000x\000-\000v\000a\000r\000i\000a\000b\000l\000e\000\040\000b\000o\000o\000k\000k\000e\000e\000p\000i\000n\000g}{section.2}% 6
\BOOKMARK [2][-]{subsection.2.3}{\376\377\0002\000.\0003\000.\000\040\000L\000o\000c\000a\000l\000\040\000s\000t\000r\000u\000c\000t\000u\000r\000e\000\040\000a\000n\000d\000\040\000t\000h\000e\000\040\000e\000x\000a\000c\000t\000\040\000g\000l\000o\000b\000a\000l\000\040\000o\000b\000s\000t\000r\000u\000c\000t\000i\000o\000n}{section.2}% 7
\BOOKMARK [2][-]{subsection.2.4}{\376\377\0002\000.\0004\000.\000\040\000S\000t\000r\000u\000c\000t\000u\000r\000a\000l\000\040\000c\000o\000r\000o\000l\000l\000a\000r\000i\000e\000s\000\040\000a\000n\000d\000\040\000t\000h\000e\000\040\000r\000e\000m\000a\000i\000n\000i\000n\000g\000\040\000l\000e\000m\000m\000a}{section.2}% 8
\BOOKMARK [1][-]{section.3}{\376\377\0003\000.\000\040\000O\000b\000s\000t\000r\000u\000c\000t\000i\000o\000n\000\040\000w\000a\000l\000l\000s\000\040\000a\000n\000d\000\040\000r\000e\000c\000i\000p\000r\000o\000c\000i\000t\000y\000\040\000s\000t\000e\000e\000r\000i\000n\000g}{}% 9
\BOOKMARK [2][-]{subsection.3.1}{\376\377\0003\000.\0001\000.\000\040\000T\000h\000e\000\040\000a\000l\000i\000g\000n\000m\000e\000n\000t\000\040\000w\000a\000l\000l}{section.3}% 10
\BOOKMARK [2][-]{subsection.3.2}{\376\377\0003\000.\0002\000.\000\040\000R\000e\000c\000i\000p\000r\000o\000c\000i\000t\000y\000\040\000s\000t\000e\000e\000r\000i\000n\000g}{section.3}% 11
\BOOKMARK [2][-]{subsection.3.3}{\376\377\0003\000.\0003\000.\000\040\000T\000h\000e\000\040\000g\000e\000n\000e\000r\000a\000l\000i\000z\000e\000d\000\040\000c\000o\000p\000r\000i\000m\000a\000l\000i\000t\000y\000\040\000w\000a\000l\000l}{section.3}% 12
\BOOKMARK [2][-]{subsection.3.4}{\376\377\0003\000.\0004\000.\000\040\000C\000o\000m\000p\000o\000s\000i\000t\000e\000\040\000s\000q\000u\000a\000r\000e\000f\000r\000e\000e\000\040\000w\000a\000l\000l}{section.3}% 13
\BOOKMARK [1][-]{section.4}{\376\377\0004\000.\000\040\000C\000l\000a\000s\000s\000\040\000D\000i\000c\000h\000o\000t\000o\000m\000y\000,\000\040\000C\000h\000a\000r\000a\000c\000t\000e\000r\000i\000z\000a\000t\000i\000o\000n\000,\000\040\000a\000n\000d\000\040\000E\000s\000c\000a\000p\000e\000s}{}% 14
\BOOKMARK [2][-]{subsection.4.1}{\376\377\0004\000.\0001\000.\000\040\000T\000h\000e\000\040\000L\0001\0000\000\040\000d\000i\000c\000h\000o\000t\000o\000m\000y}{section.4}% 15
\BOOKMARK [2][-]{subsection.4.2}{\376\377\0004\000.\0002\000.\000\040\000F\000r\000e\000e\000\040\000b\000r\000a\000n\000c\000h\000e\000s\000,\000\040\000a\000n\000\040\000i\000m\000m\000o\000v\000a\000b\000l\000e\000\040\000w\000a\000l\000l}{section.4}% 16
\BOOKMARK [2][-]{subsection.4.3}{\376\377\0004\000.\0003\000.\000\040\000N\000o\000n\000-\000c\000o\000p\000r\000i\000m\000e\000\040\000e\000s\000c\000a\000p\000e\000s\000\040\000a\000n\000d\000\040\000c\000o\000m\000p\000l\000e\000t\000e\000\040\000g\000r\000i\000d\000\040\000c\000o\000v\000e\000r\000a\000g\000e}{section.4}% 17
\BOOKMARK [2][-]{subsection.4.4}{\376\377\0004\000.\0004\000.\000\040\000W\000h\000y\000\040\000n\000o\000\040\000s\000q\000u\000a\000r\000e\000-\000c\000l\000a\000s\000s\000\040\000s\000h\000o\000r\000t\000c\000u\000t\000\040\000r\000e\000m\000a\000i\000n\000s}{section.4}% 18
\BOOKMARK [1][-]{section.5}{\376\377\0005\000.\000\040\000U\000n\000i\000f\000o\000r\000m\000\040\000e\000x\000i\000s\000t\000e\000n\000c\000e\000\040\000o\000f\000\040\000a\000n\000\040\000a\000l\000i\000g\000n\000e\000d\000\040\000c\000l\000a\000s\000s}{}% 19
\BOOKMARK [1][-]{section.6}{\376\377\0006\000.\000\040\000T\000h\000e\000\040\000v\000e\000r\000i\000f\000i\000e\000d\000\040\000q\000u\000a\000n\000t\000i\000t\000a\000t\000i\000v\000e\000\040\000l\000a\000y\000e\000r}{}% 20
\BOOKMARK [2][-]{subsection.6.1}{\376\377\0006\000.\0001\000.\000\040\000L\0001\0004\000:\000\040\000i\000n\000s\000t\000a\000n\000c\000e\000\040\000v\000e\000r\000i\000f\000i\000c\000a\000t\000i\000o\000n}{section.6}% 21
\BOOKMARK [2][-]{subsection.6.2}{\376\377\0006\000.\0002\000.\000\040\000L\0001\0005\000:\000\040\000t\000h\000e\000\040\000e\000x\000a\000c\000t\000\040\000r\000e\000m\000a\000i\000n\000d\000e\000r\000\040\000a\000n\000d\000\040\000c\000o\000u\000n\000t\000i\000n\000g\000\040\000l\000a\000w\000s}{section.6}% 22
\BOOKMARK [2][-]{subsection.6.3}{\376\377\0006\000.\0003\000.\000\040\000L\0001\0006\000:\000\040\000w\000h\000y\000\040\000t\000h\000e\000\040\000s\000m\000a\000l\000l\000\040\000l\000a\000y\000e\000r\000\040\000h\000a\000s\000\040\000s\000i\000e\000v\000e\000\040\000s\000h\000a\000p\000e}{section.6}% 23
\BOOKMARK [2][-]{subsection.6.4}{\376\377\0006\000.\0004\000.\000\040\000L\0001\0007\000:\000\040\000m\000a\000t\000c\000h\000e\000d\000\040\000v\000a\000l\000i\000d\000a\000t\000i\000o\000n}{section.6}% 24
\BOOKMARK [2][-]{subsection.6.5}{\376\377\0006\000.\0005\000.\000\040\000L\0001\0007\000\040\000c\000o\000f\000a\000c\000t\000o\000r\000\040\000l\000a\000y\000e\000r\000:\000\040\000r\000e\000c\000i\000p\000r\000o\000c\000i\000t\000y\000\040\000a\000n\000d\000\040\000i\000t\000s\000\040\000l\000i\000m\000i\000t}{section.6}% 25
\BOOKMARK [1][-]{section.7}{\376\377\0007\000.\000\040\000T\000h\000e\000\040\000c\000o\000n\000d\000i\000t\000i\000o\000n\000a\000l\000\040\000r\000e\000c\000o\000r\000d\000\040\000a\000n\000d\000\040\000t\000h\000e\000\040\000S\000c\000h\000i\000n\000z\000e\000l\000\040\000a\000u\000d\000i\000t}{}% 26
\BOOKMARK [2][-]{subsection.7.1}{\376\377\0007\000.\0001\000.\000\040\000T\000h\000e\000\040\000s\000t\000a\000t\000e\000m\000e\000n\000t\000,\000\040\000w\000i\000t\000h\000\040\000i\000t\000s\000\040\000h\000y\000p\000o\000t\000h\000e\000s\000i\000s\000\040\000e\000x\000p\000o\000s\000e\000d}{section.7}% 27
\BOOKMARK [2][-]{subsection.7.2}{\376\377\0007\000.\0002\000.\000\040\000W\000h\000a\000t\000\040\000i\000s\000\040\000p\000r\000o\000v\000e\000d\000,\000\040\000a\000n\000d\000\040\000w\000h\000a\000t\000\040\000S\000c\000h\000i\000n\000z\000e\000l\000\040\000m\000u\000s\000t\000\040\000s\000u\000p\000p\000l\000y}{section.7}% 28
\BOOKMARK [2][-]{subsection.7.3}{\376\377\0007\000.\0003\000.\000\040\000P\000R\000O\000V\000E\000D\000\040\000f\000i\000n\000i\000t\000e\000\040\000a\000u\000d\000i\000t\000\040\000o\000f\000\040\000t\000h\000e\000\040\000S\000c\000h\000i\000n\000z\000e\000l\000\040\000p\000a\000i\000r}{section.7}% 29
\BOOKMARK [2][-]{subsection.7.4}{\376\377\0007\000.\0004\000.\000\040\000R\000e\000s\000i\000d\000u\000a\000l\000\040\000c\000e\000r\000t\000i\000f\000i\000c\000a\000t\000e\000s\000\040\000a\000n\000d\000\040\000t\000h\000e\000\040\000l\000i\000t\000e\000r\000a\000t\000u\000r\000e\000\040\000b\000o\000u\000n\000d\000a\000r\000y}{section.7}% 30
\BOOKMARK [1][-]{section.8}{\376\377\0008\000.\000\040\000S\000c\000h\000i\000n\000z\000e\000l\000'\000s\000\040\000H\000y\000p\000o\000t\000h\000e\000s\000i\000s\000\040\000H\000:\000\040\000t\000h\000e\000\040\000f\000i\000x\000e\000d\000-\000c\000l\000a\000s\000s\000\040\000i\000m\000p\000l\000i\000c\000a\000t\000i\000o\000n}{}% 31
\BOOKMARK [2][-]{subsection.8.1}{\376\377\0008\000.\0001\000.\000\040\000T\000h\000e\000\040\000o\000p\000e\000r\000a\000t\000i\000o\000n\000a\000l\000\040\000c\000o\000n\000t\000r\000a\000c\000t}{section.8}% 32
\BOOKMARK [2][-]{subsection.8.2}{\376\377\0008\000.\0002\000.\000\040\000T\000h\000e\000\040\000t\000h\000e\000o\000r\000e\000m}{section.8}% 33
\BOOKMARK [2][-]{subsection.8.3}{\376\377\0008\000.\0003\000.\000\040\000U\000n\000i\000f\000o\000r\000m\000\040\000a\000d\000m\000i\000s\000s\000i\000b\000i\000l\000i\000t\000y\000\040\000s\000t\000a\000t\000u\000s}{section.8}% 34
\BOOKMARK [1][-]{section.9}{\376\377\0009\000.\000\040\000F\000i\000x\000e\000d\000-\000b\000r\000a\000n\000c\000h\000\040\000i\000r\000r\000e\000d\000u\000c\000i\000b\000i\000l\000i\000t\000y\000\040\000f\000o\000r\000\040\000e\000v\000e\000r\000y\000\040\000v\000e\000r\000t\000i\000c\000a\000l\000\040\000f\000i\000b\000e\000r}{}% 35
\BOOKMARK [2][-]{subsection.9.1}{\376\377\0009\000.\0001\000.\000\040\000T\000h\000e\000\040\000o\000f\000f\000-\000b\000r\000a\000n\000c\000h\000\040\000w\000a\000r\000n\000i\000n\000g}{section.9}% 36
\BOOKMARK [2][-]{subsection.9.2}{\376\377\0009\000.\0002\000.\000\040\000E\000n\000d\000p\000o\000i\000n\000t\000\040\000a\000n\000d\000\040\000N\000e\000w\000t\000o\000n\000\040\000e\000l\000i\000m\000i\000n\000a\000t\000i\000o\000n}{section.9}% 37
\BOOKMARK [2][-]{subsection.9.3}{\376\377\0009\000.\0003\000.\000\040\000H\000i\000l\000b\000e\000r\000t\000\040\000s\000e\000l\000e\000c\000t\000i\000o\000n\000\040\000i\000n\000s\000i\000d\000e\000\040\000t\000h\000e\000\040\000a\000d\000m\000i\000s\000s\000i\000b\000l\000e\000\040\000p\000r\000o\000g\000r\000e\000s\000s\000i\000o\000n}{section.9}% 38
\BOOKMARK [2][-]{subsection.9.4}{\376\377\0009\000.\0004\000.\000\040\000I\000n\000d\000e\000p\000e\000n\000d\000e\000n\000t\000\040\000r\000e\000c\000i\000p\000r\000o\000c\000a\000l\000-\000t\000r\000a\000c\000e\000\040\000c\000o\000r\000r\000o\000b\000o\000r\000a\000t\000i\000o\000n}{section.9}% 39
\BOOKMARK [2][-]{subsection.9.5}{\376\377\0009\000.\0005\000.\000\040\000R\000o\000u\000t\000e\000\040\000d\000i\000s\000c\000i\000p\000l\000i\000n\000e}{section.9}% 40
\BOOKMARK [1][-]{section.10}{\376\377\0001\0000\000.\000\040\000T\000h\000e\000\040\000s\000t\000e\000p\000-\000\050\000i\000i\000\051\000\040\000d\000e\000n\000s\000i\000t\000y\000\040\000l\000a\000w\000\040\000a\000n\000d\000\040\000t\000h\000e\000\040\000o\000f\000f\000-\000g\000r\000i\000d\000\040\000f\000r\000o\000n\000t\000i\000e\000r}{}% 41
\BOOKMARK [2][-]{subsection.10.1}{\376\377\0001\0000\000.\0001\000.\000\040\000A\000n\000\040\000u\000n\000c\000o\000n\000d\000i\000t\000i\000o\000n\000a\000l\000\040\000l\000o\000c\000a\000l\000\040\000b\000o\000u\000n\000d}{section.10}% 42
\BOOKMARK [2][-]{subsection.10.2}{\376\377\0001\0000\000.\0002\000.\000\040\000T\000h\000e\000\040\000o\000f\000f\000-\000g\000r\000i\000d\000\040\000h\000o\000r\000i\000z\000o\000n}{section.10}% 43
\BOOKMARK [1][-]{section.11}{\376\377\0001\0001\000.\000\040\000C\000o\000n\000c\000l\000u\000s\000i\000o\000n\000\040\000a\000n\000d\000\040\000o\000u\000t\000l\000o\000o\000k}{}% 44
\BOOKMARK [1][-]{section*.9}{\376\377\000R\000e\000p\000r\000o\000d\000u\000c\000i\000b\000i\000l\000i\000t\000y}{}% 45
\BOOKMARK [1][-]{section*.10}{\376\377\000R\000e\000f\000e\000r\000e\000n\000c\000e\000s}{}% 46
