{
  "phase": "1B-tile3",
  "row": {
    "root_boxes": 132,
    "boxes_evaluated": 251,
    "certified_leaves": 95,
    "worst_certified_cell": "[-0.833333333333333333333333 +/- 3.34e-25]|[-0.832031250000000000000000 +/- 3e-29]|[0.554687500000000000000000 +/- 3e-29]|[0.555989583333333333333333 +/- 3.34e-25]",
    "worst_certified_panels": 131072,
    "passed": false,
    "open_reason": "panel cap reached",
    "open_cell": "[-0.830729166666666666666667 +/- 3.34e-25]|[-0.829427083333333333333333 +/- 3.34e-25]|[0.558593750000000000000000 +/- 3e-29]|[0.559895833333333333333333 +/- 3.34e-25]",
    "open_depth": 14,
    "open_panels": 131072,
    "open_margin": "[-1.76291787028287693244667476546e-5 +/- 4.20e-35]",
    "open_margin_radius": "0",
    "remaining_stack_boxes": 124,
    "c_lo": "[4.14858931200000000000000000000 +/- 3e-34]",
    "c_hi": "[4.18177802649600000000000000000 +/- 3e-34]",
    "certified_margin_min": "[6.85420926243409215516837143105e-7 +/- 1.21e-37]",
    "certified_margin_min_radius": "0",
    "certified_margin_max": "[0.127861434939589102937931458279 +/- 8.77e-32]"
  },
  "envelope_evals": 819,
  "budget": 260000,
  "panel_histogram": {
    "4096": 251,
    "16384": 216,
    "65536": 189,
    "131072": 163
  },
  "process_seconds": 866.765935
}
exit=0
