band [4.083,6.0] tiles=20
  1/20 OPEN boxes=309 margin=[-4.89469105822530392566997071069e-6 +/- 3.88e-36] evals=846
  2/20 OPEN boxes=288 margin=[-2.18067933020480498388995236855e-6 +/- 3.63e-36] evals=1631
  3/20 OPEN boxes=269 margin=[-5.76174016436890729077376939389e-6 +/- 3.98e-36] evals=2370
  4/20 OPEN boxes=260 margin=[-6.88046891214517153605224338734e-7 +/- 6.52e-38] evals=3081
  5/20 OPEN boxes=270 margin=[-2.14839975674835052999937391963e-6 +/- 1.71e-36] evals=3822
  6/20 OPEN boxes=251 margin=[-6.11764205222077346950093761451e-6 +/- 4.59e-36] evals=4509
  7/20 OPEN boxes=255 margin=[-4.00581291491008434975758661801e-6 +/- 1.66e-36] evals=5209
  8/20 OPEN boxes=254 margin=[-4.01920521105936374865226821979e-7 +/- 2.02e-37] evals=5908
  9/20 OPEN boxes=256 margin=[-1.48928238978621342839487332889e-6 +/- 2.40e-36] evals=6612
  10/20 OPEN boxes=247 margin=[-1.19928235992122271120739634712e-6 +/- 3.00e-36] evals=7290
  11/20 OPEN boxes=251 margin=[-5.54882561933514382446298998430e-6 +/- 7.26e-37] evals=7982
  12/20 OPEN boxes=232 margin=[-2.79415230090734313488803059604e-6 +/- 4.25e-36] evals=8619
  13/20 OPEN boxes=240 margin=[-4.73683573487832581664356968856e-6 +/- 1.34e-36] evals=9280
  14/20 OPEN boxes=237 margin=[-5.59812944938179047620711530330e-6 +/- 3.37e-36] evals=9931
  15/20 OPEN boxes=237 margin=[-1.70965049035270102208666197809e-6 +/- 4.99e-36] evals=10586
  16/20 OPEN boxes=231 margin=[-7.76386053176964745902131529072e-7 +/- 3.39e-37] evals=11224
  17/20 OPEN boxes=222 margin=[-4.38964447427051791497775766370e-6 +/- 2.84e-36] evals=11835
  18/20 OPEN boxes=231 margin=[-3.52100978336478850159010729271e-6 +/- 3.28e-36] evals=12473
  19/20 OPEN boxes=227 margin=[-3.13363968715610574129248057980e-7 +/- 5.00e-37] evals=13100
  20/20 OPEN boxes=338 margin=[-1.97261882086860844646460017699e-7 +/- 3.01e-37] evals=14047
{
  "c_lo": "4.083",
  "c_hi": "6.0",
  "precision_bits": 256,
  "root_boxes_known_and_asserted": 132,
  "instrument": "gate_direct_cached panel-cache rerun; same-domain refinement of 20260831T082425Z_kg_direct_d4_restart",
  "envelope_function": "f(E,W;t) = (E+W-t)_+ + (|E-W|-t)_+; monotone combined hinge, frozen d4-restart",
  "panel_cache": {
    "entries": 3,
    "precisions": [
      256
    ],
    "resolutions": [
      4096,
      16384,
      32768
    ]
  },
  "tiles_total": 20,
  "tiles_certified_count": 0,
  "tiles_open_count": 20,
  "band_passed": false,
  "tiles_certified": [],
  "tiles_open": [
    {
      "root_boxes": 132,
      "boxes_evaluated": 309,
      "certified_leaves": 110,
      "worst_certified_cell": "[-0.906250000000000000000000 +/- 3e-29]|[-0.895833333333333333333333 +/- 3.34e-25]|[0.427083333333333333333333 +/- 3.34e-25]|[0.437500000000000000000000 +/- 3e-29]",
      "worst_certified_panels": 32768,
      "passed": false,
      "open_reason": "panel cap reached",
      "open_cell": "[-0.873697916666666666666667 +/- 3.34e-25]|[-0.873616536458333333333333 +/- 3.34e-25]|[0.486572265625000000000000 +/- 3e-29]|[0.486653645833333333333333 +/- 3.34e-25]",
      "open_depth": 22,
      "open_panels": 32768,
      "open_margin": "[-4.89469105822530392566997071069e-6 +/- 3.88e-36]",
      "open_margin_radius": "0",
      "remaining_stack_boxes": 136,
      "c_lo": "[4.08300000000000000000000000000 +/- 3e-34]",
      "c_hi": "[4.16466000000000000000000000000 +/- 3e-34]",
      "certified_margin_min": "[4.20500888867442883412848342945e-7 +/- 2.59e-37]",
      "certified_margin_min_radius": "0",
      "certified_margin_max": "[0.0996651048350734330912145834745 +/- 4.90e-32]"
    },
    {
      "root_boxes": 132,
      "boxes_evaluated": 288,
      "certified_leaves": 102,
      "worst_certified_cell": "[-0.876302083333333333333333 +/- 3.34e-25]|[-0.875651041666666666666667 +/- 3.34e-25]|[0.482096354166666666666667 +/- 3.34e-25]|[0.482421875000000000000000 +/- 3e-29]",
      "worst_certified_panels": 32768,
      "passed": false,
      "open_reason": "panel cap reached",
      "open_cell": "[-0.874755859375000000000000 +/- 3e-29]|[-0.874674479166666666666667 +/- 3.34e-25]|[0.484700520833333333333333 +/- 3.34e-25]|[0.484781901041666666666667 +/- 3.34e-25]",
      "open_depth": 22,
      "open_panels": 32768,
      "open_margin": "[-2.18067933020480498388995236855e-6 +/- 3.63e-36]",
      "open_margin_radius": "0",
      "remaining_stack_boxes": 136,
      "c_lo": "[4.16466000000000000000000000000 +/- 3e-34]",
      "c_hi": "[4.24795320000000000000000000000 +/- 3e-34]",
      "certified_margin_min": "[1.26462599798558698755258000119e-6 +/- 3.24e-36]",
      "certified_margin_min_radius": "0",
      "certified_margin_max": "[0.0978017767048085764890937537559 +/- 4.55e-32]"
    },
    {
      "root_boxes": 132,
      "boxes_evaluated": 269,
      "certified_leaves": 95,
      "worst_certified_cell": "[-0.885416666666666666666667 +/- 3.34e-25]|[-0.882812500000000000000000 +/- 3e-29]|[0.467447916666666666666667 +/- 3.34e-25]|[0.468750000000000000000000 +/- 3e-29]",
      "worst_certified_panels": 32768,
      "passed": false,
      "open_reason": "panel cap reached",
      "open_cell": "[-0.875569661458333333333333 +/- 3.34e-25]|[-0.875488281250000000000000 +/- 3e-29]|[0.483235677083333333333333 +/- 3.34e-25]|[0.483317057291666666666667 +/- 3.34e-25]",
      "open_depth": 22,
      "open_panels": 32768,
      "open_margin": "[-5.76174016436890729077376939389e-6 +/- 3.98e-36]",
      "open_margin_radius": "0",
      "remaining_stack_boxes": 130,
      "c_lo": "[4.24795320000000000000000000000 +/- 3e-34]",
      "c_hi": "[4.33291226400000000000000000000 +/- 3e-34]",
      "certified_margin_min": "[3.03261377863449743759616121191e-7 +/- 4.35e-37]",
      "certified_margin_min_radius": "0",
      "certified_margin_max": "[0.0959693281778289286676676180626 +/- 4.35e-32]"
    },
    {
      "root_boxes": 132,
      "boxes_evaluated": 260,
      "certified_leaves": 92,
      "worst_certified_cell": "[-0.876790364583333333333333 +/- 3.34e-25]|[-0.876627604166666666666667 +/- 3.34e-25]|[0.481119791666666666666667 +/- 3.34e-25]|[0.481201171875000000000000 +/- 3e-29]",
      "worst_certified_panels": 32768,
      "passed": false,
      "open_reason": "panel cap reached",
      "open_cell": "[-0.876464843750000000000000 +/- 3e-29]|[-0.876383463541666666666667 +/- 3.34e-25]|[0.481608072916666666666667 +/- 3.34e-25]|[0.481689453125000000000000 +/- 3e-29]",
      "open_depth": 22,
      "open_panels": 32768,
      "open_margin": "[-6.88046891214517153605224338734e-7 +/- 6.52e-38]",
      "open_margin_radius": "0",
      "remaining_stack_boxes": 130,
      "c_lo": "[4.33291226400000000000000000000 +/- 3e-34]",
      "c_hi": "[4.41957050928000000000000000000 +/- 3e-34]",
      "certified_margin_min": "[1.06528053156706277231677969962e-6 +/- 2.57e-36]",
      "certified_margin_min_radius": "0",
      "certified_margin_max": "[0.0941682601871078089923086524757 +/- 3.69e-32]"
    },
    {
      "root_boxes": 132,
      "boxes_evaluated": 270,
      "certified_leaves": 95,
      "worst_certified_cell": "[-0.877278645833333333333333 +/- 3.34e-25]|[-0.876953125000000000000000 +/- 3e-29]|[0.479817708333333333333333 +/- 3.34e-25]|[0.480143229166666666666667 +/- 3.34e-25]",
      "worst_certified_panels": 32768,
      "passed": false,
      "open_reason": "panel cap reached",
      "open_cell": "[-0.877115885416666666666667 +/- 3.34e-25]|[-0.877034505208333333333333 +/- 3.34e-25]|[0.480387369791666666666667 +/- 3.34e-25]|[0.480468750000000000000000 +/- 3e-29]",
      "open_depth": 22,
      "open_panels": 32768,
      "open_margin": "[-2.14839975674835052999937391963e-6 +/- 1.71e-36]",
      "open_margin_radius": "0",
      "remaining_stack_boxes": 131,
      "c_lo": "[4.41957050928000000000000000000 +/- 3e-34]",
      "c_hi": "[4.50796191946560000000000000000 +/- 3e-34]",
      "certified_margin_min": "[8.28109791448278588908382765725e-7 +/- 4.36e-37]",
      "certified_margin_min_radius": "0",
      "certified_margin_max": "[0.0923960939317109631697337534216 +/- 4.53e-33]"
    },
    {
      "root_boxes": 132,
      "boxes_evaluated": 251,
      "certified_leaves": 92,
      "worst_certified_cell": "[-0.878092447916666666666667 +/- 3.34e-25]|[-0.877929687500000000000000 +/- 3e-29]|[0.478678385416666666666667 +/- 3.34e-25]|[0.478759765625000000000000 +/- 3e-29]",
      "worst_certified_panels": 32768,
      "passed": false,
      "open_reason": "panel cap reached",
      "open_cell": "[-0.877848307291666666666667 +/- 3.34e-25]|[-0.877766927083333333333333 +/- 3.34e-25]|[0.479085286458333333333333 +/- 3.34e-25]|[0.479166666666666666666667 +/- 3.34e-25]",
      "open_depth": 22,
      "open_panels": 32768,
      "open_margin": "[-6.11764205222077346950093761451e-6 +/- 4.59e-36]",
      "open_margin_radius": "0",
      "remaining_stack_boxes": 129,
      "c_lo": "[4.50796191946560000000000000000 +/- 3e-34]",
      "c_hi": "[4.59812115785491200000000000000 +/- 3e-34]",
      "certified_margin_min": "[1.41622182586979561175719306590e-7 +/- 9.31e-38]",
      "certified_margin_min_radius": "0",
      "certified_margin_max": "[0.0906536706173217459298566550900 +/- 4.47e-32]"
    },
    {
      "root_boxes": 132,
      "boxes_evaluated": 255,
      "certified_leaves": 90,
      "worst_certified_cell": "[-0.878906250000000000000000 +/- 3e-29]|[-0.878255208333333333333333 +/- 3.34e-25]|[0.476888020833333333333333 +/- 3.34e-25]|[0.477213541666666666666667 +/- 3.34e-25]",
      "worst_certified_panels": 32768,
      "passed": false,
      "open_reason": "panel cap reached",
      "open_cell": "[-0.878499348958333333333333 +/- 3.34e-25]|[-0.878417968750000000000000 +/- 3e-29]|[0.477864583333333333333333 +/- 3.34e-25]|[0.477945963541666666666667 +/- 3.34e-25]",
      "open_depth": 22,
      "open_panels": 32768,
      "open_margin": "[-4.00581291491008434975758661801e-6 +/- 1.66e-36]",
      "open_margin_radius": "0",
      "remaining_stack_boxes": 133,
      "c_lo": "[4.59812115785491200000000000000 +/- 3e-34]",
      "c_hi": "[4.69008358101201024000000000000 +/- 3e-34]",
      "certified_margin_min": "[2.07563844901076993202658395278e-7 +/- 4.72e-37]",
      "certified_margin_min_radius": "0",
      "certified_margin_max": "[0.0889415374048981315495355505544 +/- 3.43e-32]"
    },
    {
      "root_boxes": 132,
      "boxes_evaluated": 254,
      "certified_leaves": 91,
      "worst_certified_cell": "[-0.879231770833333333333333 +/- 3.34e-25]|[-0.879069010416666666666667 +/- 3.34e-25]|[0.476399739583333333333333 +/- 3.34e-25]|[0.476562500000000000000000 +/- 3e-29]",
      "worst_certified_panels": 32768,
      "passed": false,
      "open_reason": "panel cap reached",
      "open_cell": "[-0.879150390625000000000000 +/- 3e-29]|[-0.879069010416666666666667 +/- 3.34e-25]|[0.476643880208333333333333 +/- 3.34e-25]|[0.476725260416666666666667 +/- 3.34e-25]",
      "open_depth": 22,
      "open_panels": 32768,
      "open_margin": "[-4.01920521105936374865226821979e-7 +/- 2.02e-37]",
      "open_margin_radius": "0",
      "remaining_stack_boxes": 133,
      "c_lo": "[4.69008358101201024000000000000 +/- 3e-34]",
      "c_hi": "[4.78388525263225044480000000000 +/- 3e-34]",
      "certified_margin_min": "[2.95449255697724544356005622282e-6 +/- 3.48e-36]",
      "certified_margin_min_radius": "0",
      "certified_margin_max": "[0.0872589746771568948860997339332 +/- 2.30e-32]"
    },
    {
      "root_boxes": 132,
      "boxes_evaluated": 256,
      "certified_leaves": 91,
      "worst_certified_cell": "[-0.880045572916666666666667 +/- 3.34e-25]|[-0.879882812500000000000000 +/- 3e-29]|[0.475097656250000000000000 +/- 3e-29]|[0.475179036458333333333333 +/- 3.34e-25]",
      "worst_certified_panels": 32768,
      "passed": false,
      "open_reason": "panel cap reached",
      "open_cell": "[-0.879720052083333333333333 +/- 3.34e-25]|[-0.879638671875000000000000 +/- 3e-29]|[0.475585937500000000000000 +/- 3e-29]|[0.475667317708333333333333 +/- 3.34e-25]",
      "open_depth": 22,
      "open_panels": 32768,
      "open_margin": "[-1.48928238978621342839487332889e-6 +/- 2.40e-36]",
      "open_margin_radius": "0",
      "remaining_stack_boxes": 135,
      "c_lo": "[4.78388525263225044480000000000 +/- 3e-34]",
      "c_hi": "[4.87956295768489545369600000000 +/- 3e-34]",
      "certified_margin_min": "[5.89599335380740907611440732431e-7 +/- 1.23e-37]",
      "certified_margin_min_radius": "0",
      "certified_margin_max": "[0.0856049827097667315549750117340 +/- 1.72e-32]"
    },
    {
      "root_boxes": 132,
      "boxes_evaluated": 247,
      "certified_leaves": 86,
      "worst_certified_cell": "[-0.880452473958333333333333 +/- 3.34e-25]|[-0.880371093750000000000000 +/- 3e-29]|[0.474283854166666666666667 +/- 3.34e-25]|[0.474365234375000000000000 +/- 3e-29]",
      "worst_certified_panels": 32768,
      "passed": false,
      "open_reason": "panel cap reached",
      "open_cell": "[-0.880289713541666666666667 +/- 3.34e-25]|[-0.880208333333333333333333 +/- 3.34e-25]|[0.474527994791666666666667 +/- 3.34e-25]|[0.474609375000000000000000 +/- 3e-29]",
      "open_depth": 22,
      "open_panels": 32768,
      "open_margin": "[-1.19928235992122271120739634712e-6 +/- 3.00e-36]",
      "open_margin_radius": "0",
      "remaining_stack_boxes": 128,
      "c_lo": "[4.87956295768489545369600000000 +/- 3e-34]",
      "c_hi": "[4.97715421683859336276992000000 +/- 3e-34]",
      "certified_margin_min": "[6.66867596772120117229811181153e-7 +/- 1.15e-38]",
      "certified_margin_min_radius": "0",
      "certified_margin_max": "[0.0839786675553603613116223875660 +/- 3.21e-32]"
    },
    {
      "root_boxes": 132,
      "boxes_evaluated": 251,
      "certified_leaves": 89,
      "worst_certified_cell": "[-0.880859375000000000000000 +/- 3e-29]|[-0.880777994791666666666667 +/- 3.34e-25]|[0.473470052083333333333333 +/- 3.34e-25]|[0.473551432291666666666667 +/- 3.34e-25]",
      "worst_certified_panels": 32768,
      "passed": false,
      "open_reason": "panel cap reached",
      "open_cell": "[-0.880777994791666666666667 +/- 3.34e-25]|[-0.880696614583333333333333 +/- 3.34e-25]|[0.473632812500000000000000 +/- 3e-29]|[0.473714192708333333333333 +/- 3.34e-25]",
      "open_depth": 22,
      "open_panels": 32768,
      "open_margin": "[-5.54882561933514382446298998430e-6 +/- 7.26e-37]",
      "open_margin_radius": "0",
      "remaining_stack_boxes": 132,
      "c_lo": "[4.97715421683859336276992000000 +/- 3e-34]",
      "c_hi": "[5.07669730117536523002531840000 +/- 3e-34]",
      "certified_margin_min": "[3.31514207636311484251993885934e-7 +/- 2.04e-37]",
      "certified_margin_min_radius": "0",
      "certified_margin_max": "[0.0823817665938815291625082376636 +/- 1.90e-32]"
    },
    {
      "root_boxes": 132,
      "boxes_evaluated": 232,
      "certified_leaves": 82,
      "worst_certified_cell": "[-0.882161458333333333333333 +/- 3.34e-25]|[-0.881510416666666666666667 +/- 3.34e-25]|[0.470703125000000000000000 +/- 3e-29]|[0.471354166666666666666667 +/- 3.34e-25]",
      "worst_certified_panels": 32768,
      "passed": false,
      "open_reason": "panel cap reached",
      "open_cell": "[-0.881347656250000000000000 +/- 3e-29]|[-0.881266276041666666666667 +/- 3.34e-25]|[0.472574869791666666666667 +/- 3.34e-25]|[0.472656250000000000000000 +/- 3e-29]",
      "open_depth": 22,
      "open_panels": 32768,
      "open_margin": "[-2.79415230090734313488803059604e-6 +/- 4.25e-36]",
      "open_margin_radius": "0",
      "remaining_stack_boxes": 133,
      "c_lo": "[5.07669730117536523002531840000 +/- 3e-34]",
      "c_hi": "[5.17823124719887253462582476800 +/- 3e-34]",
      "certified_margin_min": "[5.05658027947305096586128412010e-7 +/- 3.14e-37]",
      "certified_margin_min_radius": "0",
      "certified_margin_max": "[0.0808129429918282671021991021363 +/- 3.40e-32]"
    },
    {
      "root_boxes": 132,
      "boxes_evaluated": 240,
      "certified_leaves": 83,
      "worst_certified_cell": "[-0.881835937500000000000000 +/- 3e-29]|[-0.881510416666666666666667 +/- 3.34e-25]|[0.471516927083333333333333 +/- 3.34e-25]|[0.471679687500000000000000 +/- 3e-29]",
      "worst_certified_panels": 32768,
      "passed": false,
      "open_reason": "panel cap reached",
      "open_cell": "[-0.881835937500000000000000 +/- 3e-29]|[-0.881754557291666666666667 +/- 3.34e-25]|[0.471679687500000000000000 +/- 3e-29]|[0.471761067708333333333333 +/- 3.34e-25]",
      "open_depth": 22,
      "open_panels": 32768,
      "open_margin": "[-4.73683573487832581664356968856e-6 +/- 1.34e-36]",
      "open_margin_radius": "0",
      "remaining_stack_boxes": 136,
      "c_lo": "[5.17823124719887253462582476800 +/- 3e-34]",
      "c_hi": "[5.28179587214284998531834126336 +/- 3e-34]",
      "certified_margin_min": "[2.43833376668393632167133336616e-8 +/- 4.19e-38]",
      "certified_margin_min_radius": "0",
      "certified_margin_max": "[0.0792714520473569870640722275260 +/- 4.16e-32]"
    },
    {
      "root_boxes": 132,
      "boxes_evaluated": 237,
      "certified_leaves": 84,
      "worst_certified_cell": "[-0.882405598958333333333333 +/- 3.34e-25]|[-0.882324218750000000000000 +/- 3e-29]|[0.470621744791666666666667 +/- 3.34e-25]|[0.470703125000000000000000 +/- 3e-29]",
      "worst_certified_panels": 32768,
      "passed": false,
      "open_reason": "panel cap reached",
      "open_cell": "[-0.882324218750000000000000 +/- 3e-29]|[-0.882242838541666666666667 +/- 3.34e-25]|[0.470784505208333333333333 +/- 3.34e-25]|[0.470865885416666666666667 +/- 3.34e-25]",
      "open_depth": 22,
      "open_panels": 32768,
      "open_margin": "[-5.59812944938179047620711530330e-6 +/- 3.37e-36]",
      "open_margin_radius": "0",
      "remaining_stack_boxes": 134,
      "c_lo": "[5.28179587214284998531834126336 +/- 3e-34]",
      "c_hi": "[5.38743178958570698502470808863 +/- 2.81e-30]",
      "certified_margin_min": "[1.47986526495143912484556916321e-8 +/- 1.70e-38]",
      "certified_margin_min_radius": "0",
      "certified_margin_max": "[0.0777571889797274602305197523600 +/- 4.18e-32]"
    },
    {
      "root_boxes": 132,
      "boxes_evaluated": 237,
      "certified_leaves": 83,
      "worst_certified_cell": "[-0.883138020833333333333333 +/- 3.34e-25]|[-0.882812500000000000000000 +/- 3e-29]|[0.469075520833333333333333 +/- 3.34e-25]|[0.469401041666666666666667 +/- 3.34e-25]",
      "worst_certified_panels": 32768,
      "passed": false,
      "open_reason": "panel cap reached",
      "open_cell": "[-0.882731119791666666666667 +/- 3.34e-25]|[-0.882649739583333333333333 +/- 3.34e-25]|[0.469970703125000000000000 +/- 3e-29]|[0.470052083333333333333333 +/- 3.34e-25]",
      "open_depth": 22,
      "open_panels": 32768,
      "open_margin": "[-1.70965049035270102208666197809e-6 +/- 4.99e-36]",
      "open_margin_radius": "0",
      "remaining_stack_boxes": 135,
      "c_lo": "[5.38743178958570698502470808863 +/- 2.81e-30]",
      "c_hi": "[5.49518042537742112472520225040 +/- 2.57e-31]",
      "certified_margin_min": "[1.66169848512404104476961217175e-6 +/- 2.82e-36]",
      "certified_margin_min_radius": "0",
      "certified_margin_max": "[0.0762689775794595524950870413256 +/- 1.93e-32]"
    },
    {
      "root_boxes": 132,
      "boxes_evaluated": 231,
      "certified_leaves": 80,
      "worst_certified_cell": "[-0.890625000000000000000000 +/- 3e-29]|[-0.888020833333333333333333 +/- 3.34e-25]|[0.457031250000000000000000 +/- 3e-29]|[0.458333333333333333333333 +/- 3.34e-25]",
      "worst_certified_panels": 32768,
      "passed": false,
      "open_reason": "panel cap reached",
      "open_cell": "[-0.883219401041666666666667 +/- 3.34e-25]|[-0.883138020833333333333333 +/- 3.34e-25]|[0.469075520833333333333333 +/- 3.34e-25]|[0.469156901041666666666667 +/- 3.34e-25]",
      "open_depth": 22,
      "open_panels": 32768,
      "open_margin": "[-7.76386053176964745902131529072e-7 +/- 3.39e-37]",
      "open_margin_radius": "0",
      "remaining_stack_boxes": 133,
      "c_lo": "[5.49518042537742112472520225040 +/- 2.57e-31]",
      "c_hi": "[5.60508403388496954721970629541 +/- 2.27e-30]",
      "certified_margin_min": "[9.19505033732649746717101410071e-7 +/- 3.66e-39]",
      "certified_margin_min_radius": "0",
      "certified_margin_max": "[0.0748077350224753990197071724432 +/- 2.90e-32]"
    },
    {
      "root_boxes": 132,
      "boxes_evaluated": 222,
      "certified_leaves": 79,
      "worst_certified_cell": "[-0.886067708333333333333333 +/- 3.34e-25]|[-0.885416666666666666666667 +/- 3.34e-25]|[0.464192708333333333333333 +/- 3.34e-25]|[0.464843750000000000000000 +/- 3e-29]",
      "worst_certified_panels": 32768,
      "passed": false,
      "open_reason": "panel cap reached",
      "open_cell": "[-0.883626302083333333333333 +/- 3.34e-25]|[-0.883544921875000000000000 +/- 3e-29]|[0.468343098958333333333333 +/- 3.34e-25]|[0.468424479166666666666667 +/- 3.34e-25]",
      "open_depth": 22,
      "open_panels": 32768,
      "open_margin": "[-4.38964447427051791497775766370e-6 +/- 2.84e-36]",
      "open_margin_radius": "0",
      "remaining_stack_boxes": 133,
      "c_lo": "[5.60508403388496954721970629541 +/- 2.27e-30]",
      "c_hi": "[5.71718571456266893816410042132 +/- 4.11e-30]",
      "certified_margin_min": "[1.74443076161821628875350236507e-7 +/- 2.21e-37]",
      "certified_margin_min_radius": "0",
      "certified_margin_max": "[0.0733729394197929472259916344795 +/- 4.49e-32]"
    },
    {
      "root_boxes": 132,
      "boxes_evaluated": 231,
      "certified_leaves": 81,
      "worst_certified_cell": "[-0.884440104166666666666667 +/- 3.34e-25]|[-0.884277343750000000000000 +/- 3e-29]|[0.466959635416666666666667 +/- 3.34e-25]|[0.467041015625000000000000 +/- 3e-29]",
      "worst_certified_panels": 32768,
      "passed": false,
      "open_reason": "panel cap reached",
      "open_cell": "[-0.883951822916666666666667 +/- 3.34e-25]|[-0.883870442708333333333333 +/- 3.34e-25]|[0.467692057291666666666667 +/- 3.34e-25]|[0.467773437500000000000000 +/- 3e-29]",
      "open_depth": 22,
      "open_panels": 32768,
      "open_margin": "[-3.52100978336478850159010729271e-6 +/- 3.28e-36]",
      "open_margin_radius": "0",
      "remaining_stack_boxes": 135,
      "c_lo": "[5.71718571456266893816410042132 +/- 4.11e-30]",
      "c_hi": "[5.83152942885392231692738242974 +/- 2.22e-30]",
      "certified_margin_min": "[4.03724525204769531323389523492e-7 +/- 4.78e-37]",
      "certified_margin_min_radius": "0",
      "certified_margin_max": "[0.0719630910834879727749773937879 +/- 4.33e-33]"
    },
    {
      "root_boxes": 132,
      "boxes_evaluated": 227,
      "certified_leaves": 79,
      "worst_certified_cell": "[-0.884602864583333333333333 +/- 3.34e-25]|[-0.884440104166666666666667 +/- 3.34e-25]|[0.466552734375000000000000 +/- 3e-29]|[0.466634114583333333333333 +/- 3.34e-25]",
      "worst_certified_panels": 32768,
      "passed": false,
      "open_reason": "panel cap reached",
      "open_cell": "[-0.884440104166666666666667 +/- 3.34e-25]|[-0.884358723958333333333333 +/- 3.34e-25]|[0.466796875000000000000000 +/- 3e-29]|[0.466878255208333333333333 +/- 3.34e-25]",
      "open_depth": 22,
      "open_panels": 32768,
      "open_margin": "[-3.13363968715610574129248057980e-7 +/- 5.00e-37]",
      "open_margin_radius": "0",
      "remaining_stack_boxes": 137,
      "c_lo": "[5.83152942885392231692738242974 +/- 2.22e-30]",
      "c_hi": "[5.94816001743100076326593007834 +/- 2.95e-30]",
      "certified_margin_min": "[3.22288368597373542457810903561e-7 +/- 1.70e-37]",
      "certified_margin_min_radius": "0",
      "certified_margin_max": "[0.0705796089133316734216569616216 +/- 2.01e-32]"
    },
    {
      "root_boxes": 132,
      "boxes_evaluated": 338,
      "certified_leaves": 116,
      "worst_certified_cell": "[-0.856119791666666666666667 +/- 3.34e-25]|[-0.855794270833333333333333 +/- 3.34e-25]|[0.516601562500000000000000 +/- 3e-29]|[0.516927083333333333333333 +/- 3.34e-25]",
      "worst_certified_panels": 32768,
      "passed": false,
      "open_reason": "panel cap reached",
      "open_cell": "[-0.856038411458333333333333 +/- 3.34e-25]|[-0.855957031250000000000000 +/- 3e-29]|[0.517008463541666666666667 +/- 3.34e-25]|[0.517089843750000000000000 +/- 3e-29]",
      "open_depth": 22,
      "open_panels": 32768,
      "open_margin": "[-1.97261882086860844646460017699e-7 +/- 3.01e-37]",
      "open_margin_radius": "0",
      "remaining_stack_boxes": 134,
      "c_lo": "[5.94816001743100076326593007834 +/- 2.95e-30]",
      "c_hi": "6.00000000000000000000000000000",
      "certified_margin_min": "[4.36640591383521801491791170748e-7 +/- 1.17e-37]",
      "certified_margin_min_radius": "0",
      "certified_margin_max": "[0.0703021217062173332614861651543 +/- 2.59e-32]"
    }
  ],
  "envelope_evals": 14047,
  "budget": 260000,
  "panel_histogram": {
    "4096": 5105,
    "16384": 4721,
    "32768": 4221
  },
  "seconds": 377.6085958480835
}
