== C1: 3-slice shape (clause 1) ==
[PASS] slices are 8x8 (dim U = dim V = 8 = n)
[PASS] w-dimension = 3 (exactly three slices)
== C2: hypothesis 'A invertible' (clause 2) ==
[PASS] e0: N(u)>0  (N=1)
[PASS] e0: L_conj(u) L_u = N(u) I exactly
[PASS] e1: N(u)>0  (N=1)
[PASS] e1: L_conj(u) L_u = N(u) I exactly
[PASS] e2: N(u)>0  (N=1)
[PASS] e2: L_conj(u) L_u = N(u) I exactly
[PASS] e3: N(u)>0  (N=1)
[PASS] e3: L_conj(u) L_u = N(u) I exactly
[PASS] e4: N(u)>0  (N=1)
[PASS] e4: L_conj(u) L_u = N(u) I exactly
[PASS] e5: N(u)>0  (N=1)
[PASS] e5: L_conj(u) L_u = N(u) I exactly
[PASS] e6: N(u)>0  (N=1)
[PASS] e6: L_conj(u) L_u = N(u) I exactly
[PASS] e7: N(u)>0  (N=1)
[PASS] e7: L_conj(u) L_u = N(u) I exactly
[PASS] generic triple Gram determinant > 0 (independent)  (detGram=39)
[PASS] generic triple: L_conj(u) L_u = N(u) I exactly
== C3: clause 3 arithmetic: rank of M = L_v L_u^{-1} L_w - L_w L_u^{-1} L_v ==
[PASS] basis triple (0,1,2): M^2 = -4 detGram/N(u)^3 I exactly  (rank(M)=8)
[PASS] basis triple (0,1,2): rank(M) = 8
[PASS] basis triple (1,2,3): M^2 = -4 detGram/N(u)^3 I exactly  (rank(M)=8)
[PASS] basis triple (1,2,3): rank(M) = 8
[PASS] basis triple (0,4,5): M^2 = -4 detGram/N(u)^3 I exactly  (rank(M)=8)
[PASS] basis triple (0,4,5): rank(M) = 8
[PASS] basis triple (3,5,6): M^2 = -4 detGram/N(u)^3 I exactly  (rank(M)=8)
[PASS] basis triple (3,5,6): rank(M) = 8
[PASS] basis triple (2,4,7): M^2 = -4 detGram/N(u)^3 I exactly  (rank(M)=8)
[PASS] basis triple (2,4,7): rank(M) = 8
[PASS] generic triple: M^2 = -4 detGram/N(u)^3 I exactly  (rank(M)=8)
[PASS] generic triple: rank(M) = 8
   theorem consequence: rank >= 8 + 8/2 = 12 for every independent triple
== C4: tau control (n=4): must give 6, MUST NOT give 8 ==
[PASS] tau: L_i L_j - L_j L_i == 2 L_k entrywise
[PASS] tau: rank(comM) = 4  (got 4)
[PASS] tau: Strassen bound = 4 + 4/2 = 6 <= 7 = true rank
[PASS] tau: naked reading 4+4=8 would REFUTE control (assert not used)
== C5: block control tau-box-s (slices blockdiag(tau_p, tau_p)) ==
[PASS] tau⊠s: M == 2*blockdiag(L_k,L_k) entrywise
[PASS] tau⊠s: rank(M) = 8  (got 8)
[PASS] tau⊠s: Strassen bound = 8 + 8/2 = 12 <= 13 <= true rank in [13,14]

RESULT: ALL CHECKS PASSED
