reference (paper, s7=0): gamma_head = 0.881562493189672
   b1 = 0.881573822049600  head = 1.132886e-05  V = 1.1190724005
   b3 = +3.454e-09  b5 = -9.044e-11  b7 = +1.171e-07  b11 = -5.743e-06

S2a: b3 = b5 = 0 manifold, s7 continuation (all nodes reported)
  s7 = 0      : s3 = 0.34101124 s5 = 0.05276112  V = 1.119072405  head = 1.132537e-05  gamma_head = 0.881562493211120  BEATS-gateA
  s7 = 0.0002 : s3 = 0.34101123 s5 = 0.05276112  V = 1.119072437  head = 1.130929e-05  gamma_head = 0.881562484290189  BEATS-gateA
  s7 = 0.0005 : s3 = 0.34101117 s5 = 0.05276110  V = 1.119072603  head = 1.143162e-05  gamma_head = 0.881562230690431  BEATS-gateA
  s7 = 0.001  : s3 = 0.34101096 s5 = 0.05276101  V = 1.119073198  head = 1.245383e-05  gamma_head = 0.881560739672110  BEATS-gateA
  s7 = 0.002  : s3 = 0.34101010 s5 = 0.05276066  V = 1.119075579  head = 1.654267e-05  gamma_head = 0.881554775608854  beats-paper
  s7 = 0.003  : s3 = 0.34100868 s5 = 0.05276008  V = 1.119079546  head = 2.335738e-05  gamma_head = 0.881544835539091  -
  s7 = 0.004  : s3 = 0.34100669 s5 = 0.05275927  V = 1.119085100  head = 3.289792e-05  gamma_head = 0.881530919516328  -
  s7 = 0.005  : s3 = 0.34100412 s5 = 0.05275822  V = 1.119092241  head = 4.516425e-05  gamma_head = 0.881513027615481  -
  s7 = 0.0075 : s3 = 0.34099522 s5 = 0.05275459  V = 1.119117037  head = 8.775493e-05  gamma_head = 0.881450904081805  -
  s7 = 0.01   : s3 = 0.34098276 s5 = 0.05274951  V = 1.119151752  head = 1.482082e-04  gamma_head = 0.881363105778689  -
  s7 = 0.015  : s3 = 0.34094715 s5 = 0.05273500  V = 1.119250940  head = 3.219248e-04  gamma_head = 0.881111267107006  -
  s7 = 0.02   : s3 = 0.34089731 s5 = 0.05271469  V = 1.119389814  head = 5.664082e-04  gamma_head = 0.880757428850197  -
  s7 = 0.03   : s3 = 0.34075494 s5 = 0.05265668  V = 1.119786653  head = 1.265327e-03  gamma_head = 0.879746170242721  -
  s7 = 0.05   : s3 = 0.34029970 s5 = 0.05247130  V = 1.121057123  head = 3.494359e-03  gamma_head = 0.876518679383704  -

S2b: triple annihilation b3 = b5 = b7 = 0
  start s7=0.001: s = (0.34101121, 0.05276111, 0.00036449)  resid = 1.14e-17  V = 1.119072510  head = 1.127196e-05  gamma_head = 0.881562463581828
  start s7=0.005: s = (0.34101121, 0.05276111, 0.00036449)  resid = 1.17e-17  V = 1.119072510  head = 1.127196e-05  gamma_head = 0.881562463581828
  start s7=0.02: s = (0.34101121, 0.05276111, 0.00036449)  resid = 1.17e-17  V = 1.119072510  head = 1.127196e-05  gamma_head = 0.881562463581828
  start s7=0.05: s = (0.34101121, 0.05276111, 0.00036449)  resid = 2.77e-17  V = 1.119072510  head = 1.127196e-05  gamma_head = 0.881562463581828

S3: free Nelder-Mead on gamma_head
  from (0.34101124, 0.05276111, 0.0): best gamma_head = 0.881562493211119 at (0.341011244, 0.052761125, 0.000000000)
  from (0.34101121, 0.05276111, 0.00036449): best gamma_head = 0.881562493211026 at (0.341011244, 0.052761125, 0.000000055)

[37s]
paper-point gamma_head = 0.881562493189672
best found gamma_head   = 0.881562493211119  at s7 = 0.000000000
delta vs paper point    = +2.144673e-11
beats gamma_gateA (0.881557917504162)? True
wrote scratch/logs/gc_valley.json
EXIT=0
