[2026-09-01T12:19:19Z] in-run control battery: n=11 ACCEPT (bit-exact) + REJECT plants
[2026-09-01T12:19:20Z]   orbits: input g-orbits 14884 of 177147 words; output g-orbits (flat) 22450
[2026-09-01T12:19:20Z]   word bucketing done (177147 words) [1.1s]
[2026-09-01T12:19:26Z] structure q=3 n=11: 10000/14884 reps, rep-entries=3691498, B-slots=2234901
[2026-09-01T12:19:30Z] structure q=3 n=11: in-g=14884 out-g=22450 rep-entries=6148309 B-slots=3573542 [11.37s]
[2026-09-01T12:21:51Z]   full KL q=3 n=11: 10000/177147
[2026-09-01T12:21:55Z]   full KL q=3 n=11: 20000/177147
[2026-09-01T12:22:01Z]   full KL q=3 n=11: 30000/177147
[2026-09-01T12:22:06Z]   full KL q=3 n=11: 40000/177147
[2026-09-01T12:22:12Z]   full KL q=3 n=11: 50000/177147
[2026-09-01T12:22:17Z]   full KL q=3 n=11: 60000/177147
[2026-09-01T12:22:23Z]   full KL q=3 n=11: 70000/177147
[2026-09-01T12:22:28Z]   full KL q=3 n=11: 80000/177147
[2026-09-01T12:22:33Z]   full KL q=3 n=11: 90000/177147
[2026-09-01T12:22:37Z]   full KL q=3 n=11: 100000/177147
[2026-09-01T12:22:43Z]   full KL q=3 n=11: 110000/177147
[2026-09-01T12:22:48Z]   full KL q=3 n=11: 120000/177147
[2026-09-01T12:22:54Z]   full KL q=3 n=11: 130000/177147
[2026-09-01T12:22:59Z]   full KL q=3 n=11: 140000/177147
[2026-09-01T12:23:05Z]   full KL q=3 n=11: 150000/177147
[2026-09-01T12:23:10Z]   full KL q=3 n=11: 160000/177147
[2026-09-01T12:23:15Z]   full KL q=3 n=11: 170000/177147
[2026-09-01T12:23:30Z]   full KL q=3 n=11: 10000/177147
[2026-09-01T12:23:35Z]   full KL q=3 n=11: 20000/177147
[2026-09-01T12:23:40Z]   full KL q=3 n=11: 30000/177147
[2026-09-01T12:23:46Z]   full KL q=3 n=11: 40000/177147
[2026-09-01T12:23:52Z]   full KL q=3 n=11: 50000/177147
[2026-09-01T12:23:57Z]   full KL q=3 n=11: 60000/177147
[2026-09-01T12:24:02Z]   full KL q=3 n=11: 70000/177147
[2026-09-01T12:24:08Z]   full KL q=3 n=11: 80000/177147
[2026-09-01T12:24:12Z]   full KL q=3 n=11: 90000/177147
[2026-09-01T12:24:17Z]   full KL q=3 n=11: 100000/177147
[2026-09-01T12:24:23Z]   full KL q=3 n=11: 110000/177147
[2026-09-01T12:24:28Z]   full KL q=3 n=11: 120000/177147
[2026-09-01T12:24:34Z]   full KL q=3 n=11: 130000/177147
[2026-09-01T12:24:40Z]   full KL q=3 n=11: 140000/177147
[2026-09-01T12:24:47Z]   full KL q=3 n=11: 150000/177147
[2026-09-01T12:24:52Z]   full KL q=3 n=11: 160000/177147
[2026-09-01T12:24:57Z]   full KL q=3 n=11: 170000/177147
[2026-09-01T12:25:11Z]   full KL q=3 n=11: 10000/177147
[2026-09-01T12:25:16Z]   full KL q=3 n=11: 20000/177147
[2026-09-01T12:25:21Z]   full KL q=3 n=11: 30000/177147
[2026-09-01T12:25:27Z]   full KL q=3 n=11: 40000/177147
[2026-09-01T12:25:33Z]   full KL q=3 n=11: 50000/177147
[2026-09-01T12:25:37Z]   full KL q=3 n=11: 60000/177147
[2026-09-01T12:25:42Z]   full KL q=3 n=11: 70000/177147
[2026-09-01T12:25:47Z]   full KL q=3 n=11: 80000/177147
[2026-09-01T12:25:51Z]   full KL q=3 n=11: 90000/177147
[2026-09-01T12:25:56Z]   full KL q=3 n=11: 100000/177147
[2026-09-01T12:26:01Z]   full KL q=3 n=11: 110000/177147
[2026-09-01T12:26:06Z]   full KL q=3 n=11: 120000/177147
[2026-09-01T12:26:11Z]   full KL q=3 n=11: 130000/177147
[2026-09-01T12:26:17Z]   full KL q=3 n=11: 140000/177147
[2026-09-01T12:26:22Z]   full KL q=3 n=11: 150000/177147
[2026-09-01T12:26:27Z]   full KL q=3 n=11: 160000/177147
[2026-09-01T12:26:32Z]   full KL q=3 n=11: 170000/177147
[2026-09-01T12:30:45Z] in-run control battery: n=11 ACCEPT (bit-exact) + REJECT plants
[2026-09-01T12:30:46Z]   orbits: input g-orbits 14884 of 177147 words; output g-orbits (flat) 22450
[2026-09-01T12:30:46Z]   word bucketing done (177147 words) [0.9s]
[2026-09-01T12:30:52Z] structure q=3 n=11: 10000/14884 reps, rep-entries=3691498, B-slots=2234901
[2026-09-01T12:30:56Z] structure q=3 n=11: in-g=14884 out-g=22450 rep-entries=6148309 B-slots=3573542 [10.735s]
[2026-09-01T12:33:28Z]   full KL q=3 n=11: 10000/177147
[2026-09-01T12:33:33Z]   full KL q=3 n=11: 20000/177147
[2026-09-01T12:33:39Z]   full KL q=3 n=11: 30000/177147
[2026-09-01T12:33:44Z]   full KL q=3 n=11: 40000/177147
[2026-09-01T12:33:50Z]   full KL q=3 n=11: 50000/177147
[2026-09-01T12:33:55Z]   full KL q=3 n=11: 60000/177147
[2026-09-01T12:34:01Z]   full KL q=3 n=11: 70000/177147
[2026-09-01T12:34:06Z]   full KL q=3 n=11: 80000/177147
[2026-09-01T12:34:11Z]   full KL q=3 n=11: 90000/177147
[2026-09-01T12:34:15Z]   full KL q=3 n=11: 100000/177147
[2026-09-01T12:34:21Z]   full KL q=3 n=11: 110000/177147
[2026-09-01T12:34:26Z]   full KL q=3 n=11: 120000/177147
[2026-09-01T12:34:32Z]   full KL q=3 n=11: 130000/177147
[2026-09-01T12:34:37Z]   full KL q=3 n=11: 140000/177147
[2026-09-01T12:34:43Z]   full KL q=3 n=11: 150000/177147
[2026-09-01T12:34:48Z]   full KL q=3 n=11: 160000/177147
[2026-09-01T12:34:53Z]   full KL q=3 n=11: 170000/177147
[2026-09-01T12:35:08Z]   full KL q=3 n=11: 10000/177147
[2026-09-01T12:35:13Z]   full KL q=3 n=11: 20000/177147
[2026-09-01T12:35:18Z]   full KL q=3 n=11: 30000/177147
[2026-09-01T12:35:24Z]   full KL q=3 n=11: 40000/177147
[2026-09-01T12:35:30Z]   full KL q=3 n=11: 50000/177147
[2026-09-01T12:35:35Z]   full KL q=3 n=11: 60000/177147
[2026-09-01T12:35:41Z]   full KL q=3 n=11: 70000/177147
[2026-09-01T12:35:48Z] in-run control battery: n=11 ACCEPT (bit-exact) + REJECT plants
[2026-09-01T12:35:49Z]   orbits: input g-orbits 14884 of 177147 words; output g-orbits (flat) 22450
[2026-09-01T12:35:49Z]   word bucketing done (177147 words) [1.1s]
[2026-09-01T12:35:54Z] structure q=3 n=11: 10000/14884 reps, rep-entries=3691498, B-slots=2234901
[2026-09-01T12:35:59Z] structure q=3 n=11: in-g=14884 out-g=22450 rep-entries=6148309 B-slots=3573542 [11.237s]
[2026-09-01T12:38:25Z]   full KL q=3 n=11: 10000/177147
[2026-09-01T12:38:30Z]   full KL q=3 n=11: 20000/177147
[2026-09-01T12:38:35Z]   full KL q=3 n=11: 30000/177147
[2026-09-01T12:38:41Z]   full KL q=3 n=11: 40000/177147
[2026-09-01T12:38:47Z]   full KL q=3 n=11: 50000/177147
[2026-09-01T12:38:52Z]   full KL q=3 n=11: 60000/177147
[2026-09-01T12:38:57Z]   full KL q=3 n=11: 70000/177147
[2026-09-01T12:39:03Z]   full KL q=3 n=11: 80000/177147
[2026-09-01T12:39:07Z]   full KL q=3 n=11: 90000/177147
[2026-09-01T12:39:11Z]   full KL q=3 n=11: 100000/177147
[2026-09-01T12:39:17Z]   full KL q=3 n=11: 110000/177147
[2026-09-01T12:39:22Z]   full KL q=3 n=11: 120000/177147
[2026-09-01T12:39:27Z]   full KL q=3 n=11: 130000/177147
[2026-09-01T12:39:33Z]   full KL q=3 n=11: 140000/177147
[2026-09-01T12:39:38Z]   full KL q=3 n=11: 150000/177147
[2026-09-01T12:39:43Z]   full KL q=3 n=11: 160000/177147
[2026-09-01T12:39:49Z]   full KL q=3 n=11: 170000/177147
[2026-09-01T12:40:02Z]   full KL q=3 n=11: 10000/177147
[2026-09-01T12:40:07Z]   full KL q=3 n=11: 20000/177147
[2026-09-01T12:40:13Z]   full KL q=3 n=11: 30000/177147
[2026-09-01T12:40:19Z]   full KL q=3 n=11: 40000/177147
[2026-09-01T12:40:24Z]   full KL q=3 n=11: 50000/177147
[2026-09-01T12:40:29Z]   full KL q=3 n=11: 60000/177147
[2026-09-01T12:40:34Z]   full KL q=3 n=11: 70000/177147
[2026-09-01T12:40:40Z]   full KL q=3 n=11: 80000/177147
[2026-09-01T12:40:44Z]   full KL q=3 n=11: 90000/177147
[2026-09-01T12:40:49Z]   full KL q=3 n=11: 100000/177147
[2026-09-01T12:40:55Z]   full KL q=3 n=11: 110000/177147
[2026-09-01T12:40:59Z]   full KL q=3 n=11: 120000/177147
[2026-09-01T12:41:05Z]   full KL q=3 n=11: 130000/177147
[2026-09-01T12:41:11Z]   full KL q=3 n=11: 140000/177147
[2026-09-01T12:41:16Z]   full KL q=3 n=11: 150000/177147
[2026-09-01T12:41:22Z]   full KL q=3 n=11: 160000/177147
[2026-09-01T12:41:27Z]   full KL q=3 n=11: 170000/177147
[2026-09-01T12:41:41Z]   full KL q=3 n=11: 10000/177147
[2026-09-01T12:41:46Z]   full KL q=3 n=11: 20000/177147
[2026-09-01T12:41:51Z]   full KL q=3 n=11: 30000/177147
[2026-09-01T12:41:57Z]   full KL q=3 n=11: 40000/177147
[2026-09-01T12:42:03Z]   full KL q=3 n=11: 50000/177147
[2026-09-01T12:42:08Z]   full KL q=3 n=11: 60000/177147
[2026-09-01T12:42:13Z]   full KL q=3 n=11: 70000/177147
[2026-09-01T12:42:19Z]   full KL q=3 n=11: 80000/177147
[2026-09-01T12:42:23Z]   full KL q=3 n=11: 90000/177147
[2026-09-01T12:42:28Z]   full KL q=3 n=11: 100000/177147
[2026-09-01T12:42:34Z]   full KL q=3 n=11: 110000/177147
[2026-09-01T12:42:38Z]   full KL q=3 n=11: 120000/177147
[2026-09-01T12:42:44Z]   full KL q=3 n=11: 130000/177147
[2026-09-01T12:42:49Z]   full KL q=3 n=11: 140000/177147
[2026-09-01T12:42:55Z]   full KL q=3 n=11: 150000/177147
[2026-09-01T12:43:00Z]   full KL q=3 n=11: 160000/177147
[2026-09-01T12:43:05Z]   full KL q=3 n=11: 170000/177147
[2026-09-01T12:43:07Z] ACCEPT control n=11 (3,11,1/2): MATCH (35 fields)
[2026-09-01T12:43:07Z]   orbits: input g-orbits 25 of 243 words; output g-orbits (flat) 43
[2026-09-01T12:43:07Z]   word bucketing done (243 words) [0.0s]
[2026-09-01T12:43:07Z] structure q=3 n=5: in-g=25 out-g=43 rep-entries=466 B-slots=271 [0.002s]
[2026-09-01T12:43:07Z] in-run control battery: PASS (ACCEPT MATCH, all plants REJECTED)
[2026-09-01T12:43:23Z]   orbits: input g-orbits 44530 of 531441 words; output g-orbits (flat) 66980
[2026-09-01T12:43:23Z]   word bucketing done (531441 words) [3.8s]
[2026-09-01T12:43:31Z] structure q=3 n=12: 10000/44530 reps, rep-entries=4519116, B-slots=2935630
[2026-09-01T12:43:42Z] structure q=3 n=12: 20000/44530 reps, rep-entries=10984951, B-slots=6959900
[2026-09-01T12:43:54Z] structure q=3 n=12: 30000/44530 reps, rep-entries=18486444, B-slots=11446425
[2026-09-01T12:44:07Z] structure q=3 n=12: 40000/44530 reps, rep-entries=26431331, B-slots=16092904
[2026-09-01T12:44:17Z] structure q=3 n=12: in-g=44530 out-g=66980 rep-entries=30666848 B-slots=18311678 [57.38s]
[2026-09-01T12:54:44Z]   full KL q=3 n=12: 10000/531441
[2026-09-01T12:54:51Z]   full KL q=3 n=12: 20000/531441
[2026-09-01T12:54:58Z]   full KL q=3 n=12: 30000/531441
[2026-09-01T12:55:07Z]   full KL q=3 n=12: 40000/531441
[2026-09-01T12:55:15Z]   full KL q=3 n=12: 50000/531441
[2026-09-01T12:55:22Z]   full KL q=3 n=12: 60000/531441
[2026-09-01T12:55:30Z]   full KL q=3 n=12: 70000/531441
[2026-09-01T12:55:39Z]   full KL q=3 n=12: 80000/531441
[2026-09-01T12:55:47Z]   full KL q=3 n=12: 90000/531441
[2026-09-01T12:55:56Z]   full KL q=3 n=12: 100000/531441
[2026-09-01T12:56:06Z]   full KL q=3 n=12: 110000/531441
[2026-09-01T12:56:14Z]   full KL q=3 n=12: 120000/531441
[2026-09-01T12:56:23Z]   full KL q=3 n=12: 130000/531441
[2026-09-01T12:56:43Z]   full KL q=3 n=12: 150000/531441
[2026-09-01T12:56:52Z]   full KL q=3 n=12: 160000/531441
[2026-09-01T12:57:01Z]   full KL q=3 n=12: 170000/531441
[2026-09-01T12:57:07Z]   full KL q=3 n=12: 180000/531441
[2026-09-01T12:57:15Z]   full KL q=3 n=12: 190000/531441
[2026-09-01T12:57:24Z]   full KL q=3 n=12: 200000/531441
[2026-09-01T12:57:32Z]   full KL q=3 n=12: 210000/531441
[2026-09-01T12:57:41Z]   full KL q=3 n=12: 220000/531441
[2026-09-01T12:57:52Z]   full KL q=3 n=12: 230000/531441
[2026-09-01T12:58:00Z]   full KL q=3 n=12: 240000/531441
[2026-09-01T12:58:08Z]   full KL q=3 n=12: 250000/531441
[2026-09-01T12:58:15Z]   full KL q=3 n=12: 260000/531441
[2026-09-01T12:58:20Z]   full KL q=3 n=12: 270000/531441
[2026-09-01T12:58:27Z]   full KL q=3 n=12: 280000/531441
[2026-09-01T12:58:35Z]   full KL q=3 n=12: 290000/531441
[2026-09-01T12:58:43Z]   full KL q=3 n=12: 300000/531441
[2026-09-01T12:58:54Z]   full KL q=3 n=12: 310000/531441
[2026-09-01T12:59:03Z]   full KL q=3 n=12: 320000/531441
[2026-09-01T12:59:11Z]   full KL q=3 n=12: 330000/531441
[2026-09-01T12:59:19Z]   full KL q=3 n=12: 340000/531441
[2026-09-01T12:59:27Z]   full KL q=3 n=12: 350000/531441
[2026-09-01T12:59:33Z]   full KL q=3 n=12: 360000/531441
[2026-09-01T12:59:42Z]   full KL q=3 n=12: 370000/531441
[2026-09-01T12:59:51Z]   full KL q=3 n=12: 380000/531441
[2026-09-01T13:00:00Z]   full KL q=3 n=12: 390000/531441
[2026-09-01T13:00:09Z]   full KL q=3 n=12: 400000/531441
[2026-09-01T13:00:17Z]   full KL q=3 n=12: 410000/531441
[2026-09-01T13:00:35Z]   full KL q=3 n=12: 430000/531441
[2026-09-01T13:00:44Z]   full KL q=3 n=12: 440000/531441
[2026-09-01T13:00:52Z]   full KL q=3 n=12: 450000/531441
[2026-09-01T13:01:01Z]   full KL q=3 n=12: 460000/531441
[2026-09-01T13:01:09Z]   full KL q=3 n=12: 470000/531441
[2026-09-01T13:01:16Z]   full KL q=3 n=12: 480000/531441
[2026-09-01T13:01:25Z]   full KL q=3 n=12: 490000/531441
[2026-09-01T13:01:34Z]   full KL q=3 n=12: 500000/531441
[2026-09-01T13:01:41Z]   full KL q=3 n=12: 510000/531441
[2026-09-01T13:01:53Z]   full KL q=3 n=12: 530000/531441
[2026-09-01T13:02:39Z]   full KL q=3 n=12: 10000/531441
[2026-09-01T13:02:46Z]   full KL q=3 n=12: 20000/531441
[2026-09-01T13:02:53Z]   full KL q=3 n=12: 30000/531441
[2026-09-01T13:03:02Z]   full KL q=3 n=12: 40000/531441
[2026-09-01T13:03:11Z]   full KL q=3 n=12: 50000/531441
[2026-09-01T13:03:19Z]   full KL q=3 n=12: 60000/531441
[2026-09-01T13:03:27Z]   full KL q=3 n=12: 70000/531441
[2026-09-01T13:03:38Z]   full KL q=3 n=12: 80000/531441
[2026-09-01T13:03:46Z]   full KL q=3 n=12: 90000/531441
[2026-09-01T13:03:55Z]   full KL q=3 n=12: 100000/531441
[2026-09-01T13:04:07Z]   full KL q=3 n=12: 110000/531441
[2026-09-01T13:04:15Z]   full KL q=3 n=12: 120000/531441
[2026-09-01T13:04:25Z]   full KL q=3 n=12: 130000/531441
[2026-09-01T13:04:35Z]   full KL q=3 n=12: 140000/531441
[2026-09-01T13:04:47Z]   full KL q=3 n=12: 150000/531441
[2026-09-01T13:04:57Z]   full KL q=3 n=12: 160000/531441
[2026-09-01T13:05:08Z]   full KL q=3 n=12: 170000/531441
[2026-09-01T13:05:14Z]   full KL q=3 n=12: 180000/531441
[2026-09-01T13:05:23Z]   full KL q=3 n=12: 190000/531441
[2026-09-01T13:05:33Z]   full KL q=3 n=12: 200000/531441
[2026-09-01T13:05:42Z]   full KL q=3 n=12: 210000/531441
[2026-09-01T13:05:54Z]   full KL q=3 n=12: 220000/531441
[2026-09-01T13:06:06Z]   full KL q=3 n=12: 230000/531441
[2026-09-01T13:06:15Z]   full KL q=3 n=12: 240000/531441
[2026-09-01T13:06:24Z]   full KL q=3 n=12: 250000/531441
[2026-09-01T13:06:32Z]   full KL q=3 n=12: 260000/531441
[2026-09-01T13:06:38Z]   full KL q=3 n=12: 270000/531441
[2026-09-01T13:06:46Z]   full KL q=3 n=12: 280000/531441
[2026-09-01T13:06:55Z]   full KL q=3 n=12: 290000/531441
[2026-09-01T13:07:03Z]   full KL q=3 n=12: 300000/531441
[2026-09-01T13:07:15Z]   full KL q=3 n=12: 310000/531441
[2026-09-01T13:07:27Z]   full KL q=3 n=12: 320000/531441
[2026-09-01T13:07:37Z]   full KL q=3 n=12: 330000/531441
[2026-09-01T13:07:47Z]   full KL q=3 n=12: 340000/531441
[2026-09-01T13:07:56Z]   full KL q=3 n=12: 350000/531441
[2026-09-01T13:08:03Z]   full KL q=3 n=12: 360000/531441
[2026-09-01T13:08:13Z]   full KL q=3 n=12: 370000/531441
[2026-09-01T13:08:24Z]   full KL q=3 n=12: 380000/531441
[2026-09-01T13:08:36Z]   full KL q=3 n=12: 390000/531441
[2026-09-01T13:08:47Z]   full KL q=3 n=12: 400000/531441
[2026-09-01T13:08:58Z]   full KL q=3 n=12: 410000/531441
[2026-09-01T13:09:07Z]   full KL q=3 n=12: 420000/531441
[2026-09-01T13:09:20Z]   full KL q=3 n=12: 430000/531441
[2026-09-01T13:09:30Z]   full KL q=3 n=12: 440000/531441
[2026-09-01T13:09:39Z]   full KL q=3 n=12: 450000/531441
[2026-09-01T13:09:50Z]   full KL q=3 n=12: 460000/531441
[2026-09-01T13:10:00Z]   full KL q=3 n=12: 470000/531441
[2026-09-01T13:10:07Z]   full KL q=3 n=12: 480000/531441
[2026-09-01T13:10:17Z]   full KL q=3 n=12: 490000/531441
[2026-09-01T13:10:27Z]   full KL q=3 n=12: 500000/531441
[2026-09-01T13:10:35Z]   full KL q=3 n=12: 510000/531441
[2026-09-01T13:10:42Z]   full KL q=3 n=12: 520000/531441
[2026-09-01T13:10:47Z]   full KL q=3 n=12: 530000/531441
[2026-09-01T13:11:37Z]   full KL q=3 n=12: 10000/531441
[2026-09-01T13:11:44Z]   full KL q=3 n=12: 20000/531441
[2026-09-01T13:11:52Z]   full KL q=3 n=12: 30000/531441
[2026-09-01T13:12:01Z]   full KL q=3 n=12: 40000/531441
[2026-09-01T13:12:10Z]   full KL q=3 n=12: 50000/531441
[2026-09-01T13:12:18Z]   full KL q=3 n=12: 60000/531441
[2026-09-01T13:12:27Z]   full KL q=3 n=12: 70000/531441
[2026-09-01T13:12:38Z]   full KL q=3 n=12: 80000/531441
[2026-09-01T13:12:46Z]   full KL q=3 n=12: 90000/531441
[2026-09-01T13:12:56Z]   full KL q=3 n=12: 100000/531441
[2026-09-01T13:13:09Z]   full KL q=3 n=12: 110000/531441
[2026-09-01T13:13:18Z]   full KL q=3 n=12: 120000/531441
[2026-09-01T13:13:28Z]   full KL q=3 n=12: 130000/531441
[2026-09-01T13:13:39Z]   full KL q=3 n=12: 140000/531441
[2026-09-01T13:13:50Z]   full KL q=3 n=12: 150000/531441
[2026-09-01T13:14:01Z]   full KL q=3 n=12: 160000/531441
[2026-09-01T13:14:11Z]   full KL q=3 n=12: 170000/531441
[2026-09-01T13:14:17Z]   full KL q=3 n=12: 180000/531441
[2026-09-01T13:14:26Z]   full KL q=3 n=12: 190000/531441
[2026-09-01T13:14:35Z]   full KL q=3 n=12: 200000/531441
[2026-09-01T13:14:45Z]   full KL q=3 n=12: 210000/531441
[2026-09-01T13:14:57Z]   full KL q=3 n=12: 220000/531441
[2026-09-01T13:15:10Z]   full KL q=3 n=12: 230000/531441
[2026-09-01T13:15:18Z]   full KL q=3 n=12: 240000/531441
[2026-09-01T13:15:27Z]   full KL q=3 n=12: 250000/531441
[2026-09-01T13:15:36Z]   full KL q=3 n=12: 260000/531441
[2026-09-01T13:15:41Z]   full KL q=3 n=12: 270000/531441
[2026-09-01T13:15:49Z]   full KL q=3 n=12: 280000/531441
[2026-09-01T13:15:59Z]   full KL q=3 n=12: 290000/531441
[2026-09-01T13:16:08Z]   full KL q=3 n=12: 300000/531441
[2026-09-01T13:16:20Z]   full KL q=3 n=12: 310000/531441
[2026-09-01T13:16:33Z]   full KL q=3 n=12: 320000/531441
[2026-09-01T13:16:43Z]   full KL q=3 n=12: 330000/531441
[2026-09-01T13:16:53Z]   full KL q=3 n=12: 340000/531441
[2026-09-01T13:17:02Z]   full KL q=3 n=12: 350000/531441
[2026-09-01T13:17:09Z]   full KL q=3 n=12: 360000/531441
[2026-09-01T13:17:19Z]   full KL q=3 n=12: 370000/531441
[2026-09-01T13:17:29Z]   full KL q=3 n=12: 380000/531441
[2026-09-01T13:17:41Z]   full KL q=3 n=12: 390000/531441
[2026-09-01T13:17:52Z]   full KL q=3 n=12: 400000/531441
[2026-09-01T13:18:04Z]   full KL q=3 n=12: 410000/531441
[2026-09-01T13:18:13Z]   full KL q=3 n=12: 420000/531441
[2026-09-01T13:18:26Z]   full KL q=3 n=12: 430000/531441
[2026-09-01T13:18:37Z]   full KL q=3 n=12: 440000/531441
[2026-09-01T13:18:45Z]   full KL q=3 n=12: 450000/531441
[2026-09-01T13:18:56Z]   full KL q=3 n=12: 460000/531441
[2026-09-01T13:19:06Z]   full KL q=3 n=12: 470000/531441
[2026-09-01T13:19:14Z]   full KL q=3 n=12: 480000/531441
[2026-09-01T13:19:24Z]   full KL q=3 n=12: 490000/531441
[2026-09-01T13:19:34Z]   full KL q=3 n=12: 500000/531441
[2026-09-01T13:19:42Z]   full KL q=3 n=12: 510000/531441
[2026-09-01T13:19:49Z]   full KL q=3 n=12: 520000/531441
[2026-09-01T13:19:54Z]   full KL q=3 n=12: 530000/531441
[2026-09-01T13:19:55Z] q=3 n=12 d=1/2 ordinal=0 status=CERTIFIED rss=3834200064
[2026-09-01T13:30:52Z]   full KL q=3 n=12: 10000/531441
[2026-09-01T13:30:59Z]   full KL q=3 n=12: 20000/531441
[2026-09-01T13:31:07Z]   full KL q=3 n=12: 30000/531441
[2026-09-01T13:31:16Z]   full KL q=3 n=12: 40000/531441
[2026-09-01T13:31:25Z]   full KL q=3 n=12: 50000/531441
[2026-09-01T13:31:33Z]   full KL q=3 n=12: 60000/531441
[2026-09-01T13:31:42Z]   full KL q=3 n=12: 70000/531441
[2026-09-01T13:31:52Z]   full KL q=3 n=12: 80000/531441
[2026-09-01T13:32:00Z]   full KL q=3 n=12: 90000/531441
[2026-09-01T13:32:09Z]   full KL q=3 n=12: 100000/531441
[2026-09-01T13:32:22Z]   full KL q=3 n=12: 110000/531441
[2026-09-01T13:32:32Z]   full KL q=3 n=12: 120000/531441
[2026-09-01T13:32:42Z]   full KL q=3 n=12: 130000/531441
[2026-09-01T13:32:53Z]   full KL q=3 n=12: 140000/531441
[2026-09-01T13:33:04Z]   full KL q=3 n=12: 150000/531441
[2026-09-01T13:33:14Z]   full KL q=3 n=12: 160000/531441
[2026-09-01T13:33:24Z]   full KL q=3 n=12: 170000/531441
[2026-09-01T13:33:30Z]   full KL q=3 n=12: 180000/531441
[2026-09-01T13:33:38Z]   full KL q=3 n=12: 190000/531441
[2026-09-01T13:33:48Z]   full KL q=3 n=12: 200000/531441
[2026-09-01T13:33:56Z]   full KL q=3 n=12: 210000/531441
[2026-09-01T13:34:07Z]   full KL q=3 n=12: 220000/531441
[2026-09-01T13:34:19Z]   full KL q=3 n=12: 230000/531441
[2026-09-01T13:34:27Z]   full KL q=3 n=12: 240000/531441
[2026-09-01T13:34:36Z]   full KL q=3 n=12: 250000/531441
[2026-09-01T13:34:45Z]   full KL q=3 n=12: 260000/531441
[2026-09-01T13:34:50Z]   full KL q=3 n=12: 270000/531441
[2026-09-01T13:34:59Z]   full KL q=3 n=12: 280000/531441
[2026-09-01T13:35:09Z]   full KL q=3 n=12: 290000/531441
[2026-09-01T13:35:18Z]   full KL q=3 n=12: 300000/531441
[2026-09-01T13:35:31Z]   full KL q=3 n=12: 310000/531441
[2026-09-01T13:35:43Z]   full KL q=3 n=12: 320000/531441
[2026-09-01T13:35:54Z]   full KL q=3 n=12: 330000/531441
[2026-09-01T13:36:04Z]   full KL q=3 n=12: 340000/531441
[2026-09-01T13:36:14Z]   full KL q=3 n=12: 350000/531441
[2026-09-01T13:36:21Z]   full KL q=3 n=12: 360000/531441
[2026-09-01T13:36:31Z]   full KL q=3 n=12: 370000/531441
[2026-09-01T13:36:43Z]   full KL q=3 n=12: 380000/531441
[2026-09-01T13:36:54Z]   full KL q=3 n=12: 390000/531441
[2026-09-01T13:37:06Z]   full KL q=3 n=12: 400000/531441
[2026-09-01T13:37:17Z]   full KL q=3 n=12: 410000/531441
[2026-09-01T13:37:27Z]   full KL q=3 n=12: 420000/531441
[2026-09-01T13:37:40Z]   full KL q=3 n=12: 430000/531441
[2026-09-01T13:37:51Z]   full KL q=3 n=12: 440000/531441
[2026-09-01T13:38:00Z]   full KL q=3 n=12: 450000/531441
[2026-09-01T13:38:11Z]   full KL q=3 n=12: 460000/531441
[2026-09-01T13:38:21Z]   full KL q=3 n=12: 470000/531441
[2026-09-01T13:38:29Z]   full KL q=3 n=12: 480000/531441
[2026-09-01T13:38:38Z]   full KL q=3 n=12: 490000/531441
[2026-09-01T13:38:48Z]   full KL q=3 n=12: 500000/531441
[2026-09-01T13:38:56Z]   full KL q=3 n=12: 510000/531441
[2026-09-01T13:39:03Z]   full KL q=3 n=12: 520000/531441
[2026-09-01T13:39:09Z]   full KL q=3 n=12: 530000/531441
[2026-09-01T13:39:59Z]   full KL q=3 n=12: 10000/531441
[2026-09-01T13:40:06Z]   full KL q=3 n=12: 20000/531441
[2026-09-01T13:40:15Z]   full KL q=3 n=12: 30000/531441
[2026-09-01T13:40:24Z]   full KL q=3 n=12: 40000/531441
[2026-09-01T13:40:34Z]   full KL q=3 n=12: 50000/531441
[2026-09-01T13:40:42Z]   full KL q=3 n=12: 60000/531441
[2026-09-01T13:40:52Z]   full KL q=3 n=12: 70000/531441
[2026-09-01T13:41:04Z]   full KL q=3 n=12: 80000/531441
[2026-09-01T13:41:12Z]   full KL q=3 n=12: 90000/531441
[2026-09-01T13:41:23Z]   full KL q=3 n=12: 100000/531441
[2026-09-01T13:41:36Z]   full KL q=3 n=12: 110000/531441
[2026-09-01T13:41:46Z]   full KL q=3 n=12: 120000/531441
[2026-09-01T13:41:57Z]   full KL q=3 n=12: 130000/531441
[2026-09-01T13:42:08Z]   full KL q=3 n=12: 140000/531441
[2026-09-01T13:42:21Z]   full KL q=3 n=12: 150000/531441
[2026-09-01T13:42:33Z]   full KL q=3 n=12: 160000/531441
[2026-09-01T13:42:43Z]   full KL q=3 n=12: 170000/531441
[2026-09-01T13:42:50Z]   full KL q=3 n=12: 180000/531441
[2026-09-01T13:42:59Z]   full KL q=3 n=12: 190000/531441
[2026-09-01T13:43:09Z]   full KL q=3 n=12: 200000/531441
[2026-09-01T13:43:19Z]   full KL q=3 n=12: 210000/531441
[2026-09-01T13:43:31Z]   full KL q=3 n=12: 220000/531441
[2026-09-01T13:43:44Z]   full KL q=3 n=12: 230000/531441
[2026-09-01T13:43:53Z]   full KL q=3 n=12: 240000/531441
[2026-09-01T13:44:02Z]   full KL q=3 n=12: 250000/531441
[2026-09-01T13:44:11Z]   full KL q=3 n=12: 260000/531441
[2026-09-01T13:44:17Z]   full KL q=3 n=12: 270000/531441
[2026-09-01T13:44:25Z]   full KL q=3 n=12: 280000/531441
[2026-09-01T13:44:34Z]   full KL q=3 n=12: 290000/531441
[2026-09-01T13:44:43Z]   full KL q=3 n=12: 300000/531441
[2026-09-01T13:44:56Z]   full KL q=3 n=12: 310000/531441
[2026-09-01T13:45:09Z]   full KL q=3 n=12: 320000/531441
[2026-09-01T13:45:19Z]   full KL q=3 n=12: 330000/531441
[2026-09-01T13:45:29Z]   full KL q=3 n=12: 340000/531441
[2026-09-01T13:45:39Z]   full KL q=3 n=12: 350000/531441
[2026-09-01T13:45:46Z]   full KL q=3 n=12: 360000/531441
[2026-09-01T13:45:55Z]   full KL q=3 n=12: 370000/531441
[2026-09-01T13:46:07Z]   full KL q=3 n=12: 380000/531441
[2026-09-01T13:46:19Z]   full KL q=3 n=12: 390000/531441
[2026-09-01T13:46:30Z]   full KL q=3 n=12: 400000/531441
[2026-09-01T13:46:41Z]   full KL q=3 n=12: 410000/531441
[2026-09-01T13:46:51Z]   full KL q=3 n=12: 420000/531441
[2026-09-01T13:47:03Z]   full KL q=3 n=12: 430000/531441
[2026-09-01T13:47:14Z]   full KL q=3 n=12: 440000/531441
[2026-09-01T13:47:22Z]   full KL q=3 n=12: 450000/531441
[2026-09-01T13:47:33Z]   full KL q=3 n=12: 460000/531441
[2026-09-01T13:47:43Z]   full KL q=3 n=12: 470000/531441
[2026-09-01T13:47:50Z]   full KL q=3 n=12: 480000/531441
[2026-09-01T13:48:00Z]   full KL q=3 n=12: 490000/531441
[2026-09-01T13:48:09Z]   full KL q=3 n=12: 500000/531441
[2026-09-01T13:48:17Z]   full KL q=3 n=12: 510000/531441
[2026-09-01T13:48:23Z]   full KL q=3 n=12: 520000/531441
[2026-09-01T13:48:29Z]   full KL q=3 n=12: 530000/531441
[2026-09-01T13:49:15Z]   full KL q=3 n=12: 10000/531441
[2026-09-01T13:49:21Z]   full KL q=3 n=12: 20000/531441
[2026-09-01T13:49:29Z]   full KL q=3 n=12: 30000/531441
[2026-09-01T13:49:38Z]   full KL q=3 n=12: 40000/531441
[2026-09-01T13:49:47Z]   full KL q=3 n=12: 50000/531441
[2026-09-01T13:49:54Z]   full KL q=3 n=12: 60000/531441
[2026-09-01T13:50:03Z]   full KL q=3 n=12: 70000/531441
[2026-09-01T13:50:14Z]   full KL q=3 n=12: 80000/531441
[2026-09-01T13:50:21Z]   full KL q=3 n=12: 90000/531441
[2026-09-01T13:50:31Z]   full KL q=3 n=12: 100000/531441
[2026-09-01T13:50:43Z]   full KL q=3 n=12: 110000/531441
[2026-09-01T13:50:52Z]   full KL q=3 n=12: 120000/531441
[2026-09-01T13:51:02Z]   full KL q=3 n=12: 130000/531441
[2026-09-01T13:51:11Z]   full KL q=3 n=12: 140000/531441
[2026-09-01T13:51:22Z]   full KL q=3 n=12: 150000/531441
[2026-09-01T13:51:32Z]   full KL q=3 n=12: 160000/531441
[2026-09-01T13:51:42Z]   full KL q=3 n=12: 170000/531441
[2026-09-01T13:51:48Z]   full KL q=3 n=12: 180000/531441
[2026-09-01T13:51:56Z]   full KL q=3 n=12: 190000/531441
[2026-09-01T13:52:06Z]   full KL q=3 n=12: 200000/531441
[2026-09-01T13:52:15Z]   full KL q=3 n=12: 210000/531441
[2026-09-01T13:52:26Z]   full KL q=3 n=12: 220000/531441
[2026-09-01T13:52:37Z]   full KL q=3 n=12: 230000/531441
[2026-09-01T13:52:46Z]   full KL q=3 n=12: 240000/531441
[2026-09-01T13:52:54Z]   full KL q=3 n=12: 250000/531441
[2026-09-01T13:53:02Z]   full KL q=3 n=12: 260000/531441
[2026-09-01T13:53:06Z]   full KL q=3 n=12: 270000/531441
[2026-09-01T13:53:11Z]   full KL q=3 n=12: 280000/531441
[2026-09-01T13:53:18Z]   full KL q=3 n=12: 290000/531441
[2026-09-01T13:53:24Z]   full KL q=3 n=12: 300000/531441
[2026-09-01T13:53:32Z]   full KL q=3 n=12: 310000/531441
[2026-09-01T13:53:40Z]   full KL q=3 n=12: 320000/531441
[2026-09-01T13:53:47Z]   full KL q=3 n=12: 330000/531441
[2026-09-01T13:53:54Z]   full KL q=3 n=12: 340000/531441
[2026-09-01T13:54:00Z]   full KL q=3 n=12: 350000/531441
[2026-09-01T13:54:05Z]   full KL q=3 n=12: 360000/531441
[2026-09-01T13:54:12Z]   full KL q=3 n=12: 370000/531441
[2026-09-01T13:54:19Z]   full KL q=3 n=12: 380000/531441
[2026-09-01T13:54:27Z]   full KL q=3 n=12: 390000/531441
[2026-09-01T13:54:35Z]   full KL q=3 n=12: 400000/531441
[2026-09-01T13:54:43Z]   full KL q=3 n=12: 410000/531441
[2026-09-01T13:54:50Z]   full KL q=3 n=12: 420000/531441
[2026-09-01T13:54:58Z]   full KL q=3 n=12: 430000/531441
[2026-09-01T13:55:06Z]   full KL q=3 n=12: 440000/531441
[2026-09-01T13:55:12Z]   full KL q=3 n=12: 450000/531441
[2026-09-01T13:55:19Z]   full KL q=3 n=12: 460000/531441
[2026-09-01T13:55:26Z]   full KL q=3 n=12: 470000/531441
[2026-09-01T13:55:32Z]   full KL q=3 n=12: 480000/531441
[2026-09-01T13:55:39Z]   full KL q=3 n=12: 490000/531441
[2026-09-01T13:55:45Z]   full KL q=3 n=12: 500000/531441
[2026-09-01T13:55:51Z]   full KL q=3 n=12: 510000/531441
[2026-09-01T13:55:56Z]   full KL q=3 n=12: 520000/531441
[2026-09-01T13:56:00Z]   full KL q=3 n=12: 530000/531441
[2026-09-01T13:56:00Z] q=3 n=12 d=1/5 ordinal=1 status=CERTIFIED rss=3834200064
