This is pdfTeX, Version 3.141592653-2.6-1.40.27 (TeX Live 2025/Homebrew) (preloaded format=pdflatex 2025.11.7)  21 AUG 2026 21:41
entering extended mode
 restricted \write18 enabled.
 %&-line parsing enabled.
**main_exact_3d_ising.tex
(./main_exact_3d_ising.tex
LaTeX2e <2024-11-01> patch level 2
L3 programming layer <2025-01-18>

(/opt/homebrew/Cellar/texlive/20250308_2/share/texmf-dist/tex/latex/base/articl
e.cls
Document Class: article 2024/06/29 v1.4n Standard LaTeX document class

(/opt/homebrew/Cellar/texlive/20250308_2/share/texmf-dist/tex/latex/base/size11
.clo
File: size11.clo 2024/06/29 v1.4n Standard LaTeX file (size option)
)
\c@part=\count196
\c@section=\count197
\c@subsection=\count198
\c@subsubsection=\count199
\c@paragraph=\count266
\c@subparagraph=\count267
\c@figure=\count268
\c@table=\count269
\abovecaptionskip=\skip49
\belowcaptionskip=\skip50
\bibindent=\dimen141
)
(/opt/homebrew/Cellar/texlive/20250308_2/share/texmf-dist/tex/latex/geometry/ge
ometry.sty
Package: geometry 2020/01/02 v5.9 Page Geometry

(/opt/homebrew/Cellar/texlive/20250308_2/share/texmf-dist/tex/latex/graphics/ke
yval.sty
Package: keyval 2022/05/29 v1.15 key=value parser (DPC)
\KV@toks@=\toks17
)
(/opt/homebrew/Cellar/texlive/20250308_2/share/texmf-dist/tex/generic/iftex/ifv
tex.sty
Package: ifvtex 2019/10/25 v1.7 ifvtex legacy package. Use iftex instead.

(/opt/homebrew/Cellar/texlive/20250308_2/share/texmf-dist/tex/generic/iftex/ift
ex.sty
Package: iftex 2024/12/12 v1.0g TeX engine tests
))
\Gm@cnth=\count270
\Gm@cntv=\count271
\c@Gm@tempcnt=\count272
\Gm@bindingoffset=\dimen142
\Gm@wd@mp=\dimen143
\Gm@odd@mp=\dimen144
\Gm@even@mp=\dimen145
\Gm@layoutwidth=\dimen146
\Gm@layoutheight=\dimen147
\Gm@layouthoffset=\dimen148
\Gm@layoutvoffset=\dimen149
\Gm@dimlist=\toks18
)
(/opt/homebrew/Cellar/texlive/20250308_2/share/texmf-dist/tex/latex/amsmath/ams
math.sty
Package: amsmath 2024/11/05 v2.17t AMS math features
\@mathmargin=\skip51

For additional information on amsmath, use the `?' option.

(/opt/homebrew/Cellar/texlive/20250308_2/share/texmf-dist/tex/latex/amsmath/ams
text.sty
Package: amstext 2021/08/26 v2.01 AMS text

(/opt/homebrew/Cellar/texlive/20250308_2/share/texmf-dist/tex/latex/amsmath/ams
gen.sty
File: amsgen.sty 1999/11/30 v2.0 generic functions
\@emptytoks=\toks19
\ex@=\dimen150
))
(/opt/homebrew/Cellar/texlive/20250308_2/share/texmf-dist/tex/latex/amsmath/ams
bsy.sty
Package: amsbsy 1999/11/29 v1.2d Bold Symbols
\pmbraise@=\dimen151
)
(/opt/homebrew/Cellar/texlive/20250308_2/share/texmf-dist/tex/latex/amsmath/ams
opn.sty
Package: amsopn 2022/04/08 v2.04 operator names
)
\inf@bad=\count273
LaTeX Info: Redefining \frac on input line 233.
\uproot@=\count274
\leftroot@=\count275
LaTeX Info: Redefining \overline on input line 398.
LaTeX Info: Redefining \colon on input line 409.
\classnum@=\count276
\DOTSCASE@=\count277
LaTeX Info: Redefining \ldots on input line 495.
LaTeX Info: Redefining \dots on input line 498.
LaTeX Info: Redefining \cdots on input line 619.
\Mathstrutbox@=\box52
\strutbox@=\box53
LaTeX Info: Redefining \big on input line 721.
LaTeX Info: Redefining \Big on input line 722.
LaTeX Info: Redefining \bigg on input line 723.
LaTeX Info: Redefining \Bigg on input line 724.
\big@size=\dimen152
LaTeX Font Info:    Redeclaring font encoding OML on input line 742.
LaTeX Font Info:    Redeclaring font encoding OMS on input line 743.
\macc@depth=\count278
LaTeX Info: Redefining \bmod on input line 904.
LaTeX Info: Redefining \pmod on input line 909.
LaTeX Info: Redefining \smash on input line 939.
LaTeX Info: Redefining \relbar on input line 969.
LaTeX Info: Redefining \Relbar on input line 970.
\c@MaxMatrixCols=\count279
\dotsspace@=\muskip17
\c@parentequation=\count280
\dspbrk@lvl=\count281
\tag@help=\toks20
\row@=\count282
\column@=\count283
\maxfields@=\count284
\andhelp@=\toks21
\eqnshift@=\dimen153
\alignsep@=\dimen154
\tagshift@=\dimen155
\tagwidth@=\dimen156
\totwidth@=\dimen157
\lineht@=\dimen158
\@envbody=\toks22
\multlinegap=\skip52
\multlinetaggap=\skip53
\mathdisplay@stack=\toks23
LaTeX Info: Redefining \[ on input line 2953.
LaTeX Info: Redefining \] on input line 2954.
)
(/opt/homebrew/Cellar/texlive/20250308_2/share/texmf-dist/tex/latex/amsfonts/am
ssymb.sty
Package: amssymb 2013/01/14 v3.01 AMS font symbols

(/opt/homebrew/Cellar/texlive/20250308_2/share/texmf-dist/tex/latex/amsfonts/am
sfonts.sty
Package: amsfonts 2013/01/14 v3.01 Basic AMSFonts support
\symAMSa=\mathgroup4
\symAMSb=\mathgroup5
LaTeX Font Info:    Redeclaring math symbol \hbar on input line 98.
LaTeX Font Info:    Overwriting math alphabet `\mathfrak' in version `bold'
(Font)                  U/euf/m/n --> U/euf/b/n on input line 106.
))
(/opt/homebrew/Cellar/texlive/20250308_2/share/texmf-dist/tex/latex/amscls/amst
hm.sty
Package: amsthm 2020/05/29 v2.20.6
\thm@style=\toks24
\thm@bodyfont=\toks25
\thm@headfont=\toks26
\thm@notefont=\toks27
\thm@headpunct=\toks28
\thm@preskip=\skip54
\thm@postskip=\skip55
\thm@headsep=\skip56
\dth@everypar=\toks29
)
(/opt/homebrew/Cellar/texlive/20250308_2/share/texmf-dist/tex/latex/mathtools/m
athtools.sty
Package: mathtools 2024/10/04 v1.31 mathematical typesetting tools

(/opt/homebrew/Cellar/texlive/20250308_2/share/texmf-dist/tex/latex/tools/calc.
sty
Package: calc 2023/07/08 v4.3 Infix arithmetic (KKT,FJ)
\calc@Acount=\count285
\calc@Bcount=\count286
\calc@Adimen=\dimen159
\calc@Bdimen=\dimen160
\calc@Askip=\skip57
\calc@Bskip=\skip58
LaTeX Info: Redefining \setlength on input line 80.
LaTeX Info: Redefining \addtolength on input line 81.
\calc@Ccount=\count287
\calc@Cskip=\skip59
)
(/opt/homebrew/Cellar/texlive/20250308_2/share/texmf-dist/tex/latex/mathtools/m
hsetup.sty
Package: mhsetup 2021/03/18 v1.4 programming setup (MH)
)
\g_MT_multlinerow_int=\count288
\l_MT_multwidth_dim=\dimen161
\origjot=\skip60
\l_MT_shortvdotswithinadjustabove_dim=\dimen162
\l_MT_shortvdotswithinadjustbelow_dim=\dimen163
\l_MT_above_intertext_sep=\dimen164
\l_MT_below_intertext_sep=\dimen165
\l_MT_above_shortintertext_sep=\dimen166
\l_MT_below_shortintertext_sep=\dimen167
\xmathstrut@box=\box54
\xmathstrut@dim=\dimen168
)
(/opt/homebrew/Cellar/texlive/20250308_2/share/texmf-dist/tex/latex/booktabs/bo
oktabs.sty
Package: booktabs 2020/01/12 v1.61803398 Publication quality tables
\heavyrulewidth=\dimen169
\lightrulewidth=\dimen170
\cmidrulewidth=\dimen171
\belowrulesep=\dimen172
\belowbottomsep=\dimen173
\aboverulesep=\dimen174
\abovetopsep=\dimen175
\cmidrulesep=\dimen176
\cmidrulekern=\dimen177
\defaultaddspace=\dimen178
\@cmidla=\count289
\@cmidlb=\count290
\@aboverulesep=\dimen179
\@belowrulesep=\dimen180
\@thisruleclass=\count291
\@lastruleclass=\count292
\@thisrulewidth=\dimen181
)
(/opt/homebrew/Cellar/texlive/20250308_2/share/texmf-dist/tex/latex/enumitem/en
umitem.sty
Package: enumitem 2025/02/06 v3.11 Customized lists
\labelindent=\skip61
\enit@outerparindent=\dimen182
\enit@toks=\toks30
\enit@inbox=\box55
\enit@count@id=\count293
\enitdp@description=\count294
)
(/opt/homebrew/Cellar/texlive/20250308_2/share/texmf-dist/tex/latex/tools/longt
able.sty
Package: longtable 2024-10-27 v4.22 Multi-page Table package (DPC)
\LTleft=\skip62
\LTright=\skip63
\LTpre=\skip64
\LTpost=\skip65
\LTchunksize=\count295
\LTcapwidth=\dimen183
\LT@head=\box56
\LT@firsthead=\box57
\LT@foot=\box58
\LT@lastfoot=\box59
\LT@gbox=\box60
\LT@cols=\count296
\LT@rows=\count297
\c@LT@tables=\count298
\c@LT@chunks=\count299
\LT@p@ftn=\toks31
)
(/opt/homebrew/Cellar/texlive/20250308_2/share/texmf-dist/tex/latex/hyperref/hy
perref.sty
Package: hyperref 2024-11-05 v7.01l Hypertext links for LaTeX

(/opt/homebrew/Cellar/texlive/20250308_2/share/texmf-dist/tex/latex/kvsetkeys/k
vsetkeys.sty
Package: kvsetkeys 2022-10-05 v1.19 Key value parser (HO)
)
(/opt/homebrew/Cellar/texlive/20250308_2/share/texmf-dist/tex/generic/kvdefinek
eys/kvdefinekeys.sty
Package: kvdefinekeys 2019-12-19 v1.6 Define keys (HO)
)
(/opt/homebrew/Cellar/texlive/20250308_2/share/texmf-dist/tex/generic/pdfescape
/pdfescape.sty
Package: pdfescape 2019/12/09 v1.15 Implements pdfTeX's escape features (HO)

(/opt/homebrew/Cellar/texlive/20250308_2/share/texmf-dist/tex/generic/ltxcmds/l
txcmds.sty
Package: ltxcmds 2023-12-04 v1.26 LaTeX kernel commands for general use (HO)
)
(/opt/homebrew/Cellar/texlive/20250308_2/share/texmf-dist/tex/generic/pdftexcmd
s/pdftexcmds.sty
Package: pdftexcmds 2020-06-27 v0.33 Utility functions of pdfTeX for LuaTeX (HO
)

(/opt/homebrew/Cellar/texlive/20250308_2/share/texmf-dist/tex/generic/infwarerr
/infwarerr.sty
Package: infwarerr 2019/12/03 v1.5 Providing info/warning/error messages (HO)
)
Package pdftexcmds Info: \pdf@primitive is available.
Package pdftexcmds Info: \pdf@ifprimitive is available.
Package pdftexcmds Info: \pdfdraftmode found.
))
(/opt/homebrew/Cellar/texlive/20250308_2/share/texmf-dist/tex/latex/hycolor/hyc
olor.sty
Package: hycolor 2020-01-27 v1.10 Color options for hyperref/bookmark (HO)
)
(/opt/homebrew/Cellar/texlive/20250308_2/share/texmf-dist/tex/latex/hyperref/na
meref.sty
Package: nameref 2023-11-26 v2.56 Cross-referencing by name of section

(/opt/homebrew/Cellar/texlive/20250308_2/share/texmf-dist/tex/latex/refcount/re
fcount.sty
Package: refcount 2019/12/15 v3.6 Data extraction from label references (HO)
)
(/opt/homebrew/Cellar/texlive/20250308_2/share/texmf-dist/tex/generic/gettitles
tring/gettitlestring.sty
Package: gettitlestring 2019/12/15 v1.6 Cleanup title references (HO)

(/opt/homebrew/Cellar/texlive/20250308_2/share/texmf-dist/tex/latex/kvoptions/k
voptions.sty
Package: kvoptions 2022-06-15 v3.15 Key value format for package options (HO)
))
\c@section@level=\count300
)
(/opt/homebrew/Cellar/texlive/20250308_2/share/texmf-dist/tex/latex/etoolbox/et
oolbox.sty
Package: etoolbox 2025/02/11 v2.5l e-TeX tools for LaTeX (JAW)
\etb@tempcnta=\count301
)
(/opt/homebrew/Cellar/texlive/20250308_2/share/texmf-dist/tex/generic/stringenc
/stringenc.sty
Package: stringenc 2019/11/29 v1.12 Convert strings between diff. encodings (HO
)
)
\@linkdim=\dimen184
\Hy@linkcounter=\count302
\Hy@pagecounter=\count303

(/opt/homebrew/Cellar/texlive/20250308_2/share/texmf-dist/tex/latex/hyperref/pd
1enc.def
File: pd1enc.def 2024-11-05 v7.01l Hyperref: PDFDocEncoding definition (HO)
Now handling font encoding PD1 ...
... no UTF-8 mapping file for font encoding PD1
)
(/opt/homebrew/Cellar/texlive/20250308_2/share/texmf-dist/tex/generic/intcalc/i
ntcalc.sty
Package: intcalc 2019/12/15 v1.3 Expandable calculations with integers (HO)
)
\Hy@SavedSpaceFactor=\count304

(/opt/homebrew/Cellar/texlive/20250308_2/share/texmf-dist/tex/latex/hyperref/pu
enc.def
File: puenc.def 2024-11-05 v7.01l Hyperref: PDF Unicode definition (HO)
Now handling font encoding PU ...
... no UTF-8 mapping file for font encoding PU
)
Package hyperref Info: Hyper figures OFF on input line 4157.
Package hyperref Info: Link nesting OFF on input line 4162.
Package hyperref Info: Hyper index ON on input line 4165.
Package hyperref Info: Plain pages OFF on input line 4172.
Package hyperref Info: Backreferencing OFF on input line 4177.
Package hyperref Info: Implicit mode ON; LaTeX internals redefined.
Package hyperref Info: Bookmarks ON on input line 4424.
\c@Hy@tempcnt=\count305

(/opt/homebrew/Cellar/texlive/20250308_2/share/texmf-dist/tex/latex/url/url.sty
\Urlmuskip=\muskip18
Package: url 2013/09/16  ver 3.4  Verb mode for urls, etc.
)
LaTeX Info: Redefining \url on input line 4763.
\XeTeXLinkMargin=\dimen185

(/opt/homebrew/Cellar/texlive/20250308_2/share/texmf-dist/tex/generic/bitset/bi
tset.sty
Package: bitset 2019/12/09 v1.3 Handle bit-vector datatype (HO)

(/opt/homebrew/Cellar/texlive/20250308_2/share/texmf-dist/tex/generic/bigintcal
c/bigintcalc.sty
Package: bigintcalc 2019/12/15 v1.5 Expandable calculations on big integers (HO
)
))
\Fld@menulength=\count306
\Field@Width=\dimen186
\Fld@charsize=\dimen187
Package hyperref Info: Hyper figures OFF on input line 6042.
Package hyperref Info: Link nesting OFF on input line 6047.
Package hyperref Info: Hyper index ON on input line 6050.
Package hyperref Info: backreferencing OFF on input line 6057.
Package hyperref Info: Link coloring OFF on input line 6062.
Package hyperref Info: Link coloring with OCG OFF on input line 6067.
Package hyperref Info: PDF/A mode OFF on input line 6072.

(/opt/homebrew/Cellar/texlive/20250308_2/share/texmf-dist/tex/latex/base/atbegs
hi-ltx.sty
Package: atbegshi-ltx 2021/01/10 v1.0c Emulation of the original atbegshi
package with kernel methods
)
\Hy@abspage=\count307
\c@Item=\count308
\c@Hfootnote=\count309
)
Package hyperref Info: Driver (autodetected): hpdftex.

(/opt/homebrew/Cellar/texlive/20250308_2/share/texmf-dist/tex/latex/hyperref/hp
dftex.def
File: hpdftex.def 2024-11-05 v7.01l Hyperref driver for pdfTeX

(/opt/homebrew/Cellar/texlive/20250308_2/share/texmf-dist/tex/latex/base/atvery
end-ltx.sty
Package: atveryend-ltx 2020/08/19 v1.0a Emulation of the original atveryend pac
kage
with kernel methods
)
\Fld@listcount=\count310
\c@bookmark@seq@number=\count311

(/opt/homebrew/Cellar/texlive/20250308_2/share/texmf-dist/tex/latex/rerunfilech
eck/rerunfilecheck.sty
Package: rerunfilecheck 2022-07-10 v1.10 Rerun checks for auxiliary files (HO)

(/opt/homebrew/Cellar/texlive/20250308_2/share/texmf-dist/tex/generic/uniquecou
nter/uniquecounter.sty
Package: uniquecounter 2019/12/15 v1.4 Provide unlimited unique counter (HO)
)
Package uniquecounter Info: New unique counter `rerunfilecheck' on input line 2
85.
)
\Hy@SectionHShift=\skip66
)
(/opt/homebrew/Cellar/texlive/20250308_2/share/texmf-dist/tex/latex/base/fonten
c.sty
Package: fontenc 2021/04/29 v2.0v Standard LaTeX package
)
(/opt/homebrew/Cellar/texlive/20250308_2/share/texmf-dist/tex/latex/lm/lmodern.
sty
Package: lmodern 2015/05/01 v1.6.1 Latin Modern Fonts
LaTeX Font Info:    Overwriting symbol font `operators' in version `normal'
(Font)                  OT1/cmr/m/n --> OT1/lmr/m/n on input line 22.
LaTeX Font Info:    Overwriting symbol font `letters' in version `normal'
(Font)                  OML/cmm/m/it --> OML/lmm/m/it on input line 23.
LaTeX Font Info:    Overwriting symbol font `symbols' in version `normal'
(Font)                  OMS/cmsy/m/n --> OMS/lmsy/m/n on input line 24.
LaTeX Font Info:    Overwriting symbol font `largesymbols' in version `normal'
(Font)                  OMX/cmex/m/n --> OMX/lmex/m/n on input line 25.
LaTeX Font Info:    Overwriting symbol font `operators' in version `bold'
(Font)                  OT1/cmr/bx/n --> OT1/lmr/bx/n on input line 26.
LaTeX Font Info:    Overwriting symbol font `letters' in version `bold'
(Font)                  OML/cmm/b/it --> OML/lmm/b/it on input line 27.
LaTeX Font Info:    Overwriting symbol font `symbols' in version `bold'
(Font)                  OMS/cmsy/b/n --> OMS/lmsy/b/n on input line 28.
LaTeX Font Info:    Overwriting symbol font `largesymbols' in version `bold'
(Font)                  OMX/cmex/m/n --> OMX/lmex/m/n on input line 29.
LaTeX Font Info:    Overwriting math alphabet `\mathbf' in version `normal'
(Font)                  OT1/cmr/bx/n --> OT1/lmr/bx/n on input line 31.
LaTeX Font Info:    Overwriting math alphabet `\mathsf' in version `normal'
(Font)                  OT1/cmss/m/n --> OT1/lmss/m/n on input line 32.
LaTeX Font Info:    Overwriting math alphabet `\mathit' in version `normal'
(Font)                  OT1/cmr/m/it --> OT1/lmr/m/it on input line 33.
LaTeX Font Info:    Overwriting math alphabet `\mathtt' in version `normal'
(Font)                  OT1/cmtt/m/n --> OT1/lmtt/m/n on input line 34.
LaTeX Font Info:    Overwriting math alphabet `\mathbf' in version `bold'
(Font)                  OT1/cmr/bx/n --> OT1/lmr/bx/n on input line 35.
LaTeX Font Info:    Overwriting math alphabet `\mathsf' in version `bold'
(Font)                  OT1/cmss/bx/n --> OT1/lmss/bx/n on input line 36.
LaTeX Font Info:    Overwriting math alphabet `\mathit' in version `bold'
(Font)                  OT1/cmr/bx/it --> OT1/lmr/bx/it on input line 37.
LaTeX Font Info:    Overwriting math alphabet `\mathtt' in version `bold'
(Font)                  OT1/cmtt/m/n --> OT1/lmtt/m/n on input line 38.
)
Package hyperref Info: Option `colorlinks' set `true' on input line 7.
\c@theorem=\count312
LaTeX Font Info:    Trying to load font information for T1+lmr on input line 30
.

(/opt/homebrew/Cellar/texlive/20250308_2/share/texmf-dist/tex/latex/lm/t1lmr.fd
File: t1lmr.fd 2015/05/01 v1.6.1 Font defs for Latin Modern
)
(/opt/homebrew/Cellar/texlive/20250308_2/share/texmf-dist/tex/latex/l3backend/l
3backend-pdftex.def
File: l3backend-pdftex.def 2024-05-08 L3 backend support: PDF output (pdfTeX)
\l__color_backend_stack_int=\count313
\l__pdf_internal_box=\box61
) (./main_exact_3d_ising.aux)
\openout1 = `main_exact_3d_ising.aux'.

LaTeX Font Info:    Checking defaults for OML/cmm/m/it on input line 30.
LaTeX Font Info:    ... okay on input line 30.
LaTeX Font Info:    Checking defaults for OMS/cmsy/m/n on input line 30.
LaTeX Font Info:    ... okay on input line 30.
LaTeX Font Info:    Checking defaults for OT1/cmr/m/n on input line 30.
LaTeX Font Info:    ... okay on input line 30.
LaTeX Font Info:    Checking defaults for T1/cmr/m/n on input line 30.
LaTeX Font Info:    ... okay on input line 30.
LaTeX Font Info:    Checking defaults for TS1/cmr/m/n on input line 30.
LaTeX Font Info:    ... okay on input line 30.
LaTeX Font Info:    Checking defaults for OMX/cmex/m/n on input line 30.
LaTeX Font Info:    ... okay on input line 30.
LaTeX Font Info:    Checking defaults for U/cmr/m/n on input line 30.
LaTeX Font Info:    ... okay on input line 30.
LaTeX Font Info:    Checking defaults for PD1/pdf/m/n on input line 30.
LaTeX Font Info:    ... okay on input line 30.
LaTeX Font Info:    Checking defaults for PU/pdf/m/n on input line 30.
LaTeX Font Info:    ... okay on input line 30.

*geometry* driver: auto-detecting
*geometry* detected driver: pdftex
*geometry* verbose mode - [ preamble ] result:
* driver: pdftex
* paper: <default>
* layout: <same size as paper>
* layoutoffset:(h,v)=(0.0pt,0.0pt)
* modes: 
* h-part:(L,W,R)=(72.26999pt, 469.75502pt, 72.26999pt)
* v-part:(T,H,B)=(72.26999pt, 650.43001pt, 72.26999pt)
* \paperwidth=614.295pt
* \paperheight=794.96999pt
* \textwidth=469.75502pt
* \textheight=650.43001pt
* \oddsidemargin=0.0pt
* \evensidemargin=0.0pt
* \topmargin=-37.0pt
* \headheight=12.0pt
* \headsep=25.0pt
* \topskip=11.0pt
* \footskip=30.0pt
* \marginparwidth=59.0pt
* \marginparsep=10.0pt
* \columnsep=10.0pt
* \skip\footins=10.0pt plus 4.0pt minus 2.0pt
* \hoffset=0.0pt
* \voffset=0.0pt
* \mag=1000
* \@twocolumnfalse
* \@twosidefalse
* \@mparswitchfalse
* \@reversemarginfalse
* (1in=72.27pt=25.4mm, 1cm=28.453pt)


(/opt/homebrew/Cellar/texlive/20250308_2/share/texmf-dist/tex/latex/graphics/gr
aphicx.sty
Package: graphicx 2021/09/16 v1.2d Enhanced LaTeX Graphics (DPC,SPQR)

(/opt/homebrew/Cellar/texlive/20250308_2/share/texmf-dist/tex/latex/graphics/gr
aphics.sty
Package: graphics 2024/08/06 v1.4g Standard LaTeX Graphics (DPC,SPQR)

(/opt/homebrew/Cellar/texlive/20250308_2/share/texmf-dist/tex/latex/graphics/tr
ig.sty
Package: trig 2023/12/02 v1.11 sin cos tan (DPC)
)
(/opt/homebrew/Cellar/texlive/20250308_2/share/texmf-dist/tex/latex/graphics-cf
g/graphics.cfg
File: graphics.cfg 2016/06/04 v1.11 sample graphics configuration
)
Package graphics Info: Driver file: pdftex.def on input line 106.

(/opt/homebrew/Cellar/texlive/20250308_2/share/texmf-dist/tex/latex/graphics-de
f/pdftex.def
File: pdftex.def 2024/04/13 v1.2c Graphics/color driver for pdftex

(/opt/homebrew/Cellar/texlive/20250308_2/share/texmf-dist/tex/context/base/mkii
/supp-pdf.mkii
[Loading MPS to PDF converter (version 2006.09.02).]
\scratchcounter=\count314
\scratchdimen=\dimen188
\scratchbox=\box62
\nofMPsegments=\count315
\nofMParguments=\count316
\everyMPshowfont=\toks32
\MPscratchCnt=\count317
\MPscratchDim=\dimen189
\MPnumerator=\count318
\makeMPintoPDFobject=\count319
\everyMPtoPDFconversion=\toks33
)))
(/opt/homebrew/Cellar/texlive/20250308_2/share/texmf-dist/tex/latex/epstopdf-pk
g/epstopdf-base.sty
Package: epstopdf-base 2020-01-24 v2.11 Base part for package epstopdf
Package epstopdf-base Info: Redefining graphics rule for `.eps' on input line 4
85.

(/opt/homebrew/Cellar/texlive/20250308_2/share/texmf-dist/tex/latex/latexconfig
/epstopdf-sys.cfg
File: epstopdf-sys.cfg 2010/07/13 v1.3 Configuration of (r)epstopdf for TeX Liv
e
))
\Gin@req@height=\dimen190
\Gin@req@width=\dimen191
)
(/opt/homebrew/Cellar/texlive/20250308_2/share/texmf-dist/tex/latex/graphics/co
lor.sty
Package: color 2024/06/23 v1.3e Standard LaTeX Color (DPC)

(/opt/homebrew/Cellar/texlive/20250308_2/share/texmf-dist/tex/latex/graphics-cf
g/color.cfg
File: color.cfg 2016/01/02 v1.6 sample color configuration
)
Package color Info: Driver file: pdftex.def on input line 149.

(/opt/homebrew/Cellar/texlive/20250308_2/share/texmf-dist/tex/latex/graphics/ma
thcolor.ltx))
Package hyperref Info: Link coloring ON on input line 30.
 (./main_exact_3d_ising.out) (./main_exact_3d_ising.out)
\@outlinefile=\write3
\openout3 = `main_exact_3d_ising.out'.

LaTeX Font Info:    Trying to load font information for OT1+lmr on input line 3
2.

(/opt/homebrew/Cellar/texlive/20250308_2/share/texmf-dist/tex/latex/lm/ot1lmr.f
d
File: ot1lmr.fd 2015/05/01 v1.6.1 Font defs for Latin Modern
)
LaTeX Font Info:    Trying to load font information for OML+lmm on input line 3
2.

(/opt/homebrew/Cellar/texlive/20250308_2/share/texmf-dist/tex/latex/lm/omllmm.f
d
File: omllmm.fd 2015/05/01 v1.6.1 Font defs for Latin Modern
)
LaTeX Font Info:    Trying to load font information for OMS+lmsy on input line 
32.

(/opt/homebrew/Cellar/texlive/20250308_2/share/texmf-dist/tex/latex/lm/omslmsy.
fd
File: omslmsy.fd 2015/05/01 v1.6.1 Font defs for Latin Modern
)
LaTeX Font Info:    Trying to load font information for OMX+lmex on input line 
32.

(/opt/homebrew/Cellar/texlive/20250308_2/share/texmf-dist/tex/latex/lm/omxlmex.
fd
File: omxlmex.fd 2015/05/01 v1.6.1 Font defs for Latin Modern
)
LaTeX Font Info:    External font `lmex10' loaded for size
(Font)              <12> on input line 32.
LaTeX Font Info:    External font `lmex10' loaded for size
(Font)              <8> on input line 32.
LaTeX Font Info:    External font `lmex10' loaded for size
(Font)              <6> on input line 32.
LaTeX Font Info:    Trying to load font information for U+msa on input line 32.


(/opt/homebrew/Cellar/texlive/20250308_2/share/texmf-dist/tex/latex/amsfonts/um
sa.fd
File: umsa.fd 2013/01/14 v3.01 AMS symbols A
)
LaTeX Font Info:    Trying to load font information for U+msb on input line 32.


(/opt/homebrew/Cellar/texlive/20250308_2/share/texmf-dist/tex/latex/amsfonts/um
sb.fd
File: umsb.fd 2013/01/14 v3.01 AMS symbols B
)
LaTeX Font Info:    External font `lmex10' loaded for size
(Font)              <10> on input line 41.
LaTeX Font Info:    External font `lmex10' loaded for size
(Font)              <7> on input line 41.
LaTeX Font Info:    External font `lmex10' loaded for size
(Font)              <5> on input line 41.
LaTeX Font Info:    Trying to load font information for U+euf on input line 46.


(/opt/homebrew/Cellar/texlive/20250308_2/share/texmf-dist/tex/latex/amsfonts/ue
uf.fd
File: ueuf.fd 2013/01/14 v3.01 Euler Fraktur
)
Overfull \hbox (227.65651pt too wide) in paragraph at lines 60--66
\T1/lmr/m/n/10 cates, and the crit-i-cal cou-pling is cer-ti-fied to lie in $\O
T1/lmr/m/n/10 [0\OML/lmm/m/it/10 :\OT1/lmr/m/n/10 21221597532702316272675171742
78577806020\OML/lmm/m/it/10 ;  \OT1/lmr/m/n/10 0\OML/lmm/m/it/10 :\OT1/lmr/m/n/
10 2527310098586630030260020266135701299926]$\T1/lmr/m/n/10 .
 []

(./main_exact_3d_ising.toc
LaTeX Font Info:    External font `lmex10' loaded for size
(Font)              <10.95> on input line 2.


[1

{/opt/homebrew/Cellar/texlive/20250308_2/share/texmf-dist/fonts/map/pdftex/updm
ap/pdftex.map}{/opt/homebrew/Cellar/texlive/20250308_2/share/texmf-dist/fonts/e
nc/dvips/lm/lm-ec.enc}{/opt/homebrew/Cellar/texlive/20250308_2/share/texmf-dist
/fonts/enc/dvips/lm/lm-rm.enc}{/opt/homebrew/Cellar/texlive/20250308_2/share/te
xmf-dist/fonts/enc/dvips/lm/lm-mathsy.enc}{/opt/homebrew/Cellar/texlive/2025030
8_2/share/texmf-dist/fonts/enc/dvips/lm/lm-mathit.enc}{/opt/homebrew/Cellar/tex
live/20250308_2/share/texmf-dist/fonts/enc/dvips/lm/lm-mathex.enc}])
\tf@toc=\write4
\openout4 = `main_exact_3d_ising.toc'.



[2]
LaTeX Font Info:    Trying to load font information for TS1+lmr on input line 9
4.

(/opt/homebrew/Cellar/texlive/20250308_2/share/texmf-dist/tex/latex/lm/ts1lmr.f
d
File: ts1lmr.fd 2015/05/01 v1.6.1 Font defs for Latin Modern
)
Underfull \hbox (badness 3088) in paragraph at lines 119--121
[]\T1/lmr/m/n/10 eight named lay-ers, affine-
 []


Underfull \hbox (badness 10000) in paragraph at lines 128--129
[]$[][]\OML/lmm/m/it/10 ; [][]; [][]; [][]$\T1/lmr/m/n/10 , $[]$; equal-ity
 []


Underfull \hbox (badness 10000) in paragraph at lines 131--132
[]\T1/lmr/m/n/10 named cou-plings, then
 []


Underfull \hbox (badness 10000) in paragraph at lines 136--136
[]\T1/lmr/m/n/10 positive-real cone empty; $\OT1/lmr/m/n/10 31\OML/lmm/m/it/10 
=\OT1/lmr/m/n/10 32$
 []


Underfull \hbox (badness 10000) in paragraph at lines 136--138
[]\T1/lmr/m/n/10 scalar translation-invariant
 []


Underfull \hbox (badness 10000) in paragraph at lines 138--138
[]$\OML/lmm/m/it/10 v[]$ \T1/lmr/m/n/10 high-temperature, $\OML/lmm/m/it/10 x[]
$ \T1/lmr/m/n/10 low-
 []


LaTeX Warning: `h' float specifier changed to `ht'.


Overfull \hbox (5.1904pt too wide) in paragraph at lines 164--169
\T1/lmr/m/n/10.95 with $\OML/lmm/m/it/10.95 X; Y; Z$ \T1/lmr/m/n/10.95 the Paul
i ma-tri-ces on $\OT1/lmr/m/n/10.95 (\U/msb/m/n/10.95 C[]\OT1/lmr/m/n/10.95 )[]
$ \T1/lmr/m/n/10.95 and $\OML/lmm/m/it/10.95 K[]$ \T1/lmr/m/n/10.95 the dual co
u-pling de-fined by $\OML/lmm/m/it/10.95 e[] \OT1/lmr/m/n/10.95 = [] \OML/lmm/m
/it/10.95 K$ \T1/lmr/m/n/10.95 [[]].
 []



[3{/opt/homebrew/Cellar/texlive/20250308_2/share/texmf-dist/fonts/enc/dvips/lm/
lm-ts1.enc}]

[4]
Overfull \hbox (62.32025pt too wide) in paragraph at lines 204--209
[]\OT1/lmr/m/n/10.95 (\OML/lmm/m/it/10.95 F; @[]F\OT1/lmr/m/n/10.95 )$ \T1/lmr/
m/it/10.95 com-puted over the frac-tion field. Then for ev-ery spe-cial-iza-tio
n $\OML/lmm/m/it/10.95 ^^\ \OMS/lmsy/m/n/10.95 7! \OML/lmm/m/it/10.95 ^^\[]$\T1
/lmr/m/it/10.95 , $[] []\OT1/lmr/m/n/10.95 (\OML/lmm/m/it/10.95 F\OT1/lmr/m/n/1
0.95 (\OMS/lmsy/m/n/10.95 ^^A\OT1/lmr/m/n/10.95 ; \OML/lmm/m/it/10.95 ^^\[]\OT1
/lmr/m/n/10.95 )\OML/lmm/m/it/10.95 ; @[]F\OT1/lmr/m/n/10.95 (\OMS/lmsy/m/n/10.
95 ^^A\OT1/lmr/m/n/10.95 ; \OML/lmm/m/it/10.95 ^^\[]\OT1/lmr/m/n/10.95 ))  \OMS
/lmsy/m/n/10.95 ^^U
 []


Overfull \hbox (34.597pt too wide) in paragraph at lines 204--209
[] \OML/lmm/m/it/10.95 G$\T1/lmr/m/it/10.95 . Con-se-quently one eval-u-ated po
int bounds the generic value, and the re-sul-tant $\OML/lmm/m/it/10.95 ^^Z \OT1
/lmr/m/n/10.95 = [][](\OML/lmm/m/it/10.95 F=G; @[]F=G\OT1/lmr/m/n/10.95 )$
 []

LaTeX Font Info:    Trying to load font information for T1+lmtt on input line 2
16.

(/opt/homebrew/Cellar/texlive/20250308_2/share/texmf-dist/tex/latex/lm/t1lmtt.f
d
File: t1lmtt.fd 2015/05/01 v1.6.1 Font defs for Latin Modern
)

[5]

[6]

[7]
Overfull \hbox (42.6904pt too wide) detected at line 400
[]
 []


Package hyperref Warning: Token not allowed in a PDF string (Unicode):
(hyperref)                removing `math shift' on input line 418.


Package hyperref Warning: Token not allowed in a PDF string (Unicode):
(hyperref)                removing `\times' on input line 418.


Package hyperref Warning: Token not allowed in a PDF string (Unicode):
(hyperref)                removing `math shift' on input line 418.



[8]

[9]

[10]

[11]

[12]
Overfull \hbox (2.62881pt too wide) in paragraph at lines 716--720
\T1/lmr/m/it/10.95 trols of the same size hit their ceil-ings ex-actly ($\OT1/l
mr/m/n/10.95 1351$\T1/lmr/m/it/10.95 , $\OT1/lmr/m/n/10.95 465751$\T1/lmr/m/it/
10.95 , $\OT1/lmr/m/n/10.95 111645$ \T1/lmr/m/it/10.95 re-spec-tively), and cha
racteristic-
 []


Package hyperref Warning: Token not allowed in a PDF string (Unicode):
(hyperref)                removing `math shift' on input line 728.


Package hyperref Warning: Token not allowed in a PDF string (Unicode):
(hyperref)                removing `\times' on input line 728.


Package hyperref Warning: Token not allowed in a PDF string (Unicode):
(hyperref)                removing `math shift' on input line 728.



[13]

[14]

[15]

[16]
Overfull \hbox (42.19386pt too wide) detected at line 949
\OT1/lmr/m/n/10.95 0\OML/lmm/m/it/10.95 :\OT1/lmr/m/n/10.95 2122159753270231627
267517174278577806020  \OMS/lmsy/m/n/10.95 ^^T  \OML/lmm/m/it/10.95 K[]  \OMS/l
msy/m/n/10.95 ^^T  \OT1/lmr/m/n/10.95 0\OML/lmm/m/it/10.95 :\OT1/lmr/m/n/10.95 
2527310098586630030260020266135701299926\OML/lmm/m/it/10.95 :
 []



[17]
Overfull \hbox (44.48907pt too wide) in paragraph at lines 1019--1032
\T1/lmr/m/n/10.95 and $\OML/lmm/m/it/10.95 r[]\OT1/lmr/m/n/10.95 (\OML/lmm/m/it
/10.95 T\OT1/lmr/m/n/10.95 ) = 445$ \T1/lmr/m/n/10.95 at all four named phys-i-
cal points $\OT1/lmr/m/n/10.95 (\OML/lmm/m/it/10.95 t; w\OT1/lmr/m/n/10.95 ) = 
(1\OML/lmm/m/it/10.95 =\OT1/lmr/m/n/10.95 3\OML/lmm/m/it/10.95 ; \OT1/lmr/m/n/1
0.95 5\OML/lmm/m/it/10.95 =\OT1/lmr/m/n/10.95 3)\OML/lmm/m/it/10.95 ; \OT1/lmr/
m/n/10.95 (1\OML/lmm/m/it/10.95 =\OT1/lmr/m/n/10.95 4\OML/lmm/m/it/10.95 ; \OT1
/lmr/m/n/10.95 17\OML/lmm/m/it/10.95 =\OT1/lmr/m/n/10.95 8)\OML/lmm/m/it/10.95 
; \OT1/lmr/m/n/10.95 (2\OML/lmm/m/it/10.95 =\OT1/lmr/m/n/10.95 5\OML/lmm/m/it/1
0.95 ; \OT1/lmr/m/n/10.95 29\OML/lmm/m/it/10.95 =\OT1/lmr/m/n/10.95 20)\OML/lmm
/m/it/10.95 ; \OT1/lmr/m/n/10.95 (1\OML/lmm/m/it/10.95 =\OT1/lmr/m/n/10.95 5\OM
L/lmm/m/it/10.95 ; \OT1/lmr/m/n/10.95 13\OML/lmm/m/it/10.95 =\OT1/lmr/m/n/10.95
 5)$
 []



[18]

[19]
Overfull \hbox (34.27847pt too wide) in paragraph at lines 1085--1088
[]\T1/lmr/m/n/10.95 Local al-ge-bra: $\T1/lmtt/m/n/10.95 proofs / dolan _ grady
 _ defect . md$\T1/lmr/m/n/10.95 , $\T1/lmtt/m/n/10.95 proofs / tridiagonal _ n
ogo . md$\T1/lmr/m/n/10.95 , $\T1/lmtt/m/n/10.95 proofs / algebraic _
 []


Overfull \hbox (27.03922pt too wide) in paragraph at lines 1085--1088
\T1/lmtt/m/n/10.95 obstruction . md$\T1/lmr/m/n/10.95 , $\T1/lmtt/m/n/10.95 pro
ofs / dg _ simultaneous . md$\T1/lmr/m/n/10.95 , $\T1/lmtt/m/n/10.95 proofs / l
ocal _ commutant . md$\T1/lmr/m/n/10.95 , $\T1/lmtt/m/n/10.95 proofs / extensiv
e _
 []


Overfull \hbox (0.91216pt too wide) in paragraph at lines 1088--1092
[]\T1/lmr/m/n/10.95 Characteristic-zero struc-ture: $\T1/lmtt/m/n/10.95 proofs 
/ char0 _ structure . md$\T1/lmr/m/n/10.95 , $\T1/lmtt/m/n/10.95 proofs / char0
 _ complete _ 2x4 . md$\T1/lmr/m/n/10.95 ,
 []


Overfull \hbox (32.78795pt too wide) in paragraph at lines 1088--1092
\T1/lmtt/m/n/10.95 proofs / char0 _ 3x3 . md$\T1/lmr/m/n/10.95 , $\T1/lmtt/m/n/
10.95 proofs / onsager _ quotient _ nogo . md$\T1/lmr/m/n/10.95 , $\T1/lmtt/m/n
/10.95 proofs / alternation _ law . md$\T1/lmr/m/n/10.95 , $\T1/lmtt/m/n/10.95 
proofs /
 []


Overfull \hbox (10.4015pt too wide) in paragraph at lines 1092--1097
[]\T1/lmr/m/n/10.95 Spectral: $\T1/lmtt/m/n/10.95 proofs / spectral _ gaussiani
ty . md$\T1/lmr/m/n/10.95 , $\T1/lmtt/m/n/10.95 proofs / pair _ product _ obstr
uction . md$\T1/lmr/m/n/10.95 , $\T1/lmtt/m/n/10.95 proofs /
 []


Overfull \hbox (21.29048pt too wide) in paragraph at lines 1092--1097
\T1/lmtt/m/n/10.95 pair _ product _ scale . md$\T1/lmr/m/n/10.95 , $\T1/lmtt/m/
n/10.95 proofs / pair _ product _ 3x3 . md$\T1/lmr/m/n/10.95 , $\T1/lmtt/m/n/10
.95 proofs / pair _ product _ 2x5 . md$\T1/lmr/m/n/10.95 , $\T1/lmtt/m/n/10.95 
proofs /
 []


Overfull \hbox (4.04428pt too wide) in paragraph at lines 1092--1097
\T1/lmtt/m/n/10.95 gaussian _ 2x6 . md$\T1/lmr/m/n/10.95 , $\T1/lmtt/m/n/10.95 
proofs / parity _ pair _ product . md$\T1/lmr/m/n/10.95 , $\T1/lmtt/m/n/10.95 p
roofs / allsize _ gaussian . md$\T1/lmr/m/n/10.95 , $\T1/lmtt/m/n/10.95 proofs 
/
 []


Overfull \hbox (4.04428pt too wide) in paragraph at lines 1097--1100
\T1/lmtt/m/n/10.95 ward _ positive _ real . md$\T1/lmr/m/n/10.95 , $\T1/lmtt/m/
n/10.95 proofs / kac _ ward _ full _ family . md$\T1/lmr/m/n/10.95 , $\T1/lmtt/
m/n/10.95 proofs / kw _ cubic . md$\T1/lmr/m/n/10.95 , $\T1/lmtt/m/n/10.95 resu
lts /
 []


Overfull \hbox (15.54175pt too wide) in paragraph at lines 1100--1104
\T1/lmtt/m/n/10.95 proofs / saw _ union4 . md$\T1/lmr/m/n/10.95 , $\T1/lmtt/m/n
/10.95 proofs / kc _ bounds _ improved . md$\T1/lmr/m/n/10.95 , $\T1/lmtt/m/n/1
0.95 proofs / upper _ infrared . md$\T1/lmr/m/n/10.95 , $\T1/lmtt/m/n/10.95 pro
ofs /
 []


Overfull \hbox (31.9367pt too wide) in paragraph at lines 1104--1108
[]\T1/lmr/m/n/10.95 Orientation: $\T1/lmtt/m/n/10.95 problem _ specification . 
md$\T1/lmr/m/n/10.95 , $\T1/lmtt/m/n/10.95 notes / CODE _ API . md$\T1/lmr/m/n/
10.95 , $\T1/lmtt/m/n/10.95 README . md$\T1/lmr/m/n/10.95 , $\T1/lmtt/m/n/10.95
 checkpoints / verified _
 []


Overfull \hbox (44.28542pt too wide) in paragraph at lines 1104--1108
\T1/lmtt/m/n/10.95 results . json$\T1/lmr/m/n/10.95 , $\T1/lmtt/m/n/10.95 check
points / current _ state . md$\T1/lmr/m/n/10.95 , $\T1/lmtt/m/n/10.95 checkpoin
ts / next _ actions . md$\T1/lmr/m/n/10.95 , $\T1/lmtt/m/n/10.95 notes / hypoth
eses .
 []

(./main_exact_3d_ising.bbl

[20]

[21]

[22])

[23] (./main_exact_3d_ising.aux)
 ***********
LaTeX2e <2024-11-01> patch level 2
L3 programming layer <2025-01-18>
 ***********
Package rerunfilecheck Info: File `main_exact_3d_ising.out' has not changed.
(rerunfilecheck)             Checksum: F922B4008877862BD096294123AE7D3A;7299.
 ) 
Here is how much of TeX's memory you used:
 12269 strings out of 473190
 193503 string characters out of 5704335
 601346 words of memory out of 5000000
 35161 multiletter control sequences out of 15000+600000
 640563 words of font info for 98 fonts, out of 8000000 for 9000
 1141 hyphenation exceptions out of 8191
 75i,18n,79p,556b,628s stack positions out of 10000i,1000n,20000p,200000b,200000s
</opt/homebrew/Cellar/texlive/20250308_2/share/texmf-dist/fonts/type1/public/
amsfonts/euler/eufm10.pfb></opt/homebrew/Cellar/texlive/20250308_2/share/texmf-
dist/fonts/type1/public/lm/lmbx10.pfb></opt/homebrew/Cellar/texlive/20250308_2/
share/texmf-dist/fonts/type1/public/lm/lmbx12.pfb></opt/homebrew/Cellar/texlive
/20250308_2/share/texmf-dist/fonts/type1/public/lm/lmex10.pfb></opt/homebrew/Ce
llar/texlive/20250308_2/share/texmf-dist/fonts/type1/public/lm/lmmi10.pfb></opt
/homebrew/Cellar/texlive/20250308_2/share/texmf-dist/fonts/type1/public/lm/lmmi
12.pfb></opt/homebrew/Cellar/texlive/20250308_2/share/texmf-dist/fonts/type1/pu
blic/lm/lmmi6.pfb></opt/homebrew/Cellar/texlive/20250308_2/share/texmf-dist/fon
ts/type1/public/lm/lmmi7.pfb></opt/homebrew/Cellar/texlive/20250308_2/share/tex
mf-dist/fonts/type1/public/lm/lmmi8.pfb></opt/homebrew/Cellar/texlive/20250308_
2/share/texmf-dist/fonts/type1/public/lm/lmr10.pfb></opt/homebrew/Cellar/texliv
e/20250308_2/share/texmf-dist/fonts/type1/public/lm/lmr12.pfb></opt/homebrew/Ce
llar/texlive/20250308_2/share/texmf-dist/fonts/type1/public/lm/lmr17.pfb></opt/
homebrew/Cellar/texlive/20250308_2/share/texmf-dist/fonts/type1/public/lm/lmr6.
pfb></opt/homebrew/Cellar/texlive/20250308_2/share/texmf-dist/fonts/type1/publi
c/lm/lmr7.pfb></opt/homebrew/Cellar/texlive/20250308_2/share/texmf-dist/fonts/t
ype1/public/lm/lmr8.pfb></opt/homebrew/Cellar/texlive/20250308_2/share/texmf-di
st/fonts/type1/public/lm/lmri10.pfb></opt/homebrew/Cellar/texlive/20250308_2/sh
are/texmf-dist/fonts/type1/public/lm/lmsy10.pfb></opt/homebrew/Cellar/texlive/2
0250308_2/share/texmf-dist/fonts/type1/public/lm/lmsy6.pfb></opt/homebrew/Cella
r/texlive/20250308_2/share/texmf-dist/fonts/type1/public/lm/lmsy7.pfb></opt/hom
ebrew/Cellar/texlive/20250308_2/share/texmf-dist/fonts/type1/public/lm/lmsy8.pf
b></opt/homebrew/Cellar/texlive/20250308_2/share/texmf-dist/fonts/type1/public/
lm/lmtt10.pfb></opt/homebrew/Cellar/texlive/20250308_2/share/texmf-dist/fonts/t
ype1/public/amsfonts/symbols/msbm10.pfb>
Output written on main_exact_3d_ising.pdf (23 pages, 466681 bytes).
PDF statistics:
 635 PDF objects out of 1000 (max. 8388607)
 557 compressed objects within 6 object streams
 155 named destinations out of 1000 (max. 500000)
 281 words of extra memory for PDF output out of 10000 (max. 10000000)

