rows selected: 34
row 0016 15_6_0218: d_bound=14 best=6 exact=6 x_exact=6 in 2.24s
row 0028 15_6_0224: d_bound=16 best=6 exact=6 x_exact=6 in 2.17s
row 0035 bliss_b261ff5e77ae456d: d_bound=12 best=6 exact=6 x_exact=6 in 1.63s
row 0041 12_6_0194: d_bound=12 best=6 exact=6 x_exact=6 in 1.12s
row 0045 bliss_c374c80bd8c83df1: d_bound=10 best=6 exact=6 x_exact=6 in 2.24s
row 0063 9_6_0121: d_bound=10 best=6 exact=6 x_exact=6 in 0.65s
row 0081 bliss_8dacd619802a8e88: d_bound=12 best=6 exact=6 x_exact=6 in 1.12s
row 0102 9_6_0135: d_bound=10 best=6 exact=6 x_exact=6 in 0.60s
row 0108 12_6_0199: d_bound=12 best=6 exact=6 x_exact=6 in 1.00s
row 0118 bliss_c6cf81287810866d: d_bound=10 best=6 exact=6 x_exact=6 in 2.14s
row 0127 phase2_51: d_bound=6 best=6 exact=6 x_exact=6 in 0.36s
row 0140 12_6_0200: d_bound=10 best=6 exact=6 x_exact=6 in 1.37s
row 0144 12_6_0202: d_bound=12 best=6 exact=6 x_exact=6 in 1.08s
row 0149 9_6_0142: d_bound=12 best=6 exact=6 x_exact=6 in 0.66s
row 0159 9_6_0145: d_bound=8 best=6 exact=6 x_exact=6 in 0.62s
row 0175 15_6_0249: d_bound=14 best=6 exact=6 x_exact=6 in 2.56s
row 0196 phase2_0: d_bound=6 best=6 exact=6 x_exact=6 in 0.06s
row 0202 12_6_0212: d_bound=12 best=6 exact=6 x_exact=6 in 1.18s
row 0209 phase2_93: d_bound=6 best=6 exact=6 x_exact=6 in 0.94s
row 0237 9_6_0146: d_bound=10 best=6 exact=6 x_exact=6 in 0.71s
row 0242 9_6_0150: d_bound=10 best=6 exact=6 x_exact=6 in 0.72s
row 0248 9_6_0155: d_bound=8 best=6 exact=6 x_exact=6 in 0.62s
row 0253 bliss_2d9308956f32d8bf: d_bound=8 best=6 exact=6 x_exact=6 in 0.56s
row 0262 9_6_0160: d_bound=8 best=6 exact=6 x_exact=6 in 0.54s
row 0279 9_6_0168: d_bound=8 best=6 exact=6 x_exact=6 in 0.55s
row 0301 12_6_0216: d_bound=10 best=6 exact=6 x_exact=6 in 1.18s
row 0305 phase2_70: d_bound=10 best=6 exact=6 x_exact=6 in 0.65s
row 0310 9_6_0177: d_bound=8 best=6 exact=6 x_exact=6 in 0.69s
row 0315 9_6_0181: d_bound=8 best=6 exact=6 x_exact=6 in 0.68s
row 0334 phase2_105: d_bound=6 best=6 exact=6 x_exact=6 in 1.07s
row 0339 phase2_60: d_bound=4 best=4 exact=4 x_exact=None in 0.08s
row 0351 phase2_79: d_bound=6 best=6 exact=6 x_exact=6 in 0.56s
row 0357 phase2_85: d_bound=6 best=6 exact=6 x_exact=6 in 0.55s
row 0367 phase2_89: d_bound=6 best=6 exact=6 x_exact=6 in 0.64s
rows selected: 34
row 0016 15_6_0218: d_bound=14 best=6 exact=6 x_exact=6 in 2.14s
row 0028 15_6_0224: d_bound=16 best=6 exact=6 x_exact=6 in 2.09s
row 0035 bliss_b261ff5e77ae456d: d_bound=12 best=6 exact=6 x_exact=6 in 1.53s
row 0041 12_6_0194: d_bound=12 best=6 exact=6 x_exact=6 in 1.07s
row 0045 bliss_c374c80bd8c83df1: d_bound=10 best=6 exact=6 x_exact=6 in 2.18s
row 0063 9_6_0121: d_bound=10 best=6 exact=6 x_exact=6 in 0.74s
row 0081 bliss_8dacd619802a8e88: d_bound=12 best=6 exact=6 x_exact=6 in 1.16s
row 0102 9_6_0135: d_bound=10 best=6 exact=6 x_exact=6 in 0.61s
row 0108 12_6_0199: d_bound=12 best=6 exact=6 x_exact=6 in 1.07s
row 0118 bliss_c6cf81287810866d: d_bound=10 best=6 exact=6 x_exact=6 in 2.11s
row 0127 phase2_51: d_bound=6 best=6 exact=6 x_exact=6 in 0.33s
row 0140 12_6_0200: d_bound=10 best=6 exact=6 x_exact=6 in 1.40s
row 0144 12_6_0202: d_bound=12 best=6 exact=6 x_exact=6 in 1.04s
row 0149 9_6_0142: d_bound=12 best=6 exact=6 x_exact=6 in 0.64s
row 0159 9_6_0145: d_bound=8 best=6 exact=6 x_exact=6 in 0.61s
row 0175 15_6_0249: d_bound=14 best=6 exact=6 x_exact=6 in 2.39s
row 0196 phase2_0: d_bound=6 best=6 exact=6 x_exact=6 in 0.07s
row 0202 12_6_0212: d_bound=12 best=6 exact=6 x_exact=6 in 1.12s
row 0209 phase2_93: d_bound=6 best=6 exact=6 x_exact=6 in 1.01s
row 0237 9_6_0146: d_bound=10 best=6 exact=6 x_exact=6 in 0.72s
row 0242 9_6_0150: d_bound=10 best=6 exact=6 x_exact=6 in 0.68s
row 0248 9_6_0155: d_bound=8 best=6 exact=6 x_exact=6 in 0.66s
row 0253 bliss_2d9308956f32d8bf: d_bound=8 best=6 exact=6 x_exact=6 in 0.58s
row 0262 9_6_0160: d_bound=8 best=6 exact=6 x_exact=6 in 0.53s
row 0279 9_6_0168: d_bound=8 best=6 exact=6 x_exact=6 in 0.57s
row 0301 12_6_0216: d_bound=10 best=6 exact=6 x_exact=6 in 1.20s
row 0305 phase2_70: d_bound=10 best=6 exact=6 x_exact=6 in 0.59s
row 0310 9_6_0177: d_bound=8 best=6 exact=6 x_exact=6 in 0.64s
row 0315 9_6_0181: d_bound=8 best=6 exact=6 x_exact=6 in 0.64s
row 0334 phase2_105: d_bound=6 best=6 exact=6 x_exact=6 in 1.10s
row 0339 phase2_60: d_bound=4 best=4 exact=4 x_exact=None in 0.10s
row 0351 phase2_79: d_bound=6 best=6 exact=6 x_exact=6 in 0.58s
row 0357 phase2_85: d_bound=6 best=6 exact=6 x_exact=6 in 0.62s
row 0367 phase2_89: d_bound=6 best=6 exact=6 x_exact=6 in 0.66s
rows selected: 34
row 0016 15_6_0218: d_bound=14 best=6 exact=6 x_exact=6 in 2.02s
row 0028 15_6_0224: d_bound=16 best=6 exact=6 x_exact=6 in 2.01s
row 0035 bliss_b261ff5e77ae456d: d_bound=12 best=6 exact=6 x_exact=6 in 1.48s
row 0041 12_6_0194: d_bound=12 best=6 exact=6 x_exact=6 in 1.07s
row 0045 bliss_c374c80bd8c83df1: d_bound=10 best=6 exact=6 x_exact=6 in 2.10s
row 0063 9_6_0121: d_bound=10 best=6 exact=6 x_exact=6 in 0.63s
row 0081 bliss_8dacd619802a8e88: d_bound=12 best=6 exact=6 x_exact=6 in 1.03s
row 0102 9_6_0135: d_bound=10 best=6 exact=6 x_exact=6 in 0.64s
row 0108 12_6_0199: d_bound=12 best=6 exact=6 x_exact=6 in 1.03s
row 0118 bliss_c6cf81287810866d: d_bound=10 best=6 exact=6 x_exact=6 in 1.97s
row 0127 phase2_51: d_bound=6 best=6 exact=6 x_exact=6 in 0.29s
row 0140 12_6_0200: d_bound=10 best=6 exact=6 x_exact=6 in 1.27s
row 0144 12_6_0202: d_bound=12 best=6 exact=6 x_exact=6 in 0.93s
row 0149 9_6_0142: d_bound=12 best=6 exact=6 x_exact=6 in 0.59s
row 0159 9_6_0145: d_bound=8 best=6 exact=6 x_exact=6 in 0.55s
row 0175 15_6_0249: d_bound=14 best=6 exact=6 x_exact=6 in 2.25s
row 0196 phase2_0: d_bound=6 best=6 exact=6 x_exact=6 in 0.05s
row 0202 12_6_0212: d_bound=12 best=6 exact=6 x_exact=6 in 1.08s
row 0209 phase2_93: d_bound=6 best=6 exact=6 x_exact=6 in 0.91s
row 0237 9_6_0146: d_bound=10 best=6 exact=6 x_exact=6 in 0.62s
row 0242 9_6_0150: d_bound=10 best=6 exact=6 x_exact=6 in 0.59s
row 0248 9_6_0155: d_bound=8 best=6 exact=6 x_exact=6 in 0.57s
row 0253 bliss_2d9308956f32d8bf: d_bound=8 best=6 exact=6 x_exact=6 in 0.58s
row 0262 9_6_0160: d_bound=8 best=6 exact=6 x_exact=6 in 0.50s
row 0279 9_6_0168: d_bound=8 best=6 exact=6 x_exact=6 in 0.50s
row 0301 12_6_0216: d_bound=10 best=6 exact=6 x_exact=6 in 1.05s
row 0305 phase2_70: d_bound=10 best=6 exact=6 x_exact=6 in 0.55s
row 0310 9_6_0177: d_bound=8 best=6 exact=6 x_exact=6 in 0.61s
row 0315 9_6_0181: d_bound=8 best=6 exact=6 x_exact=6 in 0.57s
row 0334 phase2_105: d_bound=6 best=6 exact=6 x_exact=6 in 1.04s
row 0339 phase2_60: d_bound=4 best=4 exact=4 x_exact=None in 0.09s
row 0351 phase2_79: d_bound=6 best=6 exact=6 x_exact=6 in 0.54s
row 0357 phase2_85: d_bound=6 best=6 exact=6 x_exact=6 in 0.52s
row 0367 phase2_89: d_bound=6 best=6 exact=6 x_exact=6 in 0.63s
rows selected: 34
row 0016 15_6_0218: d_bound=14 best=6 exact=6 x_exact=6 in 1.84s
row 0028 15_6_0224: d_bound=16 best=6 exact=6 x_exact=6 in 1.82s
row 0035 bliss_b261ff5e77ae456d: d_bound=12 best=6 exact=6 x_exact=6 in 1.34s
row 0041 12_6_0194: d_bound=12 best=6 exact=6 x_exact=6 in 1.05s
row 0045 bliss_c374c80bd8c83df1: d_bound=10 best=6 exact=6 x_exact=6 in 2.11s
row 0063 9_6_0121: d_bound=10 best=6 exact=6 x_exact=6 in 0.57s
row 0081 bliss_8dacd619802a8e88: d_bound=12 best=6 exact=6 x_exact=6 in 1.05s
row 0102 9_6_0135: d_bound=10 best=6 exact=6 x_exact=6 in 0.59s
row 0108 12_6_0199: d_bound=12 best=6 exact=6 x_exact=6 in 0.96s
row 0118 bliss_c6cf81287810866d: d_bound=10 best=6 exact=6 x_exact=6 in 2.01s
row 0127 phase2_51: d_bound=6 best=6 exact=6 x_exact=6 in 0.29s
row 0140 12_6_0200: d_bound=10 best=6 exact=6 x_exact=6 in 1.26s
row 0144 12_6_0202: d_bound=12 best=6 exact=6 x_exact=6 in 0.98s
row 0149 9_6_0142: d_bound=12 best=6 exact=6 x_exact=6 in 0.62s
row 0159 9_6_0145: d_bound=8 best=6 exact=6 x_exact=6 in 0.56s
row 0175 15_6_0249: d_bound=14 best=6 exact=6 x_exact=6 in 2.22s
row 0196 phase2_0: d_bound=6 best=6 exact=6 x_exact=6 in 0.06s
row 0202 12_6_0212: d_bound=12 best=6 exact=6 x_exact=6 in 1.10s
row 0209 phase2_93: d_bound=6 best=6 exact=6 x_exact=6 in 0.90s
row 0237 9_6_0146: d_bound=10 best=6 exact=6 x_exact=6 in 0.65s
row 0242 9_6_0150: d_bound=10 best=6 exact=6 x_exact=6 in 0.62s
row 0248 9_6_0155: d_bound=8 best=6 exact=6 x_exact=6 in 0.59s
row 0253 bliss_2d9308956f32d8bf: d_bound=8 best=6 exact=6 x_exact=6 in 0.56s
row 0262 9_6_0160: d_bound=8 best=6 exact=6 x_exact=6 in 0.50s
row 0279 9_6_0168: d_bound=8 best=6 exact=6 x_exact=6 in 0.53s
row 0301 12_6_0216: d_bound=10 best=6 exact=6 x_exact=6 in 1.14s
row 0305 phase2_70: d_bound=10 best=6 exact=6 x_exact=6 in 0.60s
row 0310 9_6_0177: d_bound=8 best=6 exact=6 x_exact=6 in 0.65s
row 0315 9_6_0181: d_bound=8 best=6 exact=6 x_exact=6 in 0.58s
row 0334 phase2_105: d_bound=6 best=6 exact=6 x_exact=6 in 1.02s
row 0339 phase2_60: d_bound=4 best=4 exact=4 x_exact=None in 0.09s
row 0351 phase2_79: d_bound=6 best=6 exact=6 x_exact=6 in 0.52s
row 0357 phase2_85: d_bound=6 best=6 exact=6 x_exact=6 in 0.54s
row 0367 phase2_89: d_bound=6 best=6 exact=6 x_exact=6 in 0.66s
