rows selected: 33
row 0022 15_6_0221: d_bound=12 best=6 exact=6 x_exact=6 in 2.24s
row 0030 12_6_0188: d_bound=12 best=6 exact=6 x_exact=6 in 1.37s
row 0038 bliss_1219913c49eb1daf: d_bound=12 best=6 exact=6 x_exact=6 in 1.46s
row 0043 15_6_0225: d_bound=10 best=6 exact=6 x_exact=6 in 1.84s
row 0059 9_6_0119: d_bound=10 best=6 exact=6 x_exact=6 in 0.55s
row 0073 9_6_0127: d_bound=10 best=6 exact=6 x_exact=6 in 0.64s
row 0094 9_6_0128: d_bound=10 best=6 exact=6 x_exact=6 in 0.54s
row 0104 9_6_0137: d_bound=12 best=6 exact=6 x_exact=6 in 0.69s
row 0112 bliss_147f0c05ee400f6b: d_bound=14 best=6 exact=6 x_exact=6 in 2.06s
row 0123 phase2_47: d_bound=6 best=6 exact=6 x_exact=6 in 0.25s
row 0137 15_6_0244: d_bound=14 best=6 exact=6 x_exact=6 in 2.70s
row 0142 12_6_0201: d_bound=8 best=6 exact=6 x_exact=6 in 1.62s
row 0147 bliss_d28b518a6de50846: d_bound=8 best=6 exact=6 x_exact=6 in 1.34s
row 0152 bliss_3dc59b1af06527c9: d_bound=10 best=6 exact=6 x_exact=6 in 0.63s
row 0163 12_6_0207: d_bound=8 best=6 exact=6 x_exact=6 in 1.39s
row 0180 15_6_0252: d_bound=8 best=6 exact=6 x_exact=6 in 1.60s
row 0198 phase2_1: d_bound=6 best=6 exact=6 x_exact=6 in 0.09s
row 0204 phase2_92: d_bound=6 best=6 exact=6 x_exact=6 in 0.92s
row 0221 12_6_0213: d_bound=12 best=6 exact=6 x_exact=6 in 1.31s
row 0239 bliss_10ab2276c95b9b84: d_bound=10 best=6 exact=6 x_exact=6 in 0.67s
row 0245 9_6_0153: d_bound=12 best=6 exact=6 x_exact=6 in 0.55s
row 0250 6_6_0099: d_bound=8 best=6 exact=6 x_exact=6 in 0.25s
row 0255 12_6_0064: d_bound=8 best=6 exact=6 x_exact=6 in 0.77s
row 0275 9_6_0164: d_bound=8 best=6 exact=6 x_exact=6 in 0.53s
row 0296 phase2_95: d_bound=6 best=6 exact=6 x_exact=6 in 0.72s
row 0303 9_6_0171: d_bound=12 best=6 exact=6 x_exact=6 in 0.59s
row 0307 phase2_108: d_bound=6 best=6 exact=6 x_exact=6 in 1.34s
row 0312 9_6_0179: d_bound=8 best=6 exact=6 x_exact=6 in 0.63s
row 0331 phase2_58: d_bound=4 best=4 exact=4 x_exact=None in 0.09s
row 0337 phase2_72: d_bound=4 best=4 exact=4 x_exact=None in 0.25s
row 0345 phase2_73: d_bound=6 best=6 exact=6 x_exact=6 in 0.49s
row 0353 phase2_81: d_bound=6 best=6 exact=6 x_exact=6 in 0.57s
row 0360 9_6_0186: d_bound=8 best=6 exact=6 x_exact=6 in 0.59s
rows selected: 33
row 0022 15_6_0221: d_bound=12 best=6 exact=6 x_exact=6 in 2.14s
row 0030 12_6_0188: d_bound=12 best=6 exact=6 x_exact=6 in 1.30s
row 0038 bliss_1219913c49eb1daf: d_bound=12 best=6 exact=6 x_exact=6 in 1.48s
row 0043 15_6_0225: d_bound=10 best=6 exact=6 x_exact=6 in 1.86s
row 0059 9_6_0119: d_bound=10 best=6 exact=6 x_exact=6 in 0.58s
row 0073 9_6_0127: d_bound=10 best=6 exact=6 x_exact=6 in 0.60s
row 0094 9_6_0128: d_bound=10 best=6 exact=6 x_exact=6 in 0.48s
row 0104 9_6_0137: d_bound=12 best=6 exact=6 x_exact=6 in 0.68s
row 0112 bliss_147f0c05ee400f6b: d_bound=14 best=6 exact=6 x_exact=6 in 1.93s
row 0123 phase2_47: d_bound=6 best=6 exact=6 x_exact=6 in 0.22s
row 0137 15_6_0244: d_bound=14 best=6 exact=6 x_exact=6 in 2.61s
row 0142 12_6_0201: d_bound=8 best=6 exact=6 x_exact=6 in 1.72s
row 0147 bliss_d28b518a6de50846: d_bound=8 best=6 exact=6 x_exact=6 in 1.37s
row 0152 bliss_3dc59b1af06527c9: d_bound=10 best=6 exact=6 x_exact=6 in 0.61s
row 0163 12_6_0207: d_bound=8 best=6 exact=6 x_exact=6 in 1.39s
row 0180 15_6_0252: d_bound=8 best=6 exact=6 x_exact=6 in 1.34s
row 0198 phase2_1: d_bound=6 best=6 exact=6 x_exact=6 in 0.07s
row 0204 phase2_92: d_bound=6 best=6 exact=6 x_exact=6 in 0.96s
row 0221 12_6_0213: d_bound=12 best=6 exact=6 x_exact=6 in 1.36s
row 0239 bliss_10ab2276c95b9b84: d_bound=10 best=6 exact=6 x_exact=6 in 0.65s
row 0245 9_6_0153: d_bound=12 best=6 exact=6 x_exact=6 in 0.53s
row 0250 6_6_0099: d_bound=8 best=6 exact=6 x_exact=6 in 0.29s
row 0255 12_6_0064: d_bound=8 best=6 exact=6 x_exact=6 in 0.79s
row 0275 9_6_0164: d_bound=8 best=6 exact=6 x_exact=6 in 0.52s
row 0296 phase2_95: d_bound=6 best=6 exact=6 x_exact=6 in 0.70s
row 0303 9_6_0171: d_bound=12 best=6 exact=6 x_exact=6 in 0.68s
row 0307 phase2_108: d_bound=6 best=6 exact=6 x_exact=6 in 1.43s
row 0312 9_6_0179: d_bound=8 best=6 exact=6 x_exact=6 in 0.62s
row 0331 phase2_58: d_bound=4 best=4 exact=4 x_exact=None in 0.10s
row 0337 phase2_72: d_bound=4 best=4 exact=4 x_exact=None in 0.29s
row 0345 phase2_73: d_bound=6 best=6 exact=6 x_exact=6 in 0.50s
row 0353 phase2_81: d_bound=6 best=6 exact=6 x_exact=6 in 0.61s
row 0360 9_6_0186: d_bound=8 best=6 exact=6 x_exact=6 in 0.71s
rows selected: 33
row 0022 15_6_0221: d_bound=12 best=6 exact=6 x_exact=6 in 2.13s
row 0030 12_6_0188: d_bound=12 best=6 exact=6 x_exact=6 in 1.33s
row 0038 bliss_1219913c49eb1daf: d_bound=12 best=6 exact=6 x_exact=6 in 1.42s
row 0043 15_6_0225: d_bound=10 best=6 exact=6 x_exact=6 in 1.81s
row 0059 9_6_0119: d_bound=10 best=6 exact=6 x_exact=6 in 0.53s
row 0073 9_6_0127: d_bound=10 best=6 exact=6 x_exact=6 in 0.55s
row 0094 9_6_0128: d_bound=10 best=6 exact=6 x_exact=6 in 0.51s
row 0104 9_6_0137: d_bound=12 best=6 exact=6 x_exact=6 in 0.66s
row 0112 bliss_147f0c05ee400f6b: d_bound=14 best=6 exact=6 x_exact=6 in 1.88s
row 0123 phase2_47: d_bound=6 best=6 exact=6 x_exact=6 in 0.23s
row 0137 15_6_0244: d_bound=14 best=6 exact=6 x_exact=6 in 2.39s
row 0142 12_6_0201: d_bound=8 best=6 exact=6 x_exact=6 in 1.41s
row 0147 bliss_d28b518a6de50846: d_bound=8 best=6 exact=6 x_exact=6 in 1.22s
row 0152 bliss_3dc59b1af06527c9: d_bound=10 best=6 exact=6 x_exact=6 in 0.53s
row 0163 12_6_0207: d_bound=8 best=6 exact=6 x_exact=6 in 1.19s
row 0180 15_6_0252: d_bound=8 best=6 exact=6 x_exact=6 in 1.22s
row 0198 phase2_1: d_bound=6 best=6 exact=6 x_exact=6 in 0.07s
row 0204 phase2_92: d_bound=6 best=6 exact=6 x_exact=6 in 0.93s
row 0221 12_6_0213: d_bound=12 best=6 exact=6 x_exact=6 in 1.38s
row 0239 bliss_10ab2276c95b9b84: d_bound=10 best=6 exact=6 x_exact=6 in 0.62s
row 0245 9_6_0153: d_bound=12 best=6 exact=6 x_exact=6 in 0.48s
row 0250 6_6_0099: d_bound=8 best=6 exact=6 x_exact=6 in 0.25s
row 0255 12_6_0064: d_bound=8 best=6 exact=6 x_exact=6 in 0.75s
row 0275 9_6_0164: d_bound=8 best=6 exact=6 x_exact=6 in 0.51s
row 0296 phase2_95: d_bound=6 best=6 exact=6 x_exact=6 in 0.63s
row 0303 9_6_0171: d_bound=12 best=6 exact=6 x_exact=6 in 0.62s
row 0307 phase2_108: d_bound=6 best=6 exact=6 x_exact=6 in 1.25s
row 0312 9_6_0179: d_bound=8 best=6 exact=6 x_exact=6 in 0.60s
row 0331 phase2_58: d_bound=4 best=4 exact=4 x_exact=None in 0.10s
row 0337 phase2_72: d_bound=4 best=4 exact=4 x_exact=None in 0.24s
row 0345 phase2_73: d_bound=6 best=6 exact=6 x_exact=6 in 0.48s
row 0353 phase2_81: d_bound=6 best=6 exact=6 x_exact=6 in 0.52s
row 0360 9_6_0186: d_bound=8 best=6 exact=6 x_exact=6 in 0.56s
rows selected: 33
row 0022 15_6_0221: d_bound=12 best=6 exact=6 x_exact=6 in 1.89s
row 0030 12_6_0188: d_bound=12 best=6 exact=6 x_exact=6 in 1.17s
row 0038 bliss_1219913c49eb1daf: d_bound=12 best=6 exact=6 x_exact=6 in 1.22s
row 0043 15_6_0225: d_bound=10 best=6 exact=6 x_exact=6 in 1.66s
row 0059 9_6_0119: d_bound=10 best=6 exact=6 x_exact=6 in 0.52s
row 0073 9_6_0127: d_bound=10 best=6 exact=6 x_exact=6 in 0.56s
row 0094 9_6_0128: d_bound=10 best=6 exact=6 x_exact=6 in 0.53s
row 0104 9_6_0137: d_bound=12 best=6 exact=6 x_exact=6 in 0.64s
row 0112 bliss_147f0c05ee400f6b: d_bound=14 best=6 exact=6 x_exact=6 in 1.83s
row 0123 phase2_47: d_bound=6 best=6 exact=6 x_exact=6 in 0.22s
row 0137 15_6_0244: d_bound=14 best=6 exact=6 x_exact=6 in 2.40s
row 0142 12_6_0201: d_bound=8 best=6 exact=6 x_exact=6 in 1.46s
row 0147 bliss_d28b518a6de50846: d_bound=8 best=6 exact=6 x_exact=6 in 1.25s
row 0152 bliss_3dc59b1af06527c9: d_bound=10 best=6 exact=6 x_exact=6 in 0.55s
row 0163 12_6_0207: d_bound=8 best=6 exact=6 x_exact=6 in 1.24s
row 0180 15_6_0252: d_bound=8 best=6 exact=6 x_exact=6 in 1.27s
row 0198 phase2_1: d_bound=6 best=6 exact=6 x_exact=6 in 0.06s
row 0204 phase2_92: d_bound=6 best=6 exact=6 x_exact=6 in 0.88s
row 0221 12_6_0213: d_bound=12 best=6 exact=6 x_exact=6 in 1.36s
row 0239 bliss_10ab2276c95b9b84: d_bound=10 best=6 exact=6 x_exact=6 in 0.64s
row 0245 9_6_0153: d_bound=12 best=6 exact=6 x_exact=6 in 0.52s
row 0250 6_6_0099: d_bound=8 best=6 exact=6 x_exact=6 in 0.25s
row 0255 12_6_0064: d_bound=8 best=6 exact=6 x_exact=6 in 0.77s
row 0275 9_6_0164: d_bound=8 best=6 exact=6 x_exact=6 in 0.52s
row 0296 phase2_95: d_bound=6 best=6 exact=6 x_exact=6 in 0.67s
row 0303 9_6_0171: d_bound=12 best=6 exact=6 x_exact=6 in 0.60s
row 0307 phase2_108: d_bound=6 best=6 exact=6 x_exact=6 in 1.32s
row 0312 9_6_0179: d_bound=8 best=6 exact=6 x_exact=6 in 0.61s
row 0331 phase2_58: d_bound=4 best=4 exact=4 x_exact=None in 0.09s
row 0337 phase2_72: d_bound=4 best=4 exact=4 x_exact=None in 0.27s
row 0345 phase2_73: d_bound=6 best=6 exact=6 x_exact=6 in 0.48s
row 0353 phase2_81: d_bound=6 best=6 exact=6 x_exact=6 in 0.55s
row 0360 9_6_0186: d_bound=8 best=6 exact=6 x_exact=6 in 0.57s
