rows selected: 33
row 0017 15_6_0219: d_bound=14 best=6 exact=6 x_exact=6 in 2.12s
row 0029 12_6_0187: d_bound=12 best=6 exact=6 x_exact=6 in 1.51s
row 0037: skip exact record
row 0042 bliss_393b2d4a60427543: d_bound=12 best=6 exact=6 x_exact=6 in 1.60s
row 0058 9_6_0118: d_bound=10 best=6 exact=6 x_exact=6 in 0.51s
row 0071 9_6_0125: d_bound=10 best=6 exact=6 x_exact=6 in 0.60s
row 0091 15_6_0234: d_bound=12 best=6 exact=6 x_exact=6 in 2.44s
row 0103 9_6_0136: d_bound=12 best=6 exact=6 x_exact=6 in 0.63s
row 0110 15_6_0237: d_bound=8 best=6 exact=6 x_exact=6 in 1.33s
row 0119 15_6_0242: d_bound=12 best=6 exact=6 x_exact=6 in 1.97s
row 0131 phase2_90: d_bound=6 best=6 exact=6 x_exact=6 in 1.09s
row 0141 phase2_61: d_bound=8 best=6 exact=6 x_exact=6 in 0.57s
row 0146 12_6_0203: d_bound=8 best=6 exact=6 x_exact=6 in 1.53s
row 0151 9_6_0144: d_bound=10 best=6 exact=6 x_exact=6 in 0.72s
row 0160 12_6_0204: d_bound=8 best=6 exact=6 x_exact=6 in 1.38s
row 0178 15_6_0251: d_bound=12 best=6 exact=6 x_exact=6 in 2.06s
row 0197 12_6_0210: d_bound=12 best=6 exact=6 x_exact=6 in 1.23s
row 0203 phase2_91: d_bound=6 best=6 exact=6 x_exact=6 in 0.91s
row 0211 phase2_107: d_bound=6 best=6 exact=6 x_exact=6 in 1.25s
row 0238 9_6_0147: d_bound=10 best=6 exact=6 x_exact=6 in 0.65s
row 0244 9_6_0152: d_bound=10 best=6 exact=6 x_exact=6 in 0.72s
row 0249 9_6_0156: d_bound=8 best=6 exact=6 x_exact=6 in 0.53s
row 0254 12_6_0215: d_bound=8 best=6 exact=6 x_exact=6 in 1.40s
row 0274 phase2_67: d_bound=8 best=6 exact=6 x_exact=6 in 0.55s
row 0295 phase2_94: d_bound=6 best=6 exact=6 x_exact=6 in 0.72s
row 0302 12_6_0217: d_bound=8 best=6 exact=6 x_exact=6 in 0.73s
row 0306 9_6_0174: d_bound=10 best=6 exact=6 x_exact=6 in 0.56s
row 0311 9_6_0178: d_bound=8 best=6 exact=6 x_exact=6 in 0.50s
row 0325 phase2_99: d_bound=6 best=6 exact=6 x_exact=6 in 0.96s
row 0336 phase2_59: d_bound=6 best=6 exact=6 x_exact=6 in 0.18s
row 0342 9_6_0183: d_bound=8 best=6 exact=6 x_exact=6 in 0.62s
row 0352 phase2_80: d_bound=6 best=6 exact=6 x_exact=6 in 0.53s
row 0358 phase2_86: d_bound=6 best=6 exact=6 x_exact=6 in 0.53s
rows selected: 33
row 0017 15_6_0219: d_bound=14 best=6 exact=6 x_exact=6 in 1.95s
row 0029 12_6_0187: d_bound=12 best=6 exact=6 x_exact=6 in 1.35s
row 0037 12_6_0193: d_bound=12 best=6 exact=6 x_exact=6 in 1.19s
row 0042 bliss_393b2d4a60427543: d_bound=12 best=6 exact=6 x_exact=6 in 1.36s
row 0058 9_6_0118: d_bound=10 best=6 exact=6 x_exact=6 in 0.51s
row 0071 9_6_0125: d_bound=10 best=6 exact=6 x_exact=6 in 0.59s
row 0091 15_6_0234: d_bound=12 best=6 exact=6 x_exact=6 in 2.32s
row 0103 9_6_0136: d_bound=12 best=6 exact=6 x_exact=6 in 0.63s
row 0110 15_6_0237: d_bound=8 best=6 exact=6 x_exact=6 in 1.34s
row 0119 15_6_0242: d_bound=12 best=6 exact=6 x_exact=6 in 1.88s
row 0131 phase2_90: d_bound=6 best=6 exact=6 x_exact=6 in 1.00s
row 0141 phase2_61: d_bound=8 best=6 exact=6 x_exact=6 in 0.62s
row 0146 12_6_0203: d_bound=8 best=6 exact=6 x_exact=6 in 1.32s
row 0151 9_6_0144: d_bound=10 best=6 exact=6 x_exact=6 in 0.68s
row 0160 12_6_0204: d_bound=8 best=6 exact=6 x_exact=6 in 1.35s
row 0178 15_6_0251: d_bound=12 best=6 exact=6 x_exact=6 in 1.79s
row 0197 12_6_0210: d_bound=12 best=6 exact=6 x_exact=6 in 1.15s
row 0203 phase2_91: d_bound=6 best=6 exact=6 x_exact=6 in 0.91s
row 0211 phase2_107: d_bound=6 best=6 exact=6 x_exact=6 in 1.14s
row 0238 9_6_0147: d_bound=10 best=6 exact=6 x_exact=6 in 0.75s
row 0244 9_6_0152: d_bound=10 best=6 exact=6 x_exact=6 in 0.86s
row 0249 9_6_0156: d_bound=8 best=6 exact=6 x_exact=6 in 0.56s
row 0254 12_6_0215: d_bound=8 best=6 exact=6 x_exact=6 in 1.47s
row 0274 phase2_67: d_bound=8 best=6 exact=6 x_exact=6 in 0.60s
row 0295 phase2_94: d_bound=6 best=6 exact=6 x_exact=6 in 0.73s
row 0302 12_6_0217: d_bound=8 best=6 exact=6 x_exact=6 in 0.79s
row 0306 9_6_0174: d_bound=10 best=6 exact=6 x_exact=6 in 0.59s
row 0311 9_6_0178: d_bound=8 best=6 exact=6 x_exact=6 in 0.58s
row 0325 phase2_99: d_bound=6 best=6 exact=6 x_exact=6 in 1.03s
row 0336 phase2_59: d_bound=6 best=6 exact=6 x_exact=6 in 0.22s
row 0342 9_6_0183: d_bound=8 best=6 exact=6 x_exact=6 in 0.63s
row 0352 phase2_80: d_bound=6 best=6 exact=6 x_exact=6 in 0.57s
row 0358 phase2_86: d_bound=6 best=6 exact=6 x_exact=6 in 0.51s
rows selected: 33
row 0017 15_6_0219: d_bound=14 best=6 exact=6 x_exact=6 in 1.91s
row 0029 12_6_0187: d_bound=12 best=6 exact=6 x_exact=6 in 1.26s
row 0037 12_6_0193: d_bound=12 best=6 exact=6 x_exact=6 in 1.18s
row 0042 bliss_393b2d4a60427543: d_bound=12 best=6 exact=6 x_exact=6 in 1.26s
row 0058 9_6_0118: d_bound=10 best=6 exact=6 x_exact=6 in 0.51s
row 0071 9_6_0125: d_bound=10 best=6 exact=6 x_exact=6 in 0.62s
row 0091 15_6_0234: d_bound=12 best=6 exact=6 x_exact=6 in 2.24s
row 0103 9_6_0136: d_bound=12 best=6 exact=6 x_exact=6 in 0.60s
row 0110 15_6_0237: d_bound=8 best=6 exact=6 x_exact=6 in 1.29s
row 0119 15_6_0242: d_bound=12 best=6 exact=6 x_exact=6 in 1.95s
row 0131 phase2_90: d_bound=6 best=6 exact=6 x_exact=6 in 0.93s
row 0141 phase2_61: d_bound=8 best=6 exact=6 x_exact=6 in 0.58s
row 0146 12_6_0203: d_bound=8 best=6 exact=6 x_exact=6 in 1.20s
row 0151 9_6_0144: d_bound=10 best=6 exact=6 x_exact=6 in 0.63s
row 0160 12_6_0204: d_bound=8 best=6 exact=6 x_exact=6 in 1.20s
row 0178 15_6_0251: d_bound=12 best=6 exact=6 x_exact=6 in 1.68s
row 0197 12_6_0210: d_bound=12 best=6 exact=6 x_exact=6 in 1.11s
row 0203 phase2_91: d_bound=6 best=6 exact=6 x_exact=6 in 0.91s
row 0211 phase2_107: d_bound=6 best=6 exact=6 x_exact=6 in 1.08s
row 0238 9_6_0147: d_bound=10 best=6 exact=6 x_exact=6 in 0.62s
row 0244 9_6_0152: d_bound=10 best=6 exact=6 x_exact=6 in 0.67s
row 0249 9_6_0156: d_bound=8 best=6 exact=6 x_exact=6 in 0.50s
row 0254 12_6_0215: d_bound=8 best=6 exact=6 x_exact=6 in 1.29s
row 0274 phase2_67: d_bound=8 best=6 exact=6 x_exact=6 in 0.54s
row 0295 phase2_94: d_bound=6 best=6 exact=6 x_exact=6 in 0.67s
row 0302 12_6_0217: d_bound=8 best=6 exact=6 x_exact=6 in 0.74s
row 0306 9_6_0174: d_bound=10 best=6 exact=6 x_exact=6 in 0.57s
row 0311 9_6_0178: d_bound=8 best=6 exact=6 x_exact=6 in 0.49s
row 0325 phase2_99: d_bound=6 best=6 exact=6 x_exact=6 in 0.92s
row 0336 phase2_59: d_bound=6 best=6 exact=6 x_exact=6 in 0.18s
row 0342 9_6_0183: d_bound=8 best=6 exact=6 x_exact=6 in 0.58s
row 0352 phase2_80: d_bound=6 best=6 exact=6 x_exact=6 in 0.50s
row 0358 phase2_86: d_bound=6 best=6 exact=6 x_exact=6 in 0.54s
rows selected: 33
row 0017 15_6_0219: d_bound=14 best=6 exact=6 x_exact=6 in 1.68s
row 0029 12_6_0187: d_bound=12 best=6 exact=6 x_exact=6 in 1.14s
row 0037 12_6_0193: d_bound=12 best=6 exact=6 x_exact=6 in 1.01s
row 0042 bliss_393b2d4a60427543: d_bound=12 best=6 exact=6 x_exact=6 in 1.16s
row 0058 9_6_0118: d_bound=10 best=6 exact=6 x_exact=6 in 0.50s
row 0071 9_6_0125: d_bound=10 best=6 exact=6 x_exact=6 in 0.56s
row 0091 15_6_0234: d_bound=12 best=6 exact=6 x_exact=6 in 2.21s
row 0103 9_6_0136: d_bound=12 best=6 exact=6 x_exact=6 in 0.60s
row 0110 15_6_0237: d_bound=8 best=6 exact=6 x_exact=6 in 1.24s
row 0119 15_6_0242: d_bound=12 best=6 exact=6 x_exact=6 in 1.90s
row 0131 phase2_90: d_bound=6 best=6 exact=6 x_exact=6 in 0.97s
row 0141 phase2_61: d_bound=8 best=6 exact=6 x_exact=6 in 0.60s
row 0146 12_6_0203: d_bound=8 best=6 exact=6 x_exact=6 in 1.22s
row 0151 9_6_0144: d_bound=10 best=6 exact=6 x_exact=6 in 0.68s
row 0160 12_6_0204: d_bound=8 best=6 exact=6 x_exact=6 in 1.25s
row 0178 15_6_0251: d_bound=12 best=6 exact=6 x_exact=6 in 1.72s
row 0197 12_6_0210: d_bound=12 best=6 exact=6 x_exact=6 in 1.10s
row 0203 phase2_91: d_bound=6 best=6 exact=6 x_exact=6 in 0.89s
row 0211 phase2_107: d_bound=6 best=6 exact=6 x_exact=6 in 1.16s
row 0238 9_6_0147: d_bound=10 best=6 exact=6 x_exact=6 in 0.63s
row 0244 9_6_0152: d_bound=10 best=6 exact=6 x_exact=6 in 0.69s
row 0249 9_6_0156: d_bound=8 best=6 exact=6 x_exact=6 in 0.55s
row 0254 12_6_0215: d_bound=8 best=6 exact=6 x_exact=6 in 1.40s
row 0274 phase2_67: d_bound=8 best=6 exact=6 x_exact=6 in 0.57s
row 0295 phase2_94: d_bound=6 best=6 exact=6 x_exact=6 in 0.76s
row 0302 12_6_0217: d_bound=8 best=6 exact=6 x_exact=6 in 0.76s
row 0306 9_6_0174: d_bound=10 best=6 exact=6 x_exact=6 in 0.58s
row 0311 9_6_0178: d_bound=8 best=6 exact=6 x_exact=6 in 0.51s
row 0325 phase2_99: d_bound=6 best=6 exact=6 x_exact=6 in 0.93s
row 0336 phase2_59: d_bound=6 best=6 exact=6 x_exact=6 in 0.17s
row 0342 9_6_0183: d_bound=8 best=6 exact=6 x_exact=6 in 0.57s
row 0352 phase2_80: d_bound=6 best=6 exact=6 x_exact=6 in 0.54s
row 0358 phase2_86: d_bound=6 best=6 exact=6 x_exact=6 in 0.53s
