parents selected: 25
class budget by k_P: {4: 8, 8: 10, 12: 6, 16: 1}
total classes to test: 92775
phase2_2: cached
9_6_0153: cached
15_6_0236: cached
15_6_0249: cached
9_6_0176: cached
15_6_0245: cached
30_6_0271: cached
12_6_0202: cached
15_6_0240: cached
phase2_75: cached
phase2_99: cached
15_6_0242: cached
15_6_0228: cached
9_6_0135: cached
phase2_82: cached
bliss_3dc59b1af06527c9: cached
15_6_0229: cached
15_6_0221: cached
15_6_0252: cached
bliss_b261ff5e77ae456d: cached
30_6_0275: cached
phase2_95: cached
phase2_71: cached
bliss_6f76d175b6c3996b: cached
phase2_92: 65535/65535 demote (1.000000) k_P=16 in 83.974s
