parents selected: 24
class budget by k_P: {4: 7, 8: 11, 12: 5, 16: 1}
total classes to test: 88920
15_6_0248: cached
phase2_63: cached
phase2_89: cached
phase2_70: cached
12_6_0211: cached
9_6_0172: cached
9_6_0150: cached
phase2_67: cached
30_6_0293: cached
15_6_0219: cached
bliss_66bd71ca48ee2892: cached
bliss_2d52fbddb7db5996: cached
phase2_85: cached
bliss_6b9a48f3603eb5f4: cached
9_6_0119: cached
phase2_84: cached
9_6_0129: cached
bliss_6d501ec13b20c3b5: cached
12_6_0203: cached
30_6_0267: cached
30_6_0274: cached
12_6_0207: cached
30_6_0262: cached
30_6_0285: 65535/65535 demote (1.000000) k_P=16 in 202.775s
