parents selected: 24
class budget by k_P: {4: 7, 8: 11, 12: 5, 16: 1}
total classes to test: 88920
15_6_0244: cached
30_6_0276: cached
15_6_0235: cached
12_6_0216: cached
9_6_0183: cached
6_6_0099: cached
15_6_0259: cached
phase2_81: cached
15_6_0223: cached
bliss_147f0c05ee400f6b: cached
bliss_ff49c295f82bade4: cached
bliss_4b38db5afbf07fc0: cached
30_6_0280: cached
phase2_58: cached
phase2_79: cached
bliss_c6f3b99079d24821: cached
15_6_0256: cached
bliss_2d9308956f32d8bf: cached
phase2_108: cached
12_6_0193: cached
bliss_20ab34b4a638fca6: cached
bliss_481101301eadfc29: cached
phase2_94: cached
phase2_93: 65535/65535 demote (1.000000) k_P=16 in 82.984s
