parents selected: 24
class budget by k_P: {4: 7, 8: 11, 12: 5, 16: 1}
total classes to test: 88920
9_6_0179: cached
12_6_0214: cached
30_6_0290: cached
9_6_0136: cached
15_6_0250: cached
12_6_0212: cached
9_6_0137: cached
12_6_0201: cached
9_6_0127: cached
9_6_0118: cached
9_6_0139: cached
30_6_0283: cached
phase2_73: cached
phase2_106: cached
bliss_f5ea23d8c0f4bd34: cached
15_6_0218: cached
9_6_0175: cached
phase2_83: cached
30_6_0287: cached
30_6_0273: cached
12_6_0187: cached
phase2_110: cached
30_6_0279: cached
30_6_0289: 0/65535 demote (0.000000) k_P=16 in 207.123s
