parents selected: 25
class budget by k_P: {4: 7, 8: 11, 12: 6, 20: 1}
total classes to test: 1076055
phase2_78: cached
9_6_0141: cached
9_6_0171: cached
12_6_0199: cached
9_6_0186: cached
9_6_0146: cached
9_6_0144: cached
phase2_64: cached
9_6_0168: cached
15_6_0225: cached
bliss_f93e44e35e33559c: cached
9_6_0138: cached
15_6_0234: cached
30_6_0277: cached
9_6_0160: cached
9_6_0128: cached
15_6_0227: cached
phase2_76: cached
phase2_49: cached
12_6_0204: cached
bliss_0455bdfc096e7eb7: cached
phase2_72: cached
30_6_0263: cached
phase2_51: cached
30_6_0288: 1048575/1048575 demote (1.000000) k_P=20 in 2959.534s
