parents selected: 25
class budget by k_P: {4: 8, 8: 10, 12: 6, 16: 1}
total classes to test: 92775
12_6_0213: cached
phase2_88: cached
30_6_0292: cached
9_6_0142: cached
bliss_db63ca2b001604d0: cached
bliss_10ab2276c95b9b84: cached
9_6_0147: cached
12_6_0210: cached
bliss_c374c80bd8c83df1: cached
9_6_0178: cached
phase2_86: cached
phase2_105: cached
15_6_0224: cached
9_6_0164: cached
12_6_0064: cached
12_6_0200: cached
phase2_77: cached
phase2_61: cached
30_6_0260: cached
12_6_0188: cached
bliss_d28b518a6de50846: cached
phase2_98: cached
30_6_0272: cached
12_6_0190: cached
phase2_91: 65535/65535 demote (1.000000) k_P=16 in 84.813s
