parents selected: 24
class budget by k_P: {4: 7, 8: 11, 12: 5, 16: 1}
total classes to test: 88920
15_6_0233: cached
6_6_0100: cached
15_6_0257: cached
phase2_0: cached
bliss_42614e174cac73cd: cached
9_6_0181: cached
phase2_1: cached
9_6_0125: cached
bliss_c6cf81287810866d: cached
15_6_0222: cached
9_6_0155: cached
bliss_b2215e94b5b2b50f: cached
15_6_0067: cached
12_6_0217: cached
phase2_60: cached
bliss_b89c9221f3a9e1b8: cached
15_6_0239: cached
phase2_68: cached
15_6_0237: cached
bliss_1219913c49eb1daf: cached
30_6_0264: cached
12_6_0194: cached
bliss_393b2d4a60427543: cached
30_6_0291: 65535/65535 demote (1.000000) k_P=16 in 201.765s
