parents selected: 25
class budget by k_P: {4: 8, 8: 10, 12: 6, 20: 1}
total classes to test: 1075815
30_6_0282: cached
9_6_0152: cached
9_6_0177: cached
15_6_0253: cached
15_6_0251: cached
phase2_59: cached
9_6_0174: cached
30_6_0270: cached
30_6_0281: cached
phase2_87: cached
12_6_0215: cached
9_6_0121: cached
phase2_80: cached
15_6_0238: cached
9_6_0156: cached
30_6_0278: cached
phase2_109: cached
9_6_0145: cached
bliss_8dacd619802a8e88: cached
bliss_68d93d677268a3fd: cached
30_6_0286: cached
phase2_62: cached
bliss_08166cccb951f700: cached
phase2_47: cached
phase2_107: 1048575/1048575 demote (1.000000) k_P=20 in 1391.94s
