parents selected: 47
class budget by k_P: {4: 15, 8: 21, 12: 11}
total classes to test: 50625
12_6_0213: 15/15 demote (1.000000) k_P=4 in 0.11s
15_6_0233: 15/15 demote (1.000000) k_P=4 in 0.148s
phase2_88: 15/15 demote (1.000000) k_P=4 in 0.065s
6_6_0100: 15/15 demote (1.000000) k_P=4 in 0.027s
30_6_0292: 15/15 demote (1.000000) k_P=4 in 0.626s
15_6_0257: 15/15 demote (1.000000) k_P=4 in 0.14s
9_6_0142: 15/15 demote (1.000000) k_P=4 in 0.109s
phase2_0: 15/15 demote (1.000000) k_P=4 in 0.007s
bliss_db63ca2b001604d0: 15/15 demote (1.000000) k_P=4 in 0.172s
bliss_42614e174cac73cd: 15/15 demote (1.000000) k_P=4 in 0.129s
bliss_10ab2276c95b9b84: 15/15 demote (1.000000) k_P=4 in 0.055s
9_6_0181: 15/15 demote (1.000000) k_P=4 in 0.049s
9_6_0147: 15/15 demote (1.000000) k_P=4 in 0.057s
phase2_1: 15/15 demote (1.000000) k_P=4 in 0.008s
12_6_0210: 15/15 demote (1.000000) k_P=4 in 0.1s
9_6_0125: 255/255 demote (1.000000) k_P=8 in 0.211s
bliss_c374c80bd8c83df1: 255/255 demote (1.000000) k_P=8 in 0.476s
bliss_c6cf81287810866d: 255/255 demote (1.000000) k_P=8 in 0.475s
9_6_0178: 255/255 demote (1.000000) k_P=8 in 0.238s
15_6_0222: 255/255 demote (1.000000) k_P=8 in 0.53s
phase2_86: 255/255 demote (1.000000) k_P=8 in 0.245s
9_6_0155: 255/255 demote (1.000000) k_P=8 in 0.245s
phase2_105: 255/255 demote (1.000000) k_P=8 in 0.362s
bliss_b2215e94b5b2b50f: 255/255 demote (1.000000) k_P=8 in 0.496s
15_6_0224: 255/255 demote (1.000000) k_P=8 in 0.594s
15_6_0067: 255/255 demote (1.000000) k_P=8 in 0.507s
9_6_0164: 255/255 demote (1.000000) k_P=8 in 0.268s
12_6_0217: 255/255 demote (1.000000) k_P=8 in 0.46s
12_6_0064: 255/255 demote (1.000000) k_P=8 in 0.359s
phase2_60: 255/255 demote (1.000000) k_P=8 in 0.133s
12_6_0200: 255/255 demote (1.000000) k_P=8 in 0.319s
bliss_b89c9221f3a9e1b8: 255/255 demote (1.000000) k_P=8 in 0.575s
phase2_77: 0/255 demote (0.000000) k_P=8 in 0.242s
15_6_0239: 255/255 demote (1.000000) k_P=8 in 0.503s
phase2_61: 255/255 demote (1.000000) k_P=8 in 0.215s
phase2_68: 255/255 demote (1.000000) k_P=8 in 0.276s
30_6_0260: 4095/4095 demote (1.000000) k_P=12 in 11.94s
15_6_0237: 4095/4095 demote (1.000000) k_P=12 in 5.631s
12_6_0188: 4095/4095 demote (1.000000) k_P=12 in 4.217s
bliss_1219913c49eb1daf: 4095/4095 demote (1.000000) k_P=12 in 4.245s
bliss_d28b518a6de50846: 4095/4095 demote (1.000000) k_P=12 in 4.367s
30_6_0264: 4095/4095 demote (1.000000) k_P=12 in 12.138s
phase2_98: 4095/4095 demote (1.000000) k_P=12 in 4.344s
12_6_0194: 4095/4095 demote (1.000000) k_P=12 in 4.422s
30_6_0272: 4095/4095 demote (1.000000) k_P=12 in 12.219s
bliss_393b2d4a60427543: 4095/4095 demote (1.000000) k_P=12 in 4.343s
12_6_0190: 4095/4095 demote (1.000000) k_P=12 in 4.521s
