parents selected: 47
class budget by k_P: {4: 15, 8: 21, 12: 11}
total classes to test: 50625
30_6_0282: 15/15 demote (1.000000) k_P=4 in 0.767s
9_6_0179: 15/15 demote (1.000000) k_P=4 in 0.087s
9_6_0152: 15/15 demote (1.000000) k_P=4 in 0.075s
12_6_0214: 15/15 demote (1.000000) k_P=4 in 0.103s
9_6_0177: 15/15 demote (1.000000) k_P=4 in 0.061s
30_6_0290: 15/15 demote (1.000000) k_P=4 in 0.684s
15_6_0253: 15/15 demote (1.000000) k_P=4 in 0.181s
9_6_0136: 15/15 demote (1.000000) k_P=4 in 0.077s
15_6_0251: 15/15 demote (1.000000) k_P=4 in 0.13s
15_6_0250: 15/15 demote (1.000000) k_P=4 in 0.209s
phase2_59: 15/15 demote (1.000000) k_P=4 in 0.048s
12_6_0212: 15/15 demote (1.000000) k_P=4 in 0.136s
9_6_0174: 15/15 demote (1.000000) k_P=4 in 0.054s
9_6_0137: 15/15 demote (1.000000) k_P=4 in 0.087s
30_6_0270: 15/15 demote (1.000000) k_P=4 in 0.712s
12_6_0201: 255/255 demote (1.000000) k_P=8 in 0.364s
30_6_0281: 255/255 demote (1.000000) k_P=8 in 1.556s
9_6_0127: 255/255 demote (1.000000) k_P=8 in 0.196s
phase2_87: 0/255 demote (0.000000) k_P=8 in 0.294s
9_6_0118: 255/255 demote (1.000000) k_P=8 in 0.198s
12_6_0215: 255/255 demote (1.000000) k_P=8 in 0.369s
9_6_0139: 255/255 demote (1.000000) k_P=8 in 0.331s
9_6_0121: 255/255 demote (1.000000) k_P=8 in 0.241s
30_6_0283: 255/255 demote (1.000000) k_P=8 in 1.31s
phase2_80: 255/255 demote (1.000000) k_P=8 in 0.247s
phase2_73: 255/255 demote (1.000000) k_P=8 in 0.291s
15_6_0238: 255/255 demote (1.000000) k_P=8 in 0.472s
phase2_106: 255/255 demote (1.000000) k_P=8 in 0.429s
9_6_0156: 255/255 demote (1.000000) k_P=8 in 0.248s
bliss_f5ea23d8c0f4bd34: 255/255 demote (1.000000) k_P=8 in 0.449s
30_6_0278: 255/255 demote (1.000000) k_P=8 in 1.377s
15_6_0218: 255/255 demote (1.000000) k_P=8 in 0.504s
phase2_109: 0/255 demote (0.000000) k_P=8 in 0.521s
9_6_0175: 0/255 demote (0.000000) k_P=8 in 0.256s
9_6_0145: 255/255 demote (1.000000) k_P=8 in 0.263s
phase2_83: 0/255 demote (0.000000) k_P=8 in 0.314s
bliss_8dacd619802a8e88: 4095/4095 demote (1.000000) k_P=12 in 4.426s
30_6_0287: 4095/4095 demote (1.000000) k_P=12 in 12.5s
bliss_68d93d677268a3fd: 4095/4095 demote (1.000000) k_P=12 in 12.607s
30_6_0273: 4095/4095 demote (1.000000) k_P=12 in 12.683s
30_6_0286: 4095/4095 demote (1.000000) k_P=12 in 12.245s
12_6_0187: 4095/4095 demote (1.000000) k_P=12 in 4.304s
phase2_62: 4095/4095 demote (1.000000) k_P=12 in 3.247s
phase2_110: 4095/4095 demote (1.000000) k_P=12 in 12.155s
bliss_08166cccb951f700: 4095/4095 demote (1.000000) k_P=12 in 3.929s
30_6_0279: 4095/4095 demote (1.000000) k_P=12 in 11.02s
phase2_47: 4095/4095 demote (1.000000) k_P=12 in 2.154s
