parents selected: 47
class budget by k_P: {4: 15, 8: 21, 12: 11}
total classes to test: 50625
phase2_2: cached
15_6_0244: 15/15 demote (1.000000) k_P=4 in 0.18s
9_6_0153: 15/15 demote (1.000000) k_P=4 in 0.048s
30_6_0276: 15/15 demote (1.000000) k_P=4 in 0.619s
15_6_0236: 15/15 demote (1.000000) k_P=4 in 0.151s
15_6_0235: 15/15 demote (1.000000) k_P=4 in 0.149s
15_6_0249: 15/15 demote (1.000000) k_P=4 in 0.191s
12_6_0216: 15/15 demote (1.000000) k_P=4 in 0.084s
9_6_0176: 15/15 demote (1.000000) k_P=4 in 0.076s
9_6_0183: 15/15 demote (1.000000) k_P=4 in 0.063s
15_6_0245: 15/15 demote (1.000000) k_P=4 in 0.145s
6_6_0099: 15/15 demote (1.000000) k_P=4 in 0.037s
30_6_0271: 15/15 demote (1.000000) k_P=4 in 0.669s
15_6_0259: 15/15 demote (1.000000) k_P=4 in 0.154s
12_6_0202: 15/15 demote (1.000000) k_P=4 in 0.094s
phase2_81: 255/255 demote (1.000000) k_P=8 in 0.224s
15_6_0240: 255/255 demote (1.000000) k_P=8 in 0.412s
15_6_0223: 255/255 demote (1.000000) k_P=8 in 0.589s
phase2_75: 0/255 demote (0.000000) k_P=8 in 0.277s
bliss_147f0c05ee400f6b: 255/255 demote (1.000000) k_P=8 in 0.528s
phase2_99: 255/255 demote (1.000000) k_P=8 in 0.312s
bliss_ff49c295f82bade4: 255/255 demote (1.000000) k_P=8 in 1.346s
15_6_0242: 255/255 demote (1.000000) k_P=8 in 0.519s
bliss_4b38db5afbf07fc0: 255/255 demote (1.000000) k_P=8 in 0.201s
15_6_0228: 255/255 demote (1.000000) k_P=8 in 0.475s
30_6_0280: 255/255 demote (1.000000) k_P=8 in 1.342s
9_6_0135: 255/255 demote (1.000000) k_P=8 in 0.265s
phase2_58: 255/255 demote (1.000000) k_P=8 in 0.211s
phase2_82: 255/255 demote (1.000000) k_P=8 in 0.26s
phase2_79: 255/255 demote (1.000000) k_P=8 in 0.234s
bliss_3dc59b1af06527c9: 255/255 demote (1.000000) k_P=8 in 0.28s
bliss_c6f3b99079d24821: 255/255 demote (1.000000) k_P=8 in 0.532s
15_6_0229: 255/255 demote (1.000000) k_P=8 in 0.475s
15_6_0256: 0/255 demote (0.000000) k_P=8 in 0.495s
15_6_0221: 255/255 demote (1.000000) k_P=8 in 0.457s
bliss_2d9308956f32d8bf: 255/255 demote (1.000000) k_P=8 in 0.264s
15_6_0252: 4095/4095 demote (1.000000) k_P=12 in 5.686s
phase2_108: 4095/4095 demote (1.000000) k_P=12 in 5.094s
bliss_b261ff5e77ae456d: 4095/4095 demote (1.000000) k_P=12 in 4.462s
12_6_0193: 4095/4095 demote (1.000000) k_P=12 in 4.131s
30_6_0275: 4095/4095 demote (1.000000) k_P=12 in 12.423s
bliss_20ab34b4a638fca6: 4095/4095 demote (1.000000) k_P=12 in 4.357s
phase2_95: 4095/4095 demote (1.000000) k_P=12 in 4.505s
bliss_481101301eadfc29: 4095/4095 demote (1.000000) k_P=12 in 12.539s
phase2_71: 4095/4095 demote (1.000000) k_P=12 in 3.322s
phase2_94: 4095/4095 demote (1.000000) k_P=12 in 4.277s
bliss_6f76d175b6c3996b: 4095/4095 demote (1.000000) k_P=12 in 12.215s
