parents selected: 47
class budget by k_P: {4: 14, 8: 22, 12: 11}
total classes to test: 50865
phase2_78: 15/15 demote (1.000000) k_P=4 in 0.067s
15_6_0248: 15/15 demote (1.000000) k_P=4 in 0.156s
9_6_0141: 15/15 demote (1.000000) k_P=4 in 0.074s
phase2_63: 15/15 demote (1.000000) k_P=4 in 0.063s
9_6_0171: 15/15 demote (1.000000) k_P=4 in 0.082s
phase2_89: 15/15 demote (1.000000) k_P=4 in 0.061s
12_6_0199: 15/15 demote (1.000000) k_P=4 in 0.112s
phase2_70: 15/15 demote (1.000000) k_P=4 in 0.067s
9_6_0186: 15/15 demote (1.000000) k_P=4 in 0.109s
12_6_0211: 15/15 demote (1.000000) k_P=4 in 0.136s
9_6_0146: 15/15 demote (1.000000) k_P=4 in 0.054s
9_6_0172: 15/15 demote (1.000000) k_P=4 in 0.048s
9_6_0144: 15/15 demote (1.000000) k_P=4 in 0.085s
9_6_0150: 15/15 demote (1.000000) k_P=4 in 0.06s
phase2_64: 255/255 demote (1.000000) k_P=8 in 0.242s
phase2_67: 255/255 demote (1.000000) k_P=8 in 0.238s
9_6_0168: 255/255 demote (1.000000) k_P=8 in 0.312s
30_6_0293: 255/255 demote (1.000000) k_P=8 in 1.321s
15_6_0225: 255/255 demote (1.000000) k_P=8 in 0.459s
15_6_0219: 255/255 demote (1.000000) k_P=8 in 0.479s
bliss_f93e44e35e33559c: 255/255 demote (1.000000) k_P=8 in 0.5s
bliss_66bd71ca48ee2892: 255/255 demote (1.000000) k_P=8 in 0.439s
9_6_0138: 255/255 demote (1.000000) k_P=8 in 0.25s
bliss_2d52fbddb7db5996: 255/255 demote (1.000000) k_P=8 in 0.423s
15_6_0234: 255/255 demote (1.000000) k_P=8 in 0.495s
phase2_85: 255/255 demote (1.000000) k_P=8 in 0.324s
30_6_0277: 255/255 demote (1.000000) k_P=8 in 1.291s
bliss_6b9a48f3603eb5f4: 255/255 demote (1.000000) k_P=8 in 0.232s
9_6_0160: 255/255 demote (1.000000) k_P=8 in 0.309s
9_6_0119: 255/255 demote (1.000000) k_P=8 in 0.266s
9_6_0128: 255/255 demote (1.000000) k_P=8 in 0.272s
phase2_84: 0/255 demote (0.000000) k_P=8 in 0.295s
15_6_0227: 255/255 demote (1.000000) k_P=8 in 0.541s
9_6_0129: 255/255 demote (1.000000) k_P=8 in 0.246s
phase2_76: 0/255 demote (0.000000) k_P=8 in 0.219s
bliss_6d501ec13b20c3b5: 255/255 demote (1.000000) k_P=8 in 0.202s
phase2_49: 4095/4095 demote (1.000000) k_P=12 in 2.202s
12_6_0203: 4095/4095 demote (1.000000) k_P=12 in 4.138s
12_6_0204: 4095/4095 demote (1.000000) k_P=12 in 4.296s
30_6_0267: 4095/4095 demote (1.000000) k_P=12 in 12.505s
bliss_0455bdfc096e7eb7: 4095/4095 demote (1.000000) k_P=12 in 12.264s
30_6_0274: 4095/4095 demote (1.000000) k_P=12 in 11.801s
phase2_72: 4095/4095 demote (1.000000) k_P=12 in 3.201s
12_6_0207: 4095/4095 demote (1.000000) k_P=12 in 4.366s
30_6_0263: 4095/4095 demote (1.000000) k_P=12 in 12.565s
30_6_0262: 4095/4095 demote (1.000000) k_P=12 in 12.054s
phase2_51: 4095/4095 demote (1.000000) k_P=12 in 2.207s
