  n_side=16: FAIL (16 boxes, side=0.12500000, rho=[0.088476736 +/- 4.3e-12])
  n_side=32: OK (856 boxes, side=0.062500000, rho=[0.044238368 +/- 2.04e-12])
{
 "c_lo": "[1.300000000 +/- 3e-14]",
 "c_hi": "[1.450000000 +/- 1e-14]",
 "seconds": 178.4490442276001,
 "n_side=16": {
  "ok": false,
  "info": "16 boxes, side=0.12500000, rho=[0.088476736 +/- 4.3e-12]",
  "worst": [
   1,
   9,
   [
    "-0.81250000",
    "0.18750000"
   ],
   "[1.3000000 +/- 3e-12]",
   "[-0.006556264050 +/- 3.43e-13]"
  ]
 },
 "n_side=32": {
  "ok": true,
  "info": "856 boxes, side=0.062500000, rho=[0.044238368 +/- 2.04e-12]",
  "worst": null
 },
 "SUCCESS": true,
 "n_side_used": 32
}
