  n_side=2: FAIL (1 boxes, side=1.0000000, rho=[0.70781389 +/- 2.04e-9])
  n_side=4: FAIL (2 boxes, side=0.50000000, rho=[0.35390694 +/- 3.99e-9])
  n_side=8: FAIL (2 boxes, side=0.25000000, rho=[0.17695347 +/- 2.00e-9])
  n_side=16: FAIL (3 boxes, side=0.12500000, rho=[0.088476736 +/- 4.3e-12])
  n_side=32: FAIL (5 boxes, side=0.062500000, rho=[0.044238368 +/- 2.04e-12])
  n_side=64: FAIL (7 boxes, side=0.031250000, rho=[0.022119184 +/- 1.03e-12])
{
 "c_lo": "1.750000000",
 "c_hi": "3.500000000",
 "seconds": 4.29309606552124,
 "n_side=2": {
  "ok": false,
  "info": "1 boxes, side=1.0000000, rho=[0.70781389 +/- 2.04e-9]",
  "worst": [
   0,
   0,
   [
    "-0.50000000",
    "-0.50000000"
   ],
   "1.7500000",
   "[-0.1855261363 +/- 3.73e-11]"
  ]
 },
 "n_side=4": {
  "ok": false,
  "info": "2 boxes, side=0.50000000, rho=[0.35390694 +/- 3.99e-9]",
  "worst": [
   0,
   1,
   [
    "-0.75000000",
    "-0.25000000"
   ],
   "1.7500000",
   "[-0.1467693263 +/- 3.73e-11]"
  ]
 },
 "n_side=8": {
  "ok": false,
  "info": "2 boxes, side=0.25000000, rho=[0.17695347 +/- 2.00e-9]",
  "worst": [
   0,
   2,
   [
    "-0.87500000",
    "-0.37500000"
   ],
   "1.7500000",
   "[-0.001445360458 +/- 1.83e-13]"
  ]
 },
 "n_side=16": {
  "ok": false,
  "info": "3 boxes, side=0.12500000, rho=[0.088476736 +/- 4.3e-12]",
  "worst": [
   0,
   6,
   [
    "-0.93750000",
    "-0.18750000"
   ],
   "1.7500000",
   "[-0.005866703227 +/- 2.79e-13]"
  ]
 },
 "n_side=32": {
  "ok": false,
  "info": "5 boxes, side=0.062500000, rho=[0.044238368 +/- 2.04e-12]",
  "worst": [
   0,
   14,
   [
    "-0.96875000",
    "-0.093750000"
   ],
   "1.7500000",
   "[-0.004574008578 +/- 4.98e-13]"
  ]
 },
 "n_side=64": {
  "ok": false,
  "info": "7 boxes, side=0.031250000, rho=[0.022119184 +/- 1.03e-12]",
  "worst": [
   0,
   30,
   [
    "-0.98437500",
    "-0.046875000"
   ],
   "1.7500000",
   "[-0.003341324189 +/- 3.94e-13]"
  ]
 },
 "SUCCESS": false
}
