  n_side=2: FAIL (1 boxes, side=1.0000000, rho=[0.70781389 +/- 2.04e-9])
  n_side=4: FAIL (2 boxes, side=0.50000000, rho=[0.35390694 +/- 3.99e-9])
  n_side=8: FAIL (3 boxes, side=0.25000000, rho=[0.17695347 +/- 2.00e-9])
  n_side=16: FAIL (4 boxes, side=0.12500000, rho=[0.088476736 +/- 4.3e-12])
  n_side=32: FAIL (6 boxes, side=0.062500000, rho=[0.044238368 +/- 2.04e-12])
  n_side=64: FAIL (8 boxes, side=0.031250000, rho=[0.022119184 +/- 1.03e-12])
{
 "c_lo": "6.000000000",
 "c_hi": "12.00000000",
 "seconds": 5.121678113937378,
 "n_side=2": {
  "ok": false,
  "info": "1 boxes, side=1.0000000, rho=[0.70781389 +/- 2.04e-9]",
  "worst": [
   0,
   0,
   [
    "-0.50000000",
    "-0.50000000"
   ],
   "6.0000000",
   "[-0.004972043957 +/- 1.82e-13]"
  ]
 },
 "n_side=4": {
  "ok": false,
  "info": "2 boxes, side=0.50000000, rho=[0.35390694 +/- 3.99e-9]",
  "worst": [
   0,
   1,
   [
    "-0.75000000",
    "-0.25000000"
   ],
   "6.0000000",
   "[-0.003938718529 +/- 1.86e-13]"
  ]
 },
 "n_side=8": {
  "ok": false,
  "info": "3 boxes, side=0.25000000, rho=[0.17695347 +/- 2.00e-9]",
  "worst": [
   0,
   3,
   [
    "-0.87500000",
    "-0.12500000"
   ],
   "6.0000000",
   "[-0.002382556883 +/- 3.77e-13]"
  ]
 },
 "n_side=16": {
  "ok": false,
  "info": "4 boxes, side=0.12500000, rho=[0.088476736 +/- 4.3e-12]",
  "worst": [
   0,
   7,
   [
    "-0.93750000",
    "-0.062500000"
   ],
   "6.0000000",
   "[-0.001314330771 +/- 1.27e-13]"
  ]
 },
 "n_side=32": {
  "ok": false,
  "info": "6 boxes, side=0.062500000, rho=[0.044238368 +/- 2.04e-12]",
  "worst": [
   0,
   15,
   [
    "-0.96875000",
    "-0.031250000"
   ],
   "6.0000000",
   "[-0.0007068746096 +/- 2.78e-14]"
  ]
 },
 "n_side=64": {
  "ok": false,
  "info": "8 boxes, side=0.031250000, rho=[0.022119184 +/- 1.03e-12]",
  "worst": [
   0,
   31,
   [
    "-0.98437500",
    "-0.015625000"
   ],
   "6.0000000",
   "[-0.0003850444610 +/- 4.68e-14]"
  ]
 },
 "SUCCESS": false
}
