/Users/jinleic/jinleic-workspace/math/qec/experiments/exp051_xmonotone_lightscan.py:21: SyntaxWarning: invalid escape sequence '\g'
  d_P = 6 = wt(A)+wt(B): their X-M argument needs multi-row sums \ge 6 only,
/Users/jinleic/jinleic-workspace/math/qec/experiments/exp051_xmonotone_lightscan.py:21: SyntaxWarning: invalid escape sequence '\g'
  d_P = 6 = wt(A)+wt(B): their X-M argument needs multi-row sums \ge 6 only,
Traceback (most recent call last):
  File "/Users/jinleic/jinleic-workspace/math/qec/experiments/exp051_xmonotone_lightscan.py", line 254, in <module>
    raise SystemExit(main())
                     ~~~~^^
  File "/Users/jinleic/jinleic-workspace/math/qec/experiments/exp051_xmonotone_lightscan.py", line 250, in main
    return args.func(args)
           ~~~~~~~~~^^^^^^
  File "/Users/jinleic/jinleic-workspace/math/qec/experiments/exp051_xmonotone_lightscan.py", line 213, in run
    f"status={payload['enumerator_status']} codewords={payload['n_codewords']} "
              ~~~~~~~^^^^^^^^^^^^^^^^^^^^^
KeyError: 'enumerator_status'
/Users/jinleic/jinleic-workspace/math/qec/experiments/exp051_xmonotone_lightscan.py:21: SyntaxWarning: invalid escape sequence '\g'
  d_P = 6 = wt(A)+wt(B): their X-M argument needs multi-row sums \ge 6 only,
30_6_0289: cached
9_6_0175: d_P=8 cap=7 status=INFEASIBLE channel_wt=None -> CERTIFIED_NO_MULTIROW_LIGHT (3.824s)
15_6_0256: d_P=10 cap=9 status=OPTIMAL channel_wt=8 -> CHANNEL_PRESENT (0.073s)
phase2_75: d_P=6 cap=5 status=INFEASIBLE channel_wt=None -> CERTIFIED_NO_MULTIROW_LIGHT (0.209s)
phase2_76: d_P=6 cap=5 status=INFEASIBLE channel_wt=None -> CERTIFIED_NO_MULTIROW_LIGHT (0.569s)
phase2_77: d_P=6 cap=5 status=INFEASIBLE channel_wt=None -> CERTIFIED_NO_MULTIROW_LIGHT (0.097s)
phase2_83: d_P=6 cap=5 status=INFEASIBLE channel_wt=None -> CERTIFIED_NO_MULTIROW_LIGHT (0.109s)
phase2_84: d_P=6 cap=5 status=INFEASIBLE channel_wt=None -> CERTIFIED_NO_MULTIROW_LIGHT (0.161s)
phase2_87: d_P=6 cap=5 status=INFEASIBLE channel_wt=None -> CERTIFIED_NO_MULTIROW_LIGHT (0.134s)
phase2_109: d_P=6 cap=5 status=INFEASIBLE channel_wt=None -> CERTIFIED_NO_MULTIROW_LIGHT (5.087s)
