This is pdfTeX, Version 3.141592653-2.6-1.40.27 (TeX Live 2025/Homebrew) (preloaded format=pdflatex)
 restricted \write18 enabled.
entering extended mode
(./main.tex
LaTeX2e <2024-11-01> patch level 2
L3 programming layer <2025-01-18>

(/opt/homebrew/Cellar/texlive/20250308_2/share/texmf-dist/tex/latex/base/articl
e.cls
Document Class: article 2024/06/29 v1.4n Standard LaTeX document class

(/opt/homebrew/Cellar/texlive/20250308_2/share/texmf-dist/tex/latex/base/size11
.clo))
(/opt/homebrew/Cellar/texlive/20250308_2/share/texmf-dist/tex/latex/amsmath/ams
math.sty
For additional information on amsmath, use the `?' option.

(/opt/homebrew/Cellar/texlive/20250308_2/share/texmf-dist/tex/latex/amsmath/ams
text.sty
(/opt/homebrew/Cellar/texlive/20250308_2/share/texmf-dist/tex/latex/amsmath/ams
gen.sty))
(/opt/homebrew/Cellar/texlive/20250308_2/share/texmf-dist/tex/latex/amsmath/ams
bsy.sty)
(/opt/homebrew/Cellar/texlive/20250308_2/share/texmf-dist/tex/latex/amsmath/ams
opn.sty))
(/opt/homebrew/Cellar/texlive/20250308_2/share/texmf-dist/tex/latex/amsfonts/am
ssymb.sty
(/opt/homebrew/Cellar/texlive/20250308_2/share/texmf-dist/tex/latex/amsfonts/am
sfonts.sty))
(/opt/homebrew/Cellar/texlive/20250308_2/share/texmf-dist/tex/latex/amscls/amst
hm.sty)
(/opt/homebrew/Cellar/texlive/20250308_2/share/texmf-dist/tex/latex/hyperref/hy
perref.sty
(/opt/homebrew/Cellar/texlive/20250308_2/share/texmf-dist/tex/generic/iftex/ift
ex.sty)
(/opt/homebrew/Cellar/texlive/20250308_2/share/texmf-dist/tex/latex/graphics/ke
yval.sty)
(/opt/homebrew/Cellar/texlive/20250308_2/share/texmf-dist/tex/latex/kvsetkeys/k
vsetkeys.sty)
(/opt/homebrew/Cellar/texlive/20250308_2/share/texmf-dist/tex/generic/kvdefinek
eys/kvdefinekeys.sty)
(/opt/homebrew/Cellar/texlive/20250308_2/share/texmf-dist/tex/generic/pdfescape
/pdfescape.sty
(/opt/homebrew/Cellar/texlive/20250308_2/share/texmf-dist/tex/generic/ltxcmds/l
txcmds.sty)
(/opt/homebrew/Cellar/texlive/20250308_2/share/texmf-dist/tex/generic/pdftexcmd
s/pdftexcmds.sty
(/opt/homebrew/Cellar/texlive/20250308_2/share/texmf-dist/tex/generic/infwarerr
/infwarerr.sty)))
(/opt/homebrew/Cellar/texlive/20250308_2/share/texmf-dist/tex/latex/hycolor/hyc
olor.sty)
(/opt/homebrew/Cellar/texlive/20250308_2/share/texmf-dist/tex/latex/hyperref/na
meref.sty
(/opt/homebrew/Cellar/texlive/20250308_2/share/texmf-dist/tex/latex/refcount/re
fcount.sty)
(/opt/homebrew/Cellar/texlive/20250308_2/share/texmf-dist/tex/generic/gettitles
tring/gettitlestring.sty
(/opt/homebrew/Cellar/texlive/20250308_2/share/texmf-dist/tex/latex/kvoptions/k
voptions.sty)))
(/opt/homebrew/Cellar/texlive/20250308_2/share/texmf-dist/tex/latex/etoolbox/et
oolbox.sty)
(/opt/homebrew/Cellar/texlive/20250308_2/share/texmf-dist/tex/generic/stringenc
/stringenc.sty)
(/opt/homebrew/Cellar/texlive/20250308_2/share/texmf-dist/tex/latex/hyperref/pd
1enc.def)
(/opt/homebrew/Cellar/texlive/20250308_2/share/texmf-dist/tex/generic/intcalc/i
ntcalc.sty)
(/opt/homebrew/Cellar/texlive/20250308_2/share/texmf-dist/tex/latex/hyperref/pu
enc.def)
(/opt/homebrew/Cellar/texlive/20250308_2/share/texmf-dist/tex/latex/url/url.sty
)
(/opt/homebrew/Cellar/texlive/20250308_2/share/texmf-dist/tex/generic/bitset/bi
tset.sty
(/opt/homebrew/Cellar/texlive/20250308_2/share/texmf-dist/tex/generic/bigintcal
c/bigintcalc.sty))
(/opt/homebrew/Cellar/texlive/20250308_2/share/texmf-dist/tex/latex/base/atbegs
hi-ltx.sty))
(/opt/homebrew/Cellar/texlive/20250308_2/share/texmf-dist/tex/latex/hyperref/hp
dftex.def
(/opt/homebrew/Cellar/texlive/20250308_2/share/texmf-dist/tex/latex/base/atvery
end-ltx.sty)
(/opt/homebrew/Cellar/texlive/20250308_2/share/texmf-dist/tex/latex/rerunfilech
eck/rerunfilecheck.sty
(/opt/homebrew/Cellar/texlive/20250308_2/share/texmf-dist/tex/generic/uniquecou
nter/uniquecounter.sty)))
(/opt/homebrew/Cellar/texlive/20250308_2/share/texmf-dist/tex/latex/l3backend/l
3backend-pdftex.def) (./main.aux)
(/opt/homebrew/Cellar/texlive/20250308_2/share/texmf-dist/tex/latex/graphics/co
lor.sty
(/opt/homebrew/Cellar/texlive/20250308_2/share/texmf-dist/tex/latex/graphics-cf
g/color.cfg)
(/opt/homebrew/Cellar/texlive/20250308_2/share/texmf-dist/tex/latex/graphics-de
f/pdftex.def
(/opt/homebrew/Cellar/texlive/20250308_2/share/texmf-dist/tex/context/base/mkii
/supp-pdf.mkii
[Loading MPS to PDF converter (version 2006.09.02).]
))
(/opt/homebrew/Cellar/texlive/20250308_2/share/texmf-dist/tex/latex/graphics/ma
thcolor.ltx)) (./main.out) (./main.out)
(/opt/homebrew/Cellar/texlive/20250308_2/share/texmf-dist/tex/latex/amsfonts/um
sa.fd)
(/opt/homebrew/Cellar/texlive/20250308_2/share/texmf-dist/tex/latex/amsfonts/um
sb.fd)
[1{/opt/homebrew/Cellar/texlive/20250308_2/share/texmf-dist/fonts/map/pdftex/up
dmap/pdftex.map}{/opt/homebrew/Cellar/texlive/20250308_2/share/texmf-dist/fonts
/enc/dvips/cm-super/cm-super-ts1.enc}]

Package hyperref Warning: Token not allowed in a PDF string (Unicode):
(hyperref)                removing `math shift' on input line 96.


Package hyperref Warning: Token not allowed in a PDF string (Unicode):
(hyperref)                removing `\psi' on input line 96.


Package hyperref Warning: Token not allowed in a PDF string (Unicode):
(hyperref)                removing `math shift' on input line 96.


Package hyperref Warning: Token not allowed in a PDF string (Unicode):
(hyperref)                removing `math shift' on input line 116.


Package hyperref Warning: Token not allowed in a PDF string (Unicode):
(hyperref)                removing `\psi' on input line 116.


Package hyperref Warning: Token not allowed in a PDF string (Unicode):
(hyperref)                removing `math shift' on input line 116.


[2]
Underfull \hbox (badness 1077) in paragraph at lines 155--155
[]$\OML/cmm/m/it/10   \OT1/cmr/m/n/10 = (3 \OMS/cmsy/m/n/10 ^^@ []\OT1/cmr/m/n/
10 )\OML/cmm/m/it/10 =\OT1/cmr/m/n/10 2 \OMS/cmsy/m/n/10 ^^Y

Underfull \hbox (badness 10000) in paragraph at lines 155--156
[]\OT1/cmr/m/n/10 Chase--Lovett [[]],

Underfull \hbox (badness 10000) in paragraph at lines 155--156
\OT1/cmr/m/n/10 Alweiss--Huang--Sellke

Underfull \hbox (badness 10000) in paragraph at lines 156--156
[]$\OML/cmm/m/it/10 c[] \OMS/cmsy/m/n/10 ^^Y

Overfull \hbox (40.19577pt too wide) in paragraph at lines 150--163
 [][] 

LaTeX Warning: `h' float specifier changed to `ht'.


Overfull \hbox (41.61157pt too wide) in paragraph at lines 186--189
\OT1/cmr/m/it/10.95 the in-fi-mum run-ning over cou-plings $\OML/cmm/m/it/10.95
 ^^Y$ \OT1/cmr/m/it/10.95 of $\OML/cmm/m/it/10.95 ^^V$ \OT1/cmr/m/it/10.95 with
 it-self, and $\OML/cmm/m/it/10.95 s[]\OT1/cmr/m/n/10.95 (\OML/cmm/m/it/10.95 p
; r\OT1/cmr/m/n/10.95 ) = [][]\OML/cmm/m/it/10.95 p; r; []\OT1/cmr/m/n/10.95 (\
OML/cmm/m/it/10.95 p \OT1/cmr/m/n/10.95 +

[3]
Overfull \hbox (33.904pt too wide) in paragraph at lines 205--207
[]\OT1/cmr/m/n/10.95 an \OT1/cmr/m/it/10.95 ex-act scaf-fold \OT1/cmr/m/n/10.95
 de-com-pos-ing the OR-entropy ker-nel (\TS1/cmr/m/n/10.95 §\OT1/cmr/m/n/10.95 
2, \OT1/cmtt/m/n/10.95 decomposition.py\OT1/cmr/m/n/10.95 ,

Overfull \hbox (18.68938pt too wide) in paragraph at lines 217--226
\OT1/cmr/m/n/10.95 branch-and-bound in Arb ball arith-metic (\TS1/cmr/m/n/10.95
 §\OT1/cmr/m/n/10.95 5, \OT1/cmtt/m/n/10.95 cert3.py\OT1/cmr/m/n/10.95 , \OT1/c
mtt/m/n/10.95 cert2.py\OT1/cmr/m/n/10.95 , \OT1/cmtt/m/n/10.95 arbcore.py\OT1/c
mr/m/n/10.95 ,

Overfull \hbox (22.18727pt too wide) in paragraph at lines 217--226
\OT1/cmr/m/n/10.95 a one-byte-per-node proof trace, and an in-de-pen-dent re-pl
ayer (\OT1/cmtt/m/n/10.95 cert3[]replay.py\OT1/cmr/m/n/10.95 )

Overfull \hbox (28.62422pt too wide) in paragraph at lines 217--226
\OT1/cmr/m/n/10.95 re-proves ev-ery node in in-ter-val arith-metic. A frozen co
l-lec-tor (\OT1/cmtt/m/n/10.95 cert3[]collect.py\OT1/cmr/m/n/10.95 )

[4]

Package hyperref Warning: Token not allowed in a PDF string (Unicode):
(hyperref)                removing `math shift' on input line 237.


Package hyperref Warning: Token not allowed in a PDF string (Unicode):
(hyperref)                removing `math shift' on input line 237.


[5]
Overfull \hbox (1.68356pt too wide) detected at line 289
\OML/cmm/m/it/10.95 g\OT1/cmr/m/n/10.95 (\OML/cmm/m/it/10.95 x\OT1/cmr/m/n/10.9
5 )\OML/cmm/m/it/10.95 g\OT1/cmr/m/n/10.95 (\OML/cmm/m/it/10.95 y\OT1/cmr/m/n/1
0.95 ) \OMS/cmsy/m/n/10.95 ^^@ \OML/cmm/m/it/10.95 a\OT1/cmr/m/n/10.95 (\OML/cm
m/m/it/10.95 x\OT1/cmr/m/n/10.95 )\OML/cmm/m/it/10.95 a\OT1/cmr/m/n/10.95 (\OML
/cmm/m/it/10.95 y\OT1/cmr/m/n/10.95 ) = \OML/cmm/m/it/10.95 x a\OT1/cmr/m/n/10.
95 (\OML/cmm/m/it/10.95 y\OT1/cmr/m/n/10.95 ) + \OML/cmm/m/it/10.95 y a\OT1/cmr
/m/n/10.95 (\OML/cmm/m/it/10.95 x\OT1/cmr/m/n/10.95 ) + \OML/cmm/m/it/10.95 xy 
\OT1/cmr/m/n/10.95 = \OMS/cmsy/m/n/10.95 ^^@\OML/cmm/m/it/10.95 xy []\OT1/cmr/m
/n/10.95 (\OML/cmm/m/it/10.95 xy\OT1/cmr/m/n/10.95 ) + \OML/cmm/m/it/10.95 xy \
OT1/cmr/m/n/10.95 = \OML/cmm/m/it/10.95 H\OT1/cmr/m/n/10.95 (\OML/cmm/m/it/10.9
5 xy\OT1/cmr/m/n/10.95 ) + \OML/cmm/m/it/10.95 T\OT1/cmr/m/n/10.95 (\OML/cmm/m/
it/10.95 xy\OT1/cmr/m/n/10.95 )\OML/cmm/m/it/10.95 ;

Overfull \hbox (83.93657pt too wide) detected at line 330
[]

[6]

Package hyperref Warning: Token not allowed in a PDF string (Unicode):
(hyperref)                removing `math shift' on input line 388.


Package hyperref Warning: Token not allowed in a PDF string (Unicode):
(hyperref)                removing `\alpha' on input line 388.


Package hyperref Warning: Token not allowed in a PDF string (Unicode):
(hyperref)                removing `math shift' on input line 388.


Package hyperref Warning: Token not allowed in a PDF string (Unicode):
(hyperref)                removing `math shift' on input line 388.


Package hyperref Warning: Token not allowed in a PDF string (Unicode):
(hyperref)                removing `\psi' on input line 388.


Package hyperref Warning: Token not allowed in a PDF string (Unicode):
(hyperref)                removing `math shift' on input line 388.


[7]
[8]

Package hyperref Warning: Token not allowed in a PDF string (Unicode):
(hyperref)                removing `math shift' on input line 465.


Package hyperref Warning: Token not allowed in a PDF string (Unicode):
(hyperref)                removing `math shift' on input line 465.


Overfull \hbox (38.59573pt too wide) detected at line 483
\OML/cmm/m/it/10.95 ^^V[] \OT1/cmr/m/n/10.95 = \OML/cmm/m/it/10.95 M\OT1/cmr/m/
n/10.95 (\OML/cmm/m/it/10.95 ^^W\OT1/cmr/m/n/10.95 ) = []\OML/cmm/m/it/10.95 ; 
 [] f d^^V[] \OT1/cmr/m/n/10.95 = [][] [] \OML/cmm/m/it/10.95 d^^W\OT1/cmr/m/n/
10.95 (\OML/cmm/m/it/10.95 p; q\OT1/cmr/m/n/10.95 ) (\OML/cmm/m/it/10.95 f \OMS
/cmsy/m/n/10.95 2 \OML/cmm/m/it/10.95 C\OT1/cmr/m/n/10.95 [0\OML/cmm/m/it/10.95
 ; \OT1/cmr/m/n/10.95 1])\OML/cmm/m/it/10.95 :

Overfull \hbox (53.50266pt too wide) detected at line 505
[][]\OT1/cmr/m/n/10.95 (1 \OMS/cmsy/m/n/10.95 ^^@ \OML/cmm/m/it/10.95 \OT1/cmr
/m/n/10.95 )Q(\OML/cmm/m/it/10.95 ^^V\OT1/cmr/m/n/10.95 ) + \OML/cmm/m/it/10.95
 \OT1/cmr/m/n/10.95 C(\OML/cmm/m/it/10.95 ^^V\OT1/cmr/m/n/10.95 ) \OMS/cmsy/m/
n/10.95 ^^@ \OT1/cmr/m/n/10.95 L(\OML/cmm/m/it/10.95 ^^V\OT1/cmr/m/n/10.95 )[] 
= [][](1 \OMS/cmsy/m/n/10.95 ^^@ \OML/cmm/m/it/10.95 \OT1/cmr/m/n/10.95 ) Q(\O
ML/cmm/m/it/10.95 ^^V[]\OT1/cmr/m/n/10.95 ) + \OML/cmm/m/it/10.95  [] c d^^W \
OMS/cmsy/m/n/10.95 ^^@ \OT1/cmr/m/n/10.95 L(\OML/cmm/m/it/10.95 ^^V[]\OT1/cmr/m
/n/10.95 )[]\OML/cmm/m/it/10.95 :

[9]
Overfull \hbox (8.89088pt too wide) in paragraph at lines 516--521
[]\OT1/cmr/m/n/10.95 The proof is a tra-di-tional the-o-rem with pub-lished ci-
ta-tions (Riesz, Banach--

Overfull \hbox (80.2526pt too wide) detected at line 538
\OML/cmm/m/it/10.95 g\OT1/cmr/m/n/10.95 (\OML/cmm/m/it/10.95 p; q\OT1/cmr/m/n/1
0.95 ) = []\OML/cmm/m/it/10.95 ;  `\OT1/cmr/m/n/10.95 (\OML/cmm/m/it/10.95 p; q
\OT1/cmr/m/n/10.95 ) = []\OML/cmm/m/it/10.95 ;  s[]\OT1/cmr/m/n/10.95 (\OML/cmm
/m/it/10.95 p; q\OT1/cmr/m/n/10.95 ) = [][][]([]\OML/cmm/m/it/10.95 ; p; q\OT1/
cmr/m/n/10.95 )\OML/cmm/m/it/10.95 ; []\OT1/cmr/m/n/10.95 (\OML/cmm/m/it/10.95 
p \OT1/cmr/m/n/10.95 + \OML/cmm/m/it/10.95 q; \OT1/cmr/m/n/10.95 1)[]\OML/cmm/m
/it/10.95 ;

[10]
[11]
Overfull \hbox (33.70712pt too wide) detected at line 640
\OT1/cmr/m/n/10.95 ^^H[](\OML/cmm/m/it/10.95 ^^W\OT1/cmr/m/n/10.95 ) \OMS/cmsy/
m/n/10.95 ^^U \OT1/cmr/m/n/10.95 0 []\OML/cmm/m/it/10.95 ^^W \OT1/cmr/m/n/10.95
 = \OML/cmm/m/it/10.95 w ^^N[] \OT1/cmr/m/n/10.95 + (1 \OMS/cmsy/m/n/10.95 ^^@ 
\OML/cmm/m/it/10.95 w\OT1/cmr/m/n/10.95 ) \OML/cmm/m/it/10.95 ^^N[][] []\OT1/cm
r/m/n/10.95 (\OML/cmm/m/it/10.95 ^^V[]\OT1/cmr/m/n/10.95 ) \OMS/cmsy/m/n/10.95 
^^T \OML/cmm/m/it/10.95 t;

Package hyperref Warning: Token not allowed in a PDF string (Unicode):
(hyperref)                removing `math shift' on input line 644.


Package hyperref Warning: Token not allowed in a PDF string (Unicode):
(hyperref)                removing `\new@ifnextchar' on input line 644.


Package hyperref Warning: Token not allowed in a PDF string (Unicode):
(hyperref)                removing `math shift' on input line 644.


Overfull \hbox (38.09245pt too wide) detected at line 658
[][][][]\OT1/cmr/m/n/10.95 (\OML/cmm/m/it/10.95 x\OT1/cmr/m/n/10.95 ) = [] = 2(
1 \OMS/cmsy/m/n/10.95 ^^@ \OML/cmm/m/it/10.95 x\OT1/cmr/m/n/10.95 ) \OML/cmm/m/
it/10.95 h\OT1/cmr/m/n/10.95 (\OML/cmm/m/it/10.95 x\OT1/cmr/m/n/10.95 ) \OMS/cm
sy/m/n/10.95 ^^@ \OML/cmm/m/it/10.95 h[]\OT1/cmr/m/n/10.95 (1 \OMS/cmsy/m/n/10.
95 ^^@ \OML/cmm/m/it/10.95 x\OT1/cmr/m/n/10.95 )[][] = \OML/cmm/m/it/10.95 ^^Z\
OT1/cmr/m/n/10.95 (\OML/cmm/m/it/10.95 x\OT1/cmr/m/n/10.95 ) \OML/cmm/m/it/10.9
5 h\OT1/cmr/m/n/10.95 (\OML/cmm/m/it/10.95 x\OT1/cmr/m/n/10.95 )\OML/cmm/m/it/1
0.95 ;  ^^Z\OT1/cmr/m/n/10.95 (\OML/cmm/m/it/10.95 x\OT1/cmr/m/n/10.95 ) = []\O
ML/cmm/m/it/10.95 :

Overfull \hbox (5.58492pt too wide) detected at line 670
\OML/cmm/m/it/10.95 ^^[\OT1/cmr/m/n/10.95 (\OML/cmm/m/it/10.95 ^^V\OT1/cmr/m/n/
10.95 ) = [] [] \OML/cmm/m/it/10.95 d^^V\OT1/cmr/m/n/10.95 (\OML/cmm/m/it/10.95
 p\OT1/cmr/m/n/10.95 )\OML/cmm/m/it/10.95 ;  \OT1/cmr/m/n/10.95 ^^C(\OML/cmm/m/
it/10.95 ^^V\OT1/cmr/m/n/10.95 ) = 2(1 \OMS/cmsy/m/n/10.95 ^^@ \OML/cmm/m/it/10
.95 \OT1/cmr/m/n/10.95 ) B(\OML/cmm/m/it/10.95 ^^V\OT1/cmr/m/n/10.95 ) \OMS/cm
sy/m/n/10.95 ^^@ \OT1/cmr/m/n/10.95 1 + \OML/cmm/m/it/10.95  [] \OMS/cmsy/m/n/
10.95 ^^@ \OT1/cmr/m/n/10.95 (1 \OMS/cmsy/m/n/10.95 ^^@ \OML/cmm/m/it/10.95 \O
T1/cmr/m/n/10.95 ) []\OML/cmm/m/it/10.95 :

[12]

Package hyperref Warning: Token not allowed in a PDF string (Unicode):
(hyperref)                removing `math shift' on input line 714.


Package hyperref Warning: Token not allowed in a PDF string (Unicode):
(hyperref)                removing `\new@ifnextchar' on input line 714.


Package hyperref Warning: Token not allowed in a PDF string (Unicode):
(hyperref)                removing `\le' on input line 714.


Package hyperref Warning: Token not allowed in a PDF string (Unicode):
(hyperref)                removing `\min' on input line 714.


Package hyperref Warning: Token not allowed in a PDF string (Unicode):
(hyperref)                removing `math shift' on input line 714.


[13]
Overfull \hbox (34.01314pt too wide) in paragraph at lines 770--775
\OT1/cmr/m/n/10.95 de-creases. These signs are proved sym-bol-i-cally in \OT1/c
mtt/m/n/10.95 cert2.[]RHO[]NUMERATOR[]IDENTITY

[14]
Overfull \hbox (8.52113pt too wide) in paragraph at lines 793--808
\OT1/cmr/m/n/10.95 cube, and it is split into the eight ex-act dyadic $\OML/cmm
/m/it/10.95 w$\OT1/cmr/m/n/10.95 -slices $[[]\OML/cmm/m/it/10.95 ; []\OT1/cmr/m
/n/10.95 ]\OML/cmm/m/it/10.95 ; \OT1/cmr/m/n/10.95 [[]\OML/cmm/m/it/10.95 ; []\
OT1/cmr/m/n/10.95 ]\OML/cmm/m/it/10.95 ; [] ; \OT1/cmr/m/n/10.95 [[]\OML/cmm/m/
it/10.95 ; \OT1/cmr/m/n/10.95 1]$

Overfull \hbox (5.07724pt too wide) in paragraph at lines 835--841
[]\OT1/cmr/m/it/10.95 Corner bound \OT1/cmr/m/n/10.95 (\OT1/cmtt/m/n/10.95 diag
[]exhaust.phi[]corner\OT1/cmr/m/n/10.95 ). With $\OML/cmm/m/it/10.95 m[] \OT1/c
mr/m/n/10.95 = []([][]\OML/cmm/m/it/10.95 ; t\OT1/cmr/m/n/10.95 )$

[15]
Overfull \hbox (3.8819pt too wide) detected at line 848
\OT1/cmr/m/n/10.95 ^^H \OMS/cmsy/m/n/10.95 ^^U \OT1/cmr/m/n/10.95 L []\OML/cmm/
m/it/10.95 ^^T[] \OMS/cmsy/m/n/10.95 ^^@ \OT1/cmr/m/n/10.95 (1 \OMS/cmsy/m/n/10
.95 ^^@ \OML/cmm/m/it/10.95 \OT1/cmr/m/n/10.95 )\OML/cmm/m/it/10.95 ^^Z[][];  
^^T[] \OT1/cmr/m/n/10.95 = 2(1 \OMS/cmsy/m/n/10.95 ^^@ \OML/cmm/m/it/10.95 \OT
1/cmr/m/n/10.95 )(1 \OMS/cmsy/m/n/10.95 ^^@ \OML/cmm/m/it/10.95 t\OT1/cmr/m/n/1
0.95 ) \OMS/cmsy/m/n/10.95 ^^@ \OT1/cmr/m/n/10.95 1 = 0\OML/cmm/m/it/10.95 :\OT
1/cmr/m/n/10.95 191862550011752\OML/cmm/m/it/10.95 ;

Overfull \hbox (27.69621pt too wide) in paragraph at lines 857--868
\OT1/cmr/m/n/10.95 swap, and weight-only fall-backs: \OT1/cmtt/m/n/10.95 center
ed5[]mixed\OT1/cmr/m/n/10.95 , \OT1/cmtt/m/n/10.95 centered5[]mixed[]swap\OT1/c
mr/m/n/10.95 ,

[16]
Overfull \hbox (8.83322pt too wide) in paragraph at lines 896--905
[]\OT1/cmtt/m/n/10.95 cert3[]replay.replay[]trace \OT1/cmr/m/n/10.95 re-con-str
ucts ev-ery box from the ex-act dyadic

Overfull \hbox (58.53577pt too wide) in paragraph at lines 920--933
\OT1/cmr/m/n/10.95 15 pinned sources (7 ex-e-cutable: \OT1/cmtt/m/n/10.95 cert3
.py\OT1/cmr/m/n/10.95 , \OT1/cmtt/m/n/10.95 cert2.py\OT1/cmr/m/n/10.95 , \OT1/c
mtt/m/n/10.95 cert3[]par.py\OT1/cmr/m/n/10.95 , \OT1/cmtt/m/n/10.95 diag[]exhau
st.py\OT1/cmr/m/n/10.95 ,

Overfull \hbox (21.67416pt too wide) in paragraph at lines 920--933
\OT1/cmtt/m/n/10.95 cert3[]collect.py\OT1/cmr/m/n/10.95 , \OT1/cmtt/m/n/10.95 c
ert3[]replay.py\OT1/cmr/m/n/10.95 , \OT1/cmtt/m/n/10.95 decomposition.py\OT1/cm
r/m/n/10.95 , \OT1/cmtt/m/n/10.95 lemma[]rh[]proof.py\OT1/cmr/m/n/10.95 ,

Overfull \hbox (9.19937pt too wide) in paragraph at lines 920--933
\OT1/cmtt/m/n/10.95 margin[]lemma.py\OT1/cmr/m/n/10.95 , \OT1/cmtt/m/n/10.95 re
duction.py\OT1/cmr/m/n/10.95 , \OT1/cmtt/m/n/10.95 thmB3[]proof.py\OT1/cmr/m/n/
10.95 ) into \OT1/cmtt/m/n/10.95 snapshot/\OT1/cmr/m/n/10.95 , all SHA-

[17]
Overfull \hbox (20.67044pt too wide) in paragraph at lines 940--951
\OT1/cmr/m/n/10.95 coded in-ven-to-ries \OT1/cmtt/m/n/10.95 EXPECTED[]EXECUTABL
E[]FILES \OT1/cmr/m/n/10.95 (7) and \OT1/cmtt/m/n/10.95 EXPECTED[]REVIEW[]FILES


[18]

LaTeX Font Warning: Font shape `OML/cmtt/m/n' undefined
(Font)              using `OML/cmm/m/it' instead
(Font)              for symbol `textless' on input line 1022.


Overfull \hbox (167.30736pt too wide) in paragraph at lines 1025--1033
\OT1/cmr/m/n/10.95 with $[]$ the cam-paign di-rec-tory name (for H: \OT1/cmtt/m
/n/10.95 cert3[]20260817T212001Z[]4e6268eb7ce44aa3883ef15ea401c7c7[]

Overfull \hbox (39.37463pt too wide) in paragraph at lines 1035--1043
\OT1/cmr/m/n/10.95 ule im-port can write a byte-code cache be-fore its body set
s \OT1/cmtt/m/n/10.95 sys.dont[]write[]bytecode

[19]
Overfull \hbox (8.34572pt too wide) in paragraph at lines 1045--1057
\OT1/cmr/m/n/10.95 pinned-source ex-e-cu-tion and startup hooks (\OT1/cmtt/m/n/
10.95 python -B\OT1/cmr/m/n/10.95 ); flint/Arb, the hashed

Overfull \hbox (6.67342pt too wide) in paragraph at lines 1045--1057
\OT1/cmr/m/n/10.95 and the pub-lished ci-ta-tions: Bauer [[]], Win-kler [[]] vi
a Pinelis [[]], van Neer-

Overfull \hbox (34.31012pt too wide) in paragraph at lines 1059--1070
\OT1/cmr/m/n/10.95 the symmetrize-and-fold bridge); \OT1/cmtt/m/n/10.95 decompo
sition.py \OT1/cmr/m/n/10.95 (The-o-rem [][]2.2[][]); \OT1/cmtt/m/n/10.95 reduc
tion.py

Overfull \hbox (48.06328pt too wide) in paragraph at lines 1059--1070
\OT1/cmr/m/n/10.95 (The-o-rem [][]2.4[][], Corol-lar-ies [][]2.5[][]-- [][]2.7[
][]); \OT1/cmtt/m/n/10.95 thmB3[]proof.py \OT1/cmr/m/n/10.95 (The-o-rem [][]3.2
[][]); \OT1/cmtt/m/n/10.95 margin[]lemma.py

[20]
Underfull \hbox (badness 1783) in paragraph at lines 1090--1092
[]\OT1/cmr/m/n/10.95 Z. Chase and S. Lovett, Ap-prox-i-mate union closed con-je
c-ture,

[21]
[22] (./main.aux)

LaTeX Font Warning: Some font shapes were not available, defaults substituted.

 )
(see the transcript file for additional information)</opt/homebrew/Cellar/texli
ve/20250308_2/share/texmf-dist/fonts/type1/public/amsfonts/cm/cmbx10.pfb></opt/
homebrew/Cellar/texlive/20250308_2/share/texmf-dist/fonts/type1/public/amsfonts
/cm/cmbx12.pfb></opt/homebrew/Cellar/texlive/20250308_2/share/texmf-dist/fonts/
type1/public/amsfonts/cm/cmex10.pfb></opt/homebrew/Cellar/texlive/20250308_2/sh
are/texmf-dist/fonts/type1/public/amsfonts/cm/cmitt10.pfb></opt/homebrew/Cellar
/texlive/20250308_2/share/texmf-dist/fonts/type1/public/amsfonts/cm/cmmi10.pfb>
</opt/homebrew/Cellar/texlive/20250308_2/share/texmf-dist/fonts/type1/public/am
sfonts/cm/cmmi12.pfb></opt/homebrew/Cellar/texlive/20250308_2/share/texmf-dist/
fonts/type1/public/amsfonts/cm/cmmi6.pfb></opt/homebrew/Cellar/texlive/20250308
_2/share/texmf-dist/fonts/type1/public/amsfonts/cm/cmmi7.pfb></opt/homebrew/Cel
lar/texlive/20250308_2/share/texmf-dist/fonts/type1/public/amsfonts/cm/cmmi8.pf
b></opt/homebrew/Cellar/texlive/20250308_2/share/texmf-dist/fonts/type1/public/
amsfonts/cm/cmr10.pfb></opt/homebrew/Cellar/texlive/20250308_2/share/texmf-dist
/fonts/type1/public/amsfonts/cm/cmr12.pfb></opt/homebrew/Cellar/texlive/2025030
8_2/share/texmf-dist/fonts/type1/public/amsfonts/cm/cmr17.pfb></opt/homebrew/Ce
llar/texlive/20250308_2/share/texmf-dist/fonts/type1/public/amsfonts/cm/cmr6.pf
b></opt/homebrew/Cellar/texlive/20250308_2/share/texmf-dist/fonts/type1/public/
amsfonts/cm/cmr7.pfb></opt/homebrew/Cellar/texlive/20250308_2/share/texmf-dist/
fonts/type1/public/amsfonts/cm/cmr8.pfb></opt/homebrew/Cellar/texlive/20250308_
2/share/texmf-dist/fonts/type1/public/amsfonts/cm/cmr9.pfb></opt/homebrew/Cella
r/texlive/20250308_2/share/texmf-dist/fonts/type1/public/amsfonts/cm/cmsy10.pfb
></opt/homebrew/Cellar/texlive/20250308_2/share/texmf-dist/fonts/type1/public/a
msfonts/cm/cmsy6.pfb></opt/homebrew/Cellar/texlive/20250308_2/share/texmf-dist/
fonts/type1/public/amsfonts/cm/cmsy7.pfb></opt/homebrew/Cellar/texlive/20250308
_2/share/texmf-dist/fonts/type1/public/amsfonts/cm/cmsy8.pfb></opt/homebrew/Cel
lar/texlive/20250308_2/share/texmf-dist/fonts/type1/public/amsfonts/cm/cmti10.p
fb></opt/homebrew/Cellar/texlive/20250308_2/share/texmf-dist/fonts/type1/public
/amsfonts/cm/cmtt10.pfb></opt/homebrew/Cellar/texlive/20250308_2/share/texmf-di
st/fonts/type1/public/amsfonts/cm/cmtt9.pfb></opt/homebrew/Cellar/texlive/20250
308_2/share/texmf-dist/fonts/type1/public/amsfonts/symbols/msbm10.pfb></opt/hom
ebrew/Cellar/texlive/20250308_2/share/texmf-dist/fonts/type1/public/cm-super/sf
rm0600.pfb></opt/homebrew/Cellar/texlive/20250308_2/share/texmf-dist/fonts/type
1/public/cm-super/sfrm0800.pfb></opt/homebrew/Cellar/texlive/20250308_2/share/t
exmf-dist/fonts/type1/public/cm-super/sfrm1095.pfb></opt/homebrew/Cellar/texliv
e/20250308_2/share/texmf-dist/fonts/type1/public/cm-super/sftt1000.pfb>
Output written on main.pdf (22 pages, 399617 bytes).
Transcript written on main.log.
