[2026-08-31T21:12:43Z]   orbits: input g-orbits 14884 of 177147 words; output g-orbits (flat) 22450
[2026-08-31T21:12:43Z]   word bucketing done (177147 words) [0.7s]
[2026-08-31T21:12:47Z] structure q=3 n=11: 10000/14884 reps, rep-entries=3691498, B-slots=2234901
[2026-08-31T21:12:49Z] structure q=3 n=11: in-g=14884 out-g=22450 rep-entries=6148309 B-slots=3573542 [7.455s]
[2026-08-31T21:14:33Z]   full KL q=3 n=11: 10000/177147
[2026-08-31T21:14:36Z]   full KL q=3 n=11: 20000/177147
[2026-08-31T21:14:40Z]   full KL q=3 n=11: 30000/177147
[2026-08-31T21:14:43Z]   full KL q=3 n=11: 40000/177147
[2026-08-31T21:14:47Z]   full KL q=3 n=11: 50000/177147
[2026-08-31T21:14:50Z]   full KL q=3 n=11: 60000/177147
[2026-08-31T21:14:53Z]   full KL q=3 n=11: 70000/177147
[2026-08-31T21:14:57Z]   full KL q=3 n=11: 80000/177147
[2026-08-31T21:14:59Z]   full KL q=3 n=11: 90000/177147
[2026-08-31T21:15:02Z]   full KL q=3 n=11: 100000/177147
[2026-08-31T21:15:06Z]   full KL q=3 n=11: 110000/177147
[2026-08-31T21:15:09Z]   full KL q=3 n=11: 120000/177147
[2026-08-31T21:15:12Z]   full KL q=3 n=11: 130000/177147
[2026-08-31T21:15:15Z]   full KL q=3 n=11: 140000/177147
[2026-08-31T21:15:19Z]   full KL q=3 n=11: 150000/177147
[2026-08-31T21:15:22Z]   full KL q=3 n=11: 160000/177147
[2026-08-31T21:15:25Z]   full KL q=3 n=11: 170000/177147
[2026-08-31T21:15:34Z]   full KL q=3 n=11: 10000/177147
[2026-08-31T21:15:37Z]   full KL q=3 n=11: 20000/177147
[2026-08-31T21:15:40Z]   full KL q=3 n=11: 30000/177147
[2026-08-31T21:15:44Z]   full KL q=3 n=11: 40000/177147
[2026-08-31T21:15:47Z]   full KL q=3 n=11: 50000/177147
[2026-08-31T21:15:50Z]   full KL q=3 n=11: 60000/177147
[2026-08-31T21:15:53Z]   full KL q=3 n=11: 70000/177147
[2026-08-31T21:15:57Z]   full KL q=3 n=11: 80000/177147
[2026-08-31T21:16:00Z]   full KL q=3 n=11: 90000/177147
[2026-08-31T21:16:02Z]   full KL q=3 n=11: 100000/177147
[2026-08-31T21:16:06Z]   full KL q=3 n=11: 110000/177147
[2026-08-31T21:16:09Z]   full KL q=3 n=11: 120000/177147
[2026-08-31T21:16:13Z]   full KL q=3 n=11: 130000/177147
[2026-08-31T21:16:16Z]   full KL q=3 n=11: 140000/177147
[2026-08-31T21:16:20Z]   full KL q=3 n=11: 150000/177147
[2026-08-31T21:16:23Z]   full KL q=3 n=11: 160000/177147
[2026-08-31T21:16:27Z]   full KL q=3 n=11: 170000/177147
[2026-08-31T21:16:36Z]   full KL q=3 n=11: 10000/177147
[2026-08-31T21:16:40Z]   full KL q=3 n=11: 20000/177147
[2026-08-31T21:16:43Z]   full KL q=3 n=11: 30000/177147
[2026-08-31T21:16:47Z]   full KL q=3 n=11: 40000/177147
[2026-08-31T21:16:51Z]   full KL q=3 n=11: 50000/177147
[2026-08-31T21:16:54Z]   full KL q=3 n=11: 60000/177147
[2026-08-31T21:16:58Z]   full KL q=3 n=11: 70000/177147
[2026-08-31T21:17:02Z]   full KL q=3 n=11: 80000/177147
[2026-08-31T21:17:04Z]   full KL q=3 n=11: 90000/177147
[2026-08-31T21:17:08Z]   full KL q=3 n=11: 100000/177147
[2026-08-31T21:17:12Z]   full KL q=3 n=11: 110000/177147
[2026-08-31T21:17:15Z]   full KL q=3 n=11: 120000/177147
[2026-08-31T21:17:18Z]   full KL q=3 n=11: 130000/177147
[2026-08-31T21:17:22Z]   full KL q=3 n=11: 140000/177147
[2026-08-31T21:17:25Z]   full KL q=3 n=11: 150000/177147
[2026-08-31T21:17:28Z]   full KL q=3 n=11: 160000/177147
[2026-08-31T21:17:32Z]   full KL q=3 n=11: 170000/177147
[2026-08-31T21:17:33Z] q=3 n=11 d=1/2 ordinal=0 status=CERTIFIED rss=929677312
[2026-08-31T21:19:18Z]   full KL q=3 n=11: 10000/177147
[2026-08-31T21:19:21Z]   full KL q=3 n=11: 20000/177147
[2026-08-31T21:19:24Z]   full KL q=3 n=11: 30000/177147
[2026-08-31T21:19:28Z]   full KL q=3 n=11: 40000/177147
[2026-08-31T21:19:32Z]   full KL q=3 n=11: 50000/177147
[2026-08-31T21:19:35Z]   full KL q=3 n=11: 60000/177147
[2026-08-31T21:19:38Z]   full KL q=3 n=11: 70000/177147
[2026-08-31T21:19:42Z]   full KL q=3 n=11: 80000/177147
[2026-08-31T21:19:44Z]   full KL q=3 n=11: 90000/177147
[2026-08-31T21:19:47Z]   full KL q=3 n=11: 100000/177147
[2026-08-31T21:19:51Z]   full KL q=3 n=11: 110000/177147
[2026-08-31T21:19:54Z]   full KL q=3 n=11: 120000/177147
[2026-08-31T21:19:57Z]   full KL q=3 n=11: 130000/177147
[2026-08-31T21:20:01Z]   full KL q=3 n=11: 140000/177147
[2026-08-31T21:20:04Z]   full KL q=3 n=11: 150000/177147
[2026-08-31T21:20:08Z]   full KL q=3 n=11: 160000/177147
[2026-08-31T21:20:11Z]   full KL q=3 n=11: 170000/177147
[2026-08-31T21:20:20Z]   full KL q=3 n=11: 10000/177147
[2026-08-31T21:20:23Z]   full KL q=3 n=11: 20000/177147
[2026-08-31T21:20:26Z]   full KL q=3 n=11: 30000/177147
[2026-08-31T21:20:30Z]   full KL q=3 n=11: 40000/177147
[2026-08-31T21:20:33Z]   full KL q=3 n=11: 50000/177147
[2026-08-31T21:20:36Z]   full KL q=3 n=11: 60000/177147
[2026-08-31T21:20:39Z]   full KL q=3 n=11: 70000/177147
[2026-08-31T21:20:43Z]   full KL q=3 n=11: 80000/177147
[2026-08-31T21:20:46Z]   full KL q=3 n=11: 90000/177147
[2026-08-31T21:20:49Z]   full KL q=3 n=11: 100000/177147
[2026-08-31T21:20:52Z]   full KL q=3 n=11: 110000/177147
[2026-08-31T21:20:55Z]   full KL q=3 n=11: 120000/177147
[2026-08-31T21:20:59Z]   full KL q=3 n=11: 130000/177147
[2026-08-31T21:21:02Z]   full KL q=3 n=11: 140000/177147
[2026-08-31T21:21:06Z]   full KL q=3 n=11: 150000/177147
[2026-08-31T21:21:09Z]   full KL q=3 n=11: 160000/177147
[2026-08-31T21:21:12Z]   full KL q=3 n=11: 170000/177147
[2026-08-31T21:21:21Z]   full KL q=3 n=11: 10000/177147
[2026-08-31T21:21:24Z]   full KL q=3 n=11: 20000/177147
[2026-08-31T21:21:27Z]   full KL q=3 n=11: 30000/177147
[2026-08-31T21:21:31Z]   full KL q=3 n=11: 40000/177147
[2026-08-31T21:21:34Z]   full KL q=3 n=11: 50000/177147
[2026-08-31T21:21:37Z]   full KL q=3 n=11: 60000/177147
[2026-08-31T21:21:41Z]   full KL q=3 n=11: 70000/177147
[2026-08-31T21:21:44Z]   full KL q=3 n=11: 80000/177147
[2026-08-31T21:21:47Z]   full KL q=3 n=11: 90000/177147
[2026-08-31T21:21:50Z]   full KL q=3 n=11: 100000/177147
[2026-08-31T21:21:53Z]   full KL q=3 n=11: 110000/177147
[2026-08-31T21:21:56Z]   full KL q=3 n=11: 120000/177147
[2026-08-31T21:22:00Z]   full KL q=3 n=11: 130000/177147
[2026-08-31T21:22:03Z]   full KL q=3 n=11: 140000/177147
[2026-08-31T21:22:07Z]   full KL q=3 n=11: 150000/177147
[2026-08-31T21:22:10Z]   full KL q=3 n=11: 160000/177147
[2026-08-31T21:22:13Z]   full KL q=3 n=11: 170000/177147
[2026-08-31T21:22:15Z] q=3 n=11 d=1/5 ordinal=1 status=CERTIFIED rss=929677312
[2026-08-31T21:24:02Z]   full KL q=3 n=11: 10000/177147
[2026-08-31T21:24:05Z]   full KL q=3 n=11: 20000/177147
[2026-08-31T21:24:09Z]   full KL q=3 n=11: 30000/177147
[2026-08-31T21:24:13Z]   full KL q=3 n=11: 40000/177147
[2026-08-31T21:24:17Z]   full KL q=3 n=11: 50000/177147
[2026-08-31T21:24:20Z]   full KL q=3 n=11: 60000/177147
[2026-08-31T21:24:23Z]   full KL q=3 n=11: 70000/177147
[2026-08-31T21:24:27Z]   full KL q=3 n=11: 80000/177147
[2026-08-31T21:24:30Z]   full KL q=3 n=11: 90000/177147
[2026-08-31T21:24:33Z]   full KL q=3 n=11: 100000/177147
[2026-08-31T21:24:37Z]   full KL q=3 n=11: 110000/177147
[2026-08-31T21:24:40Z]   full KL q=3 n=11: 120000/177147
[2026-08-31T21:24:44Z]   full KL q=3 n=11: 130000/177147
[2026-08-31T21:24:48Z]   full KL q=3 n=11: 140000/177147
[2026-08-31T21:24:52Z]   full KL q=3 n=11: 150000/177147
[2026-08-31T21:24:55Z]   full KL q=3 n=11: 160000/177147
[2026-08-31T21:24:59Z]   full KL q=3 n=11: 170000/177147
[2026-08-31T21:25:08Z]   full KL q=3 n=11: 10000/177147
[2026-08-31T21:25:11Z]   full KL q=3 n=11: 20000/177147
[2026-08-31T21:25:14Z]   full KL q=3 n=11: 30000/177147
[2026-08-31T21:25:17Z]   full KL q=3 n=11: 40000/177147
[2026-08-31T21:25:21Z]   full KL q=3 n=11: 50000/177147
[2026-08-31T21:25:24Z]   full KL q=3 n=11: 60000/177147
[2026-08-31T21:25:27Z]   full KL q=3 n=11: 70000/177147
[2026-08-31T21:25:31Z]   full KL q=3 n=11: 80000/177147
[2026-08-31T21:25:34Z]   full KL q=3 n=11: 90000/177147
[2026-08-31T21:25:37Z]   full KL q=3 n=11: 100000/177147
[2026-08-31T21:25:40Z]   full KL q=3 n=11: 110000/177147
[2026-08-31T21:25:43Z]   full KL q=3 n=11: 120000/177147
[2026-08-31T21:25:47Z]   full KL q=3 n=11: 130000/177147
[2026-08-31T21:25:50Z]   full KL q=3 n=11: 140000/177147
[2026-08-31T21:25:54Z]   full KL q=3 n=11: 150000/177147
[2026-08-31T21:25:57Z]   full KL q=3 n=11: 160000/177147
[2026-08-31T21:26:00Z]   full KL q=3 n=11: 170000/177147
[2026-08-31T21:26:09Z]   full KL q=3 n=11: 10000/177147
[2026-08-31T21:26:12Z]   full KL q=3 n=11: 20000/177147
[2026-08-31T21:26:15Z]   full KL q=3 n=11: 30000/177147
[2026-08-31T21:26:19Z]   full KL q=3 n=11: 40000/177147
[2026-08-31T21:26:23Z]   full KL q=3 n=11: 50000/177147
[2026-08-31T21:26:26Z]   full KL q=3 n=11: 60000/177147
[2026-08-31T21:26:29Z]   full KL q=3 n=11: 70000/177147
[2026-08-31T21:26:33Z]   full KL q=3 n=11: 80000/177147
[2026-08-31T21:26:35Z]   full KL q=3 n=11: 90000/177147
[2026-08-31T21:26:38Z]   full KL q=3 n=11: 100000/177147
[2026-08-31T21:26:42Z]   full KL q=3 n=11: 110000/177147
[2026-08-31T21:26:45Z]   full KL q=3 n=11: 120000/177147
[2026-08-31T21:26:48Z]   full KL q=3 n=11: 130000/177147
[2026-08-31T21:26:52Z]   full KL q=3 n=11: 140000/177147
[2026-08-31T21:26:55Z]   full KL q=3 n=11: 150000/177147
[2026-08-31T21:26:59Z]   full KL q=3 n=11: 160000/177147
[2026-08-31T21:27:02Z]   full KL q=3 n=11: 170000/177147
[2026-08-31T21:27:03Z] q=3 n=11 d=1/10 ordinal=2 status=CERTIFIED rss=929677312
[2026-08-31T21:28:51Z]   full KL q=3 n=11: 10000/177147
[2026-08-31T21:28:55Z]   full KL q=3 n=11: 20000/177147
[2026-08-31T21:28:58Z]   full KL q=3 n=11: 30000/177147
[2026-08-31T21:29:02Z]   full KL q=3 n=11: 40000/177147
[2026-08-31T21:29:06Z]   full KL q=3 n=11: 50000/177147
[2026-08-31T21:29:09Z]   full KL q=3 n=11: 60000/177147
[2026-08-31T21:29:13Z]   full KL q=3 n=11: 70000/177147
[2026-08-31T21:29:17Z]   full KL q=3 n=11: 80000/177147
[2026-08-31T21:29:20Z]   full KL q=3 n=11: 90000/177147
[2026-08-31T21:29:23Z]   full KL q=3 n=11: 100000/177147
[2026-08-31T21:29:27Z]   full KL q=3 n=11: 110000/177147
[2026-08-31T21:29:30Z]   full KL q=3 n=11: 120000/177147
[2026-08-31T21:29:34Z]   full KL q=3 n=11: 130000/177147
[2026-08-31T21:29:38Z]   full KL q=3 n=11: 140000/177147
[2026-08-31T21:29:41Z]   full KL q=3 n=11: 150000/177147
[2026-08-31T21:29:45Z]   full KL q=3 n=11: 160000/177147
[2026-08-31T21:29:48Z]   full KL q=3 n=11: 170000/177147
[2026-08-31T21:29:57Z]   full KL q=3 n=11: 10000/177147
[2026-08-31T21:30:00Z]   full KL q=3 n=11: 20000/177147
[2026-08-31T21:30:04Z]   full KL q=3 n=11: 30000/177147
[2026-08-31T21:30:07Z]   full KL q=3 n=11: 40000/177147
[2026-08-31T21:30:11Z]   full KL q=3 n=11: 50000/177147
[2026-08-31T21:30:14Z]   full KL q=3 n=11: 60000/177147
[2026-08-31T21:30:17Z]   full KL q=3 n=11: 70000/177147
[2026-08-31T21:30:21Z]   full KL q=3 n=11: 80000/177147
[2026-08-31T21:30:24Z]   full KL q=3 n=11: 90000/177147
[2026-08-31T21:30:26Z]   full KL q=3 n=11: 100000/177147
[2026-08-31T21:30:30Z]   full KL q=3 n=11: 110000/177147
[2026-08-31T21:30:33Z]   full KL q=3 n=11: 120000/177147
[2026-08-31T21:30:37Z]   full KL q=3 n=11: 130000/177147
[2026-08-31T21:30:40Z]   full KL q=3 n=11: 140000/177147
[2026-08-31T21:30:44Z]   full KL q=3 n=11: 150000/177147
[2026-08-31T21:30:47Z]   full KL q=3 n=11: 160000/177147
[2026-08-31T21:30:50Z]   full KL q=3 n=11: 170000/177147
[2026-08-31T21:30:59Z]   full KL q=3 n=11: 10000/177147
[2026-08-31T21:31:02Z]   full KL q=3 n=11: 20000/177147
[2026-08-31T21:31:05Z]   full KL q=3 n=11: 30000/177147
[2026-08-31T21:31:09Z]   full KL q=3 n=11: 40000/177147
[2026-08-31T21:31:13Z]   full KL q=3 n=11: 50000/177147
[2026-08-31T21:31:16Z]   full KL q=3 n=11: 60000/177147
[2026-08-31T21:31:19Z]   full KL q=3 n=11: 70000/177147
[2026-08-31T21:31:23Z]   full KL q=3 n=11: 80000/177147
[2026-08-31T21:31:25Z]   full KL q=3 n=11: 90000/177147
[2026-08-31T21:31:28Z]   full KL q=3 n=11: 100000/177147
[2026-08-31T21:31:32Z]   full KL q=3 n=11: 110000/177147
[2026-08-31T21:31:35Z]   full KL q=3 n=11: 120000/177147
[2026-08-31T21:31:38Z]   full KL q=3 n=11: 130000/177147
[2026-08-31T21:31:42Z]   full KL q=3 n=11: 140000/177147
[2026-08-31T21:31:45Z]   full KL q=3 n=11: 150000/177147
[2026-08-31T21:31:48Z]   full KL q=3 n=11: 160000/177147
[2026-08-31T21:31:52Z]   full KL q=3 n=11: 170000/177147
[2026-08-31T21:31:53Z] q=3 n=11 d=1/20 ordinal=3 status=CERTIFIED rss=929677312
[2026-08-31T21:31:53Z] q3 n=11 row stage complete {'status': 'PASS', 'campaign_id': '2026-08-31T20-34-52Z_04ed25bd-455f-4814-8288-5ee0106e0db8_q3-n11-total-output-orbit-mass', 'schema': 'delcap-q3-n11-total-output-orbit-mass-v1', 'source_sha256': '08ecbc493e1c5c674f04ea4a0d0c9c6efd9ac2254fe9d6513db90933b3cdf114', 'rows': 4, 'certified_rows': 4, 'valid_width_miss_rows': 0, 'resource_rows': 0, 'wall_s': 1151.072, 'cpu_s': 1150.401, 'completed_utc': '2026-08-31T21:31:53Z', 'evidence_label': 'MACHINE-VERIFIED', 'timing_and_resource_evidence_label': 'COMPUTATIONAL-EVIDENCE'}
