[
  {
    "q": 13,
    "s": [
      2,
      2,
      4
    ],
    "t": [
      1,
      1,
      1
    ],
    "N": 16,
    "V_dim": 13,
    "support_window": "all point supports of weight <= 3",
    "supports_with_nonzero_V": 328,
    "supports_by_weight": {
      "1": 0,
      "2": 24,
      "3": 304
    },
    "candidate_class": "normalized reduced basis of each V\u2229F^S",
    "candidate_count_total": 24,
    "candidate_count_by_weight": {
      "1": 0,
      "2": 24,
      "3": 0
    },
    "ratio": "1/2",
    "weight": 2,
    "delta": 4,
    "attained_in_window": false,
    "optimality_scope": "finite-window exact; heavier supports OPEN",
    "evidence_label": "COMPUTATIONAL-EVIDENCE",
    "seconds": 0.129
  },
  {
    "q": 13,
    "s": [
      2,
      2,
      4
    ],
    "t": [
      1,
      1,
      2
    ],
    "N": 16,
    "V_dim": 14,
    "support_window": "all point supports of weight <= 3",
    "supports_with_nonzero_V": 584,
    "supports_by_weight": {
      "1": 0,
      "2": 24,
      "3": 560
    },
    "candidate_class": "normalized reduced basis of each V\u2229F^S",
    "candidate_count_total": 280,
    "candidate_count_by_weight": {
      "1": 0,
      "2": 24,
      "3": 256
    },
    "ratio": "3/8",
    "weight": 3,
    "delta": 8,
    "attained_in_window": false,
    "optimality_scope": "finite-window exact; heavier supports OPEN",
    "evidence_label": "COMPUTATIONAL-EVIDENCE",
    "seconds": 7.953
  },
  {
    "q": 13,
    "s": [
      2,
      2,
      4
    ],
    "t": [
      1,
      1,
      4
    ],
    "N": 16,
    "V_dim": 16,
    "support_window": "all point supports of weight <= 3",
    "supports_with_nonzero_V": 696,
    "supports_by_weight": {
      "1": 16,
      "2": 120,
      "3": 560
    },
    "candidate_class": "normalized reduced basis of each V\u2229F^S",
    "candidate_count_total": 16,
    "candidate_count_by_weight": {
      "1": 16,
      "2": 0,
      "3": 0
    },
    "ratio": "1/4",
    "weight": 1,
    "delta": 4,
    "attained_in_window": false,
    "optimality_scope": "finite-window exact; heavier supports OPEN",
    "evidence_label": "COMPUTATIONAL-EVIDENCE",
    "seconds": 6.402
  },
  {
    "q": 31,
    "s": [
      2,
      3,
      5
    ],
    "t": [
      1,
      1,
      1
    ],
    "N": 30,
    "V_dim": 22,
    "support_window": "all point supports of weight <= 3",
    "supports_with_nonzero_V": 475,
    "supports_by_weight": {
      "1": 0,
      "2": 15,
      "3": 460
    },
    "candidate_class": "normalized reduced basis of each V\u2229F^S",
    "candidate_count_total": 55,
    "candidate_count_by_weight": {
      "1": 0,
      "2": 15,
      "3": 40
    },
    "ratio": "3/5",
    "weight": 3,
    "delta": 5,
    "attained_in_window": false,
    "optimality_scope": "finite-window exact; heavier supports OPEN",
    "evidence_label": "COMPUTATIONAL-EVIDENCE",
    "seconds": 0.861
  },
  {
    "q": 31,
    "s": [
      2,
      3,
      10
    ],
    "t": [
      1,
      1,
      1
    ],
    "N": 60,
    "V_dim": 42,
    "support_window": "all point supports of weight <= 3",
    "supports_with_nonzero_V": 1850,
    "supports_by_weight": {
      "1": 0,
      "2": 30,
      "3": 1820
    },
    "candidate_class": "normalized reduced basis of each V\u2229F^S",
    "candidate_count_total": 110,
    "candidate_count_by_weight": {
      "1": 0,
      "2": 30,
      "3": 80
    },
    "ratio": "3/5",
    "weight": 3,
    "delta": 5,
    "attained_in_window": false,
    "optimality_scope": "finite-window exact; heavier supports OPEN",
    "evidence_label": "COMPUTATIONAL-EVIDENCE",
    "seconds": 17.506
  },
  {
    "q": 31,
    "s": [
      2,
      6,
      5
    ],
    "t": [
      1,
      1,
      1
    ],
    "N": 60,
    "V_dim": 40,
    "support_window": "all point supports of weight <= 3",
    "supports_with_nonzero_V": 1770,
    "supports_by_weight": {
      "1": 0,
      "2": 30,
      "3": 1740
    },
    "candidate_class": "normalized reduced basis of each V\u2229F^S",
    "candidate_count_total": 30,
    "candidate_count_by_weight": {
      "1": 0,
      "2": 30,
      "3": 0
    },
    "ratio": "1/1",
    "weight": 2,
    "delta": 2,
    "attained_in_window": false,
    "optimality_scope": "finite-window exact; heavier supports OPEN",
    "evidence_label": "COMPUTATIONAL-EVIDENCE",
    "seconds": 15.893
  },
  {
    "q": 31,
    "s": [
      3,
      10,
      2
    ],
    "t": [
      1,
      1,
      1
    ],
    "N": 60,
    "V_dim": 42,
    "support_window": "all point supports of weight <= 3",
    "supports_with_nonzero_V": 1850,
    "supports_by_weight": {
      "1": 0,
      "2": 30,
      "3": 1820
    },
    "candidate_class": "normalized reduced basis of each V\u2229F^S",
    "candidate_count_total": 110,
    "candidate_count_by_weight": {
      "1": 0,
      "2": 30,
      "3": 80
    },
    "ratio": "3/5",
    "weight": 3,
    "delta": 5,
    "attained_in_window": false,
    "optimality_scope": "finite-window exact; heavier supports OPEN",
    "evidence_label": "COMPUTATIONAL-EVIDENCE",
    "seconds": 17.93
  },
  {
    "q": 61,
    "s": [
      2,
      3,
      5
    ],
    "t": [
      1,
      1,
      1
    ],
    "N": 30,
    "V_dim": 22,
    "support_window": "all point supports of weight <= 3",
    "supports_with_nonzero_V": 475,
    "supports_by_weight": {
      "1": 0,
      "2": 15,
      "3": 460
    },
    "candidate_class": "normalized reduced basis of each V\u2229F^S",
    "candidate_count_total": 55,
    "candidate_count_by_weight": {
      "1": 0,
      "2": 15,
      "3": 40
    },
    "ratio": "3/5",
    "weight": 3,
    "delta": 5,
    "attained_in_window": false,
    "optimality_scope": "finite-window exact; heavier supports OPEN",
    "evidence_label": "COMPUTATIONAL-EVIDENCE",
    "seconds": 0.849
  },
  {
    "q": 61,
    "s": [
      3,
      4,
      5
    ],
    "t": [
      1,
      1,
      1
    ],
    "N": 60,
    "V_dim": 36,
    "support_window": "all point supports of weight <= 3",
    "supports_with_nonzero_V": 20,
    "supports_by_weight": {
      "1": 0,
      "2": 0,
      "3": 20
    },
    "candidate_class": "normalized reduced basis of each V\u2229F^S",
    "candidate_count_total": 20,
    "candidate_count_by_weight": {
      "1": 0,
      "2": 0,
      "3": 20
    },
    "ratio": "1/1",
    "weight": 3,
    "delta": 3,
    "attained_in_window": false,
    "optimality_scope": "finite-window exact; heavier supports OPEN",
    "evidence_label": "COMPUTATIONAL-EVIDENCE",
    "seconds": 15.052
  }
]
