CHECK (q=2,n=3,d=1/2)
  rgs_native_F built [0.0s]
  P1 canonical-rep equality (2,3): mismatches=0
  P2 per-word equality (2,3) js=[0, 2, 1]: checked=45 mismatches=0
  P3 closure sum_t|T|B*coeff == |O|(a+b)^n (2,3): mismatches=0
CHECK (q=3,n=3,d=1/2)
  rgs_native_F built [0.0s]
  P1 canonical-rep equality (3,3): mismatches=0
  P2 per-word equality (3,3) js=[1, 0, 3, 2]: checked=160 mismatches=0
  P3 closure sum_t|T|B*coeff == |O|(a+b)^n (3,3): mismatches=0
CHECK (q=3,n=4,d=1/5)
  rgs_native_F built [0.0s]
  P1 canonical-rep equality (3,4): mismatches=0
  P2 per-word equality (3,4) js=[3, 9, 4, 8, 5, 0]: checked=726 mismatches=0
  P3 closure sum_t|T|B*coeff == |O|(a+b)^n (3,4): mismatches=0
CHECK (q=2,n=5,d=1/20)
  rgs_native_F built [0.0s]
  P1 canonical-rep equality (2,5): mismatches=0
  P2 per-word equality (2,5) js=[3, 9, 4, 8, 5, 0]: checked=378 mismatches=0
  P3 closure sum_t|T|B*coeff == |O|(a+b)^n (2,5): mismatches=0
ALL PASS
