checking for a BSD-compatible install... /usr/bin/install -c
checking whether build environment is sane... yes
checking for a race-free mkdir -p... ./install-sh -c -d
checking for gawk... no
checking for mawk... no
checking for nawk... no
checking for awk... awk
checking whether make sets $(MAKE)... yes
checking whether make supports nested variables... yes
checking whether to enable maintainer-specific portions of Makefiles... no
checking whether make supports the include directive... yes (GNU style)
checking for gcc... clang
checking whether the C compiler works... yes
checking for C compiler default output file name... a.out
checking for suffix of executables... 
checking whether we are cross compiling... no
checking for suffix of object files... o
checking whether the compiler supports GNU C... yes
checking whether clang accepts -g... yes
checking for clang option to enable C11 features... none needed
checking whether clang understands -c and -o together... yes
checking dependency style of clang... gcc3
checking for stdio.h... yes
checking for stdlib.h... yes
checking for string.h... yes
checking for inttypes.h... yes
checking for stdint.h... yes
checking for strings.h... yes
checking for sys/stat.h... yes
checking for sys/types.h... yes
checking for unistd.h... yes
checking for wchar.h... yes
checking for minix/config.h... no
checking whether it is safe to define __EXTENSIONS__... yes
checking whether _XOPEN_SOURCE should be defined... no
checking for ar... ar
checking the archiver (ar) interface... ar
checking build system type... aarch64-apple-darwin25.5.0
checking host system type... aarch64-apple-darwin25.5.0
checking how to print strings... printf
checking for a sed that does not truncate output... /usr/bin/sed
checking for grep that handles long lines and -e... /usr/bin/grep
checking for egrep... /usr/bin/grep -E
checking for fgrep... /usr/bin/grep -F
checking for ld used by clang... /Library/Developer/CommandLineTools/usr/bin/ld
checking if the linker (/Library/Developer/CommandLineTools/usr/bin/ld) is GNU ld... no
checking for BSD- or MS-compatible name lister (nm)... /usr/bin/nm -B
checking the name lister (/usr/bin/nm -B) interface... BSD nm
checking whether ln -s works... yes
checking the maximum length of command line arguments... 786432
checking how to convert aarch64-apple-darwin25.5.0 file names to aarch64-apple-darwin25.5.0 format... func_convert_file_noop
checking how to convert aarch64-apple-darwin25.5.0 file names to toolchain format... func_convert_file_noop
checking for /Library/Developer/CommandLineTools/usr/bin/ld option to reload object files... -r
checking for objdump... objdump
checking how to recognize dependent libraries... pass_all
checking for dlltool... no
checking how to associate runtime and link libraries... printf %s\n
checking for archiver @FILE support... no
checking for strip... strip
checking for ranlib... ranlib
checking command to parse /usr/bin/nm -B output from clang object... ok
checking for sysroot... no
checking for a working dd... /bin/dd
checking how to truncate binary pipes... /bin/dd bs=4096 count=1
checking for mt... no
checking if : is a manifest tool... no
checking for dsymutil... dsymutil
checking for nmedit... nmedit
checking for lipo... lipo
checking for otool... otool
checking for otool64... no
checking for -single_module linker flag... ld: warning: -single_module is obsolete
no
checking for -exported_symbols_list linker flag... yes
checking for -force_load linker flag... yes
checking for dlfcn.h... yes
checking for objdir... .libs
checking if clang supports -fno-rtti -fno-exceptions... yes
checking for clang option to produce PIC... -fno-common -DPIC
checking if clang PIC flag -fno-common -DPIC works... yes
checking if clang static flag -static works... no
checking if clang supports -c -o file.o... yes
checking if clang supports -c -o file.o... (cached) yes
checking whether the clang linker (/Library/Developer/CommandLineTools/usr/bin/ld) supports shared libraries... yes
checking dynamic linker characteristics... darwin25.5.0 dyld
checking how to hardcode library paths into programs... immediate
checking whether stripping libraries is possible... yes
checking if libtool supports shared libraries... yes
checking whether to build shared libraries... yes
checking whether to build static libraries... yes
checking for gcc... (cached) clang
checking whether the compiler supports GNU C... (cached) yes
checking whether clang accepts -g... (cached) yes
checking for clang option to enable C11 features... (cached) none needed
checking whether clang understands -c and -o together... (cached) yes
checking dependency style of clang... (cached) gcc3
checking for library containing atan2... none required
checking for library containing __gmpz_init... -lgmp
checking for library containing mpfr_init... -lmpfr
checking for library containing fmpz_add_ui... no
configure: error: FLINT library was not found.
checking for a BSD-compatible install... /usr/bin/install -c
checking whether build environment is sane... yes
checking for a race-free mkdir -p... ./install-sh -c -d
checking for gawk... no
checking for mawk... no
checking for nawk... no
checking for awk... awk
checking whether make sets $(MAKE)... yes
checking whether make supports nested variables... yes
checking whether to enable maintainer-specific portions of Makefiles... no
checking whether make supports the include directive... yes (GNU style)
checking for gcc... clang
checking whether the C compiler works... yes
checking for C compiler default output file name... a.out
checking for suffix of executables... 
checking whether we are cross compiling... no
checking for suffix of object files... o
checking whether the compiler supports GNU C... yes
checking whether clang accepts -g... yes
checking for clang option to enable C11 features... none needed
checking whether clang understands -c and -o together... yes
checking dependency style of clang... gcc3
checking for stdio.h... yes
checking for stdlib.h... yes
checking for string.h... yes
checking for inttypes.h... yes
checking for stdint.h... yes
checking for strings.h... yes
checking for sys/stat.h... yes
checking for sys/types.h... yes
checking for unistd.h... yes
checking for wchar.h... yes
checking for minix/config.h... no
checking whether it is safe to define __EXTENSIONS__... yes
checking whether _XOPEN_SOURCE should be defined... no
checking for ar... ar
checking the archiver (ar) interface... ar
checking build system type... aarch64-apple-darwin25.5.0
checking host system type... aarch64-apple-darwin25.5.0
checking how to print strings... printf
checking for a sed that does not truncate output... /usr/bin/sed
checking for grep that handles long lines and -e... /usr/bin/grep
checking for egrep... /usr/bin/grep -E
checking for fgrep... /usr/bin/grep -F
checking for ld used by clang... /Library/Developer/CommandLineTools/usr/bin/ld
checking if the linker (/Library/Developer/CommandLineTools/usr/bin/ld) is GNU ld... no
checking for BSD- or MS-compatible name lister (nm)... /usr/bin/nm -B
checking the name lister (/usr/bin/nm -B) interface... BSD nm
checking whether ln -s works... yes
checking the maximum length of command line arguments... 786432
checking how to convert aarch64-apple-darwin25.5.0 file names to aarch64-apple-darwin25.5.0 format... func_convert_file_noop
checking how to convert aarch64-apple-darwin25.5.0 file names to toolchain format... func_convert_file_noop
checking for /Library/Developer/CommandLineTools/usr/bin/ld option to reload object files... -r
checking for objdump... objdump
checking how to recognize dependent libraries... pass_all
checking for dlltool... no
checking how to associate runtime and link libraries... printf %s\n
checking for archiver @FILE support... no
checking for strip... strip
checking for ranlib... ranlib
checking command to parse /usr/bin/nm -B output from clang object... ok
checking for sysroot... no
checking for a working dd... /bin/dd
checking how to truncate binary pipes... /bin/dd bs=4096 count=1
checking for mt... no
checking if : is a manifest tool... no
checking for dsymutil... dsymutil
checking for nmedit... nmedit
checking for lipo... lipo
checking for otool... otool
checking for otool64... no
checking for -single_module linker flag... ld: warning: -single_module is obsolete
no
checking for -exported_symbols_list linker flag... yes
checking for -force_load linker flag... yes
checking for dlfcn.h... yes
checking for objdir... .libs
checking if clang supports -fno-rtti -fno-exceptions... yes
checking for clang option to produce PIC... -fno-common -DPIC
checking if clang PIC flag -fno-common -DPIC works... yes
checking if clang static flag -static works... no
checking if clang supports -c -o file.o... yes
checking if clang supports -c -o file.o... (cached) yes
checking whether the clang linker (/Library/Developer/CommandLineTools/usr/bin/ld) supports shared libraries... yes
checking dynamic linker characteristics... darwin25.5.0 dyld
checking how to hardcode library paths into programs... immediate
checking whether stripping libraries is possible... yes
checking if libtool supports shared libraries... yes
checking whether to build shared libraries... yes
checking whether to build static libraries... yes
checking for gcc... (cached) clang
checking whether the compiler supports GNU C... (cached) yes
checking whether clang accepts -g... (cached) yes
checking for clang option to enable C11 features... (cached) none needed
checking whether clang understands -c and -o together... (cached) yes
checking dependency style of clang... (cached) gcc3
checking for library containing atan2... none required
checking for library containing __gmpz_init... -lgmp
checking for library containing mpfr_init... -lmpfr
checking for library containing fmpz_add_ui... -lflint
checking for clang option to support OpenMP... unsupported
checking for inttypes.h... (cached) yes
checking for stdint.h... (cached) yes
checking for sys/time.h... yes
checking for unistd.h... (cached) yes
checking for inline... inline
checking for int16_t... yes
checking for int32_t... yes
checking for int64_t... yes
checking for int8_t... yes
checking for size_t... yes
checking for uint16_t... yes
checking for uint32_t... yes
checking for uint64_t... yes
checking for uint8_t... yes
checking the number of available CPUs... 28 
checking for x86 cpuid  output... unknown
checking for x86-AVX xgetbv  output... unknown
checking for __builtin_constant_p... yes
checking for __builtin_clzll... yes
checking for __builtin_clzl... yes
checking for GNU libc compatible malloc... yes
checking for GNU libc compatible realloc... yes
checking for floor... yes
checking for getdelim... yes
checking for gettimeofday... yes
checking for memmove... yes
checking for memset... yes
checking for pow... yes
checking for sqrt... yes
checking for strchr... yes
checking for strstr... yes
checking for strtol... yes
checking that generated files are newer than configure... done
configure: creating ./config.status
config.status: creating Makefile
config.status: creating msolve.pc
config.status: creating src/fglm/Makefile
config.status: creating src/neogb/Makefile
config.status: creating src/usolve/Makefile
config.status: creating src/msolve/Makefile
config.status: creating config.h
config.status: executing depfiles commands
config.status: executing libtool commands
checking for a BSD-compatible install... /usr/bin/install -c
checking whether build environment is sane... yes
checking for a race-free mkdir -p... ./install-sh -c -d
checking for gawk... no
checking for mawk... no
checking for nawk... no
checking for awk... awk
checking whether make sets $(MAKE)... yes
checking whether make supports nested variables... yes
checking whether to enable maintainer-specific portions of Makefiles... no
checking whether make supports the include directive... yes (GNU style)
checking for gcc... clang
checking whether the C compiler works... yes
checking for C compiler default output file name... a.out
checking for suffix of executables... 
checking whether we are cross compiling... no
checking for suffix of object files... o
checking whether the compiler supports GNU C... yes
checking whether clang accepts -g... yes
checking for clang option to enable C11 features... none needed
checking whether clang understands -c and -o together... yes
checking dependency style of clang... gcc3
checking for stdio.h... yes
checking for stdlib.h... yes
checking for string.h... yes
checking for inttypes.h... yes
checking for stdint.h... yes
checking for strings.h... yes
checking for sys/stat.h... yes
checking for sys/types.h... yes
checking for unistd.h... yes
checking for wchar.h... yes
checking for minix/config.h... no
checking whether it is safe to define __EXTENSIONS__... yes
checking whether _XOPEN_SOURCE should be defined... no
checking for ar... ar
checking the archiver (ar) interface... ar
checking build system type... aarch64-apple-darwin25.5.0
checking host system type... aarch64-apple-darwin25.5.0
checking how to print strings... printf
checking for a sed that does not truncate output... /usr/bin/sed
checking for grep that handles long lines and -e... /usr/bin/grep
checking for egrep... /usr/bin/grep -E
checking for fgrep... /usr/bin/grep -F
checking for ld used by clang... /Library/Developer/CommandLineTools/usr/bin/ld
checking if the linker (/Library/Developer/CommandLineTools/usr/bin/ld) is GNU ld... no
checking for BSD- or MS-compatible name lister (nm)... /usr/bin/nm -B
checking the name lister (/usr/bin/nm -B) interface... BSD nm
checking whether ln -s works... yes
checking the maximum length of command line arguments... 786432
checking how to convert aarch64-apple-darwin25.5.0 file names to aarch64-apple-darwin25.5.0 format... func_convert_file_noop
checking how to convert aarch64-apple-darwin25.5.0 file names to toolchain format... func_convert_file_noop
checking for /Library/Developer/CommandLineTools/usr/bin/ld option to reload object files... -r
checking for objdump... objdump
checking how to recognize dependent libraries... pass_all
checking for dlltool... no
checking how to associate runtime and link libraries... printf %s\n
checking for archiver @FILE support... no
checking for strip... strip
checking for ranlib... ranlib
checking command to parse /usr/bin/nm -B output from clang object... ok
checking for sysroot... no
checking for a working dd... /bin/dd
checking how to truncate binary pipes... /bin/dd bs=4096 count=1
checking for mt... no
checking if : is a manifest tool... no
checking for dsymutil... dsymutil
checking for nmedit... nmedit
checking for lipo... lipo
checking for otool... otool
checking for otool64... no
checking for -single_module linker flag... ld: warning: -single_module is obsolete
no
checking for -exported_symbols_list linker flag... yes
checking for -force_load linker flag... yes
checking for dlfcn.h... yes
checking for objdir... .libs
checking if clang supports -fno-rtti -fno-exceptions... yes
checking for clang option to produce PIC... -fno-common -DPIC
checking if clang PIC flag -fno-common -DPIC works... yes
checking if clang static flag -static works... no
checking if clang supports -c -o file.o... yes
checking if clang supports -c -o file.o... (cached) yes
checking whether the clang linker (/Library/Developer/CommandLineTools/usr/bin/ld) supports shared libraries... yes
checking dynamic linker characteristics... darwin25.5.0 dyld
checking how to hardcode library paths into programs... immediate
checking whether stripping libraries is possible... yes
checking if libtool supports shared libraries... yes
checking whether to build shared libraries... yes
checking whether to build static libraries... yes
checking for gcc... (cached) clang
checking whether the compiler supports GNU C... (cached) yes
checking whether clang accepts -g... (cached) yes
checking for clang option to enable C11 features... (cached) none needed
checking whether clang understands -c and -o together... (cached) yes
checking dependency style of clang... (cached) gcc3
checking for library containing atan2... none required
checking for library containing __gmpz_init... -lgmp
checking for library containing mpfr_init... -lmpfr
checking for library containing fmpz_add_ui... -lflint
checking for clang option to support OpenMP... unsupported
checking for inttypes.h... (cached) yes
checking for stdint.h... (cached) yes
checking for sys/time.h... yes
checking for unistd.h... (cached) yes
checking for inline... inline
checking for int16_t... yes
checking for int32_t... yes
checking for int64_t... yes
checking for int8_t... yes
checking for size_t... yes
checking for uint16_t... yes
checking for uint32_t... yes
checking for uint64_t... yes
checking for uint8_t... yes
checking the number of available CPUs... 28 
checking for x86 cpuid  output... unknown
checking for x86-AVX xgetbv  output... unknown
checking for __builtin_constant_p... yes
checking for __builtin_clzll... yes
checking for __builtin_clzl... yes
checking for GNU libc compatible malloc... yes
checking for GNU libc compatible realloc... yes
checking for floor... yes
checking for getdelim... yes
checking for gettimeofday... yes
checking for memmove... yes
checking for memset... yes
checking for pow... yes
checking for sqrt... yes
checking for strchr... yes
checking for strstr... yes
checking for strtol... yes
checking that generated files are newer than configure... done
configure: creating ./config.status
config.status: creating Makefile
config.status: creating msolve.pc
config.status: creating src/fglm/Makefile
config.status: creating src/neogb/Makefile
config.status: creating src/usolve/Makefile
config.status: creating src/msolve/Makefile
config.status: creating config.h
config.status: config.h is unchanged
config.status: executing depfiles commands
config.status: executing libtool commands
