/Library/Developer/CommandLineTools/usr/bin/make  all-recursive
Making all in src/usolve
/bin/sh ../../libtool  --tag=CC   --mode=compile clang -DHAVE_CONFIG_H -I. -I../..   -I/opt/homebrew/opt/gmp/include -I/opt/homebrew/opt/mpfr/include -I/tmp/n2env_probe/flint-3.6.0/src    -g -O2 -MT libusolve_la-usolve.lo -MD -MP -MF .deps/libusolve_la-usolve.Tpo -c -o libusolve_la-usolve.lo `test -f 'usolve.c' || echo './'`usolve.c
libtool: compile:  clang -DHAVE_CONFIG_H -I. -I../.. -I/opt/homebrew/opt/gmp/include -I/opt/homebrew/opt/mpfr/include -I/tmp/n2env_probe/flint-3.6.0/src -g -O2 -MT libusolve_la-usolve.lo -MD -MP -MF .deps/libusolve_la-usolve.Tpo -c usolve.c  -fno-common -DPIC -o .libs/libusolve_la-usolve.o
usolve.c:35:10: fatal error: 'flint/flint.h' file not found
   35 | #include "flint/flint.h"
      |          ^~~~~~~~~~~~~~~
1 error generated.
make[2]: *** [libusolve_la-usolve.lo] Error 1
make[1]: *** [all-recursive] Error 1
make: *** [all] Error 2
/Library/Developer/CommandLineTools/usr/bin/make  all-recursive
Making all in src/usolve
/bin/sh ../../libtool  --tag=CC   --mode=compile clang -DHAVE_CONFIG_H -I. -I../..   -I/opt/homebrew/opt/gmp/include -I/opt/homebrew/opt/mpfr/include -I/tmp/n2env_probe/flint_prefix_include    -g -O2 -MT libusolve_la-usolve.lo -MD -MP -MF .deps/libusolve_la-usolve.Tpo -c -o libusolve_la-usolve.lo `test -f 'usolve.c' || echo './'`usolve.c
libtool: compile:  clang -DHAVE_CONFIG_H -I. -I../.. -I/opt/homebrew/opt/gmp/include -I/opt/homebrew/opt/mpfr/include -I/tmp/n2env_probe/flint_prefix_include -g -O2 -MT libusolve_la-usolve.lo -MD -MP -MF .deps/libusolve_la-usolve.Tpo -c usolve.c  -fno-common -DPIC -o .libs/libusolve_la-usolve.o
libtool: compile:  clang -DHAVE_CONFIG_H -I. -I../.. -I/opt/homebrew/opt/gmp/include -I/opt/homebrew/opt/mpfr/include -I/tmp/n2env_probe/flint_prefix_include -g -O2 -MT libusolve_la-usolve.lo -MD -MP -MF .deps/libusolve_la-usolve.Tpo -c usolve.c -o libusolve_la-usolve.o >/dev/null 2>&1
mv -f .deps/libusolve_la-usolve.Tpo .deps/libusolve_la-usolve.Plo
/bin/sh ../../libtool  --tag=CC   --mode=link clang    -g -O2  -L/opt/homebrew/opt/gmp/lib -L/opt/homebrew/opt/mpfr/lib -L/tmp/n2env_probe/flint-3.6.0 -o libusolve.la  libusolve_la-usolve.lo  -lflint -lmpfr -lgmp 
libtool: link: ar cr .libs/libusolve.a .libs/libusolve_la-usolve.o 
libtool: link: ranlib .libs/libusolve.a
libtool: link: ( cd ".libs" && rm -f "libusolve.la" && ln -s "../libusolve.la" "libusolve.la" )
Making all in src/fglm
/bin/sh ../../libtool  --tag=CC   --mode=compile clang -DHAVE_CONFIG_H -I. -I../..   -I/opt/homebrew/opt/gmp/include -I/opt/homebrew/opt/mpfr/include -I/tmp/n2env_probe/flint_prefix_include    -g -O2 -MT libfglm_la-fglm_core.lo -MD -MP -MF .deps/libfglm_la-fglm_core.Tpo -c -o libfglm_la-fglm_core.lo `test -f 'fglm_core.c' || echo './'`fglm_core.c
libtool: compile:  clang -DHAVE_CONFIG_H -I. -I../.. -I/opt/homebrew/opt/gmp/include -I/opt/homebrew/opt/mpfr/include -I/tmp/n2env_probe/flint_prefix_include -g -O2 -MT libfglm_la-fglm_core.lo -MD -MP -MF .deps/libfglm_la-fglm_core.Tpo -c fglm_core.c  -fno-common -DPIC -o .libs/libfglm_la-fglm_core.o
libtool: compile:  clang -DHAVE_CONFIG_H -I. -I../.. -I/opt/homebrew/opt/gmp/include -I/opt/homebrew/opt/mpfr/include -I/tmp/n2env_probe/flint_prefix_include -g -O2 -MT libfglm_la-fglm_core.lo -MD -MP -MF .deps/libfglm_la-fglm_core.Tpo -c fglm_core.c -o libfglm_la-fglm_core.o >/dev/null 2>&1
mv -f .deps/libfglm_la-fglm_core.Tpo .deps/libfglm_la-fglm_core.Plo
/bin/sh ../../libtool  --tag=CC   --mode=link clang    -g -O2  -L/opt/homebrew/opt/gmp/lib -L/opt/homebrew/opt/mpfr/lib -L/tmp/n2env_probe/flint-3.6.0 -o libfglm.la  libfglm_la-fglm_core.lo  -lflint -lmpfr -lgmp 
libtool: link: ar cr .libs/libfglm.a .libs/libfglm_la-fglm_core.o 
libtool: link: ranlib .libs/libfglm.a
libtool: link: ( cd ".libs" && rm -f "libfglm.la" && ln -s "../libfglm.la" "libfglm.la" )
Making all in src/neogb
/bin/sh ../../libtool  --tag=CC   --mode=compile clang -DHAVE_CONFIG_H -I. -I../..   -I/opt/homebrew/opt/gmp/include -I/opt/homebrew/opt/mpfr/include -I/tmp/n2env_probe/flint_prefix_include    -g -O2 -MT libneogb_la-gb.lo -MD -MP -MF .deps/libneogb_la-gb.Tpo -c -o libneogb_la-gb.lo `test -f 'gb.c' || echo './'`gb.c
libtool: compile:  clang -DHAVE_CONFIG_H -I. -I../.. -I/opt/homebrew/opt/gmp/include -I/opt/homebrew/opt/mpfr/include -I/tmp/n2env_probe/flint_prefix_include -g -O2 -MT libneogb_la-gb.lo -MD -MP -MF .deps/libneogb_la-gb.Tpo -c gb.c  -fno-common -DPIC -o .libs/libneogb_la-gb.o
libtool: compile:  clang -DHAVE_CONFIG_H -I. -I../.. -I/opt/homebrew/opt/gmp/include -I/opt/homebrew/opt/mpfr/include -I/tmp/n2env_probe/flint_prefix_include -g -O2 -MT libneogb_la-gb.lo -MD -MP -MF .deps/libneogb_la-gb.Tpo -c gb.c -o libneogb_la-gb.o >/dev/null 2>&1
mv -f .deps/libneogb_la-gb.Tpo .deps/libneogb_la-gb.Plo
/bin/sh ../../libtool  --tag=CC   --mode=link clang    -g -O2 -version-info 2:0:0 -L/opt/homebrew/opt/gmp/lib -L/opt/homebrew/opt/mpfr/lib -L/tmp/n2env_probe/flint-3.6.0 -o libneogb.la -rpath /Users/jinleic/jinleic-workspace/cs/oct-rank/campaigns/20260901T115801Z_8d6683fb_39c752e7eadd/msolve_prefix/lib libneogb_la-gb.lo  -lflint -lmpfr -lgmp 
libtool: link: clang -dynamiclib -Wl,-undefined -Wl,dynamic_lookup -o .libs/libneogb.2.dylib  .libs/libneogb_la-gb.o   -L/opt/homebrew/opt/gmp/lib -L/opt/homebrew/opt/mpfr/lib -L/tmp/n2env_probe/flint-3.6.0 -lflint -lmpfr -lgmp  -g -O2   -install_name  /Users/jinleic/jinleic-workspace/cs/oct-rank/campaigns/20260901T115801Z_8d6683fb_39c752e7eadd/msolve_prefix/lib/libneogb.2.dylib -compatibility_version 3 -current_version 3.0 
libtool: link: (cd ".libs" && rm -f "libneogb.dylib" && ln -s "libneogb.2.dylib" "libneogb.dylib")
libtool: link: ar cr .libs/libneogb.a  libneogb_la-gb.o
libtool: link: ranlib .libs/libneogb.a
libtool: link: ( cd ".libs" && rm -f "libneogb.la" && ln -s "../libneogb.la" "libneogb.la" )
Making all in src/msolve
/bin/sh ../../libtool  --tag=CC   --mode=compile clang -DHAVE_CONFIG_H -I. -I../..   -I/opt/homebrew/opt/gmp/include -I/opt/homebrew/opt/mpfr/include -I/tmp/n2env_probe/flint_prefix_include    -g -O2 -MT libmsolve_la-libmsolve.lo -MD -MP -MF .deps/libmsolve_la-libmsolve.Tpo -c -o libmsolve_la-libmsolve.lo `test -f 'libmsolve.c' || echo './'`libmsolve.c
libtool: compile:  clang -DHAVE_CONFIG_H -I. -I../.. -I/opt/homebrew/opt/gmp/include -I/opt/homebrew/opt/mpfr/include -I/tmp/n2env_probe/flint_prefix_include -g -O2 -MT libmsolve_la-libmsolve.lo -MD -MP -MF .deps/libmsolve_la-libmsolve.Tpo -c libmsolve.c  -fno-common -DPIC -o .libs/libmsolve_la-libmsolve.o
libtool: compile:  clang -DHAVE_CONFIG_H -I. -I../.. -I/opt/homebrew/opt/gmp/include -I/opt/homebrew/opt/mpfr/include -I/tmp/n2env_probe/flint_prefix_include -g -O2 -MT libmsolve_la-libmsolve.lo -MD -MP -MF .deps/libmsolve_la-libmsolve.Tpo -c libmsolve.c -o libmsolve_la-libmsolve.o >/dev/null 2>&1
mv -f .deps/libmsolve_la-libmsolve.Tpo .deps/libmsolve_la-libmsolve.Plo
/bin/sh ../../libtool  --tag=CC   --mode=link clang    -g -O2 -version-info 2:0:0 -L/opt/homebrew/opt/gmp/lib -L/opt/homebrew/opt/mpfr/lib -L/tmp/n2env_probe/flint-3.6.0 -o libmsolve.la -rpath /Users/jinleic/jinleic-workspace/cs/oct-rank/campaigns/20260901T115801Z_8d6683fb_39c752e7eadd/msolve_prefix/lib libmsolve_la-libmsolve.lo ../usolve/libusolve.la ../fglm/libfglm.la ../neogb/libneogb.la -lflint -lmpfr -lgmp 
libtool: link: clang -dynamiclib -Wl,-undefined -Wl,dynamic_lookup -o .libs/libmsolve.2.dylib  .libs/libmsolve_la-libmsolve.o   -Wl,-force_load,../usolve/.libs/libusolve.a -Wl,-force_load,../fglm/.libs/libfglm.a  -L/opt/homebrew/opt/gmp/lib -L/opt/homebrew/opt/mpfr/lib -L/tmp/n2env_probe/flint-3.6.0 ../neogb/.libs/libneogb.dylib -lflint -lmpfr -lgmp  -g -O2   -install_name  /Users/jinleic/jinleic-workspace/cs/oct-rank/campaigns/20260901T115801Z_8d6683fb_39c752e7eadd/msolve_prefix/lib/libmsolve.2.dylib -compatibility_version 3 -current_version 3.0 
libtool: link: (cd ".libs" && rm -f "libmsolve.dylib" && ln -s "libmsolve.2.dylib" "libmsolve.dylib")
libtool: link: (cd .libs/libmsolve.lax/libusolve.a && ar x "/Users/jinleic/jinleic-workspace/cs/oct-rank/campaigns/20260901T115801Z_8d6683fb_39c752e7eadd/msolve_build/msolve-0.8.0/src/msolve/../usolve/.libs/libusolve.a")
libtool: link: (cd .libs/libmsolve.lax/libfglm.a && ar x "/Users/jinleic/jinleic-workspace/cs/oct-rank/campaigns/20260901T115801Z_8d6683fb_39c752e7eadd/msolve_build/msolve-0.8.0/src/msolve/../fglm/.libs/libfglm.a")
libtool: link: ar cr .libs/libmsolve.a  libmsolve_la-libmsolve.o  .libs/libmsolve.lax/libusolve.a/libusolve_la-usolve.o  .libs/libmsolve.lax/libfglm.a/libfglm_la-fglm_core.o 
libtool: link: ranlib .libs/libmsolve.a
libtool: link: rm -fr .libs/libmsolve.lax
libtool: link: ( cd ".libs" && rm -f "libmsolve.la" && ln -s "../libmsolve.la" "libmsolve.la" )
depbase=`echo src/msolve/main.o | sed 's|[^/]*$|.deps/&|;s|\.o$||'`;\
	clang -DHAVE_CONFIG_H -I.   -I/opt/homebrew/opt/gmp/include -I/opt/homebrew/opt/mpfr/include -I/tmp/n2env_probe/flint_prefix_include    -g -O2 -MT src/msolve/main.o -MD -MP -MF $depbase.Tpo -c -o src/msolve/main.o src/msolve/main.c &&\
	mv -f $depbase.Tpo $depbase.Po
/bin/sh ./libtool  --tag=CC   --mode=link clang    -g -O2  -L/opt/homebrew/opt/gmp/lib -L/opt/homebrew/opt/mpfr/lib -L/tmp/n2env_probe/flint-3.6.0 -o msolve src/msolve/main.o src/neogb/libneogb.la src/fglm/libfglm.la src/usolve/libusolve.la -lflint -lmpfr -lgmp 
libtool: link: clang -g -O2 -o .libs/msolve src/msolve/main.o  -L/opt/homebrew/opt/gmp/lib -L/opt/homebrew/opt/mpfr/lib -L/tmp/n2env_probe/flint-3.6.0 src/neogb/.libs/libneogb.dylib src/fglm/.libs/libfglm.a src/usolve/.libs/libusolve.a -lflint -lmpfr -lgmp
