[ANCHOR-TBL] cd==gateA: True | cd==upstream: True | ALL: True
[ANCHOR-TBL] e0 unit: True | norm mult 20pts: True
[ANCHOR] table 3-way byte-exact + unit + norm: True
[ANCHOR-BLK] slice 0: L==blk(Lq,S2LqS2)=True Sbig=True
[ANCHOR-BLK] slice 1: L==blk(Lq,S2LqS2)=True Sbig=True
[ANCHOR-BLK] slice 2: L==blk(Lq,S2LqS2)=True Sbig=True
[ANCHOR-BLK] equivalence chain holds on 3 slices: True
TF_NONZERO 24
[MAIN] seed rel: CP=1.325206034428e-03 (stored 1.3252060344282049e-3) EXT=9.998744945848e-05 (stored 9.99874493968644e-5)
[MAIN] seed rel anchors: True True
[MAIN-CP] round 1: rel=5.568e-05 nfev=5000
[MAIN-CP] round 2: rel=1.953e-05 nfev=5000
[MAIN-CP] round 3: rel=1.336e-05 nfev=5000
[MAIN-CP] round 4: rel=1.085e-05 nfev=5000
[MAIN-CP] round 5: rel=8.817e-06 nfev=5000
[MAIN-EXT] round 1: rel=6.762e-05 nfev=5000
[MAIN-EXT] round 2: rel=6.445e-05 nfev=5000
[MAIN-EXT] round 3: rel=6.167e-05 nfev=5000
[MAIN-EXT] round 4: rel=5.919e-05 nfev=5000
[MAIN-EXT] round 5: rel=5.695e-05 nfev=5000
[MAIN] polished rel: CP=8.816619e-06 EXT=5.694968e-05
[MAIN] selected pipeline: CP rel=8.816619e-06 maxentry=3.240e+01
[MAIN] rank(J)@1e-9=192/247 rule=qrcp {'min_pivot': 7.902410587925349e-07}
[MAIN] exact inverse ok=True (30.50s cpu)
[MAIN] exact rank(J_F)=55/55
[MAIN] rho=1e+00 contain=0/192 excl=0/192
[MAIN] rho=1e-01 contain=0/192 excl=0/192
[MAIN] rho=1e-02 contain=0/192 excl=0/192
[MAIN] rho=1e-03 contain=0/192 excl=0/192
[MAIN] rho=1e-04 contain=0/192 excl=44/192
[MAIN] rho=1e-05 contain=0/192 excl=190/192
[MAIN] rho=1e-06 contain=0/192 excl=192/192
[MAIN] rho=1e-07 contain=0/192 excl=192/192
[MAIN] rho=1e-08 contain=0/192 excl=192/192
[MAIN] rho=3e-09 contain=0/192 excl=192/192
[MAIN] rho=1e-09 contain=0/192 excl=192/192
[MAIN] rho=3e-10 contain=0/192 excl=192/192
[MAIN] rho=1e-10 contain=0/192 excl=192/192
[MAIN] rho=1e-11 contain=0/192 excl=192/192
[MAIN] rho=1e-12 contain=0/192 excl=192/192
Traceback (most recent call last):
  File "/Users/jinleic/jinleic-workspace/cs/oct-rank/campaigns/2026-09-01T04:30:00Z_routeF_kraw/rf_krawczyk.py", line 666, in <module>
    main()
    ~~~~^^
  File "/Users/jinleic/jinleic-workspace/cs/oct-rank/campaigns/2026-09-01T04:30:00Z_routeF_kraw/rf_krawczyk.py", line 576, in main
    A7, B7, C7 = load("A.csv"), load("B.csv"), load("C.csv")
                 ~~~~^^^^^^^^^
  File "/Users/jinleic/jinleic-workspace/cs/oct-rank/campaigns/2026-09-01T04:30:00Z_routeF_kraw/rf_krawczyk.py", line 574, in load
    return [[dy(v) for v in rec] for rec in csv.reader(f)]
                                            ^^^
NameError: name 'csv' is not defined. Did you forget to import 'csv'?
