[2026-08-31T18:28:35+00:00] RUN START; exact new-decomposition off-diagonal census
[2026-08-31T18:28:35+00:00] python=3.14.3 numpy=2.5.2 code_sha256=b3046e6a6c506ffd5c78871a9f057770a552968314ac6fd225ad60e2b1d4e77c
[2026-08-31T18:28:38+00:00] MANDATORY STARTUP ANCHOR PASS: paper55=55, sun56=55, mws59=56, stapleton60=58
[2026-08-31T18:28:40+00:00] PHASE A PASS: all anchors, counterfactual plants, ranks, and factorization checks
[2026-08-31T18:28:40+00:00] mws59: building exact 145x145 pair tables
[2026-08-31T18:28:57+00:00] mws59: census controls pass; survivor data-triples=5796
[2026-08-31T18:29:09+00:00] mws59 U: decided 256/736 ternary pairs
[2026-08-31T18:29:20+00:00] mws59 U: decided 512/736 ternary pairs
[2026-08-31T18:29:42+00:00] mws59 V: decided 256/349 ternary pairs
[2026-08-31T18:29:58+00:00] mws59 W: decided 256/784 ternary pairs
[2026-08-31T18:30:10+00:00] mws59 W: decided 512/784 ternary pairs
[2026-08-31T18:30:20+00:00] mws59 W: decided 768/784 ternary pairs
[2026-08-31T18:30:32+00:00] mws59: decision complete, min=56 max=74 flags<=54=0
[2026-08-31T18:30:32+00:00] stapleton60: building exact 145x145 pair tables
[2026-08-31T18:30:50+00:00] stapleton60: census controls pass; survivor data-triples=4800
[2026-08-31T18:31:01+00:00] stapleton60 U: decided 256/672 ternary pairs
[2026-08-31T18:31:12+00:00] stapleton60 U: decided 512/672 ternary pairs
[2026-08-31T18:31:32+00:00] stapleton60 V: decided 256/448 ternary pairs
[2026-08-31T18:31:52+00:00] stapleton60 W: decided 256/448 ternary pairs
[2026-08-31T18:32:11+00:00] stapleton60: decision complete, min=58 max=76 flags<=54=0
[2026-08-31T18:32:11+00:00] RUN PASS: valid orientations=3515498496, aggregate min_lb=56, zero <=54
