/Users/jinleic/jinleic-workspace/math/qec/experiments/exp045_residual_saturation.py:5: SyntaxWarning: invalid escape sequence '\D'
  module M, T = dim(M + S_Z)/S_Z) must satisfy dim(\bar{\Delta}) = T.
setup 0.13s dimV=112 dimA=2 per_row=[0, 0, 1, 1, 1, 1] dimMbar=4 T=4 outside_A=4
validation: 400 dense draws, all three paths agree, max bar=2, absorbed=0
  ... instances=4,194,305 rate=690,819/s bar_hist={0: 2097551, 2: 2096754} absorbed=0
  ... instances=8,388,609 rate=699,358/s bar_hist={0: 4194909, 2: 4193700} absorbed=0
  ... instances=12,582,913 rate=701,291/s bar_hist={0: 6291328, 2: 6291585} absorbed=0
  ... instances=16,777,217 rate=703,194/s bar_hist={0: 8388168, 2: 8389049} absorbed=0
  ... instances=20,971,521 rate=705,595/s bar_hist={0: 10484966, 2: 10486555} absorbed=0
  ... instances=25,165,825 rate=707,566/s bar_hist={0: 12581687, 2: 12584138} absorbed=0
  ... instances=29,360,129 rate=710,887/s bar_hist={0: 14679561, 2: 14680568} absorbed=0
  ... instances=33,554,433 rate=710,760/s bar_hist={0: 16776185, 2: 16778248} absorbed=0
  ... instances=37,748,737 rate=710,142/s bar_hist={0: 18873664, 2: 18875073} absorbed=0
  ... instances=41,943,041 rate=706,461/s bar_hist={0: 20971182, 2: 20971859} absorbed=0
  ... instances=46,137,345 rate=705,010/s bar_hist={0: 23068548, 2: 23068797} absorbed=0
  ... instances=50,331,649 rate=703,387/s bar_hist={0: 25165450, 2: 25166199} absorbed=0
  ... instances=54,525,953 rate=703,905/s bar_hist={0: 27263268, 2: 27262685} absorbed=0
  ... instances=58,720,257 rate=705,261/s bar_hist={0: 29360976, 2: 29359281} absorbed=0
  ... instances=62,914,561 rate=705,069/s bar_hist={0: 31458803, 2: 31455758} absorbed=0
  ... instances=67,108,865 rate=705,712/s bar_hist={0: 33556058, 2: 33552807} absorbed=0
  ... instances=71,303,169 rate=705,842/s bar_hist={0: 35653154, 2: 35650015} absorbed=0
  ... instances=75,497,473 rate=705,980/s bar_hist={0: 37750903, 2: 37746570} absorbed=0
  ... instances=79,691,777 rate=705,401/s bar_hist={0: 39847706, 2: 39844071} absorbed=0
  ... instances=83,886,081 rate=705,344/s bar_hist={0: 41944943, 2: 41941138} absorbed=0
  ... instances=88,080,385 rate=703,950/s bar_hist={0: 44042154, 2: 44038231} absorbed=0
  ... instances=92,274,689 rate=702,371/s bar_hist={0: 46138724, 2: 46135965} absorbed=0
  ... instances=96,468,993 rate=701,629/s bar_hist={0: 48236124, 2: 48232869} absorbed=0
  ... instances=100,663,297 rate=701,269/s bar_hist={0: 50333547, 2: 50329750} absorbed=0
  ... instances=104,857,601 rate=700,183/s bar_hist={0: 52430682, 2: 52426919} absorbed=0
  ... instances=109,051,905 rate=698,817/s bar_hist={0: 54527942, 2: 54523963} absorbed=0
  ... instances=113,246,209 rate=697,581/s bar_hist={0: 56625609, 2: 56620600} absorbed=0
  ... instances=117,440,513 rate=696,412/s bar_hist={0: 58722222, 2: 58718291} absorbed=0
  ... instances=121,634,817 rate=695,359/s bar_hist={0: 60819106, 2: 60815711} absorbed=0
  ... instances=125,829,121 rate=695,213/s bar_hist={0: 62916121, 2: 62913000} absorbed=0
  ... instances=130,023,425 rate=694,641/s bar_hist={0: 65012473, 2: 65010952} absorbed=0
  ... instances=134,217,729 rate=694,019/s bar_hist={0: 67110028, 2: 67107701} absorbed=0
  ... instances=138,412,033 rate=693,081/s bar_hist={0: 69206265, 2: 69205768} absorbed=0
  ... instances=142,606,337 rate=692,436/s bar_hist={0: 71304000, 2: 71302337} absorbed=0
  ... instances=146,800,641 rate=692,304/s bar_hist={0: 73401701, 2: 73398940} absorbed=0
  ... instances=150,994,945 rate=692,234/s bar_hist={0: 75499285, 2: 75495660} absorbed=0
  ... instances=155,189,249 rate=692,349/s bar_hist={0: 77596430, 2: 77592819} absorbed=0
  ... instances=159,383,553 rate=692,008/s bar_hist={0: 79693201, 2: 79690352} absorbed=0
  ... instances=163,577,857 rate=692,579/s bar_hist={0: 81790763, 2: 81787094} absorbed=0
  ... instances=167,772,161 rate=692,422/s bar_hist={0: 83887340, 2: 83884821} absorbed=0
  ... instances=171,966,465 rate=691,981/s bar_hist={0: 85983984, 2: 85982481} absorbed=0
  ... instances=176,160,769 rate=691,731/s bar_hist={0: 88081473, 2: 88079296} absorbed=0
  ... instances=180,355,073 rate=691,558/s bar_hist={0: 90178472, 2: 90176601} absorbed=0
  ... instances=184,549,377 rate=691,732/s bar_hist={0: 92274925, 2: 92274452} absorbed=0
  ... instances=188,743,681 rate=691,551/s bar_hist={0: 94371513, 2: 94372168} absorbed=0
  ... instances=192,937,985 rate=691,408/s bar_hist={0: 96468067, 2: 96469918} absorbed=0
  ... instances=197,132,289 rate=691,485/s bar_hist={0: 98565619, 2: 98566670} absorbed=0
  ... instances=201,326,593 rate=690,870/s bar_hist={0: 100662197, 2: 100664396} absorbed=0
  ... instances=205,520,897 rate=690,895/s bar_hist={0: 102758944, 2: 102761953} absorbed=0
  ... instances=209,715,201 rate=690,921/s bar_hist={0: 104856277, 2: 104858924} absorbed=0
  ... instances=213,909,505 rate=691,024/s bar_hist={0: 106953657, 2: 106955848} absorbed=0
  ... instances=218,103,809 rate=690,924/s bar_hist={0: 109050714, 2: 109053095} absorbed=0
  ... instances=222,298,113 rate=690,821/s bar_hist={0: 111148562, 2: 111149551} absorbed=0
  ... instances=226,492,417 rate=690,336/s bar_hist={0: 113245131, 2: 113247286} absorbed=0
  ... instances=230,686,721 rate=689,943/s bar_hist={0: 115342363, 2: 115344358} absorbed=0
  ... instances=234,881,025 rate=689,606/s bar_hist={0: 117439570, 2: 117441455} absorbed=0
  ... instances=239,075,329 rate=689,327/s bar_hist={0: 119536191, 2: 119539138} absorbed=0
  ... instances=243,269,633 rate=689,389/s bar_hist={0: 121633241, 2: 121636392} absorbed=0
  ... instances=247,463,937 rate=689,392/s bar_hist={0: 123730662, 2: 123733275} absorbed=0
  ... instances=251,658,241 rate=689,257/s bar_hist={0: 125828170, 2: 125830071} absorbed=0
  ... instances=255,852,545 rate=688,952/s bar_hist={0: 127926007, 2: 127926538} absorbed=0
  ... instances=260,046,849 rate=688,664/s bar_hist={0: 130022960, 2: 130023889} absorbed=0
  ... instances=264,241,153 rate=688,749/s bar_hist={0: 132120953, 2: 132120200} absorbed=0
  ... instances=268,435,457 rate=688,291/s bar_hist={0: 134217911, 2: 134217546} absorbed=0
  ... instances=272,629,761 rate=688,171/s bar_hist={0: 136315310, 2: 136314451} absorbed=0
  ... instances=276,824,065 rate=688,182/s bar_hist={0: 138412396, 2: 138411669} absorbed=0
  ... instances=281,018,369 rate=688,121/s bar_hist={0: 140509168, 2: 140509201} absorbed=0
  ... instances=285,212,673 rate=688,267/s bar_hist={0: 142606868, 2: 142605805} absorbed=0
  ... instances=289,406,977 rate=688,314/s bar_hist={0: 144703531, 2: 144703446} absorbed=0
  ... instances=293,601,281 rate=688,451/s bar_hist={0: 146800210, 2: 146801071} absorbed=0
  ... instances=297,795,585 rate=688,234/s bar_hist={0: 148897374, 2: 148898211} absorbed=0
  ... instances=301,989,889 rate=688,303/s bar_hist={0: 150994363, 2: 150995526} absorbed=0
  ... instances=306,184,193 rate=688,209/s bar_hist={0: 153090867, 2: 153093326} absorbed=0
  ... instances=310,378,497 rate=688,096/s bar_hist={0: 155187391, 2: 155191106} absorbed=0
  ... instances=314,572,801 rate=688,278/s bar_hist={0: 157283959, 2: 157288842} absorbed=0
  ... instances=318,767,105 rate=688,437/s bar_hist={0: 159381251, 2: 159385854} absorbed=0
  ... instances=322,961,409 rate=688,555/s bar_hist={0: 161478254, 2: 161483155} absorbed=0
  ... instances=327,155,713 rate=688,092/s bar_hist={0: 163574942, 2: 163580771} absorbed=0
  ... instances=331,350,017 rate=687,903/s bar_hist={0: 165672208, 2: 165677809} absorbed=0
  ... instances=335,544,321 rate=687,866/s bar_hist={0: 167769472, 2: 167774849} absorbed=0
  ... instances=339,738,625 rate=687,812/s bar_hist={0: 169866565, 2: 169872060} absorbed=0
  ... instances=343,932,929 rate=687,863/s bar_hist={0: 171964308, 2: 171968621} absorbed=0
  ... instances=348,127,233 rate=687,938/s bar_hist={0: 174060964, 2: 174066269} absorbed=0
  ... instances=352,321,537 rate=687,951/s bar_hist={0: 176158275, 2: 176163262} absorbed=0
  ... instances=356,515,841 rate=688,044/s bar_hist={0: 178255457, 2: 178260384} absorbed=0
  ... instances=360,710,145 rate=687,842/s bar_hist={0: 180352241, 2: 180357904} absorbed=0
  ... instances=364,904,449 rate=687,663/s bar_hist={0: 182448973, 2: 182455476} absorbed=0
  ... instances=369,098,753 rate=687,583/s bar_hist={0: 184546447, 2: 184552306} absorbed=0
  ... instances=373,293,057 rate=687,550/s bar_hist={0: 186643910, 2: 186649147} absorbed=0
  ... instances=377,487,361 rate=687,432/s bar_hist={0: 188741776, 2: 188745585} absorbed=0
  ... instances=381,681,665 rate=687,659/s bar_hist={0: 190839165, 2: 190842500} absorbed=0
  ... instances=385,875,969 rate=687,653/s bar_hist={0: 192936673, 2: 192939296} absorbed=0
  ... instances=390,070,273 rate=687,644/s bar_hist={0: 195034056, 2: 195036217} absorbed=0
  ... instances=394,264,577 rate=687,504/s bar_hist={0: 197130527, 2: 197134050} absorbed=0
  ... instances=398,458,881 rate=687,477/s bar_hist={0: 199227499, 2: 199231382} absorbed=0
  ... instances=402,653,185 rate=687,605/s bar_hist={0: 201325065, 2: 201328120} absorbed=0
  ... instances=406,847,489 rate=687,463/s bar_hist={0: 203421606, 2: 203425883} absorbed=0
  ... instances=411,041,793 rate=687,462/s bar_hist={0: 205518289, 2: 205523504} absorbed=0
  ... instances=415,236,097 rate=687,521/s bar_hist={0: 207615627, 2: 207620470} absorbed=0
  ... instances=419,430,401 rate=687,658/s bar_hist={0: 209712647, 2: 209717754} absorbed=0
  ... instances=423,624,705 rate=687,723/s bar_hist={0: 211809131, 2: 211815574} absorbed=0
  ... instances=427,819,009 rate=687,830/s bar_hist={0: 213905717, 2: 213913292} absorbed=0
  ... instances=432,013,313 rate=687,675/s bar_hist={0: 216002287, 2: 216011026} absorbed=0
  ... instances=436,207,617 rate=687,684/s bar_hist={0: 218099666, 2: 218107951} absorbed=0
  ... instances=440,401,921 rate=687,665/s bar_hist={0: 220196295, 2: 220205626} absorbed=0
  ... instances=444,596,225 rate=687,684/s bar_hist={0: 222293170, 2: 222303055} absorbed=0
  ... instances=448,790,529 rate=687,649/s bar_hist={0: 224390515, 2: 224400014} absorbed=0
  ... instances=452,984,833 rate=687,662/s bar_hist={0: 226487973, 2: 226496860} absorbed=0
  ... instances=457,179,137 rate=687,530/s bar_hist={0: 228584902, 2: 228594235} absorbed=0
  ... instances=461,373,441 rate=687,594/s bar_hist={0: 230682823, 2: 230690618} absorbed=0
  ... instances=465,567,745 rate=687,632/s bar_hist={0: 232779333, 2: 232788412} absorbed=0
  ... instances=469,762,049 rate=687,521/s bar_hist={0: 234876519, 2: 234885530} absorbed=0
  ... instances=473,956,353 rate=687,409/s bar_hist={0: 236973790, 2: 236982563} absorbed=0
  ... instances=478,150,657 rate=687,377/s bar_hist={0: 239070439, 2: 239080218} absorbed=0
  ... instances=482,344,961 rate=687,283/s bar_hist={0: 241167431, 2: 241177530} absorbed=0
  ... instances=486,539,265 rate=687,269/s bar_hist={0: 243264720, 2: 243274545} absorbed=0
  ... instances=490,733,569 rate=687,229/s bar_hist={0: 245362418, 2: 245371151} absorbed=0
  ... instances=494,927,873 rate=687,235/s bar_hist={0: 247460219, 2: 247467654} absorbed=0
  ... instances=499,122,177 rate=686,973/s bar_hist={0: 249557109, 2: 249565068} absorbed=0
  ... instances=503,316,481 rate=686,695/s bar_hist={0: 251655254, 2: 251661227} absorbed=0
  ... instances=507,510,785 rate=686,201/s bar_hist={0: 253752095, 2: 253758690} absorbed=0
  ... instances=511,705,089 rate=686,161/s bar_hist={0: 255848751, 2: 255856338} absorbed=0
  ... instances=515,899,393 rate=685,943/s bar_hist={0: 257945969, 2: 257953424} absorbed=0
  ... instances=520,093,697 rate=685,748/s bar_hist={0: 260043594, 2: 260050103} absorbed=0
  ... instances=524,288,001 rate=685,780/s bar_hist={0: 262141047, 2: 262146954} absorbed=0
  ... instances=528,482,305 rate=685,644/s bar_hist={0: 264237961, 2: 264244344} absorbed=0
  ... instances=532,676,609 rate=685,558/s bar_hist={0: 266335780, 2: 266340829} absorbed=0
  ... instances=536,870,913 rate=685,313/s bar_hist={0: 268433457, 2: 268437456} absorbed=0
  ... instances=541,065,217 rate=685,317/s bar_hist={0: 270531199, 2: 270534018} absorbed=0
  ... instances=545,259,521 rate=685,346/s bar_hist={0: 272628762, 2: 272630759} absorbed=0
  ... instances=549,453,825 rate=685,405/s bar_hist={0: 274725541, 2: 274728284} absorbed=0
  ... instances=553,648,129 rate=685,239/s bar_hist={0: 276823265, 2: 276824864} absorbed=0
  ... instances=557,842,433 rate=685,096/s bar_hist={0: 278920436, 2: 278921997} absorbed=0
  ... instances=562,036,737 rate=685,145/s bar_hist={0: 281017776, 2: 281018961} absorbed=0
  ... instances=566,231,041 rate=684,771/s bar_hist={0: 283114629, 2: 283116412} absorbed=0
  ... instances=570,425,345 rate=684,540/s bar_hist={0: 285211535, 2: 285213810} absorbed=0
  ... instances=574,619,649 rate=684,556/s bar_hist={0: 287308358, 2: 287311291} absorbed=0
  ... instances=578,813,953 rate=684,613/s bar_hist={0: 289405991, 2: 289407962} absorbed=0
  ... instances=583,008,257 rate=684,646/s bar_hist={0: 291503116, 2: 291505141} absorbed=0
  ... instances=587,202,561 rate=684,644/s bar_hist={0: 293600362, 2: 293602199} absorbed=0
  ... instances=591,396,865 rate=684,700/s bar_hist={0: 295697835, 2: 295699030} absorbed=0
  ... instances=595,591,169 rate=684,855/s bar_hist={0: 297794740, 2: 297796429} absorbed=0
  ... instances=599,785,473 rate=684,925/s bar_hist={0: 299891567, 2: 299893906} absorbed=0
  ... instances=603,979,777 rate=684,976/s bar_hist={0: 301988472, 2: 301991305} absorbed=0
  ... instances=608,174,081 rate=684,822/s bar_hist={0: 304085204, 2: 304088877} absorbed=0
  ... instances=612,368,385 rate=684,856/s bar_hist={0: 306182328, 2: 306186057} absorbed=0
  ... instances=616,562,689 rate=684,654/s bar_hist={0: 308278810, 2: 308283879} absorbed=0
  ... instances=620,756,993 rate=684,613/s bar_hist={0: 310376303, 2: 310380690} absorbed=0
  ... instances=624,951,297 rate=684,706/s bar_hist={0: 312472896, 2: 312478401} absorbed=0
  ... instances=629,145,601 rate=684,632/s bar_hist={0: 314569404, 2: 314576197} absorbed=0
  ... instances=633,339,905 rate=684,755/s bar_hist={0: 316666944, 2: 316672961} absorbed=0
  ... instances=637,534,209 rate=684,823/s bar_hist={0: 318763974, 2: 318770235} absorbed=0
  ... instances=641,728,513 rate=684,905/s bar_hist={0: 320860389, 2: 320868124} absorbed=0
  ... instances=645,922,817 rate=684,878/s bar_hist={0: 322956976, 2: 322965841} absorbed=0
  ... instances=650,117,121 rate=684,962/s bar_hist={0: 325053467, 2: 325063654} absorbed=0
  ... instances=654,311,425 rate=685,053/s bar_hist={0: 327151050, 2: 327160375} absorbed=0
  ... instances=658,505,729 rate=685,110/s bar_hist={0: 329247721, 2: 329258008} absorbed=0
  ... instances=662,700,033 rate=685,087/s bar_hist={0: 331344640, 2: 331355393} absorbed=0
  ... instances=666,894,337 rate=685,077/s bar_hist={0: 333441804, 2: 333452533} absorbed=0
  ... instances=671,088,641 rate=685,140/s bar_hist={0: 335539324, 2: 335549317} absorbed=0
  ... instances=675,282,945 rate=685,122/s bar_hist={0: 337636258, 2: 337646687} absorbed=0
  ... instances=679,477,249 rate=685,141/s bar_hist={0: 339734071, 2: 339743178} absorbed=0
  ... instances=683,671,553 rate=685,067/s bar_hist={0: 341830557, 2: 341840996} absorbed=0
  ... instances=687,865,857 rate=685,153/s bar_hist={0: 343927839, 2: 343938018} absorbed=0
  ... instances=692,060,161 rate=685,087/s bar_hist={0: 346025090, 2: 346035071} absorbed=0
  ... instances=696,254,465 rate=685,074/s bar_hist={0: 348121752, 2: 348132713} absorbed=0
  ... instances=700,448,769 rate=684,986/s bar_hist={0: 350218759, 2: 350230010} absorbed=0
  ... instances=704,643,073 rate=685,128/s bar_hist={0: 352316228, 2: 352326845} absorbed=0
  ... instances=708,837,377 rate=685,184/s bar_hist={0: 354413715, 2: 354423662} absorbed=0
  ... instances=713,031,681 rate=685,266/s bar_hist={0: 356511483, 2: 356520198} absorbed=0
  ... instances=717,225,985 rate=685,393/s bar_hist={0: 358608599, 2: 358617386} absorbed=0
  ... instances=721,420,289 rate=685,333/s bar_hist={0: 360706306, 2: 360713983} absorbed=0
  ... instances=725,614,593 rate=685,290/s bar_hist={0: 362803321, 2: 362811272} absorbed=0
  ... instances=729,808,897 rate=685,557/s bar_hist={0: 364900864, 2: 364908033} absorbed=0
  ... instances=734,003,201 rate=685,766/s bar_hist={0: 366997854, 2: 367005347} absorbed=0
  ... instances=738,197,505 rate=686,043/s bar_hist={0: 369095071, 2: 369102434} absorbed=0
  ... instances=742,391,809 rate=686,428/s bar_hist={0: 371192934, 2: 371198875} absorbed=0
  ... instances=746,586,113 rate=686,748/s bar_hist={0: 373290763, 2: 373295350} absorbed=0
  ... instances=750,780,417 rate=686,998/s bar_hist={0: 375388348, 2: 375392069} absorbed=0
  ... instances=754,974,721 rate=687,214/s bar_hist={0: 377485488, 2: 377489233} absorbed=0
  ... instances=759,169,025 rate=687,459/s bar_hist={0: 379582927, 2: 379586098} absorbed=0
  ... instances=763,363,329 rate=687,739/s bar_hist={0: 381680498, 2: 381682831} absorbed=0
  ... instances=767,557,633 rate=688,021/s bar_hist={0: 383777334, 2: 383780299} absorbed=0
  ... instances=771,751,937 rate=688,337/s bar_hist={0: 385874504, 2: 385877433} absorbed=0
  ... instances=775,946,241 rate=688,694/s bar_hist={0: 387971660, 2: 387974581} absorbed=0
  ... instances=780,140,545 rate=689,013/s bar_hist={0: 390068255, 2: 390072290} absorbed=0
  ... instances=784,334,849 rate=689,255/s bar_hist={0: 392165784, 2: 392169065} absorbed=0
  ... instances=788,529,153 rate=689,427/s bar_hist={0: 394262908, 2: 394266245} absorbed=0
  ... instances=792,723,457 rate=689,658/s bar_hist={0: 396359992, 2: 396363465} absorbed=0
  ... instances=796,917,761 rate=689,937/s bar_hist={0: 398457513, 2: 398460248} absorbed=0
  ... instances=801,112,065 rate=690,234/s bar_hist={0: 400555043, 2: 400557022} absorbed=0
  ... instances=805,306,369 rate=690,527/s bar_hist={0: 402651993, 2: 402654376} absorbed=0
  ... instances=809,500,673 rate=690,752/s bar_hist={0: 404748702, 2: 404751971} absorbed=0
  ... instances=813,694,977 rate=690,920/s bar_hist={0: 406845258, 2: 406849719} absorbed=0
  ... instances=817,889,281 rate=691,147/s bar_hist={0: 408942311, 2: 408946970} absorbed=0
  ... instances=822,083,585 rate=691,349/s bar_hist={0: 411038841, 2: 411044744} absorbed=0
  ... instances=826,277,889 rate=691,507/s bar_hist={0: 413135965, 2: 413141924} absorbed=0
  ... instances=830,472,193 rate=691,732/s bar_hist={0: 415233055, 2: 415239138} absorbed=0
  ... instances=834,666,497 rate=691,955/s bar_hist={0: 417330297, 2: 417336200} absorbed=0
  ... instances=838,860,801 rate=692,247/s bar_hist={0: 419428212, 2: 419432589} absorbed=0
  ... instances=843,055,105 rate=692,474/s bar_hist={0: 421525853, 2: 421529252} absorbed=0
  ... instances=847,249,409 rate=692,712/s bar_hist={0: 423623545, 2: 423625864} absorbed=0
  ... instances=851,443,713 rate=693,039/s bar_hist={0: 425720661, 2: 425723052} absorbed=0
  ... instances=855,638,017 rate=693,322/s bar_hist={0: 427818105, 2: 427819912} absorbed=0
  ... instances=859,832,321 rate=693,597/s bar_hist={0: 429915679, 2: 429916642} absorbed=0
  ... instances=864,026,625 rate=693,886/s bar_hist={0: 432012579, 2: 432014046} absorbed=0
  ... instances=868,220,929 rate=694,133/s bar_hist={0: 434109669, 2: 434111260} absorbed=0
  ... instances=872,415,233 rate=694,421/s bar_hist={0: 436206919, 2: 436208314} absorbed=0
  ... instances=876,609,537 rate=694,702/s bar_hist={0: 438303428, 2: 438306109} absorbed=0
  ... instances=880,803,841 rate=694,935/s bar_hist={0: 440400921, 2: 440402920} absorbed=0
  ... instances=884,998,145 rate=695,196/s bar_hist={0: 442498113, 2: 442500032} absorbed=0
  ... instances=889,192,449 rate=695,435/s bar_hist={0: 444595171, 2: 444597278} absorbed=0
  ... instances=893,386,753 rate=695,654/s bar_hist={0: 446692689, 2: 446694064} absorbed=0
  ... instances=897,581,057 rate=695,811/s bar_hist={0: 448790262, 2: 448790795} absorbed=0
  ... instances=901,775,361 rate=696,047/s bar_hist={0: 450887095, 2: 450888266} absorbed=0
  ... instances=905,969,665 rate=696,273/s bar_hist={0: 452983908, 2: 452985757} absorbed=0
  ... instances=910,163,969 rate=696,484/s bar_hist={0: 455080451, 2: 455083518} absorbed=0
  ... instances=914,358,273 rate=696,645/s bar_hist={0: 457177401, 2: 457180872} absorbed=0
  ... instances=918,552,577 rate=696,863/s bar_hist={0: 459273944, 2: 459278633} absorbed=0
  ... instances=922,746,881 rate=697,073/s bar_hist={0: 461371072, 2: 461375809} absorbed=0
  ... instances=926,941,185 rate=697,394/s bar_hist={0: 463468168, 2: 463473017} absorbed=0
  ... instances=931,135,489 rate=697,578/s bar_hist={0: 465564678, 2: 465570811} absorbed=0
  ... instances=935,329,793 rate=697,847/s bar_hist={0: 467661201, 2: 467668592} absorbed=0
  ... instances=939,524,097 rate=698,047/s bar_hist={0: 469757819, 2: 469766278} absorbed=0
  ... instances=943,718,401 rate=698,276/s bar_hist={0: 471855075, 2: 471863326} absorbed=0
  ... instances=947,912,705 rate=698,472/s bar_hist={0: 473951939, 2: 473960766} absorbed=0
  ... instances=952,107,009 rate=698,666/s bar_hist={0: 476048701, 2: 476058308} absorbed=0
  ... instances=956,301,313 rate=698,945/s bar_hist={0: 478146076, 2: 478155237} absorbed=0
  ... instances=960,495,617 rate=699,096/s bar_hist={0: 480243334, 2: 480252283} absorbed=0
  ... instances=964,689,921 rate=699,298/s bar_hist={0: 482340593, 2: 482349328} absorbed=0
  ... instances=968,884,225 rate=699,414/s bar_hist={0: 484438186, 2: 484446039} absorbed=0
  ... instances=973,078,529 rate=699,543/s bar_hist={0: 486534903, 2: 486543626} absorbed=0
  ... instances=977,272,833 rate=699,701/s bar_hist={0: 488632073, 2: 488640760} absorbed=0
  ... instances=981,467,137 rate=699,836/s bar_hist={0: 490729314, 2: 490737823} absorbed=0
  ... instances=985,661,441 rate=699,907/s bar_hist={0: 492825940, 2: 492835501} absorbed=0
  ... instances=989,855,745 rate=699,763/s bar_hist={0: 494922971, 2: 494932774} absorbed=0
  ... instances=994,050,049 rate=699,531/s bar_hist={0: 497020179, 2: 497029870} absorbed=0
  ... instances=998,244,353 rate=699,433/s bar_hist={0: 499117916, 2: 499126437} absorbed=0
  ... instances=1,002,438,657 rate=699,245/s bar_hist={0: 501215622, 2: 501223035} absorbed=0
  ... instances=1,006,632,961 rate=699,187/s bar_hist={0: 503312640, 2: 503320321} absorbed=0
  ... instances=1,010,827,265 rate=699,017/s bar_hist={0: 505410604, 2: 505416661} absorbed=0
  ... instances=1,015,021,569 rate=698,820/s bar_hist={0: 507507548, 2: 507514021} absorbed=0
  ... instances=1,019,215,873 rate=698,707/s bar_hist={0: 509605051, 2: 509610822} absorbed=0
  ... instances=1,023,410,177 rate=698,706/s bar_hist={0: 511702751, 2: 511707426} absorbed=0
  ... instances=1,027,604,481 rate=698,650/s bar_hist={0: 513800622, 2: 513803859} absorbed=0
  ... instances=1,031,798,785 rate=698,547/s bar_hist={0: 515897348, 2: 515901437} absorbed=0
  ... instances=1,035,993,089 rate=698,502/s bar_hist={0: 517994977, 2: 517998112} absorbed=0
  ... instances=1,040,187,393 rate=698,416/s bar_hist={0: 520092211, 2: 520095182} absorbed=0
  ... instances=1,044,381,697 rate=698,250/s bar_hist={0: 522189379, 2: 522192318} absorbed=0
  ... instances=1,048,576,001 rate=698,135/s bar_hist={0: 524286267, 2: 524289734} absorbed=0
  ... instances=1,052,770,305 rate=697,990/s bar_hist={0: 526383724, 2: 526386581} absorbed=0
  ... instances=1,056,964,609 rate=697,851/s bar_hist={0: 528480192, 2: 528484417} absorbed=0
  ... instances=1,061,158,913 rate=697,665/s bar_hist={0: 530577828, 2: 530581085} absorbed=0
  ... instances=1,065,353,217 rate=697,518/s bar_hist={0: 532674903, 2: 532678314} absorbed=0
  ... instances=1,069,547,521 rate=697,296/s bar_hist={0: 534771966, 2: 534775555} absorbed=0
  ... instances=1,073,741,825 rate=696,840/s bar_hist={0: 536869658, 2: 536872167} absorbed=0
  ... instances=1,077,936,129 rate=696,598/s bar_hist={0: 538966972, 2: 538969157} absorbed=0
  ... instances=1,082,130,433 rate=696,254/s bar_hist={0: 541063702, 2: 541066731} absorbed=0
  ... instances=1,086,324,737 rate=695,977/s bar_hist={0: 543160485, 2: 543164252} absorbed=0
  ... instances=1,090,519,041 rate=695,722/s bar_hist={0: 545257113, 2: 545261928} absorbed=0
  ... instances=1,094,713,345 rate=695,478/s bar_hist={0: 547354254, 2: 547359091} absorbed=0
  ... instances=1,098,907,649 rate=695,206/s bar_hist={0: 549450976, 2: 549456673} absorbed=0
  ... instances=1,103,101,953 rate=694,819/s bar_hist={0: 551548197, 2: 551553756} absorbed=0
  ... instances=1,107,296,257 rate=694,553/s bar_hist={0: 553646057, 2: 553650200} absorbed=0
  ... instances=1,111,490,561 rate=694,315/s bar_hist={0: 555743660, 2: 555746901} absorbed=0
  ... instances=1,115,684,865 rate=694,109/s bar_hist={0: 557840441, 2: 557844424} absorbed=0
  ... instances=1,119,879,169 rate=693,891/s bar_hist={0: 559938027, 2: 559941142} absorbed=0
  ... instances=1,124,073,473 rate=693,725/s bar_hist={0: 562035350, 2: 562038123} absorbed=0
  ... instances=1,128,267,777 rate=693,455/s bar_hist={0: 564132615, 2: 564135162} absorbed=0
  ... instances=1,132,462,081 rate=693,261/s bar_hist={0: 566229450, 2: 566232631} absorbed=0
  ... instances=1,136,656,385 rate=692,834/s bar_hist={0: 568326728, 2: 568329657} absorbed=0
  ... instances=1,140,850,689 rate=692,543/s bar_hist={0: 570423423, 2: 570427266} absorbed=0
  ... instances=1,145,044,993 rate=692,323/s bar_hist={0: 572521022, 2: 572523971} absorbed=0
  ... instances=1,149,239,297 rate=692,048/s bar_hist={0: 574618146, 2: 574621151} absorbed=0
  ... instances=1,153,433,601 rate=691,816/s bar_hist={0: 576715252, 2: 576718349} absorbed=0
  ... instances=1,157,627,905 rate=691,583/s bar_hist={0: 578812802, 2: 578815103} absorbed=0
  ... instances=1,161,822,209 rate=691,360/s bar_hist={0: 580909963, 2: 580912246} absorbed=0
  ... instances=1,166,016,513 rate=691,078/s bar_hist={0: 583006810, 2: 583009703} absorbed=0
  ... instances=1,170,210,817 rate=690,871/s bar_hist={0: 585103351, 2: 585107466} absorbed=0
  ... instances=1,174,405,121 rate=690,647/s bar_hist={0: 587200414, 2: 587204707} absorbed=0
  ... instances=1,178,599,425 rate=690,429/s bar_hist={0: 589297387, 2: 589302038} absorbed=0
  ... instances=1,182,793,729 rate=690,137/s bar_hist={0: 591393931, 2: 591399798} absorbed=0
  ... instances=1,186,988,033 rate=689,821/s bar_hist={0: 593491427, 2: 593496606} absorbed=0
  ... instances=1,191,182,337 rate=689,621/s bar_hist={0: 595588899, 2: 595593438} absorbed=0
  ... instances=1,195,376,641 rate=689,466/s bar_hist={0: 597685717, 2: 597690924} absorbed=0
  ... instances=1,199,570,945 rate=689,248/s bar_hist={0: 599783572, 2: 599787373} absorbed=0
  ... instances=1,203,765,249 rate=689,054/s bar_hist={0: 601880612, 2: 601884637} absorbed=0
  ... instances=1,207,959,553 rate=688,768/s bar_hist={0: 603978012, 2: 603981541} absorbed=0
  ... instances=1,212,153,857 rate=688,578/s bar_hist={0: 606074905, 2: 606078952} absorbed=0
  ... instances=1,216,348,161 rate=688,288/s bar_hist={0: 608171760, 2: 608176401} absorbed=0
  ... instances=1,220,542,465 rate=688,083/s bar_hist={0: 610268534, 2: 610273931} absorbed=0
  ... instances=1,224,736,769 rate=687,858/s bar_hist={0: 612366017, 2: 612370752} absorbed=0
  ... instances=1,228,931,073 rate=687,599/s bar_hist={0: 614463315, 2: 614467758} absorbed=0
  ... instances=1,233,125,377 rate=687,416/s bar_hist={0: 616560661, 2: 616564716} absorbed=0
  ... instances=1,237,319,681 rate=687,279/s bar_hist={0: 618657961, 2: 618661720} absorbed=0
  ... instances=1,241,513,985 rate=687,175/s bar_hist={0: 620754961, 2: 620759024} absorbed=0
  ... instances=1,245,708,289 rate=687,007/s bar_hist={0: 622851888, 2: 622856401} absorbed=0
  ... instances=1,249,902,593 rate=686,948/s bar_hist={0: 624948664, 2: 624953929} absorbed=0
  ... instances=1,254,096,897 rate=686,800/s bar_hist={0: 627045604, 2: 627051293} absorbed=0
  ... instances=1,258,291,201 rate=686,700/s bar_hist={0: 629142664, 2: 629148537} absorbed=0
  ... instances=1,262,485,505 rate=686,561/s bar_hist={0: 631239112, 2: 631246393} absorbed=0
  ... instances=1,266,679,809 rate=686,368/s bar_hist={0: 633336405, 2: 633343404} absorbed=0
  ... instances=1,270,874,113 rate=686,308/s bar_hist={0: 635433312, 2: 635440801} absorbed=0
  ... instances=1,275,068,417 rate=686,238/s bar_hist={0: 637531049, 2: 637537368} absorbed=0
  ... instances=1,279,262,721 rate=686,116/s bar_hist={0: 639628111, 2: 639634610} absorbed=0
  ... instances=1,283,457,025 rate=686,047/s bar_hist={0: 641725509, 2: 641731516} absorbed=0
  ... instances=1,287,651,329 rate=685,942/s bar_hist={0: 643822407, 2: 643828922} absorbed=0
  ... instances=1,291,845,633 rate=685,911/s bar_hist={0: 645919276, 2: 645926357} absorbed=0
  ... instances=1,296,039,937 rate=685,770/s bar_hist={0: 648016143, 2: 648023794} absorbed=0
  ... instances=1,300,234,241 rate=685,686/s bar_hist={0: 650113709, 2: 650120532} absorbed=0
  ... instances=1,304,428,545 rate=685,565/s bar_hist={0: 652210791, 2: 652217754} absorbed=0
  ... instances=1,308,622,849 rate=685,444/s bar_hist={0: 654308173, 2: 654314676} absorbed=0
  ... instances=1,312,817,153 rate=685,186/s bar_hist={0: 656405561, 2: 656411592} absorbed=0
  ... instances=1,317,011,457 rate=685,090/s bar_hist={0: 658502455, 2: 658509002} absorbed=0
  ... instances=1,321,205,761 rate=684,974/s bar_hist={0: 660599339, 2: 660606422} absorbed=0
  ... instances=1,325,400,065 rate=684,811/s bar_hist={0: 662696152, 2: 662703913} absorbed=0
  ... instances=1,329,594,369 rate=684,519/s bar_hist={0: 664792960, 2: 664801409} absorbed=0
  ... instances=1,333,788,673 rate=684,317/s bar_hist={0: 666890099, 2: 666898574} absorbed=0
  ... instances=1,337,982,977 rate=684,160/s bar_hist={0: 668986468, 2: 668996509} absorbed=0
  ... instances=1,342,177,281 rate=683,881/s bar_hist={0: 671084018, 2: 671093263} absorbed=0
  ... instances=1,346,371,585 rate=683,745/s bar_hist={0: 673180437, 2: 673191148} absorbed=0
  ... instances=1,350,565,889 rate=683,654/s bar_hist={0: 675277733, 2: 675288156} absorbed=0
  ... instances=1,354,760,193 rate=683,468/s bar_hist={0: 677374667, 2: 677385526} absorbed=0
  ... instances=1,358,954,497 rate=683,413/s bar_hist={0: 679472039, 2: 679482458} absorbed=0
  ... instances=1,363,148,801 rate=683,297/s bar_hist={0: 681569491, 2: 681579310} absorbed=0
  ... instances=1,367,343,105 rate=683,241/s bar_hist={0: 683666995, 2: 683676110} absorbed=0
  ... instances=1,371,537,409 rate=683,163/s bar_hist={0: 685763863, 2: 685773546} absorbed=0
  ... instances=1,375,731,713 rate=683,039/s bar_hist={0: 687860839, 2: 687870874} absorbed=0
  ... instances=1,379,926,017 rate=682,922/s bar_hist={0: 689957828, 2: 689968189} absorbed=0
  ... instances=1,384,120,321 rate=682,902/s bar_hist={0: 692054782, 2: 692065539} absorbed=0
  ... instances=1,388,314,625 rate=682,853/s bar_hist={0: 694152089, 2: 694162536} absorbed=0
  ... instances=1,392,508,929 rate=682,819/s bar_hist={0: 696249492, 2: 696259437} absorbed=0
  ... instances=1,396,703,233 rate=682,710/s bar_hist={0: 698347055, 2: 698356178} absorbed=0
  ... instances=1,400,897,537 rate=682,677/s bar_hist={0: 700444410, 2: 700453127} absorbed=0
  ... instances=1,405,091,841 rate=682,617/s bar_hist={0: 702541646, 2: 702550195} absorbed=0
  ... instances=1,409,286,145 rate=682,571/s bar_hist={0: 704639529, 2: 704646616} absorbed=0
  ... instances=1,413,480,449 rate=682,520/s bar_hist={0: 706736442, 2: 706744007} absorbed=0
  ... instances=1,417,674,753 rate=682,566/s bar_hist={0: 708833699, 2: 708841054} absorbed=0
  ... instances=1,421,869,057 rate=682,568/s bar_hist={0: 710930858, 2: 710938199} absorbed=0
  ... instances=1,426,063,361 rate=682,561/s bar_hist={0: 713027640, 2: 713035721} absorbed=0
  ... instances=1,430,257,665 rate=682,627/s bar_hist={0: 715125071, 2: 715132594} absorbed=0
  ... instances=1,434,451,969 rate=682,704/s bar_hist={0: 717221605, 2: 717230364} absorbed=0
  ... instances=1,438,646,273 rate=682,739/s bar_hist={0: 719319351, 2: 719326922} absorbed=0
  ... instances=1,442,840,577 rate=682,720/s bar_hist={0: 721416272, 2: 721424305} absorbed=0
  ... instances=1,447,034,881 rate=682,796/s bar_hist={0: 723513387, 2: 723521494} absorbed=0
  ... instances=1,451,229,185 rate=682,840/s bar_hist={0: 725611213, 2: 725617972} absorbed=0
  ... instances=1,455,423,489 rate=682,920/s bar_hist={0: 727708267, 2: 727715222} absorbed=0
  ... instances=1,459,617,793 rate=682,984/s bar_hist={0: 729805117, 2: 729812676} absorbed=0
  ... instances=1,463,812,097 rate=683,058/s bar_hist={0: 731901897, 2: 731910200} absorbed=0
  ... instances=1,468,006,401 rate=683,145/s bar_hist={0: 733998623, 2: 734007778} absorbed=0
  ... instances=1,472,200,705 rate=683,242/s bar_hist={0: 736095609, 2: 736105096} absorbed=0
  ... instances=1,476,395,009 rate=683,331/s bar_hist={0: 738192194, 2: 738202815} absorbed=0
  ... instances=1,480,589,313 rate=683,352/s bar_hist={0: 740289539, 2: 740299774} absorbed=0
  ... instances=1,484,783,617 rate=683,424/s bar_hist={0: 742386266, 2: 742397351} absorbed=0
  ... instances=1,488,977,921 rate=683,530/s bar_hist={0: 744483642, 2: 744494279} absorbed=0
  ... instances=1,493,172,225 rate=683,610/s bar_hist={0: 746580878, 2: 746591347} absorbed=0
  ... instances=1,497,366,529 rate=683,623/s bar_hist={0: 748677419, 2: 748689110} absorbed=0
  ... instances=1,501,560,833 rate=683,675/s bar_hist={0: 750775078, 2: 750785755} absorbed=0
  ... instances=1,505,755,137 rate=683,612/s bar_hist={0: 752871770, 2: 752883367} absorbed=0
  ... instances=1,509,949,441 rate=683,514/s bar_hist={0: 754968959, 2: 754980482} absorbed=0
  ... instances=1,514,143,745 rate=683,456/s bar_hist={0: 757066729, 2: 757077016} absorbed=0
  ... instances=1,518,338,049 rate=683,402/s bar_hist={0: 759164274, 2: 759173775} absorbed=0
  ... instances=1,522,532,353 rate=683,339/s bar_hist={0: 761261085, 2: 761271268} absorbed=0
  ... instances=1,526,726,657 rate=683,238/s bar_hist={0: 763357910, 2: 763368747} absorbed=0
  ... instances=1,530,920,961 rate=683,138/s bar_hist={0: 765454444, 2: 765466517} absorbed=0
  ... instances=1,535,115,265 rate=683,056/s bar_hist={0: 767551270, 2: 767563995} absorbed=0
  ... instances=1,539,309,569 rate=682,948/s bar_hist={0: 769648141, 2: 769661428} absorbed=0
  ... instances=1,543,503,873 rate=682,825/s bar_hist={0: 771744868, 2: 771759005} absorbed=0
  ... instances=1,547,698,177 rate=682,716/s bar_hist={0: 773842183, 2: 773855994} absorbed=0
  ... instances=1,551,892,481 rate=682,694/s bar_hist={0: 775939645, 2: 775952836} absorbed=0
  ... instances=1,556,086,785 rate=682,632/s bar_hist={0: 778036565, 2: 778050220} absorbed=0
  ... instances=1,560,281,089 rate=682,543/s bar_hist={0: 780134172, 2: 780146917} absorbed=0
  ... instances=1,564,475,393 rate=682,486/s bar_hist={0: 782230804, 2: 782244589} absorbed=0
  ... instances=1,568,669,697 rate=682,428/s bar_hist={0: 784328224, 2: 784341473} absorbed=0
  ... instances=1,572,864,001 rate=682,370/s bar_hist={0: 786425353, 2: 786438648} absorbed=0
  ... instances=1,577,058,305 rate=682,299/s bar_hist={0: 788522119, 2: 788536186} absorbed=0
  ... instances=1,581,252,609 rate=682,185/s bar_hist={0: 790619231, 2: 790633378} absorbed=0
  ... instances=1,585,446,913 rate=682,099/s bar_hist={0: 792716706, 2: 792730207} absorbed=0
  ... instances=1,589,641,217 rate=681,984/s bar_hist={0: 794814337, 2: 794826880} absorbed=0
  ... instances=1,593,835,521 rate=681,869/s bar_hist={0: 796911644, 2: 796923877} absorbed=0
  ... instances=1,598,029,825 rate=681,486/s bar_hist={0: 799009051, 2: 799020774} absorbed=0
  ... instances=1,602,224,129 rate=681,155/s bar_hist={0: 801106764, 2: 801117365} absorbed=0
  ... instances=1,606,418,433 rate=680,889/s bar_hist={0: 803203622, 2: 803214811} absorbed=0
  ... instances=1,610,612,737 rate=680,736/s bar_hist={0: 805300565, 2: 805312172} absorbed=0
  ... instances=1,614,807,041 rate=680,484/s bar_hist={0: 807397365, 2: 807409676} absorbed=0
  ... instances=1,619,001,345 rate=680,256/s bar_hist={0: 809494304, 2: 809507041} absorbed=0
  ... instances=1,623,195,649 rate=680,039/s bar_hist={0: 811591775, 2: 811603874} absorbed=0
  ... instances=1,627,389,953 rate=679,784/s bar_hist={0: 813688955, 2: 813700998} absorbed=0
  ... instances=1,631,584,257 rate=679,589/s bar_hist={0: 815786271, 2: 815797986} absorbed=0
  ... instances=1,635,778,561 rate=679,360/s bar_hist={0: 817883612, 2: 817894949} absorbed=0
  ... instances=1,639,972,865 rate=679,131/s bar_hist={0: 819980559, 2: 819992306} absorbed=0
  ... instances=1,644,167,169 rate=679,012/s bar_hist={0: 822077463, 2: 822089706} absorbed=0
  ... instances=1,648,361,473 rate=678,874/s bar_hist={0: 824174297, 2: 824187176} absorbed=0
  ... instances=1,652,555,777 rate=678,724/s bar_hist={0: 826271019, 2: 826284758} absorbed=0
  ... instances=1,656,750,081 rate=678,526/s bar_hist={0: 828368179, 2: 828381902} absorbed=0
  ... instances=1,660,944,385 rate=678,335/s bar_hist={0: 830464567, 2: 830479818} absorbed=0
  ... instances=1,665,138,689 rate=678,156/s bar_hist={0: 832562038, 2: 832576651} absorbed=0
  ... instances=1,669,332,993 rate=678,068/s bar_hist={0: 834659354, 2: 834673639} absorbed=0
  ... instances=1,673,527,297 rate=677,966/s bar_hist={0: 836756841, 2: 836770456} absorbed=0
  ... instances=1,677,721,601 rate=677,899/s bar_hist={0: 838853644, 2: 838867957} absorbed=0
  ... instances=1,681,915,905 rate=677,811/s bar_hist={0: 840950749, 2: 840965156} absorbed=0
  ... instances=1,686,110,209 rate=677,746/s bar_hist={0: 843047684, 2: 843062525} absorbed=0
  ... instances=1,690,304,513 rate=677,698/s bar_hist={0: 845144773, 2: 845159740} absorbed=0
  ... instances=1,694,498,817 rate=677,654/s bar_hist={0: 847241945, 2: 847256872} absorbed=0
  ... instances=1,698,693,121 rate=677,630/s bar_hist={0: 849339341, 2: 849353780} absorbed=0
  ... instances=1,702,887,425 rate=677,609/s bar_hist={0: 851437113, 2: 851450312} absorbed=0
  ... instances=1,707,081,729 rate=677,553/s bar_hist={0: 853534293, 2: 853547436} absorbed=0
  ... instances=1,711,276,033 rate=677,482/s bar_hist={0: 855631519, 2: 855644514} absorbed=0
  ... instances=1,715,470,337 rate=677,387/s bar_hist={0: 857729413, 2: 857740924} absorbed=0
  ... instances=1,719,664,641 rate=677,293/s bar_hist={0: 859826052, 2: 859838589} absorbed=0
  ... instances=1,723,858,945 rate=677,257/s bar_hist={0: 861922633, 2: 861936312} absorbed=0
  ... instances=1,728,053,249 rate=677,193/s bar_hist={0: 864020153, 2: 864033096} absorbed=0
  ... instances=1,732,247,553 rate=677,122/s bar_hist={0: 866117341, 2: 866130212} absorbed=0
  ... instances=1,736,441,857 rate=677,085/s bar_hist={0: 868214517, 2: 868227340} absorbed=0
  ... instances=1,740,636,161 rate=677,024/s bar_hist={0: 870312007, 2: 870324154} absorbed=0
  ... instances=1,744,830,465 rate=676,949/s bar_hist={0: 872409441, 2: 872421024} absorbed=0
  ... instances=1,749,024,769 rate=676,855/s bar_hist={0: 874506384, 2: 874518385} absorbed=0
  ... instances=1,753,219,073 rate=676,648/s bar_hist={0: 876603067, 2: 876616006} absorbed=0
  ... instances=1,757,413,377 rate=676,487/s bar_hist={0: 878699669, 2: 878713708} absorbed=0
  ... instances=1,761,607,681 rate=676,291/s bar_hist={0: 880796767, 2: 880810914} absorbed=0
  ... instances=1,765,801,985 rate=676,083/s bar_hist={0: 882893312, 2: 882908673} absorbed=0
  ... instances=1,769,996,289 rate=675,896/s bar_hist={0: 884990449, 2: 885005840} absorbed=0
  ... instances=1,774,190,593 rate=675,652/s bar_hist={0: 887087908, 2: 887102685} absorbed=0
  ... instances=1,778,384,897 rate=675,487/s bar_hist={0: 889184606, 2: 889200291} absorbed=0
  ... instances=1,782,579,201 rate=675,315/s bar_hist={0: 891281958, 2: 891297243} absorbed=0
  ... instances=1,786,773,505 rate=675,149/s bar_hist={0: 893379158, 2: 893394347} absorbed=0
  ... instances=1,790,967,809 rate=675,072/s bar_hist={0: 895475858, 2: 895491951} absorbed=0
  ... instances=1,795,162,113 rate=674,951/s bar_hist={0: 897573014, 2: 897589099} absorbed=0
  ... instances=1,799,356,417 rate=674,740/s bar_hist={0: 899670389, 2: 899686028} absorbed=0
  ... instances=1,803,550,721 rate=674,579/s bar_hist={0: 901768111, 2: 901782610} absorbed=0
  ... instances=1,807,745,025 rate=674,387/s bar_hist={0: 903865307, 2: 903879718} absorbed=0
  ... instances=1,811,939,329 rate=674,215/s bar_hist={0: 905962875, 2: 905976454} absorbed=0
  ... instances=1,816,133,633 rate=674,043/s bar_hist={0: 908060662, 2: 908072971} absorbed=0
  ... instances=1,820,327,937 rate=673,911/s bar_hist={0: 910157380, 2: 910170557} absorbed=0
  ... instances=1,824,522,241 rate=673,802/s bar_hist={0: 912253917, 2: 912268324} absorbed=0
  ... instances=1,828,716,545 rate=673,677/s bar_hist={0: 914351206, 2: 914365339} absorbed=0
  ... instances=1,832,910,849 rate=673,489/s bar_hist={0: 916448385, 2: 916462464} absorbed=0
  ... instances=1,837,105,153 rate=673,262/s bar_hist={0: 918545045, 2: 918560108} absorbed=0
  ... instances=1,841,299,457 rate=673,031/s bar_hist={0: 920642173, 2: 920657284} absorbed=0
  ... instances=1,845,493,761 rate=672,837/s bar_hist={0: 922739595, 2: 922754166} absorbed=0
  ... instances=1,849,688,065 rate=672,668/s bar_hist={0: 924837197, 2: 924850868} absorbed=0
  ... instances=1,853,882,369 rate=672,511/s bar_hist={0: 926934825, 2: 926947544} absorbed=0
  ... instances=1,858,076,673 rate=672,286/s bar_hist={0: 929032131, 2: 929044542} absorbed=0
  ... instances=1,862,270,977 rate=672,160/s bar_hist={0: 931129681, 2: 931141296} absorbed=0
  ... instances=1,866,465,281 rate=672,006/s bar_hist={0: 933226682, 2: 933238599} absorbed=0
  ... instances=1,870,659,585 rate=671,852/s bar_hist={0: 935323941, 2: 935335644} absorbed=0
  ... instances=1,874,853,889 rate=671,740/s bar_hist={0: 937421081, 2: 937432808} absorbed=0
  ... instances=1,879,048,193 rate=671,708/s bar_hist={0: 939518371, 2: 939529822} absorbed=0
  ... instances=1,883,242,497 rate=671,628/s bar_hist={0: 941615977, 2: 941626520} absorbed=0
  ... instances=1,887,436,801 rate=671,596/s bar_hist={0: 943712767, 2: 943724034} absorbed=0
  ... instances=1,891,631,105 rate=671,520/s bar_hist={0: 945809669, 2: 945821436} absorbed=0
  ... instances=1,895,825,409 rate=671,501/s bar_hist={0: 947906496, 2: 947918913} absorbed=0
  ... instances=1,900,019,713 rate=671,409/s bar_hist={0: 950002931, 2: 950016782} absorbed=0
  ... instances=1,904,214,017 rate=671,324/s bar_hist={0: 952100321, 2: 952113696} absorbed=0
  ... instances=1,908,408,321 rate=671,196/s bar_hist={0: 954196897, 2: 954211424} absorbed=0
  ... instances=1,912,602,625 rate=671,128/s bar_hist={0: 956293904, 2: 956308721} absorbed=0
  ... instances=1,916,796,929 rate=671,109/s bar_hist={0: 958391118, 2: 958405811} absorbed=0
  ... instances=1,920,991,233 rate=671,102/s bar_hist={0: 960488842, 2: 960502391} absorbed=0
  ... instances=1,925,185,537 rate=671,087/s bar_hist={0: 962586256, 2: 962599281} absorbed=0
  ... instances=1,929,379,841 rate=671,107/s bar_hist={0: 964683120, 2: 964696721} absorbed=0
  ... instances=1,933,574,145 rate=671,118/s bar_hist={0: 966779953, 2: 966794192} absorbed=0
  ... instances=1,937,768,449 rate=671,080/s bar_hist={0: 968876526, 2: 968891923} absorbed=0
  ... instances=1,941,962,753 rate=671,010/s bar_hist={0: 970973232, 2: 970989521} absorbed=0
  ... instances=1,946,157,057 rate=670,909/s bar_hist={0: 973070329, 2: 973086728} absorbed=0
  ... instances=1,950,351,361 rate=670,810/s bar_hist={0: 975167055, 2: 975184306} absorbed=0
  ... instances=1,954,545,665 rate=670,627/s bar_hist={0: 977264422, 2: 977281243} absorbed=0
  ... instances=1,958,739,969 rate=670,556/s bar_hist={0: 979361307, 2: 979378662} absorbed=0
  ... instances=1,962,934,273 rate=670,463/s bar_hist={0: 981458256, 2: 981476017} absorbed=0
  ... instances=1,967,128,577 rate=670,421/s bar_hist={0: 983555662, 2: 983572915} absorbed=0
  ... instances=1,971,322,881 rate=670,339/s bar_hist={0: 985653066, 2: 985669815} absorbed=0
  ... instances=1,975,517,185 rate=670,230/s bar_hist={0: 987750576, 2: 987766609} absorbed=0
  ... instances=1,979,711,489 rate=670,095/s bar_hist={0: 989848056, 2: 989863433} absorbed=0
  ... instances=1,983,905,793 rate=669,973/s bar_hist={0: 991945256, 2: 991960537} absorbed=0
  ... instances=1,988,100,097 rate=669,816/s bar_hist={0: 994043155, 2: 994056942} absorbed=0
  ... instances=1,992,294,401 rate=669,634/s bar_hist={0: 996139653, 2: 996154748} absorbed=0
  ... instances=1,996,488,705 rate=669,496/s bar_hist={0: 998236960, 2: 998251745} absorbed=0
  ... instances=2,000,683,009 rate=669,226/s bar_hist={0: 1000334557, 2: 1000348452} absorbed=0
  ... instances=2,004,877,313 rate=668,982/s bar_hist={0: 1002431193, 2: 1002446120} absorbed=0
  ... instances=2,009,071,617 rate=668,783/s bar_hist={0: 1004528091, 2: 1004543526} absorbed=0
  ... instances=2,013,265,921 rate=668,598/s bar_hist={0: 1006625139, 2: 1006640782} absorbed=0
  ... instances=2,017,460,225 rate=668,454/s bar_hist={0: 1008721451, 2: 1008738774} absorbed=0
  ... instances=2,021,654,529 rate=668,327/s bar_hist={0: 1010818984, 2: 1010835545} absorbed=0
  ... instances=2,025,848,833 rate=668,169/s bar_hist={0: 1012915292, 2: 1012933541} absorbed=0
  ... instances=2,030,043,137 rate=667,916/s bar_hist={0: 1015012545, 2: 1015030592} absorbed=0
  ... instances=2,034,237,441 rate=667,734/s bar_hist={0: 1017109417, 2: 1017128024} absorbed=0
  ... instances=2,038,431,745 rate=667,591/s bar_hist={0: 1019206532, 2: 1019225213} absorbed=0
  ... instances=2,042,626,049 rate=667,457/s bar_hist={0: 1021303993, 2: 1021322056} absorbed=0
  ... instances=2,046,820,353 rate=667,310/s bar_hist={0: 1023401774, 2: 1023418579} absorbed=0
  ... instances=2,051,014,657 rate=667,198/s bar_hist={0: 1025498991, 2: 1025515666} absorbed=0
  ... instances=2,055,208,961 rate=666,927/s bar_hist={0: 1027596216, 2: 1027612745} absorbed=0
  ... instances=2,059,403,265 rate=666,802/s bar_hist={0: 1029694040, 2: 1029709225} absorbed=0
  ... instances=2,063,597,569 rate=666,511/s bar_hist={0: 1031790939, 2: 1031806630} absorbed=0
  ... instances=2,067,791,873 rate=666,226/s bar_hist={0: 1033888493, 2: 1033903380} absorbed=0
  ... instances=2,071,986,177 rate=666,042/s bar_hist={0: 1035985281, 2: 1036000896} absorbed=0
  ... instances=2,076,180,481 rate=665,860/s bar_hist={0: 1038082096, 2: 1038098385} absorbed=0
  ... instances=2,080,374,785 rate=665,655/s bar_hist={0: 1040179183, 2: 1040195602} absorbed=0
  ... instances=2,084,569,089 rate=665,425/s bar_hist={0: 1042275717, 2: 1042293372} absorbed=0
  ... instances=2,088,763,393 rate=665,214/s bar_hist={0: 1044372959, 2: 1044390434} absorbed=0
  ... instances=2,092,957,697 rate=665,012/s bar_hist={0: 1046469224, 2: 1046488473} absorbed=0
  ... instances=2,097,152,001 rate=664,718/s bar_hist={0: 1048566970, 2: 1048585031} absorbed=0
  ... instances=2,101,346,305 rate=664,419/s bar_hist={0: 1050664232, 2: 1050682073} absorbed=0
  ... instances=2,105,540,609 rate=664,277/s bar_hist={0: 1052761087, 2: 1052779522} absorbed=0
  ... instances=2,109,734,913 rate=664,125/s bar_hist={0: 1054857861, 2: 1054877052} absorbed=0
  ... instances=2,113,929,217 rate=664,002/s bar_hist={0: 1056954427, 2: 1056974790} absorbed=0
  ... instances=2,118,123,521 rate=663,798/s bar_hist={0: 1059051516, 2: 1059072005} absorbed=0
  ... instances=2,122,317,825 rate=663,507/s bar_hist={0: 1061148230, 2: 1061169595} absorbed=0
  ... instances=2,126,512,129 rate=663,196/s bar_hist={0: 1063245519, 2: 1063266610} absorbed=0
  ... instances=2,130,706,433 rate=663,010/s bar_hist={0: 1065342691, 2: 1065363742} absorbed=0
  ... instances=2,134,900,737 rate=662,860/s bar_hist={0: 1067439459, 2: 1067461278} absorbed=0
  ... instances=2,139,095,041 rate=662,680/s bar_hist={0: 1069536124, 2: 1069558917} absorbed=0
  ... instances=2,143,289,345 rate=662,541/s bar_hist={0: 1071633010, 2: 1071656335} absorbed=0
  ... instances=2,147,483,649 rate=662,331/s bar_hist={0: 1073729947, 2: 1073753702} absorbed=0
  ... instances=2,151,677,953 rate=662,146/s bar_hist={0: 1075826465, 2: 1075851488} absorbed=0
  ... instances=2,155,872,257 rate=661,949/s bar_hist={0: 1077924071, 2: 1077948186} absorbed=0
  ... instances=2,160,066,561 rate=661,813/s bar_hist={0: 1080020783, 2: 1080045778} absorbed=0
  ... instances=2,164,260,865 rate=661,623/s bar_hist={0: 1082117788, 2: 1082143077} absorbed=0
  ... instances=2,168,455,169 rate=661,404/s bar_hist={0: 1084214462, 2: 1084240707} absorbed=0
  ... instances=2,172,649,473 rate=661,123/s bar_hist={0: 1086310858, 2: 1086338615} absorbed=0
  ... instances=2,176,843,777 rate=660,914/s bar_hist={0: 1088408199, 2: 1088435578} absorbed=0
  ... instances=2,181,038,081 rate=660,694/s bar_hist={0: 1090504627, 2: 1090533454} absorbed=0
  ... instances=2,185,232,385 rate=660,481/s bar_hist={0: 1092602685, 2: 1092629700} absorbed=0
  ... instances=2,189,426,689 rate=660,321/s bar_hist={0: 1094700007, 2: 1094726682} absorbed=0
  ... instances=2,193,620,993 rate=660,162/s bar_hist={0: 1096797316, 2: 1096823677} absorbed=0
  ... instances=2,197,815,297 rate=659,995/s bar_hist={0: 1098895275, 2: 1098920022} absorbed=0
  ... instances=2,202,009,601 rate=659,863/s bar_hist={0: 1100992001, 2: 1101017600} absorbed=0
  ... instances=2,206,203,905 rate=659,687/s bar_hist={0: 1103090094, 2: 1103113811} absorbed=0
  ... instances=2,210,398,209 rate=659,431/s bar_hist={0: 1105186534, 2: 1105211675} absorbed=0
  ... instances=2,214,592,513 rate=659,183/s bar_hist={0: 1107284154, 2: 1107308359} absorbed=0
  ... instances=2,218,786,817 rate=658,927/s bar_hist={0: 1109381831, 2: 1109404986} absorbed=0
  ... instances=2,222,981,121 rate=658,768/s bar_hist={0: 1111479254, 2: 1111501867} absorbed=0
  ... instances=2,227,175,425 rate=658,551/s bar_hist={0: 1113576738, 2: 1113598687} absorbed=0
  ... instances=2,231,369,729 rate=658,427/s bar_hist={0: 1115674199, 2: 1115695530} absorbed=0
  ... instances=2,235,564,033 rate=658,286/s bar_hist={0: 1117770431, 2: 1117793602} absorbed=0
  ... instances=2,239,758,337 rate=658,110/s bar_hist={0: 1119867509, 2: 1119890828} absorbed=0
  ... instances=2,243,952,641 rate=657,998/s bar_hist={0: 1121964046, 2: 1121988595} absorbed=0
  ... instances=2,248,146,945 rate=657,903/s bar_hist={0: 1124061248, 2: 1124085697} absorbed=0
  ... instances=2,252,341,249 rate=657,746/s bar_hist={0: 1126157575, 2: 1126183674} absorbed=0
  ... instances=2,256,535,553 rate=657,621/s bar_hist={0: 1128255642, 2: 1128279911} absorbed=0
  ... instances=2,260,729,857 rate=657,487/s bar_hist={0: 1130352992, 2: 1130376865} absorbed=0
  ... instances=2,264,924,161 rate=657,426/s bar_hist={0: 1132450585, 2: 1132473576} absorbed=0
  ... instances=2,269,118,465 rate=657,274/s bar_hist={0: 1134547793, 2: 1134570672} absorbed=0
  ... instances=2,273,312,769 rate=657,144/s bar_hist={0: 1136645578, 2: 1136667191} absorbed=0
  ... instances=2,277,507,073 rate=657,007/s bar_hist={0: 1138742119, 2: 1138764954} absorbed=0
  ... instances=2,281,701,377 rate=656,873/s bar_hist={0: 1140839805, 2: 1140861572} absorbed=0
  ... instances=2,285,895,681 rate=656,734/s bar_hist={0: 1142937484, 2: 1142958197} absorbed=0
  ... instances=2,290,089,985 rate=656,567/s bar_hist={0: 1145034629, 2: 1145055356} absorbed=0
  ... instances=2,294,284,289 rate=656,481/s bar_hist={0: 1147132139, 2: 1147152150} absorbed=0
  ... instances=2,298,478,593 rate=656,361/s bar_hist={0: 1149228435, 2: 1149250158} absorbed=0
  ... instances=2,302,672,897 rate=656,322/s bar_hist={0: 1151325552, 2: 1151347345} absorbed=0
  ... instances=2,306,867,201 rate=656,317/s bar_hist={0: 1153422660, 2: 1153444541} absorbed=0
  ... instances=2,311,061,505 rate=656,296/s bar_hist={0: 1155519056, 2: 1155542449} absorbed=0
  ... instances=2,315,255,809 rate=656,226/s bar_hist={0: 1157616672, 2: 1157639137} absorbed=0
  ... instances=2,319,450,113 rate=656,225/s bar_hist={0: 1159713892, 2: 1159736221} absorbed=0
  ... instances=2,323,644,417 rate=656,232/s bar_hist={0: 1161811453, 2: 1161832964} absorbed=0
  ... instances=2,327,838,721 rate=656,251/s bar_hist={0: 1163909234, 2: 1163929487} absorbed=0
  ... instances=2,332,033,025 rate=656,250/s bar_hist={0: 1166006046, 2: 1166026979} absorbed=0
  ... instances=2,336,227,329 rate=656,281/s bar_hist={0: 1168103419, 2: 1168123910} absorbed=0
  ... instances=2,340,421,633 rate=656,356/s bar_hist={0: 1170200569, 2: 1170221064} absorbed=0
  ... instances=2,344,615,937 rate=656,372/s bar_hist={0: 1172298487, 2: 1172317450} absorbed=0
  ... instances=2,348,810,241 rate=656,358/s bar_hist={0: 1174394930, 2: 1174415311} absorbed=0
  ... instances=2,353,004,545 rate=656,353/s bar_hist={0: 1176491830, 2: 1176512715} absorbed=0
  ... instances=2,357,198,849 rate=656,357/s bar_hist={0: 1178588663, 2: 1178610186} absorbed=0
  ... instances=2,361,393,153 rate=656,364/s bar_hist={0: 1180685441, 2: 1180707712} absorbed=0
  ... instances=2,365,587,457 rate=656,377/s bar_hist={0: 1182783346, 2: 1182804111} absorbed=0
  ... instances=2,369,781,761 rate=656,411/s bar_hist={0: 1184880542, 2: 1184901219} absorbed=0
  ... instances=2,373,976,065 rate=656,434/s bar_hist={0: 1186978353, 2: 1186997712} absorbed=0
  ... instances=2,378,170,369 rate=656,430/s bar_hist={0: 1189074851, 2: 1189095518} absorbed=0
  ... instances=2,382,364,673 rate=656,458/s bar_hist={0: 1191172080, 2: 1191192593} absorbed=0
  ... instances=2,386,558,977 rate=656,482/s bar_hist={0: 1193269987, 2: 1193288990} absorbed=0
  ... instances=2,390,753,281 rate=656,478/s bar_hist={0: 1195366465, 2: 1195386816} absorbed=0
  ... instances=2,394,947,585 rate=656,457/s bar_hist={0: 1197463588, 2: 1197483997} absorbed=0
  ... instances=2,399,141,889 rate=656,430/s bar_hist={0: 1199560040, 2: 1199581849} absorbed=0
  ... instances=2,403,336,193 rate=656,355/s bar_hist={0: 1201657745, 2: 1201678448} absorbed=0
  ... instances=2,407,530,497 rate=656,344/s bar_hist={0: 1203755103, 2: 1203775394} absorbed=0
  ... instances=2,411,724,801 rate=656,278/s bar_hist={0: 1205852698, 2: 1205872103} absorbed=0
  ... instances=2,415,919,105 rate=656,131/s bar_hist={0: 1207948961, 2: 1207970144} absorbed=0
  ... instances=2,420,113,409 rate=656,036/s bar_hist={0: 1210046808, 2: 1210066601} absorbed=0
  ... instances=2,424,307,713 rate=655,947/s bar_hist={0: 1212143896, 2: 1212163817} absorbed=0
  ... instances=2,428,502,017 rate=655,890/s bar_hist={0: 1214240259, 2: 1214261758} absorbed=0
  ... instances=2,432,696,321 rate=655,865/s bar_hist={0: 1216337591, 2: 1216358730} absorbed=0
  ... instances=2,436,890,625 rate=655,783/s bar_hist={0: 1218434315, 2: 1218456310} absorbed=0
  ... instances=2,441,084,929 rate=655,692/s bar_hist={0: 1220531156, 2: 1220553773} absorbed=0
  ... instances=2,445,279,233 rate=655,624/s bar_hist={0: 1222629200, 2: 1222650033} absorbed=0
  ... instances=2,449,473,537 rate=655,543/s bar_hist={0: 1224726515, 2: 1224747022} absorbed=0
  ... instances=2,453,667,841 rate=655,467/s bar_hist={0: 1226822543, 2: 1226845298} absorbed=0
  ... instances=2,457,862,145 rate=655,385/s bar_hist={0: 1228919836, 2: 1228942309} absorbed=0
  ... instances=2,462,056,449 rate=655,323/s bar_hist={0: 1231017758, 2: 1231038691} absorbed=0
  ... instances=2,466,250,753 rate=655,227/s bar_hist={0: 1233113960, 2: 1233136793} absorbed=0
  ... instances=2,470,445,057 rate=655,187/s bar_hist={0: 1235210877, 2: 1235234180} absorbed=0
  ... instances=2,474,639,361 rate=655,146/s bar_hist={0: 1237308997, 2: 1237330364} absorbed=0
  ... instances=2,478,833,665 rate=655,085/s bar_hist={0: 1239405992, 2: 1239427673} absorbed=0
  ... instances=2,483,027,969 rate=655,014/s bar_hist={0: 1241502874, 2: 1241525095} absorbed=0
  ... instances=2,487,222,273 rate=654,993/s bar_hist={0: 1243599941, 2: 1243622332} absorbed=0
  ... instances=2,491,416,577 rate=654,953/s bar_hist={0: 1245696921, 2: 1245719656} absorbed=0
  ... instances=2,495,610,881 rate=654,897/s bar_hist={0: 1247793638, 2: 1247817243} absorbed=0
  ... instances=2,499,805,185 rate=654,848/s bar_hist={0: 1249890885, 2: 1249914300} absorbed=0
  ... instances=2,503,999,489 rate=654,795/s bar_hist={0: 1251988059, 2: 1252011430} absorbed=0
  ... instances=2,508,193,793 rate=654,748/s bar_hist={0: 1254084893, 2: 1254108900} absorbed=0
  ... instances=2,512,388,097 rate=654,676/s bar_hist={0: 1256181307, 2: 1256206790} absorbed=0
  ... instances=2,516,582,401 rate=654,597/s bar_hist={0: 1258278400, 2: 1258304001} absorbed=0
  ... instances=2,520,776,705 rate=654,493/s bar_hist={0: 1260375271, 2: 1260401434} absorbed=0
  ... instances=2,524,971,009 rate=654,370/s bar_hist={0: 1262472053, 2: 1262498956} absorbed=0
  ... instances=2,529,165,313 rate=654,123/s bar_hist={0: 1264568693, 2: 1264596620} absorbed=0
catalogue-own: valid=True bar=0 absorbed=False support=4
wrote results/processed/exp045_residual_saturation.json verdict=DECIDED_ON_PARENT_WITHIN_BUDGET
