{
 "Bi_equals_quaternion_Li": true,
 "Bj_equals_quaternion_Lj": true,
 "Bi_complement_equals_Li": false,
 "Bi_complement_equals_negLi": false,
 "Bi_complement_equals_Li_transpose": false,
 "Bi_complement_equals_negLi_transpose": false,
 "Bi_comp_eq_Bj_comp_type": [
  false,
  [
   [
    0,
    -1,
    0,
    0
   ],
   [
    1,
    0,
    0,
    0
   ],
   [
    0,
    0,
    0,
    1
   ],
   [
    0,
    0,
    -1,
    0
   ]
  ],
  [
   [
    0,
    0,
    -1,
    0
   ],
   [
    0,
    0,
    0,
    -1
   ],
   [
    1,
    0,
    0,
    0
   ],
   [
    0,
    1,
    0,
    0
   ]
  ]
 ],
 "rank_Bi": 4,
 "rank_Bj": 4,
 "rank_Bci": 4,
 "comm_block_rank": 4,
 "comm_block_comp_rank": 4
}
