{
 "e1_dot_e2": [
  0,
  0,
  0,
  1,
  0,
  0,
  0,
  0
 ],
 "Hprime_closed": true,
 "complement_orthogonal": true,
 "k12_is_e3": true,
 "L_e1_preserves_Hprime": true,
 "L_e2_preserves_Hprime": true,
 "L_e4_preserves_Hprime": false,
 "columns_in_Hprime_by_x": {
  "e0": [
   true,
   true,
   true,
   true,
   false,
   false,
   false,
   false
  ],
  "e1": [
   true,
   true,
   true,
   true,
   false,
   false,
   false,
   false
  ],
  "e2": [
   true,
   true,
   true,
   true,
   false,
   false,
   false,
   false
  ],
  "e4": [
   false,
   false,
   false,
   false,
   true,
   true,
   true,
   true
  ],
  "e5": [
   false,
   false,
   false,
   false,
   true,
   true,
   true,
   true
  ]
 }
}
