=== Gate A (final): margin from imported certified A-grid ===
grid sha256 = a756496c30a95943a8bdc7348f43427a67c16107b757bcaa973c2c7171ddac9e
A-grid entries: 31752

Parseval check: sum A^2 ~= 1 (f=sgn partition).
  sum A^2 = [0.96813810967373943164 +/- 2.58e-22] +/- [4.4708451e-35 +/- 1.07e-43]
    b_m through m=1 (0.0s)
    b_m through m=41 (0.3s)
    b_m through m=81 (4.4s)
    b_m through m=121 (25.3s)
    b_m through m=161 (76.4s)
    b_m through m=201 (198.4s)
    b_m through m=241 (452.2s)

b_m computed (544.8s)
b1 = [0.88157382204959954858188766422240828 +/- 7.51e-37] +/- [2.4611e-36 +/- 5.90e-42]
b1 - paper_lower = [5.995e-13 +/- 4.88e-17]
  (must be >= 0 and > 0 assumed; check)
own b1 from A_(1,0) formula = [0.88159808315867287765721998021332086 +/- 6.76e-37]
  agreement with imported-b1 midpoint: [2.42611090733291e-5 +/- 2.96e-20]

head sum |b_m| (3<=m<=251) = [1.13288599276896701808393913421e-5 +/- 2.46e-36] +/- [1.7674e-36 +/- 2.37e-41]
  paper's bound: 1.1328860e-5; (mine <= theirs): True

tail (N=251) = [4.57568550979349e-6 +/- 3.87e-21]
Delta_H (upper) = [1.59045454374832e-5 +/- 5.11e-20]

gamma_paper = [0.88154540900000000000 +/- 3e-25]
MARGIN (outward) = b1_lower - (gamma + Delta_H_upper) = [1.2508504162e-5 +/- 2.35e-16]
CERTIFIED PASS? True
width budget: b1_half=[2.46e-36 +/- 1.10e-39], head_half=[1.77e-36 +/- 2.58e-39], tail=[4.58e-6 +/- 4.32e-9]; margin must be >> all widths

gamma* = [0.881557917504162 +/- 3.19e-16]
K_G <= pi/(2 gamma*) = [1.781841323871362 +/- 9.34e-16]
improvement over Krivine = [0.00037265432001 +/- 3.95e-15]

wrote /Users/jinleic/jinleic-workspace/cs/kg/src/../scratch/gateA_final.json
