[2026-08-31T18:48:09Z] validated and reused immutable anchor anchor_check.json
[2026-08-31T18:48:09Z]   orbits: input g-orbits 31 of 1024 words; output g-orbits (flat) 50
[2026-08-31T18:48:09Z]   word bucketing done (1024 words) [0.0s]
[2026-08-31T18:48:09Z] structure q=4 n=5: in-g=31 out-g=50 rep-entries=631 B-slots=332 [0.003s]
[2026-08-31T18:48:09Z] q=4 n=5 d=1/2 ordinal=0 status=CERTIFIED rss=65323008
[2026-08-31T18:48:10Z] q=4 n=5 d=1/5 ordinal=1 status=CERTIFIED rss=65372160
[2026-08-31T18:48:10Z] q=4 n=5 d=1/10 ordinal=2 status=CERTIFIED rss=65454080
[2026-08-31T18:48:10Z] q=4 n=5 d=1/20 ordinal=3 status=CERTIFIED rss=65552384
[2026-08-31T18:48:10Z]   orbits: input g-orbits 107 of 4096 words; output g-orbits (flat) 157
[2026-08-31T18:48:10Z]   word bucketing done (4096 words) [0.0s]
[2026-08-31T18:48:10Z] structure q=4 n=6: in-g=107 out-g=157 rep-entries=3911 B-slots=1851 [0.014s]
[2026-08-31T18:48:10Z] q=4 n=6 d=1/2 ordinal=4 status=CERTIFIED rss=67403776
[2026-08-31T18:48:11Z] q=4 n=6 d=1/5 ordinal=5 status=CERTIFIED rss=67567616
[2026-08-31T18:48:11Z] q=4 n=6 d=1/10 ordinal=6 status=CERTIFIED rss=67649536
[2026-08-31T18:48:12Z] q=4 n=6 d=1/20 ordinal=7 status=CERTIFIED rss=67764224
[2026-08-31T18:48:12Z]   orbits: input g-orbits 379 of 16384 words; output g-orbits (flat) 536
[2026-08-31T18:48:12Z]   word bucketing done (16384 words) [0.0s]
[2026-08-31T18:48:12Z] structure q=4 n=7: in-g=379 out-g=536 rep-entries=24706 B-slots=11297 [0.063s]
[2026-08-31T18:48:13Z]   full KL q=4 n=7: 10000/16384
[2026-08-31T18:48:14Z]   full KL q=4 n=7: 10000/16384
[2026-08-31T18:48:15Z]   full KL q=4 n=7: 10000/16384
[2026-08-31T18:48:15Z] q=4 n=7 d=1/2 ordinal=8 status=CERTIFIED rss=77742080
[2026-08-31T18:48:16Z]   full KL q=4 n=7: 10000/16384
[2026-08-31T18:48:17Z]   full KL q=4 n=7: 10000/16384
[2026-08-31T18:48:18Z]   full KL q=4 n=7: 10000/16384
[2026-08-31T18:48:18Z] q=4 n=7 d=1/5 ordinal=9 status=CERTIFIED rss=77840384
[2026-08-31T18:48:19Z]   full KL q=4 n=7: 10000/16384
[2026-08-31T18:48:20Z]   full KL q=4 n=7: 10000/16384
[2026-08-31T18:48:20Z]   full KL q=4 n=7: 10000/16384
[2026-08-31T18:48:21Z] q=4 n=7 d=1/10 ordinal=10 status=CERTIFIED rss=78626816
[2026-08-31T18:48:22Z]   full KL q=4 n=7: 10000/16384
[2026-08-31T18:48:23Z]   full KL q=4 n=7: 10000/16384
[2026-08-31T18:48:23Z]   full KL q=4 n=7: 10000/16384
[2026-08-31T18:48:24Z] q=4 n=7 d=1/20 ordinal=11 status=CERTIFIED rss=78790656
[2026-08-31T18:48:24Z]   orbits: input g-orbits 1451 of 65536 words; output g-orbits (flat) 1987
[2026-08-31T18:48:24Z]   word bucketing done (65536 words) [0.2s]
[2026-08-31T18:48:24Z] structure q=4 n=8: in-g=1451 out-g=1987 rep-entries=167472 B-slots=75691 [0.327s]
[2026-08-31T18:48:28Z]   full KL q=4 n=8: 10000/65536
[2026-08-31T18:48:29Z]   full KL q=4 n=8: 20000/65536
[2026-08-31T18:48:30Z]   full KL q=4 n=8: 30000/65536
[2026-08-31T18:48:30Z]   full KL q=4 n=8: 40000/65536
[2026-08-31T18:48:31Z]   full KL q=4 n=8: 50000/65536
[2026-08-31T18:48:32Z]   full KL q=4 n=8: 60000/65536
[2026-08-31T18:48:34Z]   full KL q=4 n=8: 10000/65536
[2026-08-31T18:48:34Z]   full KL q=4 n=8: 20000/65536
[2026-08-31T18:48:35Z]   full KL q=4 n=8: 30000/65536
[2026-08-31T18:48:36Z]   full KL q=4 n=8: 40000/65536
[2026-08-31T18:48:37Z]   full KL q=4 n=8: 50000/65536
[2026-08-31T18:48:38Z]   full KL q=4 n=8: 60000/65536
[2026-08-31T18:48:39Z]   full KL q=4 n=8: 10000/65536
[2026-08-31T18:48:40Z]   full KL q=4 n=8: 20000/65536
[2026-08-31T18:48:41Z]   full KL q=4 n=8: 30000/65536
[2026-08-31T18:48:42Z]   full KL q=4 n=8: 40000/65536
[2026-08-31T18:48:42Z]   full KL q=4 n=8: 50000/65536
[2026-08-31T18:48:43Z]   full KL q=4 n=8: 60000/65536
[2026-08-31T18:48:44Z] q=4 n=8 d=1/2 ordinal=12 status=CERTIFIED rss=131547136
[2026-08-31T18:48:47Z]   full KL q=4 n=8: 10000/65536
[2026-08-31T18:48:48Z]   full KL q=4 n=8: 20000/65536
[2026-08-31T18:48:49Z]   full KL q=4 n=8: 30000/65536
[2026-08-31T18:48:50Z]   full KL q=4 n=8: 40000/65536
[2026-08-31T18:48:51Z]   full KL q=4 n=8: 50000/65536
[2026-08-31T18:48:52Z]   full KL q=4 n=8: 60000/65536
[2026-08-31T18:48:53Z]   full KL q=4 n=8: 10000/65536
[2026-08-31T18:48:54Z]   full KL q=4 n=8: 20000/65536
[2026-08-31T18:48:55Z]   full KL q=4 n=8: 30000/65536
[2026-08-31T18:48:56Z]   full KL q=4 n=8: 40000/65536
[2026-08-31T18:48:56Z]   full KL q=4 n=8: 50000/65536
[2026-08-31T18:48:57Z]   full KL q=4 n=8: 60000/65536
[2026-08-31T18:48:59Z]   full KL q=4 n=8: 10000/65536
[2026-08-31T18:48:59Z]   full KL q=4 n=8: 20000/65536
[2026-08-31T18:49:00Z]   full KL q=4 n=8: 30000/65536
[2026-08-31T18:49:01Z]   full KL q=4 n=8: 40000/65536
[2026-08-31T18:49:02Z]   full KL q=4 n=8: 50000/65536
[2026-08-31T18:49:03Z]   full KL q=4 n=8: 60000/65536
[2026-08-31T18:49:03Z] q=4 n=8 d=1/5 ordinal=13 status=CERTIFIED rss=131842048
[2026-08-31T18:49:07Z]   full KL q=4 n=8: 10000/65536
[2026-08-31T18:49:08Z]   full KL q=4 n=8: 20000/65536
[2026-08-31T18:49:09Z]   full KL q=4 n=8: 30000/65536
[2026-08-31T18:49:09Z]   full KL q=4 n=8: 40000/65536
[2026-08-31T18:49:10Z]   full KL q=4 n=8: 50000/65536
[2026-08-31T18:49:11Z]   full KL q=4 n=8: 60000/65536
[2026-08-31T18:49:13Z]   full KL q=4 n=8: 10000/65536
[2026-08-31T18:49:13Z]   full KL q=4 n=8: 20000/65536
[2026-08-31T18:49:14Z]   full KL q=4 n=8: 30000/65536
[2026-08-31T18:49:15Z]   full KL q=4 n=8: 40000/65536
[2026-08-31T18:49:16Z]   full KL q=4 n=8: 50000/65536
[2026-08-31T18:49:17Z]   full KL q=4 n=8: 60000/65536
[2026-08-31T18:49:18Z]   full KL q=4 n=8: 10000/65536
[2026-08-31T18:49:19Z]   full KL q=4 n=8: 20000/65536
[2026-08-31T18:49:20Z]   full KL q=4 n=8: 30000/65536
[2026-08-31T18:49:21Z]   full KL q=4 n=8: 40000/65536
[2026-08-31T18:49:22Z]   full KL q=4 n=8: 50000/65536
[2026-08-31T18:49:22Z]   full KL q=4 n=8: 60000/65536
[2026-08-31T18:49:23Z] q=4 n=8 d=1/10 ordinal=14 status=CERTIFIED rss=132104192
[2026-08-31T18:49:27Z]   full KL q=4 n=8: 10000/65536
[2026-08-31T18:49:28Z]   full KL q=4 n=8: 20000/65536
[2026-08-31T18:49:29Z]   full KL q=4 n=8: 30000/65536
[2026-08-31T18:49:30Z]   full KL q=4 n=8: 40000/65536
[2026-08-31T18:49:30Z]   full KL q=4 n=8: 50000/65536
[2026-08-31T18:49:31Z]   full KL q=4 n=8: 60000/65536
[2026-08-31T18:49:33Z]   full KL q=4 n=8: 10000/65536
[2026-08-31T18:49:34Z]   full KL q=4 n=8: 20000/65536
[2026-08-31T18:49:34Z]   full KL q=4 n=8: 30000/65536
[2026-08-31T18:49:35Z]   full KL q=4 n=8: 40000/65536
[2026-08-31T18:49:36Z]   full KL q=4 n=8: 50000/65536
[2026-08-31T18:49:37Z]   full KL q=4 n=8: 60000/65536
[2026-08-31T18:49:38Z]   full KL q=4 n=8: 10000/65536
[2026-08-31T18:49:39Z]   full KL q=4 n=8: 20000/65536
[2026-08-31T18:49:40Z]   full KL q=4 n=8: 30000/65536
[2026-08-31T18:49:41Z]   full KL q=4 n=8: 40000/65536
[2026-08-31T18:49:42Z]   full KL q=4 n=8: 50000/65536
[2026-08-31T18:49:43Z]   full KL q=4 n=8: 60000/65536
[2026-08-31T18:49:43Z] q=4 n=8 d=1/20 ordinal=15 status=CERTIFIED rss=132464640
[2026-08-31T18:49:44Z]   orbits: input g-orbits 5611 of 262144 words; output g-orbits (flat) 7598
[2026-08-31T18:49:44Z]   word bucketing done (262144 words) [0.8s]
[2026-08-31T18:49:45Z] structure q=4 n=9: in-g=5611 out-g=7598 rep-entries=1141547 B-slots=525004 [1.863s]
[2026-08-31T18:50:06Z]   full KL q=4 n=9: 10000/262144
[2026-08-31T18:50:07Z]   full KL q=4 n=9: 20000/262144
[2026-08-31T18:50:09Z]   full KL q=4 n=9: 30000/262144
[2026-08-31T18:50:10Z]   full KL q=4 n=9: 40000/262144
[2026-08-31T18:50:12Z]   full KL q=4 n=9: 50000/262144
[2026-08-31T18:50:13Z]   full KL q=4 n=9: 60000/262144
[2026-08-31T18:50:15Z]   full KL q=4 n=9: 70000/262144
[2026-08-31T18:50:16Z]   full KL q=4 n=9: 80000/262144
[2026-08-31T18:50:18Z]   full KL q=4 n=9: 90000/262144
[2026-08-31T18:50:19Z]   full KL q=4 n=9: 100000/262144
[2026-08-31T18:50:20Z]   full KL q=4 n=9: 110000/262144
[2026-08-31T18:50:22Z]   full KL q=4 n=9: 120000/262144
[2026-08-31T18:50:24Z]   full KL q=4 n=9: 130000/262144
[2026-08-31T18:50:25Z]   full KL q=4 n=9: 140000/262144
[2026-08-31T18:50:27Z]   full KL q=4 n=9: 150000/262144
[2026-08-31T18:50:28Z]   full KL q=4 n=9: 160000/262144
[2026-08-31T18:50:30Z]   full KL q=4 n=9: 170000/262144
[2026-08-31T18:50:31Z]   full KL q=4 n=9: 180000/262144
[2026-08-31T18:50:33Z]   full KL q=4 n=9: 190000/262144
[2026-08-31T18:50:34Z]   full KL q=4 n=9: 200000/262144
[2026-08-31T18:50:36Z]   full KL q=4 n=9: 210000/262144
[2026-08-31T18:50:37Z]   full KL q=4 n=9: 220000/262144
[2026-08-31T18:50:39Z]   full KL q=4 n=9: 230000/262144
[2026-08-31T18:50:40Z]   full KL q=4 n=9: 240000/262144
[2026-08-31T18:50:42Z]   full KL q=4 n=9: 250000/262144
[2026-08-31T18:50:43Z]   full KL q=4 n=9: 260000/262144
[2026-08-31T18:50:46Z]   full KL q=4 n=9: 10000/262144
[2026-08-31T18:50:47Z]   full KL q=4 n=9: 20000/262144
[2026-08-31T18:50:49Z]   full KL q=4 n=9: 30000/262144
[2026-08-31T18:50:50Z]   full KL q=4 n=9: 40000/262144
[2026-08-31T18:50:52Z]   full KL q=4 n=9: 50000/262144
[2026-08-31T18:50:54Z]   full KL q=4 n=9: 60000/262144
[2026-08-31T18:50:55Z]   full KL q=4 n=9: 70000/262144
[2026-08-31T18:50:57Z]   full KL q=4 n=9: 80000/262144
[2026-08-31T18:50:58Z]   full KL q=4 n=9: 90000/262144
[2026-08-31T18:50:59Z]   full KL q=4 n=9: 100000/262144
[2026-08-31T18:51:01Z]   full KL q=4 n=9: 110000/262144
[2026-08-31T18:51:02Z]   full KL q=4 n=9: 120000/262144
[2026-08-31T18:51:04Z]   full KL q=4 n=9: 130000/262144
[2026-08-31T18:51:05Z]   full KL q=4 n=9: 140000/262144
[2026-08-31T18:51:07Z]   full KL q=4 n=9: 150000/262144
[2026-08-31T18:51:08Z]   full KL q=4 n=9: 160000/262144
[2026-08-31T18:51:10Z]   full KL q=4 n=9: 170000/262144
[2026-08-31T18:51:11Z]   full KL q=4 n=9: 180000/262144
[2026-08-31T18:51:13Z]   full KL q=4 n=9: 190000/262144
[2026-08-31T18:51:14Z]   full KL q=4 n=9: 200000/262144
[2026-08-31T18:51:16Z]   full KL q=4 n=9: 210000/262144
[2026-08-31T18:51:17Z]   full KL q=4 n=9: 220000/262144
[2026-08-31T18:51:19Z]   full KL q=4 n=9: 230000/262144
[2026-08-31T18:51:21Z]   full KL q=4 n=9: 240000/262144
[2026-08-31T18:51:22Z]   full KL q=4 n=9: 250000/262144
[2026-08-31T18:51:23Z]   full KL q=4 n=9: 260000/262144
[2026-08-31T18:51:26Z]   full KL q=4 n=9: 10000/262144
[2026-08-31T18:51:27Z]   full KL q=4 n=9: 20000/262144
[2026-08-31T18:51:29Z]   full KL q=4 n=9: 30000/262144
[2026-08-31T18:51:30Z]   full KL q=4 n=9: 40000/262144
[2026-08-31T18:51:32Z]   full KL q=4 n=9: 50000/262144
[2026-08-31T18:51:34Z]   full KL q=4 n=9: 60000/262144
[2026-08-31T18:51:35Z]   full KL q=4 n=9: 70000/262144
[2026-08-31T18:51:37Z]   full KL q=4 n=9: 80000/262144
[2026-08-31T18:51:38Z]   full KL q=4 n=9: 90000/262144
[2026-08-31T18:51:39Z]   full KL q=4 n=9: 100000/262144
[2026-08-31T18:51:41Z]   full KL q=4 n=9: 110000/262144
[2026-08-31T18:51:42Z]   full KL q=4 n=9: 120000/262144
[2026-08-31T18:51:44Z]   full KL q=4 n=9: 130000/262144
[2026-08-31T18:51:45Z]   full KL q=4 n=9: 140000/262144
[2026-08-31T18:51:47Z]   full KL q=4 n=9: 150000/262144
[2026-08-31T18:51:48Z]   full KL q=4 n=9: 160000/262144
[2026-08-31T18:51:50Z]   full KL q=4 n=9: 170000/262144
[2026-08-31T18:51:51Z]   full KL q=4 n=9: 180000/262144
[2026-08-31T18:51:53Z]   full KL q=4 n=9: 190000/262144
[2026-08-31T18:51:54Z]   full KL q=4 n=9: 200000/262144
[2026-08-31T18:51:56Z]   full KL q=4 n=9: 210000/262144
[2026-08-31T18:51:57Z]   full KL q=4 n=9: 220000/262144
[2026-08-31T18:51:59Z]   full KL q=4 n=9: 230000/262144
[2026-08-31T18:52:00Z]   full KL q=4 n=9: 240000/262144
[2026-08-31T18:52:02Z]   full KL q=4 n=9: 250000/262144
[2026-08-31T18:52:03Z]   full KL q=4 n=9: 260000/262144
[2026-08-31T18:52:03Z] q=4 n=9 d=1/2 ordinal=16 status=CERTIFIED rss=362971136
[2026-08-31T18:52:24Z]   full KL q=4 n=9: 10000/262144
[2026-08-31T18:52:25Z]   full KL q=4 n=9: 20000/262144
[2026-08-31T18:52:27Z]   full KL q=4 n=9: 30000/262144
[2026-08-31T18:52:29Z]   full KL q=4 n=9: 40000/262144
[2026-08-31T18:52:30Z]   full KL q=4 n=9: 50000/262144
[2026-08-31T18:52:32Z]   full KL q=4 n=9: 60000/262144
[2026-08-31T18:52:33Z]   full KL q=4 n=9: 70000/262144
[2026-08-31T18:52:35Z]   full KL q=4 n=9: 80000/262144
[2026-08-31T18:52:36Z]   full KL q=4 n=9: 90000/262144
[2026-08-31T18:52:37Z]   full KL q=4 n=9: 100000/262144
[2026-08-31T18:52:39Z]   full KL q=4 n=9: 110000/262144
[2026-08-31T18:52:40Z]   full KL q=4 n=9: 120000/262144
[2026-08-31T18:52:42Z]   full KL q=4 n=9: 130000/262144
[2026-08-31T18:52:43Z]   full KL q=4 n=9: 140000/262144
[2026-08-31T18:52:45Z]   full KL q=4 n=9: 150000/262144
[2026-08-31T18:52:47Z]   full KL q=4 n=9: 160000/262144
[2026-08-31T18:52:48Z]   full KL q=4 n=9: 170000/262144
[2026-08-31T18:52:49Z]   full KL q=4 n=9: 180000/262144
[2026-08-31T18:52:51Z]   full KL q=4 n=9: 190000/262144
[2026-08-31T18:52:52Z]   full KL q=4 n=9: 200000/262144
[2026-08-31T18:52:54Z]   full KL q=4 n=9: 210000/262144
[2026-08-31T18:52:55Z]   full KL q=4 n=9: 220000/262144
[2026-08-31T18:52:57Z]   full KL q=4 n=9: 230000/262144
[2026-08-31T18:52:59Z]   full KL q=4 n=9: 240000/262144
[2026-08-31T18:53:00Z]   full KL q=4 n=9: 250000/262144
[2026-08-31T18:53:01Z]   full KL q=4 n=9: 260000/262144
[2026-08-31T18:53:04Z]   full KL q=4 n=9: 10000/262144
[2026-08-31T18:53:05Z]   full KL q=4 n=9: 20000/262144
[2026-08-31T18:53:07Z]   full KL q=4 n=9: 30000/262144
[2026-08-31T18:53:09Z]   full KL q=4 n=9: 40000/262144
[2026-08-31T18:53:10Z]   full KL q=4 n=9: 50000/262144
[2026-08-31T18:53:12Z]   full KL q=4 n=9: 60000/262144
[2026-08-31T18:53:13Z]   full KL q=4 n=9: 70000/262144
[2026-08-31T18:53:15Z]   full KL q=4 n=9: 80000/262144
[2026-08-31T18:53:16Z]   full KL q=4 n=9: 90000/262144
[2026-08-31T18:53:17Z]   full KL q=4 n=9: 100000/262144
[2026-08-31T18:53:19Z]   full KL q=4 n=9: 110000/262144
[2026-08-31T18:53:20Z]   full KL q=4 n=9: 120000/262144
[2026-08-31T18:53:22Z]   full KL q=4 n=9: 130000/262144
[2026-08-31T18:53:24Z]   full KL q=4 n=9: 140000/262144
[2026-08-31T18:53:25Z]   full KL q=4 n=9: 150000/262144
[2026-08-31T18:53:27Z]   full KL q=4 n=9: 160000/262144
[2026-08-31T18:53:28Z]   full KL q=4 n=9: 170000/262144
[2026-08-31T18:53:29Z]   full KL q=4 n=9: 180000/262144
[2026-08-31T18:53:31Z]   full KL q=4 n=9: 190000/262144
[2026-08-31T18:53:32Z]   full KL q=4 n=9: 200000/262144
[2026-08-31T18:53:34Z]   full KL q=4 n=9: 210000/262144
[2026-08-31T18:53:35Z]   full KL q=4 n=9: 220000/262144
[2026-08-31T18:53:37Z]   full KL q=4 n=9: 230000/262144
[2026-08-31T18:53:39Z]   full KL q=4 n=9: 240000/262144
[2026-08-31T18:53:40Z]   full KL q=4 n=9: 250000/262144
[2026-08-31T18:53:41Z]   full KL q=4 n=9: 260000/262144
[2026-08-31T18:53:44Z]   full KL q=4 n=9: 10000/262144
[2026-08-31T18:53:45Z]   full KL q=4 n=9: 20000/262144
[2026-08-31T18:53:47Z]   full KL q=4 n=9: 30000/262144
[2026-08-31T18:53:48Z]   full KL q=4 n=9: 40000/262144
[2026-08-31T18:53:50Z]   full KL q=4 n=9: 50000/262144
[2026-08-31T18:53:52Z]   full KL q=4 n=9: 60000/262144
[2026-08-31T18:53:53Z]   full KL q=4 n=9: 70000/262144
[2026-08-31T18:53:55Z]   full KL q=4 n=9: 80000/262144
[2026-08-31T18:53:56Z]   full KL q=4 n=9: 90000/262144
[2026-08-31T18:53:57Z]   full KL q=4 n=9: 100000/262144
[2026-08-31T18:53:59Z]   full KL q=4 n=9: 110000/262144
[2026-08-31T18:54:00Z]   full KL q=4 n=9: 120000/262144
[2026-08-31T18:54:02Z]   full KL q=4 n=9: 130000/262144
[2026-08-31T18:54:03Z]   full KL q=4 n=9: 140000/262144
[2026-08-31T18:54:05Z]   full KL q=4 n=9: 150000/262144
[2026-08-31T18:54:06Z]   full KL q=4 n=9: 160000/262144
[2026-08-31T18:54:08Z]   full KL q=4 n=9: 170000/262144
[2026-08-31T18:54:09Z]   full KL q=4 n=9: 180000/262144
[2026-08-31T18:54:11Z]   full KL q=4 n=9: 190000/262144
[2026-08-31T18:54:12Z]   full KL q=4 n=9: 200000/262144
[2026-08-31T18:54:14Z]   full KL q=4 n=9: 210000/262144
[2026-08-31T18:54:15Z]   full KL q=4 n=9: 220000/262144
[2026-08-31T18:54:17Z]   full KL q=4 n=9: 230000/262144
[2026-08-31T18:54:19Z]   full KL q=4 n=9: 240000/262144
[2026-08-31T18:54:20Z]   full KL q=4 n=9: 250000/262144
[2026-08-31T18:54:21Z]   full KL q=4 n=9: 260000/262144
[2026-08-31T18:54:21Z] q=4 n=9 d=1/5 ordinal=17 status=CERTIFIED rss=362971136
[2026-08-31T18:54:43Z]   full KL q=4 n=9: 10000/262144
[2026-08-31T18:54:44Z]   full KL q=4 n=9: 20000/262144
[2026-08-31T18:54:46Z]   full KL q=4 n=9: 30000/262144
[2026-08-31T18:54:47Z]   full KL q=4 n=9: 40000/262144
[2026-08-31T18:54:49Z]   full KL q=4 n=9: 50000/262144
[2026-08-31T18:54:51Z]   full KL q=4 n=9: 60000/262144
[2026-08-31T18:54:52Z]   full KL q=4 n=9: 70000/262144
[2026-08-31T18:54:54Z]   full KL q=4 n=9: 80000/262144
[2026-08-31T18:54:55Z]   full KL q=4 n=9: 90000/262144
[2026-08-31T18:54:56Z]   full KL q=4 n=9: 100000/262144
[2026-08-31T18:54:58Z]   full KL q=4 n=9: 110000/262144
[2026-08-31T18:55:00Z]   full KL q=4 n=9: 120000/262144
[2026-08-31T18:55:01Z]   full KL q=4 n=9: 130000/262144
[2026-08-31T18:55:03Z]   full KL q=4 n=9: 140000/262144
[2026-08-31T18:55:05Z]   full KL q=4 n=9: 150000/262144
[2026-08-31T18:55:06Z]   full KL q=4 n=9: 160000/262144
[2026-08-31T18:55:08Z]   full KL q=4 n=9: 170000/262144
[2026-08-31T18:55:09Z]   full KL q=4 n=9: 180000/262144
[2026-08-31T18:55:11Z]   full KL q=4 n=9: 190000/262144
[2026-08-31T18:55:12Z]   full KL q=4 n=9: 200000/262144
[2026-08-31T18:55:14Z]   full KL q=4 n=9: 210000/262144
[2026-08-31T18:55:15Z]   full KL q=4 n=9: 220000/262144
[2026-08-31T18:55:17Z]   full KL q=4 n=9: 230000/262144
[2026-08-31T18:55:19Z]   full KL q=4 n=9: 240000/262144
[2026-08-31T18:55:20Z]   full KL q=4 n=9: 250000/262144
[2026-08-31T18:55:22Z]   full KL q=4 n=9: 260000/262144
[2026-08-31T18:55:24Z]   full KL q=4 n=9: 10000/262144
[2026-08-31T18:55:26Z]   full KL q=4 n=9: 20000/262144
[2026-08-31T18:55:27Z]   full KL q=4 n=9: 30000/262144
[2026-08-31T18:55:29Z]   full KL q=4 n=9: 40000/262144
[2026-08-31T18:55:30Z]   full KL q=4 n=9: 50000/262144
[2026-08-31T18:55:32Z]   full KL q=4 n=9: 60000/262144
[2026-08-31T18:55:33Z]   full KL q=4 n=9: 70000/262144
[2026-08-31T18:55:35Z]   full KL q=4 n=9: 80000/262144
[2026-08-31T18:55:36Z]   full KL q=4 n=9: 90000/262144
[2026-08-31T18:55:38Z]   full KL q=4 n=9: 100000/262144
[2026-08-31T18:55:39Z]   full KL q=4 n=9: 110000/262144
[2026-08-31T18:55:41Z]   full KL q=4 n=9: 120000/262144
[2026-08-31T18:55:42Z]   full KL q=4 n=9: 130000/262144
[2026-08-31T18:55:44Z]   full KL q=4 n=9: 140000/262144
[2026-08-31T18:55:45Z]   full KL q=4 n=9: 150000/262144
[2026-08-31T18:55:47Z]   full KL q=4 n=9: 160000/262144
[2026-08-31T18:55:48Z]   full KL q=4 n=9: 170000/262144
[2026-08-31T18:55:49Z]   full KL q=4 n=9: 180000/262144
[2026-08-31T18:55:51Z]   full KL q=4 n=9: 190000/262144
[2026-08-31T18:55:53Z]   full KL q=4 n=9: 200000/262144
[2026-08-31T18:55:54Z]   full KL q=4 n=9: 210000/262144
[2026-08-31T18:55:56Z]   full KL q=4 n=9: 220000/262144
[2026-08-31T18:55:57Z]   full KL q=4 n=9: 230000/262144
[2026-08-31T18:55:59Z]   full KL q=4 n=9: 240000/262144
[2026-08-31T18:56:00Z]   full KL q=4 n=9: 250000/262144
[2026-08-31T18:56:02Z]   full KL q=4 n=9: 260000/262144
[2026-08-31T18:56:04Z]   full KL q=4 n=9: 10000/262144
[2026-08-31T18:56:06Z]   full KL q=4 n=9: 20000/262144
[2026-08-31T18:56:07Z]   full KL q=4 n=9: 30000/262144
[2026-08-31T18:56:09Z]   full KL q=4 n=9: 40000/262144
[2026-08-31T18:56:10Z]   full KL q=4 n=9: 50000/262144
[2026-08-31T18:56:12Z]   full KL q=4 n=9: 60000/262144
[2026-08-31T18:56:14Z]   full KL q=4 n=9: 70000/262144
[2026-08-31T18:56:15Z]   full KL q=4 n=9: 80000/262144
[2026-08-31T18:56:17Z]   full KL q=4 n=9: 90000/262144
[2026-08-31T18:56:18Z]   full KL q=4 n=9: 100000/262144
[2026-08-31T18:56:20Z]   full KL q=4 n=9: 110000/262144
[2026-08-31T18:56:22Z]   full KL q=4 n=9: 120000/262144
[2026-08-31T18:56:23Z]   full KL q=4 n=9: 130000/262144
[2026-08-31T18:56:25Z]   full KL q=4 n=9: 140000/262144
[2026-08-31T18:56:26Z]   full KL q=4 n=9: 150000/262144
[2026-08-31T18:56:28Z]   full KL q=4 n=9: 160000/262144
[2026-08-31T18:56:30Z]   full KL q=4 n=9: 170000/262144
[2026-08-31T18:56:31Z]   full KL q=4 n=9: 180000/262144
[2026-08-31T18:56:33Z]   full KL q=4 n=9: 190000/262144
[2026-08-31T18:56:34Z]   full KL q=4 n=9: 200000/262144
[2026-08-31T18:56:36Z]   full KL q=4 n=9: 210000/262144
[2026-08-31T18:56:37Z]   full KL q=4 n=9: 220000/262144
[2026-08-31T18:56:39Z]   full KL q=4 n=9: 230000/262144
[2026-08-31T18:56:41Z]   full KL q=4 n=9: 240000/262144
[2026-08-31T18:56:42Z]   full KL q=4 n=9: 250000/262144
[2026-08-31T18:56:44Z]   full KL q=4 n=9: 260000/262144
[2026-08-31T18:56:44Z] q=4 n=9 d=1/10 ordinal=18 status=CERTIFIED rss=362971136
[2026-08-31T18:57:06Z]   full KL q=4 n=9: 10000/262144
[2026-08-31T18:57:08Z]   full KL q=4 n=9: 20000/262144
[2026-08-31T18:57:09Z]   full KL q=4 n=9: 30000/262144
[2026-08-31T18:57:11Z]   full KL q=4 n=9: 40000/262144
[2026-08-31T18:57:13Z]   full KL q=4 n=9: 50000/262144
[2026-08-31T18:57:14Z]   full KL q=4 n=9: 60000/262144
[2026-08-31T18:57:16Z]   full KL q=4 n=9: 70000/262144
[2026-08-31T18:57:18Z]   full KL q=4 n=9: 80000/262144
[2026-08-31T18:57:19Z]   full KL q=4 n=9: 90000/262144
[2026-08-31T18:57:20Z]   full KL q=4 n=9: 100000/262144
[2026-08-31T18:57:22Z]   full KL q=4 n=9: 110000/262144
[2026-08-31T18:57:24Z]   full KL q=4 n=9: 120000/262144
[2026-08-31T18:57:25Z]   full KL q=4 n=9: 130000/262144
[2026-08-31T18:57:27Z]   full KL q=4 n=9: 140000/262144
[2026-08-31T18:57:29Z]   full KL q=4 n=9: 150000/262144
[2026-08-31T18:57:30Z]   full KL q=4 n=9: 160000/262144
[2026-08-31T18:57:32Z]   full KL q=4 n=9: 170000/262144
[2026-08-31T18:57:33Z]   full KL q=4 n=9: 180000/262144
[2026-08-31T18:57:35Z]   full KL q=4 n=9: 190000/262144
[2026-08-31T18:57:36Z]   full KL q=4 n=9: 200000/262144
[2026-08-31T18:57:38Z]   full KL q=4 n=9: 210000/262144
[2026-08-31T18:57:40Z]   full KL q=4 n=9: 220000/262144
[2026-08-31T18:57:41Z]   full KL q=4 n=9: 230000/262144
[2026-08-31T18:57:43Z]   full KL q=4 n=9: 240000/262144
[2026-08-31T18:57:45Z]   full KL q=4 n=9: 250000/262144
[2026-08-31T18:57:46Z]   full KL q=4 n=9: 260000/262144
[2026-08-31T18:57:49Z]   full KL q=4 n=9: 10000/262144
[2026-08-31T18:57:50Z]   full KL q=4 n=9: 20000/262144
[2026-08-31T18:57:52Z]   full KL q=4 n=9: 30000/262144
[2026-08-31T18:57:53Z]   full KL q=4 n=9: 40000/262144
[2026-08-31T18:57:55Z]   full KL q=4 n=9: 50000/262144
[2026-08-31T18:57:57Z]   full KL q=4 n=9: 60000/262144
[2026-08-31T18:57:58Z]   full KL q=4 n=9: 70000/262144
[2026-08-31T18:58:00Z]   full KL q=4 n=9: 80000/262144
[2026-08-31T18:58:01Z]   full KL q=4 n=9: 90000/262144
[2026-08-31T18:58:02Z]   full KL q=4 n=9: 100000/262144
[2026-08-31T18:58:04Z]   full KL q=4 n=9: 110000/262144
[2026-08-31T18:58:05Z]   full KL q=4 n=9: 120000/262144
[2026-08-31T18:58:07Z]   full KL q=4 n=9: 130000/262144
[2026-08-31T18:58:08Z]   full KL q=4 n=9: 140000/262144
[2026-08-31T18:58:10Z]   full KL q=4 n=9: 150000/262144
[2026-08-31T18:58:12Z]   full KL q=4 n=9: 160000/262144
[2026-08-31T18:58:13Z]   full KL q=4 n=9: 170000/262144
[2026-08-31T18:58:14Z]   full KL q=4 n=9: 180000/262144
[2026-08-31T18:58:16Z]   full KL q=4 n=9: 190000/262144
[2026-08-31T18:58:17Z]   full KL q=4 n=9: 200000/262144
[2026-08-31T18:58:19Z]   full KL q=4 n=9: 210000/262144
[2026-08-31T18:58:21Z]   full KL q=4 n=9: 220000/262144
[2026-08-31T18:58:22Z]   full KL q=4 n=9: 230000/262144
[2026-08-31T18:58:24Z]   full KL q=4 n=9: 240000/262144
[2026-08-31T18:58:25Z]   full KL q=4 n=9: 250000/262144
[2026-08-31T18:58:26Z]   full KL q=4 n=9: 260000/262144
[2026-08-31T18:58:29Z]   full KL q=4 n=9: 10000/262144
[2026-08-31T18:58:30Z]   full KL q=4 n=9: 20000/262144
[2026-08-31T18:58:32Z]   full KL q=4 n=9: 30000/262144
[2026-08-31T18:58:34Z]   full KL q=4 n=9: 40000/262144
[2026-08-31T18:58:35Z]   full KL q=4 n=9: 50000/262144
[2026-08-31T18:58:37Z]   full KL q=4 n=9: 60000/262144
[2026-08-31T18:58:38Z]   full KL q=4 n=9: 70000/262144
[2026-08-31T18:58:40Z]   full KL q=4 n=9: 80000/262144
[2026-08-31T18:58:41Z]   full KL q=4 n=9: 90000/262144
[2026-08-31T18:58:42Z]   full KL q=4 n=9: 100000/262144
[2026-08-31T18:58:44Z]   full KL q=4 n=9: 110000/262144
[2026-08-31T18:58:46Z]   full KL q=4 n=9: 120000/262144
[2026-08-31T18:58:47Z]   full KL q=4 n=9: 130000/262144
[2026-08-31T18:58:49Z]   full KL q=4 n=9: 140000/262144
[2026-08-31T18:58:50Z]   full KL q=4 n=9: 150000/262144
[2026-08-31T18:58:52Z]   full KL q=4 n=9: 160000/262144
[2026-08-31T18:58:53Z]   full KL q=4 n=9: 170000/262144
[2026-08-31T18:58:54Z]   full KL q=4 n=9: 180000/262144
[2026-08-31T18:58:56Z]   full KL q=4 n=9: 190000/262144
[2026-08-31T18:58:57Z]   full KL q=4 n=9: 200000/262144
[2026-08-31T18:58:59Z]   full KL q=4 n=9: 210000/262144
[2026-08-31T18:59:01Z]   full KL q=4 n=9: 220000/262144
[2026-08-31T18:59:02Z]   full KL q=4 n=9: 230000/262144
[2026-08-31T18:59:04Z]   full KL q=4 n=9: 240000/262144
[2026-08-31T18:59:05Z]   full KL q=4 n=9: 250000/262144
[2026-08-31T18:59:07Z]   full KL q=4 n=9: 260000/262144
[2026-08-31T18:59:07Z] q=4 n=9 d=1/20 ordinal=19 status=CERTIFIED rss=362971136
[2026-08-31T18:59:10Z]   orbits: input g-orbits 22187 of 1048576 words; output g-orbits (flat) 29785
[2026-08-31T18:59:11Z]   word bucketing done (1048576 words) [3.6s]
[2026-08-31T18:59:13Z] structure q=4 n=10: 10000/22187 reps, rep-entries=2960028, B-slots=1484215
[2026-08-31T18:59:17Z] structure q=4 n=10: 20000/22187 reps, rep-entries=6861065, B-slots=3329317
[2026-08-31T18:59:18Z] structure q=4 n=10: in-g=22187 out-g=29785 rep-entries=7930847 B-slots=3754181 [11.436s]
[2026-08-31T19:01:35Z]   full KL q=4 n=10: 10000/1048576
[2026-08-31T19:01:37Z]   full KL q=4 n=10: 20000/1048576
[2026-08-31T19:01:39Z]   full KL q=4 n=10: 30000/1048576
[2026-08-31T19:01:42Z]   full KL q=4 n=10: 40000/1048576
[2026-08-31T19:01:44Z]   full KL q=4 n=10: 50000/1048576
[2026-08-31T19:01:47Z]   full KL q=4 n=10: 60000/1048576
[2026-08-31T19:01:49Z]   full KL q=4 n=10: 70000/1048576
[2026-08-31T19:01:52Z]   full KL q=4 n=10: 80000/1048576
[2026-08-31T19:01:54Z]   full KL q=4 n=10: 90000/1048576
[2026-08-31T19:01:57Z]   full KL q=4 n=10: 100000/1048576
[2026-08-31T19:02:00Z]   full KL q=4 n=10: 110000/1048576
[2026-08-31T19:02:03Z]   full KL q=4 n=10: 120000/1048576
[2026-08-31T19:02:06Z]   full KL q=4 n=10: 130000/1048576
[2026-08-31T19:02:09Z]   full KL q=4 n=10: 140000/1048576
[2026-08-31T19:02:12Z]   full KL q=4 n=10: 150000/1048576
[2026-08-31T19:02:14Z]   full KL q=4 n=10: 160000/1048576
[2026-08-31T19:02:17Z]   full KL q=4 n=10: 170000/1048576
[2026-08-31T19:02:20Z]   full KL q=4 n=10: 180000/1048576
[2026-08-31T19:02:23Z]   full KL q=4 n=10: 190000/1048576
[2026-08-31T19:02:25Z]   full KL q=4 n=10: 200000/1048576
[2026-08-31T19:02:28Z]   full KL q=4 n=10: 210000/1048576
[2026-08-31T19:02:31Z]   full KL q=4 n=10: 220000/1048576
[2026-08-31T19:02:34Z]   full KL q=4 n=10: 230000/1048576
[2026-08-31T19:02:38Z]   full KL q=4 n=10: 240000/1048576
[2026-08-31T19:02:40Z]   full KL q=4 n=10: 250000/1048576
[2026-08-31T19:02:43Z]   full KL q=4 n=10: 260000/1048576
[2026-08-31T19:02:45Z]   full KL q=4 n=10: 270000/1048576
[2026-08-31T19:02:47Z]   full KL q=4 n=10: 280000/1048576
[2026-08-31T19:02:50Z]   full KL q=4 n=10: 290000/1048576
[2026-08-31T19:02:53Z]   full KL q=4 n=10: 300000/1048576
[2026-08-31T19:02:56Z]   full KL q=4 n=10: 310000/1048576
[2026-08-31T19:02:59Z]   full KL q=4 n=10: 320000/1048576
[2026-08-31T19:03:02Z]   full KL q=4 n=10: 330000/1048576
[2026-08-31T19:03:04Z]   full KL q=4 n=10: 340000/1048576
[2026-08-31T19:03:06Z]   full KL q=4 n=10: 350000/1048576
[2026-08-31T19:03:08Z]   full KL q=4 n=10: 360000/1048576
[2026-08-31T19:03:10Z]   full KL q=4 n=10: 370000/1048576
[2026-08-31T19:03:12Z]   full KL q=4 n=10: 380000/1048576
[2026-08-31T19:03:15Z]   full KL q=4 n=10: 390000/1048576
[2026-08-31T19:03:17Z]   full KL q=4 n=10: 400000/1048576
[2026-08-31T19:03:20Z]   full KL q=4 n=10: 410000/1048576
[2026-08-31T19:03:23Z]   full KL q=4 n=10: 420000/1048576
[2026-08-31T19:03:26Z]   full KL q=4 n=10: 430000/1048576
[2026-08-31T19:03:28Z]   full KL q=4 n=10: 440000/1048576
[2026-08-31T19:03:31Z]   full KL q=4 n=10: 450000/1048576
[2026-08-31T19:03:34Z]   full KL q=4 n=10: 460000/1048576
[2026-08-31T19:03:37Z]   full KL q=4 n=10: 470000/1048576
[2026-08-31T19:03:40Z]   full KL q=4 n=10: 480000/1048576
[2026-08-31T19:03:43Z]   full KL q=4 n=10: 490000/1048576
[2026-08-31T19:03:46Z]   full KL q=4 n=10: 500000/1048576
[2026-08-31T19:03:49Z]   full KL q=4 n=10: 510000/1048576
[2026-08-31T19:03:51Z]   full KL q=4 n=10: 520000/1048576
[2026-08-31T19:03:53Z]   full KL q=4 n=10: 530000/1048576
[2026-08-31T19:03:56Z]   full KL q=4 n=10: 540000/1048576
[2026-08-31T19:03:59Z]   full KL q=4 n=10: 550000/1048576
[2026-08-31T19:04:02Z]   full KL q=4 n=10: 560000/1048576
[2026-08-31T19:04:04Z]   full KL q=4 n=10: 570000/1048576
[2026-08-31T19:04:07Z]   full KL q=4 n=10: 580000/1048576
[2026-08-31T19:04:10Z]   full KL q=4 n=10: 590000/1048576
[2026-08-31T19:04:13Z]   full KL q=4 n=10: 600000/1048576
[2026-08-31T19:04:16Z]   full KL q=4 n=10: 610000/1048576
[2026-08-31T19:04:19Z]   full KL q=4 n=10: 620000/1048576
[2026-08-31T19:04:21Z]   full KL q=4 n=10: 630000/1048576
[2026-08-31T19:04:24Z]   full KL q=4 n=10: 640000/1048576
[2026-08-31T19:04:27Z]   full KL q=4 n=10: 650000/1048576
[2026-08-31T19:04:30Z]   full KL q=4 n=10: 660000/1048576
[2026-08-31T19:04:32Z]   full KL q=4 n=10: 670000/1048576
[2026-08-31T19:04:34Z]   full KL q=4 n=10: 680000/1048576
[2026-08-31T19:04:37Z]   full KL q=4 n=10: 690000/1048576
[2026-08-31T19:04:38Z]   full KL q=4 n=10: 700000/1048576
[2026-08-31T19:04:40Z]   full KL q=4 n=10: 710000/1048576
[2026-08-31T19:04:43Z]   full KL q=4 n=10: 720000/1048576
[2026-08-31T19:04:46Z]   full KL q=4 n=10: 730000/1048576
[2026-08-31T19:04:49Z]   full KL q=4 n=10: 740000/1048576
[2026-08-31T19:04:52Z]   full KL q=4 n=10: 750000/1048576
[2026-08-31T19:04:55Z]   full KL q=4 n=10: 760000/1048576
[2026-08-31T19:04:57Z]   full KL q=4 n=10: 770000/1048576
[2026-08-31T19:05:00Z]   full KL q=4 n=10: 780000/1048576
[2026-08-31T19:05:02Z]   full KL q=4 n=10: 790000/1048576
[2026-08-31T19:05:05Z]   full KL q=4 n=10: 800000/1048576
[2026-08-31T19:05:07Z]   full KL q=4 n=10: 810000/1048576
[2026-08-31T19:05:11Z]   full KL q=4 n=10: 820000/1048576
[2026-08-31T19:05:14Z]   full KL q=4 n=10: 830000/1048576
[2026-08-31T19:05:17Z]   full KL q=4 n=10: 840000/1048576
[2026-08-31T19:05:20Z]   full KL q=4 n=10: 850000/1048576
[2026-08-31T19:05:22Z]   full KL q=4 n=10: 860000/1048576
[2026-08-31T19:05:25Z]   full KL q=4 n=10: 870000/1048576
[2026-08-31T19:05:28Z]   full KL q=4 n=10: 880000/1048576
[2026-08-31T19:05:31Z]   full KL q=4 n=10: 890000/1048576
[2026-08-31T19:05:34Z]   full KL q=4 n=10: 900000/1048576
[2026-08-31T19:05:37Z]   full KL q=4 n=10: 910000/1048576
[2026-08-31T19:05:39Z]   full KL q=4 n=10: 920000/1048576
[2026-08-31T19:05:42Z]   full KL q=4 n=10: 930000/1048576
[2026-08-31T19:05:45Z]   full KL q=4 n=10: 940000/1048576
[2026-08-31T19:05:49Z]   full KL q=4 n=10: 950000/1048576
[2026-08-31T19:05:51Z]   full KL q=4 n=10: 960000/1048576
[2026-08-31T19:05:54Z]   full KL q=4 n=10: 970000/1048576
[2026-08-31T19:05:56Z]   full KL q=4 n=10: 980000/1048576
[2026-08-31T19:05:59Z]   full KL q=4 n=10: 990000/1048576
[2026-08-31T19:06:01Z]   full KL q=4 n=10: 1000000/1048576
[2026-08-31T19:06:03Z]   full KL q=4 n=10: 1010000/1048576
[2026-08-31T19:06:06Z]   full KL q=4 n=10: 1020000/1048576
[2026-08-31T19:06:08Z]   full KL q=4 n=10: 1030000/1048576
[2026-08-31T19:06:10Z]   full KL q=4 n=10: 1040000/1048576
[2026-08-31T19:06:21Z]   full KL q=4 n=10: 10000/1048576
[2026-08-31T19:06:23Z]   full KL q=4 n=10: 20000/1048576
[2026-08-31T19:06:26Z]   full KL q=4 n=10: 30000/1048576
[2026-08-31T19:06:28Z]   full KL q=4 n=10: 40000/1048576
[2026-08-31T19:06:30Z]   full KL q=4 n=10: 50000/1048576
[2026-08-31T19:06:33Z]   full KL q=4 n=10: 60000/1048576
[2026-08-31T19:06:35Z]   full KL q=4 n=10: 70000/1048576
[2026-08-31T19:06:38Z]   full KL q=4 n=10: 80000/1048576
[2026-08-31T19:06:40Z]   full KL q=4 n=10: 90000/1048576
[2026-08-31T19:06:43Z]   full KL q=4 n=10: 100000/1048576
[2026-08-31T19:06:45Z]   full KL q=4 n=10: 110000/1048576
[2026-08-31T19:06:49Z]   full KL q=4 n=10: 120000/1048576
[2026-08-31T19:06:52Z]   full KL q=4 n=10: 130000/1048576
[2026-08-31T19:06:54Z]   full KL q=4 n=10: 140000/1048576
[2026-08-31T19:06:57Z]   full KL q=4 n=10: 150000/1048576
[2026-08-31T19:07:00Z]   full KL q=4 n=10: 160000/1048576
[2026-08-31T19:07:03Z]   full KL q=4 n=10: 170000/1048576
[2026-08-31T19:07:05Z]   full KL q=4 n=10: 180000/1048576
[2026-08-31T19:07:09Z]   full KL q=4 n=10: 190000/1048576
[2026-08-31T19:07:11Z]   full KL q=4 n=10: 200000/1048576
[2026-08-31T19:07:14Z]   full KL q=4 n=10: 210000/1048576
[2026-08-31T19:07:17Z]   full KL q=4 n=10: 220000/1048576
[2026-08-31T19:07:20Z]   full KL q=4 n=10: 230000/1048576
[2026-08-31T19:07:23Z]   full KL q=4 n=10: 240000/1048576
[2026-08-31T19:07:26Z]   full KL q=4 n=10: 250000/1048576
[2026-08-31T19:07:28Z]   full KL q=4 n=10: 260000/1048576
[2026-08-31T19:07:30Z]   full KL q=4 n=10: 270000/1048576
[2026-08-31T19:07:33Z]   full KL q=4 n=10: 280000/1048576
[2026-08-31T19:07:35Z]   full KL q=4 n=10: 290000/1048576
[2026-08-31T19:07:38Z]   full KL q=4 n=10: 300000/1048576
[2026-08-31T19:07:41Z]   full KL q=4 n=10: 310000/1048576
[2026-08-31T19:07:45Z]   full KL q=4 n=10: 320000/1048576
[2026-08-31T19:07:47Z]   full KL q=4 n=10: 330000/1048576
[2026-08-31T19:07:50Z]   full KL q=4 n=10: 340000/1048576
[2026-08-31T19:07:52Z]   full KL q=4 n=10: 350000/1048576
[2026-08-31T19:07:53Z]   full KL q=4 n=10: 360000/1048576
[2026-08-31T19:07:55Z]   full KL q=4 n=10: 370000/1048576
[2026-08-31T19:07:58Z]   full KL q=4 n=10: 380000/1048576
[2026-08-31T19:08:00Z]   full KL q=4 n=10: 390000/1048576
[2026-08-31T19:08:03Z]   full KL q=4 n=10: 400000/1048576
[2026-08-31T19:08:06Z]   full KL q=4 n=10: 410000/1048576
[2026-08-31T19:08:08Z]   full KL q=4 n=10: 420000/1048576
[2026-08-31T19:08:11Z]   full KL q=4 n=10: 430000/1048576
[2026-08-31T19:08:13Z]   full KL q=4 n=10: 440000/1048576
[2026-08-31T19:08:17Z]   full KL q=4 n=10: 450000/1048576
[2026-08-31T19:08:19Z]   full KL q=4 n=10: 460000/1048576
[2026-08-31T19:08:22Z]   full KL q=4 n=10: 470000/1048576
[2026-08-31T19:08:25Z]   full KL q=4 n=10: 480000/1048576
[2026-08-31T19:08:28Z]   full KL q=4 n=10: 490000/1048576
[2026-08-31T19:08:31Z]   full KL q=4 n=10: 500000/1048576
[2026-08-31T19:08:34Z]   full KL q=4 n=10: 510000/1048576
[2026-08-31T19:08:37Z]   full KL q=4 n=10: 520000/1048576
[2026-08-31T19:08:38Z]   full KL q=4 n=10: 530000/1048576
[2026-08-31T19:08:41Z]   full KL q=4 n=10: 540000/1048576
[2026-08-31T19:08:44Z]   full KL q=4 n=10: 550000/1048576
[2026-08-31T19:08:47Z]   full KL q=4 n=10: 560000/1048576
[2026-08-31T19:08:50Z]   full KL q=4 n=10: 570000/1048576
[2026-08-31T19:08:53Z]   full KL q=4 n=10: 580000/1048576
[2026-08-31T19:08:56Z]   full KL q=4 n=10: 590000/1048576
[2026-08-31T19:08:59Z]   full KL q=4 n=10: 600000/1048576
[2026-08-31T19:09:02Z]   full KL q=4 n=10: 610000/1048576
[2026-08-31T19:09:04Z]   full KL q=4 n=10: 620000/1048576
[2026-08-31T19:09:07Z]   full KL q=4 n=10: 630000/1048576
[2026-08-31T19:09:09Z]   full KL q=4 n=10: 640000/1048576
[2026-08-31T19:09:13Z]   full KL q=4 n=10: 650000/1048576
[2026-08-31T19:09:15Z]   full KL q=4 n=10: 660000/1048576
[2026-08-31T19:09:17Z]   full KL q=4 n=10: 670000/1048576
[2026-08-31T19:09:20Z]   full KL q=4 n=10: 680000/1048576
[2026-08-31T19:09:22Z]   full KL q=4 n=10: 690000/1048576
[2026-08-31T19:09:23Z]   full KL q=4 n=10: 700000/1048576
[2026-08-31T19:09:26Z]   full KL q=4 n=10: 710000/1048576
[2026-08-31T19:09:28Z]   full KL q=4 n=10: 720000/1048576
[2026-08-31T19:09:31Z]   full KL q=4 n=10: 730000/1048576
[2026-08-31T19:09:34Z]   full KL q=4 n=10: 740000/1048576
[2026-08-31T19:09:37Z]   full KL q=4 n=10: 750000/1048576
[2026-08-31T19:09:40Z]   full KL q=4 n=10: 760000/1048576
[2026-08-31T19:09:43Z]   full KL q=4 n=10: 770000/1048576
[2026-08-31T19:09:45Z]   full KL q=4 n=10: 780000/1048576
[2026-08-31T19:09:47Z]   full KL q=4 n=10: 790000/1048576
[2026-08-31T19:09:50Z]   full KL q=4 n=10: 800000/1048576
[2026-08-31T19:09:53Z]   full KL q=4 n=10: 810000/1048576
[2026-08-31T19:09:56Z]   full KL q=4 n=10: 820000/1048576
[2026-08-31T19:09:59Z]   full KL q=4 n=10: 830000/1048576
[2026-08-31T19:10:02Z]   full KL q=4 n=10: 840000/1048576
[2026-08-31T19:10:05Z]   full KL q=4 n=10: 850000/1048576
[2026-08-31T19:10:07Z]   full KL q=4 n=10: 860000/1048576
[2026-08-31T19:10:10Z]   full KL q=4 n=10: 870000/1048576
[2026-08-31T19:10:13Z]   full KL q=4 n=10: 880000/1048576
[2026-08-31T19:10:16Z]   full KL q=4 n=10: 890000/1048576
[2026-08-31T19:10:19Z]   full KL q=4 n=10: 900000/1048576
[2026-08-31T19:10:21Z]   full KL q=4 n=10: 910000/1048576
[2026-08-31T19:10:24Z]   full KL q=4 n=10: 920000/1048576
[2026-08-31T19:10:27Z]   full KL q=4 n=10: 930000/1048576
[2026-08-31T19:10:30Z]   full KL q=4 n=10: 940000/1048576
[2026-08-31T19:10:33Z]   full KL q=4 n=10: 950000/1048576
[2026-08-31T19:10:36Z]   full KL q=4 n=10: 960000/1048576
[2026-08-31T19:10:38Z]   full KL q=4 n=10: 970000/1048576
[2026-08-31T19:10:41Z]   full KL q=4 n=10: 980000/1048576
[2026-08-31T19:10:43Z]   full KL q=4 n=10: 990000/1048576
[2026-08-31T19:10:46Z]   full KL q=4 n=10: 1000000/1048576
[2026-08-31T19:10:48Z]   full KL q=4 n=10: 1010000/1048576
[2026-08-31T19:10:51Z]   full KL q=4 n=10: 1020000/1048576
[2026-08-31T19:10:53Z]   full KL q=4 n=10: 1030000/1048576
[2026-08-31T19:10:55Z]   full KL q=4 n=10: 1040000/1048576
[2026-08-31T19:11:06Z]   full KL q=4 n=10: 10000/1048576
[2026-08-31T19:11:08Z]   full KL q=4 n=10: 20000/1048576
[2026-08-31T19:11:10Z]   full KL q=4 n=10: 30000/1048576
[2026-08-31T19:11:13Z]   full KL q=4 n=10: 40000/1048576
[2026-08-31T19:11:15Z]   full KL q=4 n=10: 50000/1048576
[2026-08-31T19:11:17Z]   full KL q=4 n=10: 60000/1048576
[2026-08-31T19:11:19Z]   full KL q=4 n=10: 70000/1048576
[2026-08-31T19:11:22Z]   full KL q=4 n=10: 80000/1048576
[2026-08-31T19:11:25Z]   full KL q=4 n=10: 90000/1048576
[2026-08-31T19:11:27Z]   full KL q=4 n=10: 100000/1048576
[2026-08-31T19:11:30Z]   full KL q=4 n=10: 110000/1048576
[2026-08-31T19:11:34Z]   full KL q=4 n=10: 120000/1048576
[2026-08-31T19:11:37Z]   full KL q=4 n=10: 130000/1048576
[2026-08-31T19:11:39Z]   full KL q=4 n=10: 140000/1048576
[2026-08-31T19:11:42Z]   full KL q=4 n=10: 150000/1048576
[2026-08-31T19:11:45Z]   full KL q=4 n=10: 160000/1048576
[2026-08-31T19:11:48Z]   full KL q=4 n=10: 170000/1048576
[2026-08-31T19:11:50Z]   full KL q=4 n=10: 180000/1048576
[2026-08-31T19:11:54Z]   full KL q=4 n=10: 190000/1048576
[2026-08-31T19:11:56Z]   full KL q=4 n=10: 200000/1048576
[2026-08-31T19:11:59Z]   full KL q=4 n=10: 210000/1048576
[2026-08-31T19:12:02Z]   full KL q=4 n=10: 220000/1048576
[2026-08-31T19:12:05Z]   full KL q=4 n=10: 230000/1048576
[2026-08-31T19:12:08Z]   full KL q=4 n=10: 240000/1048576
[2026-08-31T19:12:11Z]   full KL q=4 n=10: 250000/1048576
[2026-08-31T19:12:13Z]   full KL q=4 n=10: 260000/1048576
[2026-08-31T19:12:15Z]   full KL q=4 n=10: 270000/1048576
[2026-08-31T19:12:18Z]   full KL q=4 n=10: 280000/1048576
[2026-08-31T19:12:20Z]   full KL q=4 n=10: 290000/1048576
[2026-08-31T19:12:23Z]   full KL q=4 n=10: 300000/1048576
[2026-08-31T19:12:26Z]   full KL q=4 n=10: 310000/1048576
[2026-08-31T19:12:30Z]   full KL q=4 n=10: 320000/1048576
[2026-08-31T19:12:32Z]   full KL q=4 n=10: 330000/1048576
[2026-08-31T19:12:35Z]   full KL q=4 n=10: 340000/1048576
[2026-08-31T19:12:37Z]   full KL q=4 n=10: 350000/1048576
[2026-08-31T19:12:38Z]   full KL q=4 n=10: 360000/1048576
[2026-08-31T19:12:41Z]   full KL q=4 n=10: 370000/1048576
[2026-08-31T19:12:43Z]   full KL q=4 n=10: 380000/1048576
[2026-08-31T19:12:45Z]   full KL q=4 n=10: 390000/1048576
[2026-08-31T19:12:48Z]   full KL q=4 n=10: 400000/1048576
[2026-08-31T19:12:51Z]   full KL q=4 n=10: 410000/1048576
[2026-08-31T19:12:54Z]   full KL q=4 n=10: 420000/1048576
[2026-08-31T19:12:56Z]   full KL q=4 n=10: 430000/1048576
[2026-08-31T19:12:59Z]   full KL q=4 n=10: 440000/1048576
[2026-08-31T19:13:02Z]   full KL q=4 n=10: 450000/1048576
[2026-08-31T19:13:05Z]   full KL q=4 n=10: 460000/1048576
[2026-08-31T19:13:08Z]   full KL q=4 n=10: 470000/1048576
[2026-08-31T19:13:11Z]   full KL q=4 n=10: 480000/1048576
[2026-08-31T19:13:14Z]   full KL q=4 n=10: 490000/1048576
[2026-08-31T19:13:17Z]   full KL q=4 n=10: 500000/1048576
[2026-08-31T19:13:19Z]   full KL q=4 n=10: 510000/1048576
[2026-08-31T19:13:22Z]   full KL q=4 n=10: 520000/1048576
[2026-08-31T19:13:24Z]   full KL q=4 n=10: 530000/1048576
[2026-08-31T19:13:26Z]   full KL q=4 n=10: 540000/1048576
[2026-08-31T19:13:29Z]   full KL q=4 n=10: 550000/1048576
[2026-08-31T19:13:32Z]   full KL q=4 n=10: 560000/1048576
[2026-08-31T19:13:35Z]   full KL q=4 n=10: 570000/1048576
[2026-08-31T19:13:38Z]   full KL q=4 n=10: 580000/1048576
[2026-08-31T19:13:41Z]   full KL q=4 n=10: 590000/1048576
[2026-08-31T19:13:44Z]   full KL q=4 n=10: 600000/1048576
[2026-08-31T19:13:47Z]   full KL q=4 n=10: 610000/1048576
[2026-08-31T19:13:49Z]   full KL q=4 n=10: 620000/1048576
[2026-08-31T19:13:52Z]   full KL q=4 n=10: 630000/1048576
[2026-08-31T19:13:55Z]   full KL q=4 n=10: 640000/1048576
[2026-08-31T19:13:58Z]   full KL q=4 n=10: 650000/1048576
[2026-08-31T19:14:00Z]   full KL q=4 n=10: 660000/1048576
[2026-08-31T19:14:03Z]   full KL q=4 n=10: 670000/1048576
[2026-08-31T19:14:05Z]   full KL q=4 n=10: 680000/1048576
[2026-08-31T19:14:07Z]   full KL q=4 n=10: 690000/1048576
[2026-08-31T19:14:09Z]   full KL q=4 n=10: 700000/1048576
[2026-08-31T19:14:11Z]   full KL q=4 n=10: 710000/1048576
[2026-08-31T19:14:13Z]   full KL q=4 n=10: 720000/1048576
[2026-08-31T19:14:16Z]   full KL q=4 n=10: 730000/1048576
[2026-08-31T19:14:19Z]   full KL q=4 n=10: 740000/1048576
[2026-08-31T19:14:22Z]   full KL q=4 n=10: 750000/1048576
[2026-08-31T19:14:25Z]   full KL q=4 n=10: 760000/1048576
[2026-08-31T19:14:28Z]   full KL q=4 n=10: 770000/1048576
[2026-08-31T19:14:30Z]   full KL q=4 n=10: 780000/1048576
[2026-08-31T19:14:32Z]   full KL q=4 n=10: 790000/1048576
[2026-08-31T19:14:35Z]   full KL q=4 n=10: 800000/1048576
[2026-08-31T19:14:38Z]   full KL q=4 n=10: 810000/1048576
[2026-08-31T19:14:41Z]   full KL q=4 n=10: 820000/1048576
[2026-08-31T19:14:44Z]   full KL q=4 n=10: 830000/1048576
[2026-08-31T19:14:47Z]   full KL q=4 n=10: 840000/1048576
[2026-08-31T19:14:50Z]   full KL q=4 n=10: 850000/1048576
[2026-08-31T19:14:53Z]   full KL q=4 n=10: 860000/1048576
[2026-08-31T19:14:56Z]   full KL q=4 n=10: 870000/1048576
[2026-08-31T19:14:58Z]   full KL q=4 n=10: 880000/1048576
[2026-08-31T19:15:01Z]   full KL q=4 n=10: 890000/1048576
[2026-08-31T19:15:04Z]   full KL q=4 n=10: 900000/1048576
[2026-08-31T19:15:07Z]   full KL q=4 n=10: 910000/1048576
[2026-08-31T19:15:10Z]   full KL q=4 n=10: 920000/1048576
[2026-08-31T19:15:13Z]   full KL q=4 n=10: 930000/1048576
[2026-08-31T19:15:16Z]   full KL q=4 n=10: 940000/1048576
[2026-08-31T19:15:19Z]   full KL q=4 n=10: 950000/1048576
[2026-08-31T19:15:22Z]   full KL q=4 n=10: 960000/1048576
[2026-08-31T19:15:24Z]   full KL q=4 n=10: 970000/1048576
[2026-08-31T19:15:27Z]   full KL q=4 n=10: 980000/1048576
[2026-08-31T19:15:29Z]   full KL q=4 n=10: 990000/1048576
[2026-08-31T19:15:31Z]   full KL q=4 n=10: 1000000/1048576
[2026-08-31T19:15:34Z]   full KL q=4 n=10: 1010000/1048576
[2026-08-31T19:15:36Z]   full KL q=4 n=10: 1020000/1048576
[2026-08-31T19:15:38Z]   full KL q=4 n=10: 1030000/1048576
[2026-08-31T19:15:40Z]   full KL q=4 n=10: 1040000/1048576
[2026-08-31T19:15:42Z] q=4 n=10 d=1/2 ordinal=20 status=CERTIFIED rss=1441169408
[2026-08-31T19:17:59Z]   full KL q=4 n=10: 10000/1048576
[2026-08-31T19:18:01Z]   full KL q=4 n=10: 20000/1048576
[2026-08-31T19:18:03Z]   full KL q=4 n=10: 30000/1048576
[2026-08-31T19:18:06Z]   full KL q=4 n=10: 40000/1048576
[2026-08-31T19:18:08Z]   full KL q=4 n=10: 50000/1048576
[2026-08-31T19:18:10Z]   full KL q=4 n=10: 60000/1048576
[2026-08-31T19:18:12Z]   full KL q=4 n=10: 70000/1048576
[2026-08-31T19:18:15Z]   full KL q=4 n=10: 80000/1048576
[2026-08-31T19:18:18Z]   full KL q=4 n=10: 90000/1048576
[2026-08-31T19:18:20Z]   full KL q=4 n=10: 100000/1048576
[2026-08-31T19:18:23Z]   full KL q=4 n=10: 110000/1048576
[2026-08-31T19:18:26Z]   full KL q=4 n=10: 120000/1048576
[2026-08-31T19:18:30Z]   full KL q=4 n=10: 130000/1048576
[2026-08-31T19:18:32Z]   full KL q=4 n=10: 140000/1048576
[2026-08-31T19:18:35Z]   full KL q=4 n=10: 150000/1048576
[2026-08-31T19:18:38Z]   full KL q=4 n=10: 160000/1048576
[2026-08-31T19:18:41Z]   full KL q=4 n=10: 170000/1048576
[2026-08-31T19:18:43Z]   full KL q=4 n=10: 180000/1048576
[2026-08-31T19:18:46Z]   full KL q=4 n=10: 190000/1048576
[2026-08-31T19:18:49Z]   full KL q=4 n=10: 200000/1048576
[2026-08-31T19:18:52Z]   full KL q=4 n=10: 210000/1048576
[2026-08-31T19:18:54Z]   full KL q=4 n=10: 220000/1048576
[2026-08-31T19:18:58Z]   full KL q=4 n=10: 230000/1048576
[2026-08-31T19:19:01Z]   full KL q=4 n=10: 240000/1048576
[2026-08-31T19:19:03Z]   full KL q=4 n=10: 250000/1048576
[2026-08-31T19:19:06Z]   full KL q=4 n=10: 260000/1048576
[2026-08-31T19:19:08Z]   full KL q=4 n=10: 270000/1048576
[2026-08-31T19:19:10Z]   full KL q=4 n=10: 280000/1048576
[2026-08-31T19:19:13Z]   full KL q=4 n=10: 290000/1048576
[2026-08-31T19:19:16Z]   full KL q=4 n=10: 300000/1048576
[2026-08-31T19:19:19Z]   full KL q=4 n=10: 310000/1048576
[2026-08-31T19:19:22Z]   full KL q=4 n=10: 320000/1048576
[2026-08-31T19:19:25Z]   full KL q=4 n=10: 330000/1048576
[2026-08-31T19:19:27Z]   full KL q=4 n=10: 340000/1048576
[2026-08-31T19:19:29Z]   full KL q=4 n=10: 350000/1048576
[2026-08-31T19:19:31Z]   full KL q=4 n=10: 360000/1048576
[2026-08-31T19:19:33Z]   full KL q=4 n=10: 370000/1048576
[2026-08-31T19:19:36Z]   full KL q=4 n=10: 380000/1048576
[2026-08-31T19:19:38Z]   full KL q=4 n=10: 390000/1048576
[2026-08-31T19:19:41Z]   full KL q=4 n=10: 400000/1048576
[2026-08-31T19:19:44Z]   full KL q=4 n=10: 410000/1048576
[2026-08-31T19:19:47Z]   full KL q=4 n=10: 420000/1048576
[2026-08-31T19:19:49Z]   full KL q=4 n=10: 430000/1048576
[2026-08-31T19:19:52Z]   full KL q=4 n=10: 440000/1048576
[2026-08-31T19:19:55Z]   full KL q=4 n=10: 450000/1048576
[2026-08-31T19:19:57Z]   full KL q=4 n=10: 460000/1048576
[2026-08-31T19:20:01Z]   full KL q=4 n=10: 470000/1048576
[2026-08-31T19:20:04Z]   full KL q=4 n=10: 480000/1048576
[2026-08-31T19:20:06Z]   full KL q=4 n=10: 490000/1048576
[2026-08-31T19:20:09Z]   full KL q=4 n=10: 500000/1048576
[2026-08-31T19:20:12Z]   full KL q=4 n=10: 510000/1048576
[2026-08-31T19:20:15Z]   full KL q=4 n=10: 520000/1048576
[2026-08-31T19:20:17Z]   full KL q=4 n=10: 530000/1048576
[2026-08-31T19:20:19Z]   full KL q=4 n=10: 540000/1048576
[2026-08-31T19:20:22Z]   full KL q=4 n=10: 550000/1048576
[2026-08-31T19:20:25Z]   full KL q=4 n=10: 560000/1048576
[2026-08-31T19:20:28Z]   full KL q=4 n=10: 570000/1048576
[2026-08-31T19:20:31Z]   full KL q=4 n=10: 580000/1048576
[2026-08-31T19:20:34Z]   full KL q=4 n=10: 590000/1048576
[2026-08-31T19:20:37Z]   full KL q=4 n=10: 600000/1048576
[2026-08-31T19:20:40Z]   full KL q=4 n=10: 610000/1048576
[2026-08-31T19:20:42Z]   full KL q=4 n=10: 620000/1048576
[2026-08-31T19:20:45Z]   full KL q=4 n=10: 630000/1048576
[2026-08-31T19:20:47Z]   full KL q=4 n=10: 640000/1048576
[2026-08-31T19:20:51Z]   full KL q=4 n=10: 650000/1048576
[2026-08-31T19:20:53Z]   full KL q=4 n=10: 660000/1048576
[2026-08-31T19:20:56Z]   full KL q=4 n=10: 670000/1048576
[2026-08-31T19:20:58Z]   full KL q=4 n=10: 680000/1048576
[2026-08-31T19:21:00Z]   full KL q=4 n=10: 690000/1048576
[2026-08-31T19:21:02Z]   full KL q=4 n=10: 700000/1048576
[2026-08-31T19:21:04Z]   full KL q=4 n=10: 710000/1048576
[2026-08-31T19:21:06Z]   full KL q=4 n=10: 720000/1048576
[2026-08-31T19:21:09Z]   full KL q=4 n=10: 730000/1048576
[2026-08-31T19:21:12Z]   full KL q=4 n=10: 740000/1048576
[2026-08-31T19:21:15Z]   full KL q=4 n=10: 750000/1048576
[2026-08-31T19:21:18Z]   full KL q=4 n=10: 760000/1048576
[2026-08-31T19:21:21Z]   full KL q=4 n=10: 770000/1048576
[2026-08-31T19:21:24Z]   full KL q=4 n=10: 780000/1048576
[2026-08-31T19:21:26Z]   full KL q=4 n=10: 790000/1048576
[2026-08-31T19:21:28Z]   full KL q=4 n=10: 800000/1048576
[2026-08-31T19:21:31Z]   full KL q=4 n=10: 810000/1048576
[2026-08-31T19:21:34Z]   full KL q=4 n=10: 820000/1048576
[2026-08-31T19:21:37Z]   full KL q=4 n=10: 830000/1048576
[2026-08-31T19:21:40Z]   full KL q=4 n=10: 840000/1048576
[2026-08-31T19:21:43Z]   full KL q=4 n=10: 850000/1048576
[2026-08-31T19:21:46Z]   full KL q=4 n=10: 860000/1048576
[2026-08-31T19:21:49Z]   full KL q=4 n=10: 870000/1048576
[2026-08-31T19:21:51Z]   full KL q=4 n=10: 880000/1048576
[2026-08-31T19:21:54Z]   full KL q=4 n=10: 890000/1048576
[2026-08-31T19:21:57Z]   full KL q=4 n=10: 900000/1048576
[2026-08-31T19:22:00Z]   full KL q=4 n=10: 910000/1048576
[2026-08-31T19:22:02Z]   full KL q=4 n=10: 920000/1048576
[2026-08-31T19:22:06Z]   full KL q=4 n=10: 930000/1048576
[2026-08-31T19:22:09Z]   full KL q=4 n=10: 940000/1048576
[2026-08-31T19:22:12Z]   full KL q=4 n=10: 950000/1048576
[2026-08-31T19:22:14Z]   full KL q=4 n=10: 960000/1048576
[2026-08-31T19:22:17Z]   full KL q=4 n=10: 970000/1048576
[2026-08-31T19:22:20Z]   full KL q=4 n=10: 980000/1048576
[2026-08-31T19:22:22Z]   full KL q=4 n=10: 990000/1048576
[2026-08-31T19:22:24Z]   full KL q=4 n=10: 1000000/1048576
[2026-08-31T19:22:27Z]   full KL q=4 n=10: 1010000/1048576
[2026-08-31T19:22:29Z]   full KL q=4 n=10: 1020000/1048576
[2026-08-31T19:22:31Z]   full KL q=4 n=10: 1030000/1048576
[2026-08-31T19:22:33Z]   full KL q=4 n=10: 1040000/1048576
[2026-08-31T19:22:45Z]   full KL q=4 n=10: 10000/1048576
[2026-08-31T19:22:47Z]   full KL q=4 n=10: 20000/1048576
[2026-08-31T19:22:49Z]   full KL q=4 n=10: 30000/1048576
[2026-08-31T19:22:52Z]   full KL q=4 n=10: 40000/1048576
[2026-08-31T19:22:54Z]   full KL q=4 n=10: 50000/1048576
[2026-08-31T19:22:56Z]   full KL q=4 n=10: 60000/1048576
[2026-08-31T19:22:59Z]   full KL q=4 n=10: 70000/1048576
[2026-08-31T19:23:01Z]   full KL q=4 n=10: 80000/1048576
[2026-08-31T19:23:04Z]   full KL q=4 n=10: 90000/1048576
[2026-08-31T19:23:06Z]   full KL q=4 n=10: 100000/1048576
[2026-08-31T19:23:09Z]   full KL q=4 n=10: 110000/1048576
[2026-08-31T19:23:12Z]   full KL q=4 n=10: 120000/1048576
[2026-08-31T19:23:15Z]   full KL q=4 n=10: 130000/1048576
[2026-08-31T19:23:18Z]   full KL q=4 n=10: 140000/1048576
[2026-08-31T19:23:21Z]   full KL q=4 n=10: 150000/1048576
[2026-08-31T19:23:24Z]   full KL q=4 n=10: 160000/1048576
[2026-08-31T19:23:26Z]   full KL q=4 n=10: 170000/1048576
[2026-08-31T19:23:29Z]   full KL q=4 n=10: 180000/1048576
[2026-08-31T19:23:32Z]   full KL q=4 n=10: 190000/1048576
[2026-08-31T19:23:34Z]   full KL q=4 n=10: 200000/1048576
[2026-08-31T19:23:37Z]   full KL q=4 n=10: 210000/1048576
[2026-08-31T19:23:40Z]   full KL q=4 n=10: 220000/1048576
[2026-08-31T19:23:43Z]   full KL q=4 n=10: 230000/1048576
[2026-08-31T19:23:47Z]   full KL q=4 n=10: 240000/1048576
[2026-08-31T19:23:49Z]   full KL q=4 n=10: 250000/1048576
[2026-08-31T19:23:52Z]   full KL q=4 n=10: 260000/1048576
[2026-08-31T19:23:54Z]   full KL q=4 n=10: 270000/1048576
[2026-08-31T19:23:56Z]   full KL q=4 n=10: 280000/1048576
[2026-08-31T19:23:59Z]   full KL q=4 n=10: 290000/1048576
[2026-08-31T19:24:02Z]   full KL q=4 n=10: 300000/1048576
[2026-08-31T19:24:05Z]   full KL q=4 n=10: 310000/1048576
[2026-08-31T19:24:08Z]   full KL q=4 n=10: 320000/1048576
[2026-08-31T19:24:11Z]   full KL q=4 n=10: 330000/1048576
[2026-08-31T19:24:13Z]   full KL q=4 n=10: 340000/1048576
[2026-08-31T19:24:15Z]   full KL q=4 n=10: 350000/1048576
[2026-08-31T19:24:17Z]   full KL q=4 n=10: 360000/1048576
[2026-08-31T19:24:19Z]   full KL q=4 n=10: 370000/1048576
[2026-08-31T19:24:21Z]   full KL q=4 n=10: 380000/1048576
[2026-08-31T19:24:24Z]   full KL q=4 n=10: 390000/1048576
[2026-08-31T19:24:26Z]   full KL q=4 n=10: 400000/1048576
[2026-08-31T19:24:29Z]   full KL q=4 n=10: 410000/1048576
[2026-08-31T19:24:32Z]   full KL q=4 n=10: 420000/1048576
[2026-08-31T19:24:35Z]   full KL q=4 n=10: 430000/1048576
[2026-08-31T19:24:37Z]   full KL q=4 n=10: 440000/1048576
[2026-08-31T19:24:40Z]   full KL q=4 n=10: 450000/1048576
[2026-08-31T19:24:43Z]   full KL q=4 n=10: 460000/1048576
[2026-08-31T19:24:46Z]   full KL q=4 n=10: 470000/1048576
[2026-08-31T19:24:49Z]   full KL q=4 n=10: 480000/1048576
[2026-08-31T19:24:52Z]   full KL q=4 n=10: 490000/1048576
[2026-08-31T19:24:55Z]   full KL q=4 n=10: 500000/1048576
[2026-08-31T19:24:58Z]   full KL q=4 n=10: 510000/1048576
[2026-08-31T19:25:00Z]   full KL q=4 n=10: 520000/1048576
[2026-08-31T19:25:02Z]   full KL q=4 n=10: 530000/1048576
[2026-08-31T19:25:05Z]   full KL q=4 n=10: 540000/1048576
[2026-08-31T19:25:08Z]   full KL q=4 n=10: 550000/1048576
[2026-08-31T19:25:11Z]   full KL q=4 n=10: 560000/1048576
[2026-08-31T19:25:13Z]   full KL q=4 n=10: 570000/1048576
[2026-08-31T19:25:16Z]   full KL q=4 n=10: 580000/1048576
[2026-08-31T19:25:19Z]   full KL q=4 n=10: 590000/1048576
[2026-08-31T19:25:22Z]   full KL q=4 n=10: 600000/1048576
[2026-08-31T19:25:25Z]   full KL q=4 n=10: 610000/1048576
[2026-08-31T19:25:27Z]   full KL q=4 n=10: 620000/1048576
[2026-08-31T19:25:30Z]   full KL q=4 n=10: 630000/1048576
[2026-08-31T19:25:33Z]   full KL q=4 n=10: 640000/1048576
[2026-08-31T19:25:36Z]   full KL q=4 n=10: 650000/1048576
[2026-08-31T19:25:38Z]   full KL q=4 n=10: 660000/1048576
[2026-08-31T19:25:41Z]   full KL q=4 n=10: 670000/1048576
[2026-08-31T19:25:43Z]   full KL q=4 n=10: 680000/1048576
[2026-08-31T19:25:45Z]   full KL q=4 n=10: 690000/1048576
[2026-08-31T19:25:47Z]   full KL q=4 n=10: 700000/1048576
[2026-08-31T19:25:49Z]   full KL q=4 n=10: 710000/1048576
[2026-08-31T19:25:51Z]   full KL q=4 n=10: 720000/1048576
[2026-08-31T19:25:54Z]   full KL q=4 n=10: 730000/1048576
[2026-08-31T19:25:58Z]   full KL q=4 n=10: 740000/1048576
[2026-08-31T19:26:01Z]   full KL q=4 n=10: 750000/1048576
[2026-08-31T19:26:04Z]   full KL q=4 n=10: 760000/1048576
[2026-08-31T19:26:06Z]   full KL q=4 n=10: 770000/1048576
[2026-08-31T19:26:09Z]   full KL q=4 n=10: 780000/1048576
[2026-08-31T19:26:11Z]   full KL q=4 n=10: 790000/1048576
[2026-08-31T19:26:13Z]   full KL q=4 n=10: 800000/1048576
[2026-08-31T19:26:16Z]   full KL q=4 n=10: 810000/1048576
[2026-08-31T19:26:19Z]   full KL q=4 n=10: 820000/1048576
[2026-08-31T19:26:22Z]   full KL q=4 n=10: 830000/1048576
[2026-08-31T19:26:25Z]   full KL q=4 n=10: 840000/1048576
[2026-08-31T19:26:28Z]   full KL q=4 n=10: 850000/1048576
[2026-08-31T19:26:31Z]   full KL q=4 n=10: 860000/1048576
[2026-08-31T19:26:34Z]   full KL q=4 n=10: 870000/1048576
[2026-08-31T19:26:36Z]   full KL q=4 n=10: 880000/1048576
[2026-08-31T19:26:39Z]   full KL q=4 n=10: 890000/1048576
[2026-08-31T19:26:42Z]   full KL q=4 n=10: 900000/1048576
[2026-08-31T19:26:45Z]   full KL q=4 n=10: 910000/1048576
[2026-08-31T19:26:48Z]   full KL q=4 n=10: 920000/1048576
[2026-08-31T19:26:51Z]   full KL q=4 n=10: 930000/1048576
[2026-08-31T19:26:54Z]   full KL q=4 n=10: 940000/1048576
[2026-08-31T19:26:57Z]   full KL q=4 n=10: 950000/1048576
[2026-08-31T19:27:00Z]   full KL q=4 n=10: 960000/1048576
[2026-08-31T19:27:02Z]   full KL q=4 n=10: 970000/1048576
[2026-08-31T19:27:05Z]   full KL q=4 n=10: 980000/1048576
[2026-08-31T19:27:07Z]   full KL q=4 n=10: 990000/1048576
[2026-08-31T19:27:09Z]   full KL q=4 n=10: 1000000/1048576
[2026-08-31T19:27:12Z]   full KL q=4 n=10: 1010000/1048576
[2026-08-31T19:27:14Z]   full KL q=4 n=10: 1020000/1048576
[2026-08-31T19:27:17Z]   full KL q=4 n=10: 1030000/1048576
[2026-08-31T19:27:18Z]   full KL q=4 n=10: 1040000/1048576
[2026-08-31T19:27:30Z]   full KL q=4 n=10: 10000/1048576
[2026-08-31T19:27:32Z]   full KL q=4 n=10: 20000/1048576
[2026-08-31T19:27:34Z]   full KL q=4 n=10: 30000/1048576
[2026-08-31T19:27:37Z]   full KL q=4 n=10: 40000/1048576
[2026-08-31T19:27:39Z]   full KL q=4 n=10: 50000/1048576
[2026-08-31T19:27:41Z]   full KL q=4 n=10: 60000/1048576
[2026-08-31T19:27:43Z]   full KL q=4 n=10: 70000/1048576
[2026-08-31T19:27:46Z]   full KL q=4 n=10: 80000/1048576
[2026-08-31T19:27:49Z]   full KL q=4 n=10: 90000/1048576
[2026-08-31T19:27:51Z]   full KL q=4 n=10: 100000/1048576
[2026-08-31T19:27:54Z]   full KL q=4 n=10: 110000/1048576
[2026-08-31T19:27:57Z]   full KL q=4 n=10: 120000/1048576
[2026-08-31T19:28:00Z]   full KL q=4 n=10: 130000/1048576
[2026-08-31T19:28:03Z]   full KL q=4 n=10: 140000/1048576
[2026-08-31T19:28:06Z]   full KL q=4 n=10: 150000/1048576
[2026-08-31T19:28:09Z]   full KL q=4 n=10: 160000/1048576
[2026-08-31T19:28:11Z]   full KL q=4 n=10: 170000/1048576
[2026-08-31T19:28:14Z]   full KL q=4 n=10: 180000/1048576
[2026-08-31T19:28:17Z]   full KL q=4 n=10: 190000/1048576
[2026-08-31T19:28:19Z]   full KL q=4 n=10: 200000/1048576
[2026-08-31T19:28:22Z]   full KL q=4 n=10: 210000/1048576
[2026-08-31T19:28:25Z]   full KL q=4 n=10: 220000/1048576
[2026-08-31T19:28:28Z]   full KL q=4 n=10: 230000/1048576
[2026-08-31T19:28:31Z]   full KL q=4 n=10: 240000/1048576
[2026-08-31T19:28:34Z]   full KL q=4 n=10: 250000/1048576
[2026-08-31T19:28:36Z]   full KL q=4 n=10: 260000/1048576
[2026-08-31T19:28:38Z]   full KL q=4 n=10: 270000/1048576
[2026-08-31T19:28:41Z]   full KL q=4 n=10: 280000/1048576
[2026-08-31T19:28:44Z]   full KL q=4 n=10: 290000/1048576
[2026-08-31T19:28:47Z]   full KL q=4 n=10: 300000/1048576
[2026-08-31T19:28:50Z]   full KL q=4 n=10: 310000/1048576
[2026-08-31T19:28:53Z]   full KL q=4 n=10: 320000/1048576
[2026-08-31T19:28:55Z]   full KL q=4 n=10: 330000/1048576
[2026-08-31T19:28:58Z]   full KL q=4 n=10: 340000/1048576
[2026-08-31T19:29:00Z]   full KL q=4 n=10: 350000/1048576
[2026-08-31T19:29:01Z]   full KL q=4 n=10: 360000/1048576
[2026-08-31T19:29:03Z]   full KL q=4 n=10: 370000/1048576
[2026-08-31T19:29:06Z]   full KL q=4 n=10: 380000/1048576
[2026-08-31T19:29:08Z]   full KL q=4 n=10: 390000/1048576
[2026-08-31T19:29:11Z]   full KL q=4 n=10: 400000/1048576
[2026-08-31T19:29:14Z]   full KL q=4 n=10: 410000/1048576
[2026-08-31T19:29:17Z]   full KL q=4 n=10: 420000/1048576
[2026-08-31T19:29:19Z]   full KL q=4 n=10: 430000/1048576
[2026-08-31T19:29:22Z]   full KL q=4 n=10: 440000/1048576
[2026-08-31T19:29:25Z]   full KL q=4 n=10: 450000/1048576
[2026-08-31T19:29:27Z]   full KL q=4 n=10: 460000/1048576
[2026-08-31T19:29:31Z]   full KL q=4 n=10: 470000/1048576
[2026-08-31T19:29:34Z]   full KL q=4 n=10: 480000/1048576
[2026-08-31T19:29:36Z]   full KL q=4 n=10: 490000/1048576
[2026-08-31T19:29:39Z]   full KL q=4 n=10: 500000/1048576
[2026-08-31T19:29:42Z]   full KL q=4 n=10: 510000/1048576
[2026-08-31T19:29:45Z]   full KL q=4 n=10: 520000/1048576
[2026-08-31T19:29:46Z]   full KL q=4 n=10: 530000/1048576
[2026-08-31T19:29:49Z]   full KL q=4 n=10: 540000/1048576
[2026-08-31T19:29:52Z]   full KL q=4 n=10: 550000/1048576
[2026-08-31T19:29:55Z]   full KL q=4 n=10: 560000/1048576
[2026-08-31T19:29:58Z]   full KL q=4 n=10: 570000/1048576
[2026-08-31T19:30:01Z]   full KL q=4 n=10: 580000/1048576
[2026-08-31T19:30:04Z]   full KL q=4 n=10: 590000/1048576
[2026-08-31T19:30:07Z]   full KL q=4 n=10: 600000/1048576
[2026-08-31T19:30:10Z]   full KL q=4 n=10: 610000/1048576
[2026-08-31T19:30:12Z]   full KL q=4 n=10: 620000/1048576
[2026-08-31T19:30:15Z]   full KL q=4 n=10: 630000/1048576
[2026-08-31T19:30:17Z]   full KL q=4 n=10: 640000/1048576
[2026-08-31T19:30:21Z]   full KL q=4 n=10: 650000/1048576
[2026-08-31T19:30:23Z]   full KL q=4 n=10: 660000/1048576
[2026-08-31T19:30:25Z]   full KL q=4 n=10: 670000/1048576
[2026-08-31T19:30:28Z]   full KL q=4 n=10: 680000/1048576
[2026-08-31T19:30:30Z]   full KL q=4 n=10: 690000/1048576
[2026-08-31T19:30:31Z]   full KL q=4 n=10: 700000/1048576
[2026-08-31T19:30:34Z]   full KL q=4 n=10: 710000/1048576
[2026-08-31T19:30:36Z]   full KL q=4 n=10: 720000/1048576
[2026-08-31T19:30:39Z]   full KL q=4 n=10: 730000/1048576
[2026-08-31T19:30:42Z]   full KL q=4 n=10: 740000/1048576
[2026-08-31T19:30:45Z]   full KL q=4 n=10: 750000/1048576
[2026-08-31T19:30:48Z]   full KL q=4 n=10: 760000/1048576
[2026-08-31T19:30:51Z]   full KL q=4 n=10: 770000/1048576
[2026-08-31T19:30:53Z]   full KL q=4 n=10: 780000/1048576
[2026-08-31T19:30:55Z]   full KL q=4 n=10: 790000/1048576
[2026-08-31T19:30:58Z]   full KL q=4 n=10: 800000/1048576
[2026-08-31T19:31:00Z]   full KL q=4 n=10: 810000/1048576
[2026-08-31T19:31:04Z]   full KL q=4 n=10: 820000/1048576
[2026-08-31T19:31:07Z]   full KL q=4 n=10: 830000/1048576
[2026-08-31T19:31:10Z]   full KL q=4 n=10: 840000/1048576
[2026-08-31T19:31:12Z]   full KL q=4 n=10: 850000/1048576
[2026-08-31T19:31:15Z]   full KL q=4 n=10: 860000/1048576
[2026-08-31T19:31:18Z]   full KL q=4 n=10: 870000/1048576
[2026-08-31T19:31:21Z]   full KL q=4 n=10: 880000/1048576
[2026-08-31T19:31:23Z]   full KL q=4 n=10: 890000/1048576
[2026-08-31T19:31:26Z]   full KL q=4 n=10: 900000/1048576
[2026-08-31T19:31:29Z]   full KL q=4 n=10: 910000/1048576
[2026-08-31T19:31:32Z]   full KL q=4 n=10: 920000/1048576
[2026-08-31T19:31:35Z]   full KL q=4 n=10: 930000/1048576
[2026-08-31T19:31:38Z]   full KL q=4 n=10: 940000/1048576
[2026-08-31T19:31:41Z]   full KL q=4 n=10: 950000/1048576
[2026-08-31T19:31:44Z]   full KL q=4 n=10: 960000/1048576
[2026-08-31T19:31:46Z]   full KL q=4 n=10: 970000/1048576
[2026-08-31T19:31:49Z]   full KL q=4 n=10: 980000/1048576
[2026-08-31T19:31:51Z]   full KL q=4 n=10: 990000/1048576
[2026-08-31T19:31:54Z]   full KL q=4 n=10: 1000000/1048576
[2026-08-31T19:31:56Z]   full KL q=4 n=10: 1010000/1048576
[2026-08-31T19:31:58Z]   full KL q=4 n=10: 1020000/1048576
[2026-08-31T19:32:01Z]   full KL q=4 n=10: 1030000/1048576
[2026-08-31T19:32:03Z]   full KL q=4 n=10: 1040000/1048576
[2026-08-31T19:32:04Z] q=4 n=10 d=1/5 ordinal=21 status=CERTIFIED rss=1441169408
[2026-08-31T19:34:24Z]   full KL q=4 n=10: 10000/1048576
[2026-08-31T19:34:26Z]   full KL q=4 n=10: 20000/1048576
[2026-08-31T19:34:28Z]   full KL q=4 n=10: 30000/1048576
[2026-08-31T19:34:31Z]   full KL q=4 n=10: 40000/1048576
[2026-08-31T19:34:33Z]   full KL q=4 n=10: 50000/1048576
[2026-08-31T19:34:36Z]   full KL q=4 n=10: 60000/1048576
[2026-08-31T19:34:38Z]   full KL q=4 n=10: 70000/1048576
[2026-08-31T19:34:41Z]   full KL q=4 n=10: 80000/1048576
[2026-08-31T19:34:44Z]   full KL q=4 n=10: 90000/1048576
[2026-08-31T19:34:47Z]   full KL q=4 n=10: 100000/1048576
[2026-08-31T19:34:50Z]   full KL q=4 n=10: 110000/1048576
[2026-08-31T19:34:53Z]   full KL q=4 n=10: 120000/1048576
[2026-08-31T19:34:57Z]   full KL q=4 n=10: 130000/1048576
[2026-08-31T19:34:59Z]   full KL q=4 n=10: 140000/1048576
[2026-08-31T19:35:02Z]   full KL q=4 n=10: 150000/1048576
[2026-08-31T19:35:06Z]   full KL q=4 n=10: 160000/1048576
[2026-08-31T19:35:09Z]   full KL q=4 n=10: 170000/1048576
[2026-08-31T19:35:11Z]   full KL q=4 n=10: 180000/1048576
[2026-08-31T19:35:15Z]   full KL q=4 n=10: 190000/1048576
[2026-08-31T19:35:17Z]   full KL q=4 n=10: 200000/1048576
[2026-08-31T19:35:20Z]   full KL q=4 n=10: 210000/1048576
[2026-08-31T19:35:24Z]   full KL q=4 n=10: 220000/1048576
[2026-08-31T19:35:27Z]   full KL q=4 n=10: 230000/1048576
[2026-08-31T19:35:30Z]   full KL q=4 n=10: 240000/1048576
[2026-08-31T19:35:33Z]   full KL q=4 n=10: 250000/1048576
[2026-08-31T19:35:36Z]   full KL q=4 n=10: 260000/1048576
[2026-08-31T19:35:38Z]   full KL q=4 n=10: 270000/1048576
[2026-08-31T19:35:41Z]   full KL q=4 n=10: 280000/1048576
[2026-08-31T19:35:44Z]   full KL q=4 n=10: 290000/1048576
[2026-08-31T19:35:47Z]   full KL q=4 n=10: 300000/1048576
[2026-08-31T19:35:50Z]   full KL q=4 n=10: 310000/1048576
[2026-08-31T19:35:54Z]   full KL q=4 n=10: 320000/1048576
[2026-08-31T19:35:56Z]   full KL q=4 n=10: 330000/1048576
[2026-08-31T19:35:59Z]   full KL q=4 n=10: 340000/1048576
[2026-08-31T19:36:01Z]   full KL q=4 n=10: 350000/1048576
[2026-08-31T19:36:03Z]   full KL q=4 n=10: 360000/1048576
[2026-08-31T19:36:05Z]   full KL q=4 n=10: 370000/1048576
[2026-08-31T19:36:08Z]   full KL q=4 n=10: 380000/1048576
[2026-08-31T19:36:11Z]   full KL q=4 n=10: 390000/1048576
[2026-08-31T19:36:13Z]   full KL q=4 n=10: 400000/1048576
[2026-08-31T19:36:17Z]   full KL q=4 n=10: 410000/1048576
[2026-08-31T19:36:19Z]   full KL q=4 n=10: 420000/1048576
[2026-08-31T19:36:22Z]   full KL q=4 n=10: 430000/1048576
[2026-08-31T19:36:25Z]   full KL q=4 n=10: 440000/1048576
[2026-08-31T19:36:28Z]   full KL q=4 n=10: 450000/1048576
[2026-08-31T19:36:31Z]   full KL q=4 n=10: 460000/1048576
[2026-08-31T19:36:34Z]   full KL q=4 n=10: 470000/1048576
[2026-08-31T19:36:38Z]   full KL q=4 n=10: 480000/1048576
[2026-08-31T19:36:41Z]   full KL q=4 n=10: 490000/1048576
[2026-08-31T19:36:44Z]   full KL q=4 n=10: 500000/1048576
[2026-08-31T19:36:47Z]   full KL q=4 n=10: 510000/1048576
[2026-08-31T19:36:50Z]   full KL q=4 n=10: 520000/1048576
[2026-08-31T19:36:52Z]   full KL q=4 n=10: 530000/1048576
[2026-08-31T19:36:54Z]   full KL q=4 n=10: 540000/1048576
[2026-08-31T19:36:58Z]   full KL q=4 n=10: 550000/1048576
[2026-08-31T19:37:01Z]   full KL q=4 n=10: 560000/1048576
[2026-08-31T19:37:04Z]   full KL q=4 n=10: 570000/1048576
[2026-08-31T19:37:07Z]   full KL q=4 n=10: 580000/1048576
[2026-08-31T19:37:10Z]   full KL q=4 n=10: 590000/1048576
[2026-08-31T19:37:13Z]   full KL q=4 n=10: 600000/1048576
[2026-08-31T19:37:17Z]   full KL q=4 n=10: 610000/1048576
[2026-08-31T19:37:19Z]   full KL q=4 n=10: 620000/1048576
[2026-08-31T19:37:22Z]   full KL q=4 n=10: 630000/1048576
[2026-08-31T19:37:25Z]   full KL q=4 n=10: 640000/1048576
[2026-08-31T19:37:28Z]   full KL q=4 n=10: 650000/1048576
[2026-08-31T19:37:31Z]   full KL q=4 n=10: 660000/1048576
[2026-08-31T19:37:34Z]   full KL q=4 n=10: 670000/1048576
[2026-08-31T19:37:36Z]   full KL q=4 n=10: 680000/1048576
[2026-08-31T19:37:39Z]   full KL q=4 n=10: 690000/1048576
[2026-08-31T19:37:40Z]   full KL q=4 n=10: 700000/1048576
[2026-08-31T19:37:43Z]   full KL q=4 n=10: 710000/1048576
[2026-08-31T19:37:45Z]   full KL q=4 n=10: 720000/1048576
[2026-08-31T19:37:48Z]   full KL q=4 n=10: 730000/1048576
[2026-08-31T19:37:51Z]   full KL q=4 n=10: 740000/1048576
[2026-08-31T19:37:55Z]   full KL q=4 n=10: 750000/1048576
[2026-08-31T19:37:58Z]   full KL q=4 n=10: 760000/1048576
[2026-08-31T19:38:01Z]   full KL q=4 n=10: 770000/1048576
[2026-08-31T19:38:03Z]   full KL q=4 n=10: 780000/1048576
[2026-08-31T19:38:05Z]   full KL q=4 n=10: 790000/1048576
[2026-08-31T19:38:08Z]   full KL q=4 n=10: 800000/1048576
[2026-08-31T19:38:11Z]   full KL q=4 n=10: 810000/1048576
[2026-08-31T19:38:14Z]   full KL q=4 n=10: 820000/1048576
[2026-08-31T19:38:18Z]   full KL q=4 n=10: 830000/1048576
[2026-08-31T19:38:21Z]   full KL q=4 n=10: 840000/1048576
[2026-08-31T19:38:24Z]   full KL q=4 n=10: 850000/1048576
[2026-08-31T19:38:27Z]   full KL q=4 n=10: 860000/1048576
[2026-08-31T19:38:30Z]   full KL q=4 n=10: 870000/1048576
[2026-08-31T19:38:33Z]   full KL q=4 n=10: 880000/1048576
[2026-08-31T19:38:36Z]   full KL q=4 n=10: 890000/1048576
[2026-08-31T19:38:39Z]   full KL q=4 n=10: 900000/1048576
[2026-08-31T19:38:42Z]   full KL q=4 n=10: 910000/1048576
[2026-08-31T19:38:45Z]   full KL q=4 n=10: 920000/1048576
[2026-08-31T19:38:48Z]   full KL q=4 n=10: 930000/1048576
[2026-08-31T19:38:52Z]   full KL q=4 n=10: 940000/1048576
[2026-08-31T19:38:55Z]   full KL q=4 n=10: 950000/1048576
[2026-08-31T19:38:58Z]   full KL q=4 n=10: 960000/1048576
[2026-08-31T19:39:00Z]   full KL q=4 n=10: 970000/1048576
[2026-08-31T19:39:03Z]   full KL q=4 n=10: 980000/1048576
[2026-08-31T19:39:06Z]   full KL q=4 n=10: 990000/1048576
[2026-08-31T19:39:08Z]   full KL q=4 n=10: 1000000/1048576
[2026-08-31T19:39:11Z]   full KL q=4 n=10: 1010000/1048576
[2026-08-31T19:39:14Z]   full KL q=4 n=10: 1020000/1048576
[2026-08-31T19:39:16Z]   full KL q=4 n=10: 1030000/1048576
[2026-08-31T19:39:18Z]   full KL q=4 n=10: 1040000/1048576
[2026-08-31T19:39:30Z]   full KL q=4 n=10: 10000/1048576
[2026-08-31T19:39:32Z]   full KL q=4 n=10: 20000/1048576
[2026-08-31T19:39:34Z]   full KL q=4 n=10: 30000/1048576
[2026-08-31T19:39:36Z]   full KL q=4 n=10: 40000/1048576
[2026-08-31T19:39:39Z]   full KL q=4 n=10: 50000/1048576
[2026-08-31T19:39:41Z]   full KL q=4 n=10: 60000/1048576
[2026-08-31T19:39:43Z]   full KL q=4 n=10: 70000/1048576
[2026-08-31T19:39:46Z]   full KL q=4 n=10: 80000/1048576
[2026-08-31T19:39:48Z]   full KL q=4 n=10: 90000/1048576
[2026-08-31T19:39:51Z]   full KL q=4 n=10: 100000/1048576
[2026-08-31T19:39:54Z]   full KL q=4 n=10: 110000/1048576
[2026-08-31T19:39:57Z]   full KL q=4 n=10: 120000/1048576
[2026-08-31T19:40:00Z]   full KL q=4 n=10: 130000/1048576
[2026-08-31T19:40:03Z]   full KL q=4 n=10: 140000/1048576
[2026-08-31T19:40:06Z]   full KL q=4 n=10: 150000/1048576
[2026-08-31T19:40:09Z]   full KL q=4 n=10: 160000/1048576
[2026-08-31T19:40:12Z]   full KL q=4 n=10: 170000/1048576
[2026-08-31T19:40:14Z]   full KL q=4 n=10: 180000/1048576
[2026-08-31T19:40:17Z]   full KL q=4 n=10: 190000/1048576
[2026-08-31T19:40:20Z]   full KL q=4 n=10: 200000/1048576
[2026-08-31T19:40:23Z]   full KL q=4 n=10: 210000/1048576
[2026-08-31T19:40:25Z]   full KL q=4 n=10: 220000/1048576
[2026-08-31T19:40:29Z]   full KL q=4 n=10: 230000/1048576
[2026-08-31T19:40:32Z]   full KL q=4 n=10: 240000/1048576
[2026-08-31T19:40:34Z]   full KL q=4 n=10: 250000/1048576
[2026-08-31T19:40:37Z]   full KL q=4 n=10: 260000/1048576
[2026-08-31T19:40:39Z]   full KL q=4 n=10: 270000/1048576
[2026-08-31T19:40:41Z]   full KL q=4 n=10: 280000/1048576
[2026-08-31T19:40:44Z]   full KL q=4 n=10: 290000/1048576
[2026-08-31T19:40:47Z]   full KL q=4 n=10: 300000/1048576
[2026-08-31T19:40:50Z]   full KL q=4 n=10: 310000/1048576
[2026-08-31T19:40:53Z]   full KL q=4 n=10: 320000/1048576
[2026-08-31T19:40:56Z]   full KL q=4 n=10: 330000/1048576
[2026-08-31T19:40:58Z]   full KL q=4 n=10: 340000/1048576
[2026-08-31T19:41:00Z]   full KL q=4 n=10: 350000/1048576
[2026-08-31T19:41:02Z]   full KL q=4 n=10: 360000/1048576
[2026-08-31T19:41:04Z]   full KL q=4 n=10: 370000/1048576
[2026-08-31T19:41:07Z]   full KL q=4 n=10: 380000/1048576
[2026-08-31T19:41:09Z]   full KL q=4 n=10: 390000/1048576
[2026-08-31T19:41:12Z]   full KL q=4 n=10: 400000/1048576
[2026-08-31T19:41:15Z]   full KL q=4 n=10: 410000/1048576
[2026-08-31T19:41:17Z]   full KL q=4 n=10: 420000/1048576
[2026-08-31T19:41:20Z]   full KL q=4 n=10: 430000/1048576
[2026-08-31T19:41:22Z]   full KL q=4 n=10: 440000/1048576
[2026-08-31T19:41:25Z]   full KL q=4 n=10: 450000/1048576
[2026-08-31T19:41:28Z]   full KL q=4 n=10: 460000/1048576
[2026-08-31T19:41:31Z]   full KL q=4 n=10: 470000/1048576
[2026-08-31T19:41:34Z]   full KL q=4 n=10: 480000/1048576
[2026-08-31T19:41:37Z]   full KL q=4 n=10: 490000/1048576
[2026-08-31T19:41:40Z]   full KL q=4 n=10: 500000/1048576
[2026-08-31T19:41:43Z]   full KL q=4 n=10: 510000/1048576
[2026-08-31T19:41:45Z]   full KL q=4 n=10: 520000/1048576
[2026-08-31T19:41:47Z]   full KL q=4 n=10: 530000/1048576
[2026-08-31T19:41:50Z]   full KL q=4 n=10: 540000/1048576
[2026-08-31T19:41:53Z]   full KL q=4 n=10: 550000/1048576
[2026-08-31T19:41:56Z]   full KL q=4 n=10: 560000/1048576
[2026-08-31T19:41:59Z]   full KL q=4 n=10: 570000/1048576
[2026-08-31T19:42:02Z]   full KL q=4 n=10: 580000/1048576
[2026-08-31T19:42:05Z]   full KL q=4 n=10: 590000/1048576
[2026-08-31T19:42:08Z]   full KL q=4 n=10: 600000/1048576
[2026-08-31T19:42:11Z]   full KL q=4 n=10: 610000/1048576
[2026-08-31T19:42:13Z]   full KL q=4 n=10: 620000/1048576
[2026-08-31T19:42:16Z]   full KL q=4 n=10: 630000/1048576
[2026-08-31T19:42:18Z]   full KL q=4 n=10: 640000/1048576
[2026-08-31T19:42:21Z]   full KL q=4 n=10: 650000/1048576
[2026-08-31T19:42:24Z]   full KL q=4 n=10: 660000/1048576
[2026-08-31T19:42:26Z]   full KL q=4 n=10: 670000/1048576
[2026-08-31T19:42:29Z]   full KL q=4 n=10: 680000/1048576
[2026-08-31T19:42:31Z]   full KL q=4 n=10: 690000/1048576
[2026-08-31T19:42:33Z]   full KL q=4 n=10: 700000/1048576
[2026-08-31T19:42:35Z]   full KL q=4 n=10: 710000/1048576
[2026-08-31T19:42:38Z]   full KL q=4 n=10: 720000/1048576
[2026-08-31T19:42:41Z]   full KL q=4 n=10: 730000/1048576
[2026-08-31T19:42:44Z]   full KL q=4 n=10: 740000/1048576
[2026-08-31T19:42:47Z]   full KL q=4 n=10: 750000/1048576
[2026-08-31T19:42:50Z]   full KL q=4 n=10: 760000/1048576
[2026-08-31T19:42:53Z]   full KL q=4 n=10: 770000/1048576
[2026-08-31T19:42:55Z]   full KL q=4 n=10: 780000/1048576
[2026-08-31T19:42:57Z]   full KL q=4 n=10: 790000/1048576
[2026-08-31T19:43:00Z]   full KL q=4 n=10: 800000/1048576
[2026-08-31T19:43:02Z]   full KL q=4 n=10: 810000/1048576
[2026-08-31T19:43:06Z]   full KL q=4 n=10: 820000/1048576
[2026-08-31T19:43:09Z]   full KL q=4 n=10: 830000/1048576
[2026-08-31T19:43:12Z]   full KL q=4 n=10: 840000/1048576
[2026-08-31T19:43:15Z]   full KL q=4 n=10: 850000/1048576
[2026-08-31T19:43:17Z]   full KL q=4 n=10: 860000/1048576
[2026-08-31T19:43:20Z]   full KL q=4 n=10: 870000/1048576
[2026-08-31T19:43:23Z]   full KL q=4 n=10: 880000/1048576
[2026-08-31T19:43:26Z]   full KL q=4 n=10: 890000/1048576
[2026-08-31T19:43:29Z]   full KL q=4 n=10: 900000/1048576
[2026-08-31T19:43:32Z]   full KL q=4 n=10: 910000/1048576
[2026-08-31T19:43:34Z]   full KL q=4 n=10: 920000/1048576
[2026-08-31T19:43:37Z]   full KL q=4 n=10: 930000/1048576
[2026-08-31T19:43:41Z]   full KL q=4 n=10: 940000/1048576
[2026-08-31T19:43:44Z]   full KL q=4 n=10: 950000/1048576
[2026-08-31T19:43:46Z]   full KL q=4 n=10: 960000/1048576
[2026-08-31T19:43:49Z]   full KL q=4 n=10: 970000/1048576
[2026-08-31T19:43:52Z]   full KL q=4 n=10: 980000/1048576
[2026-08-31T19:43:54Z]   full KL q=4 n=10: 990000/1048576
[2026-08-31T19:43:56Z]   full KL q=4 n=10: 1000000/1048576
[2026-08-31T19:43:59Z]   full KL q=4 n=10: 1010000/1048576
[2026-08-31T19:44:01Z]   full KL q=4 n=10: 1020000/1048576
[2026-08-31T19:44:03Z]   full KL q=4 n=10: 1030000/1048576
[2026-08-31T19:44:05Z]   full KL q=4 n=10: 1040000/1048576
[2026-08-31T19:44:17Z]   full KL q=4 n=10: 10000/1048576
[2026-08-31T19:44:18Z]   full KL q=4 n=10: 20000/1048576
[2026-08-31T19:44:21Z]   full KL q=4 n=10: 30000/1048576
[2026-08-31T19:44:23Z]   full KL q=4 n=10: 40000/1048576
[2026-08-31T19:44:25Z]   full KL q=4 n=10: 50000/1048576
[2026-08-31T19:44:28Z]   full KL q=4 n=10: 60000/1048576
[2026-08-31T19:44:30Z]   full KL q=4 n=10: 70000/1048576
[2026-08-31T19:44:33Z]   full KL q=4 n=10: 80000/1048576
[2026-08-31T19:44:35Z]   full KL q=4 n=10: 90000/1048576
[2026-08-31T19:44:38Z]   full KL q=4 n=10: 100000/1048576
[2026-08-31T19:44:41Z]   full KL q=4 n=10: 110000/1048576
[2026-08-31T19:44:44Z]   full KL q=4 n=10: 120000/1048576
[2026-08-31T19:44:47Z]   full KL q=4 n=10: 130000/1048576
[2026-08-31T19:44:50Z]   full KL q=4 n=10: 140000/1048576
[2026-08-31T19:44:52Z]   full KL q=4 n=10: 150000/1048576
[2026-08-31T19:44:55Z]   full KL q=4 n=10: 160000/1048576
[2026-08-31T19:44:58Z]   full KL q=4 n=10: 170000/1048576
[2026-08-31T19:45:01Z]   full KL q=4 n=10: 180000/1048576
[2026-08-31T19:45:04Z]   full KL q=4 n=10: 190000/1048576
[2026-08-31T19:45:06Z]   full KL q=4 n=10: 200000/1048576
[2026-08-31T19:45:09Z]   full KL q=4 n=10: 210000/1048576
[2026-08-31T19:45:12Z]   full KL q=4 n=10: 220000/1048576
[2026-08-31T19:45:15Z]   full KL q=4 n=10: 230000/1048576
[2026-08-31T19:45:19Z]   full KL q=4 n=10: 240000/1048576
[2026-08-31T19:45:21Z]   full KL q=4 n=10: 250000/1048576
[2026-08-31T19:45:24Z]   full KL q=4 n=10: 260000/1048576
[2026-08-31T19:45:26Z]   full KL q=4 n=10: 270000/1048576
[2026-08-31T19:45:28Z]   full KL q=4 n=10: 280000/1048576
[2026-08-31T19:45:31Z]   full KL q=4 n=10: 290000/1048576
[2026-08-31T19:45:34Z]   full KL q=4 n=10: 300000/1048576
[2026-08-31T19:45:37Z]   full KL q=4 n=10: 310000/1048576
[2026-08-31T19:45:40Z]   full KL q=4 n=10: 320000/1048576
[2026-08-31T19:45:43Z]   full KL q=4 n=10: 330000/1048576
[2026-08-31T19:45:45Z]   full KL q=4 n=10: 340000/1048576
[2026-08-31T19:45:47Z]   full KL q=4 n=10: 350000/1048576
[2026-08-31T19:45:48Z]   full KL q=4 n=10: 360000/1048576
[2026-08-31T19:45:51Z]   full KL q=4 n=10: 370000/1048576
[2026-08-31T19:45:53Z]   full KL q=4 n=10: 380000/1048576
[2026-08-31T19:45:56Z]   full KL q=4 n=10: 390000/1048576
[2026-08-31T19:45:58Z]   full KL q=4 n=10: 400000/1048576
[2026-08-31T19:46:01Z]   full KL q=4 n=10: 410000/1048576
[2026-08-31T19:46:04Z]   full KL q=4 n=10: 420000/1048576
[2026-08-31T19:46:07Z]   full KL q=4 n=10: 430000/1048576
[2026-08-31T19:46:09Z]   full KL q=4 n=10: 440000/1048576
[2026-08-31T19:46:12Z]   full KL q=4 n=10: 450000/1048576
[2026-08-31T19:46:15Z]   full KL q=4 n=10: 460000/1048576
[2026-08-31T19:46:18Z]   full KL q=4 n=10: 470000/1048576
[2026-08-31T19:46:21Z]   full KL q=4 n=10: 480000/1048576
[2026-08-31T19:46:24Z]   full KL q=4 n=10: 490000/1048576
[2026-08-31T19:46:27Z]   full KL q=4 n=10: 500000/1048576
[2026-08-31T19:46:30Z]   full KL q=4 n=10: 510000/1048576
[2026-08-31T19:46:33Z]   full KL q=4 n=10: 520000/1048576
[2026-08-31T19:46:34Z]   full KL q=4 n=10: 530000/1048576
[2026-08-31T19:46:37Z]   full KL q=4 n=10: 540000/1048576
[2026-08-31T19:46:40Z]   full KL q=4 n=10: 550000/1048576
[2026-08-31T19:46:43Z]   full KL q=4 n=10: 560000/1048576
[2026-08-31T19:46:46Z]   full KL q=4 n=10: 570000/1048576
[2026-08-31T19:46:49Z]   full KL q=4 n=10: 580000/1048576
[2026-08-31T19:46:52Z]   full KL q=4 n=10: 590000/1048576
[2026-08-31T19:46:55Z]   full KL q=4 n=10: 600000/1048576
[2026-08-31T19:46:58Z]   full KL q=4 n=10: 610000/1048576
[2026-08-31T19:47:00Z]   full KL q=4 n=10: 620000/1048576
[2026-08-31T19:47:03Z]   full KL q=4 n=10: 630000/1048576
[2026-08-31T19:47:05Z]   full KL q=4 n=10: 640000/1048576
[2026-08-31T19:47:09Z]   full KL q=4 n=10: 650000/1048576
[2026-08-31T19:47:11Z]   full KL q=4 n=10: 660000/1048576
[2026-08-31T19:47:13Z]   full KL q=4 n=10: 670000/1048576
[2026-08-31T19:47:16Z]   full KL q=4 n=10: 680000/1048576
[2026-08-31T19:47:18Z]   full KL q=4 n=10: 690000/1048576
[2026-08-31T19:47:19Z]   full KL q=4 n=10: 700000/1048576
[2026-08-31T19:47:22Z]   full KL q=4 n=10: 710000/1048576
[2026-08-31T19:47:24Z]   full KL q=4 n=10: 720000/1048576
[2026-08-31T19:47:27Z]   full KL q=4 n=10: 730000/1048576
[2026-08-31T19:47:30Z]   full KL q=4 n=10: 740000/1048576
[2026-08-31T19:47:33Z]   full KL q=4 n=10: 750000/1048576
[2026-08-31T19:47:36Z]   full KL q=4 n=10: 760000/1048576
[2026-08-31T19:47:39Z]   full KL q=4 n=10: 770000/1048576
[2026-08-31T19:47:41Z]   full KL q=4 n=10: 780000/1048576
[2026-08-31T19:47:43Z]   full KL q=4 n=10: 790000/1048576
[2026-08-31T19:47:46Z]   full KL q=4 n=10: 800000/1048576
[2026-08-31T19:47:48Z]   full KL q=4 n=10: 810000/1048576
[2026-08-31T19:47:52Z]   full KL q=4 n=10: 820000/1048576
[2026-08-31T19:47:55Z]   full KL q=4 n=10: 830000/1048576
[2026-08-31T19:47:58Z]   full KL q=4 n=10: 840000/1048576
[2026-08-31T19:48:01Z]   full KL q=4 n=10: 850000/1048576
[2026-08-31T19:48:03Z]   full KL q=4 n=10: 860000/1048576
[2026-08-31T19:48:06Z]   full KL q=4 n=10: 870000/1048576
[2026-08-31T19:48:09Z]   full KL q=4 n=10: 880000/1048576
[2026-08-31T19:48:12Z]   full KL q=4 n=10: 890000/1048576
[2026-08-31T19:48:15Z]   full KL q=4 n=10: 900000/1048576
[2026-08-31T19:48:17Z]   full KL q=4 n=10: 910000/1048576
[2026-08-31T19:48:20Z]   full KL q=4 n=10: 920000/1048576
[2026-08-31T19:48:23Z]   full KL q=4 n=10: 930000/1048576
[2026-08-31T19:48:26Z]   full KL q=4 n=10: 940000/1048576
[2026-08-31T19:48:29Z]   full KL q=4 n=10: 950000/1048576
[2026-08-31T19:48:32Z]   full KL q=4 n=10: 960000/1048576
[2026-08-31T19:48:34Z]   full KL q=4 n=10: 970000/1048576
[2026-08-31T19:48:37Z]   full KL q=4 n=10: 980000/1048576
[2026-08-31T19:48:39Z]   full KL q=4 n=10: 990000/1048576
[2026-08-31T19:48:42Z]   full KL q=4 n=10: 1000000/1048576
[2026-08-31T19:48:44Z]   full KL q=4 n=10: 1010000/1048576
[2026-08-31T19:48:47Z]   full KL q=4 n=10: 1020000/1048576
[2026-08-31T19:48:49Z]   full KL q=4 n=10: 1030000/1048576
[2026-08-31T19:48:51Z]   full KL q=4 n=10: 1040000/1048576
[2026-08-31T19:48:52Z] q=4 n=10 d=1/10 ordinal=22 status=CERTIFIED rss=1441169408
[2026-08-31T19:51:12Z]   full KL q=4 n=10: 10000/1048576
[2026-08-31T19:51:15Z]   full KL q=4 n=10: 20000/1048576
[2026-08-31T19:51:17Z]   full KL q=4 n=10: 30000/1048576
[2026-08-31T19:51:20Z]   full KL q=4 n=10: 40000/1048576
[2026-08-31T19:51:22Z]   full KL q=4 n=10: 50000/1048576
[2026-08-31T19:51:25Z]   full KL q=4 n=10: 60000/1048576
[2026-08-31T19:51:27Z]   full KL q=4 n=10: 70000/1048576
[2026-08-31T19:51:30Z]   full KL q=4 n=10: 80000/1048576
[2026-08-31T19:51:33Z]   full KL q=4 n=10: 90000/1048576
[2026-08-31T19:51:36Z]   full KL q=4 n=10: 100000/1048576
[2026-08-31T19:51:39Z]   full KL q=4 n=10: 110000/1048576
[2026-08-31T19:51:42Z]   full KL q=4 n=10: 120000/1048576
[2026-08-31T19:51:46Z]   full KL q=4 n=10: 130000/1048576
[2026-08-31T19:51:48Z]   full KL q=4 n=10: 140000/1048576
[2026-08-31T19:51:51Z]   full KL q=4 n=10: 150000/1048576
[2026-08-31T19:51:54Z]   full KL q=4 n=10: 160000/1048576
[2026-08-31T19:51:57Z]   full KL q=4 n=10: 170000/1048576
[2026-08-31T19:52:00Z]   full KL q=4 n=10: 180000/1048576
[2026-08-31T19:52:03Z]   full KL q=4 n=10: 190000/1048576
[2026-08-31T19:52:06Z]   full KL q=4 n=10: 200000/1048576
[2026-08-31T19:52:09Z]   full KL q=4 n=10: 210000/1048576
[2026-08-31T19:52:12Z]   full KL q=4 n=10: 220000/1048576
[2026-08-31T19:52:15Z]   full KL q=4 n=10: 230000/1048576
[2026-08-31T19:52:19Z]   full KL q=4 n=10: 240000/1048576
[2026-08-31T19:52:22Z]   full KL q=4 n=10: 250000/1048576
[2026-08-31T19:52:24Z]   full KL q=4 n=10: 260000/1048576
[2026-08-31T19:52:26Z]   full KL q=4 n=10: 270000/1048576
[2026-08-31T19:52:29Z]   full KL q=4 n=10: 280000/1048576
[2026-08-31T19:52:32Z]   full KL q=4 n=10: 290000/1048576
[2026-08-31T19:52:35Z]   full KL q=4 n=10: 300000/1048576
[2026-08-31T19:52:39Z]   full KL q=4 n=10: 310000/1048576
[2026-08-31T19:52:42Z]   full KL q=4 n=10: 320000/1048576
[2026-08-31T19:52:45Z]   full KL q=4 n=10: 330000/1048576
[2026-08-31T19:52:47Z]   full KL q=4 n=10: 340000/1048576
[2026-08-31T19:52:49Z]   full KL q=4 n=10: 350000/1048576
[2026-08-31T19:52:51Z]   full KL q=4 n=10: 360000/1048576
[2026-08-31T19:52:54Z]   full KL q=4 n=10: 370000/1048576
[2026-08-31T19:52:56Z]   full KL q=4 n=10: 380000/1048576
[2026-08-31T19:52:59Z]   full KL q=4 n=10: 390000/1048576
[2026-08-31T19:53:01Z]   full KL q=4 n=10: 400000/1048576
[2026-08-31T19:53:05Z]   full KL q=4 n=10: 410000/1048576
[2026-08-31T19:53:08Z]   full KL q=4 n=10: 420000/1048576
[2026-08-31T19:53:10Z]   full KL q=4 n=10: 430000/1048576
[2026-08-31T19:53:13Z]   full KL q=4 n=10: 440000/1048576
[2026-08-31T19:53:16Z]   full KL q=4 n=10: 450000/1048576
[2026-08-31T19:53:19Z]   full KL q=4 n=10: 460000/1048576
[2026-08-31T19:53:23Z]   full KL q=4 n=10: 470000/1048576
[2026-08-31T19:53:26Z]   full KL q=4 n=10: 480000/1048576
[2026-08-31T19:53:29Z]   full KL q=4 n=10: 490000/1048576
[2026-08-31T19:53:32Z]   full KL q=4 n=10: 500000/1048576
[2026-08-31T19:53:35Z]   full KL q=4 n=10: 510000/1048576
[2026-08-31T19:53:38Z]   full KL q=4 n=10: 520000/1048576
[2026-08-31T19:53:40Z]   full KL q=4 n=10: 530000/1048576
[2026-08-31T19:53:42Z]   full KL q=4 n=10: 540000/1048576
[2026-08-31T19:53:46Z]   full KL q=4 n=10: 550000/1048576
[2026-08-31T19:53:49Z]   full KL q=4 n=10: 560000/1048576
[2026-08-31T19:53:52Z]   full KL q=4 n=10: 570000/1048576
[2026-08-31T19:53:55Z]   full KL q=4 n=10: 580000/1048576
[2026-08-31T19:53:58Z]   full KL q=4 n=10: 590000/1048576
[2026-08-31T19:54:01Z]   full KL q=4 n=10: 600000/1048576
[2026-08-31T19:54:05Z]   full KL q=4 n=10: 610000/1048576
[2026-08-31T19:54:07Z]   full KL q=4 n=10: 620000/1048576
[2026-08-31T19:54:10Z]   full KL q=4 n=10: 630000/1048576
[2026-08-31T19:54:13Z]   full KL q=4 n=10: 640000/1048576
[2026-08-31T19:54:16Z]   full KL q=4 n=10: 650000/1048576
[2026-08-31T19:54:19Z]   full KL q=4 n=10: 660000/1048576
[2026-08-31T19:54:21Z]   full KL q=4 n=10: 670000/1048576
[2026-08-31T19:54:24Z]   full KL q=4 n=10: 680000/1048576
[2026-08-31T19:54:26Z]   full KL q=4 n=10: 690000/1048576
[2026-08-31T19:54:28Z]   full KL q=4 n=10: 700000/1048576
[2026-08-31T19:54:30Z]   full KL q=4 n=10: 710000/1048576
[2026-08-31T19:54:32Z]   full KL q=4 n=10: 720000/1048576
[2026-08-31T19:54:36Z]   full KL q=4 n=10: 730000/1048576
[2026-08-31T19:54:39Z]   full KL q=4 n=10: 740000/1048576
[2026-08-31T19:54:42Z]   full KL q=4 n=10: 750000/1048576
[2026-08-31T19:54:46Z]   full KL q=4 n=10: 760000/1048576
[2026-08-31T19:54:48Z]   full KL q=4 n=10: 770000/1048576
[2026-08-31T19:54:51Z]   full KL q=4 n=10: 780000/1048576
[2026-08-31T19:54:53Z]   full KL q=4 n=10: 790000/1048576
[2026-08-31T19:54:56Z]   full KL q=4 n=10: 800000/1048576
[2026-08-31T19:54:59Z]   full KL q=4 n=10: 810000/1048576
[2026-08-31T19:55:02Z]   full KL q=4 n=10: 820000/1048576
[2026-08-31T19:55:06Z]   full KL q=4 n=10: 830000/1048576
[2026-08-31T19:55:09Z]   full KL q=4 n=10: 840000/1048576
[2026-08-31T19:55:12Z]   full KL q=4 n=10: 850000/1048576
[2026-08-31T19:55:15Z]   full KL q=4 n=10: 860000/1048576
[2026-08-31T19:55:18Z]   full KL q=4 n=10: 870000/1048576
[2026-08-31T19:55:21Z]   full KL q=4 n=10: 880000/1048576
[2026-08-31T19:55:24Z]   full KL q=4 n=10: 890000/1048576
[2026-08-31T19:55:27Z]   full KL q=4 n=10: 900000/1048576
[2026-08-31T19:55:30Z]   full KL q=4 n=10: 910000/1048576
[2026-08-31T19:55:33Z]   full KL q=4 n=10: 920000/1048576
[2026-08-31T19:55:36Z]   full KL q=4 n=10: 930000/1048576
[2026-08-31T19:55:39Z]   full KL q=4 n=10: 940000/1048576
[2026-08-31T19:55:43Z]   full KL q=4 n=10: 950000/1048576
[2026-08-31T19:55:45Z]   full KL q=4 n=10: 960000/1048576
[2026-08-31T19:55:48Z]   full KL q=4 n=10: 970000/1048576
[2026-08-31T19:55:51Z]   full KL q=4 n=10: 980000/1048576
[2026-08-31T19:55:53Z]   full KL q=4 n=10: 990000/1048576
[2026-08-31T19:55:56Z]   full KL q=4 n=10: 1000000/1048576
[2026-08-31T19:55:58Z]   full KL q=4 n=10: 1010000/1048576
[2026-08-31T19:56:01Z]   full KL q=4 n=10: 1020000/1048576
[2026-08-31T19:56:03Z]   full KL q=4 n=10: 1030000/1048576
[2026-08-31T19:56:05Z]   full KL q=4 n=10: 1040000/1048576
[2026-08-31T19:56:17Z]   full KL q=4 n=10: 10000/1048576
[2026-08-31T19:56:19Z]   full KL q=4 n=10: 20000/1048576
[2026-08-31T19:56:21Z]   full KL q=4 n=10: 30000/1048576
[2026-08-31T19:56:24Z]   full KL q=4 n=10: 40000/1048576
[2026-08-31T19:56:26Z]   full KL q=4 n=10: 50000/1048576
[2026-08-31T19:56:28Z]   full KL q=4 n=10: 60000/1048576
[2026-08-31T19:56:31Z]   full KL q=4 n=10: 70000/1048576
[2026-08-31T19:56:33Z]   full KL q=4 n=10: 80000/1048576
[2026-08-31T19:56:36Z]   full KL q=4 n=10: 90000/1048576
[2026-08-31T19:56:38Z]   full KL q=4 n=10: 100000/1048576
[2026-08-31T19:56:41Z]   full KL q=4 n=10: 110000/1048576
[2026-08-31T19:56:45Z]   full KL q=4 n=10: 120000/1048576
[2026-08-31T19:56:48Z]   full KL q=4 n=10: 130000/1048576
[2026-08-31T19:56:50Z]   full KL q=4 n=10: 140000/1048576
[2026-08-31T19:56:53Z]   full KL q=4 n=10: 150000/1048576
[2026-08-31T19:56:56Z]   full KL q=4 n=10: 160000/1048576
[2026-08-31T19:56:59Z]   full KL q=4 n=10: 170000/1048576
[2026-08-31T19:57:01Z]   full KL q=4 n=10: 180000/1048576
[2026-08-31T19:57:04Z]   full KL q=4 n=10: 190000/1048576
[2026-08-31T19:57:07Z]   full KL q=4 n=10: 200000/1048576
[2026-08-31T19:57:10Z]   full KL q=4 n=10: 210000/1048576
[2026-08-31T19:57:13Z]   full KL q=4 n=10: 220000/1048576
[2026-08-31T19:57:16Z]   full KL q=4 n=10: 230000/1048576
[2026-08-31T19:57:19Z]   full KL q=4 n=10: 240000/1048576
[2026-08-31T19:57:22Z]   full KL q=4 n=10: 250000/1048576
[2026-08-31T19:57:24Z]   full KL q=4 n=10: 260000/1048576
[2026-08-31T19:57:26Z]   full KL q=4 n=10: 270000/1048576
[2026-08-31T19:57:29Z]   full KL q=4 n=10: 280000/1048576
[2026-08-31T19:57:31Z]   full KL q=4 n=10: 290000/1048576
[2026-08-31T19:57:34Z]   full KL q=4 n=10: 300000/1048576
[2026-08-31T19:57:38Z]   full KL q=4 n=10: 310000/1048576
[2026-08-31T19:57:41Z]   full KL q=4 n=10: 320000/1048576
[2026-08-31T19:57:43Z]   full KL q=4 n=10: 330000/1048576
[2026-08-31T19:57:46Z]   full KL q=4 n=10: 340000/1048576
[2026-08-31T19:57:48Z]   full KL q=4 n=10: 350000/1048576
[2026-08-31T19:57:49Z]   full KL q=4 n=10: 360000/1048576
[2026-08-31T19:57:52Z]   full KL q=4 n=10: 370000/1048576
[2026-08-31T19:57:54Z]   full KL q=4 n=10: 380000/1048576
[2026-08-31T19:57:57Z]   full KL q=4 n=10: 390000/1048576
[2026-08-31T19:57:59Z]   full KL q=4 n=10: 400000/1048576
[2026-08-31T19:58:02Z]   full KL q=4 n=10: 410000/1048576
[2026-08-31T19:58:05Z]   full KL q=4 n=10: 420000/1048576
[2026-08-31T19:58:08Z]   full KL q=4 n=10: 430000/1048576
[2026-08-31T19:58:10Z]   full KL q=4 n=10: 440000/1048576
[2026-08-31T19:58:13Z]   full KL q=4 n=10: 450000/1048576
[2026-08-31T19:58:16Z]   full KL q=4 n=10: 460000/1048576
[2026-08-31T19:58:19Z]   full KL q=4 n=10: 470000/1048576
[2026-08-31T19:58:22Z]   full KL q=4 n=10: 480000/1048576
[2026-08-31T19:58:25Z]   full KL q=4 n=10: 490000/1048576
[2026-08-31T19:58:28Z]   full KL q=4 n=10: 500000/1048576
[2026-08-31T19:58:31Z]   full KL q=4 n=10: 510000/1048576
[2026-08-31T19:58:33Z]   full KL q=4 n=10: 520000/1048576
[2026-08-31T19:58:35Z]   full KL q=4 n=10: 530000/1048576
[2026-08-31T19:58:38Z]   full KL q=4 n=10: 540000/1048576
[2026-08-31T19:58:40Z]   full KL q=4 n=10: 550000/1048576
[2026-08-31T19:58:44Z]   full KL q=4 n=10: 560000/1048576
[2026-08-31T19:58:46Z]   full KL q=4 n=10: 570000/1048576
[2026-08-31T19:58:49Z]   full KL q=4 n=10: 580000/1048576
[2026-08-31T19:58:52Z]   full KL q=4 n=10: 590000/1048576
[2026-08-31T19:58:55Z]   full KL q=4 n=10: 600000/1048576
[2026-08-31T19:58:58Z]   full KL q=4 n=10: 610000/1048576
[2026-08-31T19:59:01Z]   full KL q=4 n=10: 620000/1048576
[2026-08-31T19:59:03Z]   full KL q=4 n=10: 630000/1048576
[2026-08-31T19:59:06Z]   full KL q=4 n=10: 640000/1048576
[2026-08-31T19:59:09Z]   full KL q=4 n=10: 650000/1048576
[2026-08-31T19:59:12Z]   full KL q=4 n=10: 660000/1048576
[2026-08-31T19:59:14Z]   full KL q=4 n=10: 670000/1048576
[2026-08-31T19:59:17Z]   full KL q=4 n=10: 680000/1048576
[2026-08-31T19:59:19Z]   full KL q=4 n=10: 690000/1048576
[2026-08-31T19:59:21Z]   full KL q=4 n=10: 700000/1048576
[2026-08-31T19:59:23Z]   full KL q=4 n=10: 710000/1048576
[2026-08-31T19:59:25Z]   full KL q=4 n=10: 720000/1048576
[2026-08-31T19:59:28Z]   full KL q=4 n=10: 730000/1048576
[2026-08-31T19:59:31Z]   full KL q=4 n=10: 740000/1048576
[2026-08-31T19:59:34Z]   full KL q=4 n=10: 750000/1048576
[2026-08-31T19:59:37Z]   full KL q=4 n=10: 760000/1048576
[2026-08-31T19:59:40Z]   full KL q=4 n=10: 770000/1048576
[2026-08-31T19:59:42Z]   full KL q=4 n=10: 780000/1048576
[2026-08-31T19:59:44Z]   full KL q=4 n=10: 790000/1048576
[2026-08-31T19:59:47Z]   full KL q=4 n=10: 800000/1048576
[2026-08-31T19:59:50Z]   full KL q=4 n=10: 810000/1048576
[2026-08-31T19:59:53Z]   full KL q=4 n=10: 820000/1048576
[2026-08-31T19:59:56Z]   full KL q=4 n=10: 830000/1048576
[2026-08-31T19:59:59Z]   full KL q=4 n=10: 840000/1048576
[2026-08-31T20:00:02Z]   full KL q=4 n=10: 850000/1048576
[2026-08-31T20:00:05Z]   full KL q=4 n=10: 860000/1048576
[2026-08-31T20:00:08Z]   full KL q=4 n=10: 870000/1048576
[2026-08-31T20:00:10Z]   full KL q=4 n=10: 880000/1048576
[2026-08-31T20:00:13Z]   full KL q=4 n=10: 890000/1048576
[2026-08-31T20:00:16Z]   full KL q=4 n=10: 900000/1048576
[2026-08-31T20:00:19Z]   full KL q=4 n=10: 910000/1048576
[2026-08-31T20:00:22Z]   full KL q=4 n=10: 920000/1048576
[2026-08-31T20:00:25Z]   full KL q=4 n=10: 930000/1048576
[2026-08-31T20:00:28Z]   full KL q=4 n=10: 940000/1048576
[2026-08-31T20:00:31Z]   full KL q=4 n=10: 950000/1048576
[2026-08-31T20:00:34Z]   full KL q=4 n=10: 960000/1048576
[2026-08-31T20:00:36Z]   full KL q=4 n=10: 970000/1048576
[2026-08-31T20:00:39Z]   full KL q=4 n=10: 980000/1048576
[2026-08-31T20:00:41Z]   full KL q=4 n=10: 990000/1048576
[2026-08-31T20:00:44Z]   full KL q=4 n=10: 1000000/1048576
[2026-08-31T20:00:46Z]   full KL q=4 n=10: 1010000/1048576
[2026-08-31T20:00:48Z]   full KL q=4 n=10: 1020000/1048576
[2026-08-31T20:00:51Z]   full KL q=4 n=10: 1030000/1048576
[2026-08-31T20:00:53Z]   full KL q=4 n=10: 1040000/1048576
[2026-08-31T20:01:04Z]   full KL q=4 n=10: 10000/1048576
[2026-08-31T20:01:06Z]   full KL q=4 n=10: 20000/1048576
[2026-08-31T20:01:08Z]   full KL q=4 n=10: 30000/1048576
[2026-08-31T20:01:11Z]   full KL q=4 n=10: 40000/1048576
[2026-08-31T20:01:13Z]   full KL q=4 n=10: 50000/1048576
[2026-08-31T20:01:15Z]   full KL q=4 n=10: 60000/1048576
[2026-08-31T20:01:18Z]   full KL q=4 n=10: 70000/1048576
[2026-08-31T20:01:20Z]   full KL q=4 n=10: 80000/1048576
[2026-08-31T20:01:23Z]   full KL q=4 n=10: 90000/1048576
[2026-08-31T20:01:25Z]   full KL q=4 n=10: 100000/1048576
[2026-08-31T20:01:28Z]   full KL q=4 n=10: 110000/1048576
[2026-08-31T20:01:31Z]   full KL q=4 n=10: 120000/1048576
[2026-08-31T20:01:35Z]   full KL q=4 n=10: 130000/1048576
[2026-08-31T20:01:37Z]   full KL q=4 n=10: 140000/1048576
[2026-08-31T20:01:40Z]   full KL q=4 n=10: 150000/1048576
[2026-08-31T20:01:43Z]   full KL q=4 n=10: 160000/1048576
[2026-08-31T20:01:46Z]   full KL q=4 n=10: 170000/1048576
[2026-08-31T20:01:48Z]   full KL q=4 n=10: 180000/1048576
[2026-08-31T20:01:51Z]   full KL q=4 n=10: 190000/1048576
[2026-08-31T20:01:54Z]   full KL q=4 n=10: 200000/1048576
[2026-08-31T20:01:57Z]   full KL q=4 n=10: 210000/1048576
[2026-08-31T20:02:00Z]   full KL q=4 n=10: 220000/1048576
[2026-08-31T20:02:03Z]   full KL q=4 n=10: 230000/1048576
[2026-08-31T20:02:06Z]   full KL q=4 n=10: 240000/1048576
[2026-08-31T20:02:09Z]   full KL q=4 n=10: 250000/1048576
[2026-08-31T20:02:11Z]   full KL q=4 n=10: 260000/1048576
[2026-08-31T20:02:13Z]   full KL q=4 n=10: 270000/1048576
[2026-08-31T20:02:16Z]   full KL q=4 n=10: 280000/1048576
[2026-08-31T20:02:19Z]   full KL q=4 n=10: 290000/1048576
[2026-08-31T20:02:22Z]   full KL q=4 n=10: 300000/1048576
[2026-08-31T20:02:25Z]   full KL q=4 n=10: 310000/1048576
[2026-08-31T20:02:28Z]   full KL q=4 n=10: 320000/1048576
[2026-08-31T20:02:31Z]   full KL q=4 n=10: 330000/1048576
[2026-08-31T20:02:33Z]   full KL q=4 n=10: 340000/1048576
[2026-08-31T20:02:35Z]   full KL q=4 n=10: 350000/1048576
[2026-08-31T20:02:36Z]   full KL q=4 n=10: 360000/1048576
[2026-08-31T20:02:39Z]   full KL q=4 n=10: 370000/1048576
[2026-08-31T20:02:41Z]   full KL q=4 n=10: 380000/1048576
[2026-08-31T20:02:43Z]   full KL q=4 n=10: 390000/1048576
[2026-08-31T20:02:46Z]   full KL q=4 n=10: 400000/1048576
[2026-08-31T20:02:49Z]   full KL q=4 n=10: 410000/1048576
[2026-08-31T20:02:52Z]   full KL q=4 n=10: 420000/1048576
[2026-08-31T20:02:55Z]   full KL q=4 n=10: 430000/1048576
[2026-08-31T20:02:57Z]   full KL q=4 n=10: 440000/1048576
[2026-08-31T20:03:00Z]   full KL q=4 n=10: 450000/1048576
[2026-08-31T20:03:03Z]   full KL q=4 n=10: 460000/1048576
[2026-08-31T20:03:06Z]   full KL q=4 n=10: 470000/1048576
[2026-08-31T20:03:09Z]   full KL q=4 n=10: 480000/1048576
[2026-08-31T20:03:12Z]   full KL q=4 n=10: 490000/1048576
[2026-08-31T20:03:15Z]   full KL q=4 n=10: 500000/1048576
[2026-08-31T20:03:18Z]   full KL q=4 n=10: 510000/1048576
[2026-08-31T20:03:20Z]   full KL q=4 n=10: 520000/1048576
[2026-08-31T20:03:22Z]   full KL q=4 n=10: 530000/1048576
[2026-08-31T20:03:25Z]   full KL q=4 n=10: 540000/1048576
[2026-08-31T20:03:28Z]   full KL q=4 n=10: 550000/1048576
[2026-08-31T20:03:31Z]   full KL q=4 n=10: 560000/1048576
[2026-08-31T20:03:33Z]   full KL q=4 n=10: 570000/1048576
[2026-08-31T20:03:36Z]   full KL q=4 n=10: 580000/1048576
[2026-08-31T20:03:39Z]   full KL q=4 n=10: 590000/1048576
[2026-08-31T20:03:42Z]   full KL q=4 n=10: 600000/1048576
[2026-08-31T20:03:45Z]   full KL q=4 n=10: 610000/1048576
[2026-08-31T20:03:48Z]   full KL q=4 n=10: 620000/1048576
[2026-08-31T20:03:50Z]   full KL q=4 n=10: 630000/1048576
[2026-08-31T20:03:53Z]   full KL q=4 n=10: 640000/1048576
[2026-08-31T20:03:56Z]   full KL q=4 n=10: 650000/1048576
[2026-08-31T20:03:59Z]   full KL q=4 n=10: 660000/1048576
[2026-08-31T20:04:01Z]   full KL q=4 n=10: 670000/1048576
[2026-08-31T20:04:04Z]   full KL q=4 n=10: 680000/1048576
[2026-08-31T20:04:06Z]   full KL q=4 n=10: 690000/1048576
[2026-08-31T20:04:07Z]   full KL q=4 n=10: 700000/1048576
[2026-08-31T20:04:10Z]   full KL q=4 n=10: 710000/1048576
[2026-08-31T20:04:12Z]   full KL q=4 n=10: 720000/1048576
[2026-08-31T20:04:15Z]   full KL q=4 n=10: 730000/1048576
[2026-08-31T20:04:18Z]   full KL q=4 n=10: 740000/1048576
[2026-08-31T20:04:21Z]   full KL q=4 n=10: 750000/1048576
[2026-08-31T20:04:24Z]   full KL q=4 n=10: 760000/1048576
[2026-08-31T20:04:27Z]   full KL q=4 n=10: 770000/1048576
[2026-08-31T20:04:30Z]   full KL q=4 n=10: 780000/1048576
[2026-08-31T20:04:31Z]   full KL q=4 n=10: 790000/1048576
[2026-08-31T20:04:34Z]   full KL q=4 n=10: 800000/1048576
[2026-08-31T20:04:37Z]   full KL q=4 n=10: 810000/1048576
[2026-08-31T20:04:40Z]   full KL q=4 n=10: 820000/1048576
[2026-08-31T20:04:43Z]   full KL q=4 n=10: 830000/1048576
[2026-08-31T20:04:46Z]   full KL q=4 n=10: 840000/1048576
[2026-08-31T20:04:49Z]   full KL q=4 n=10: 850000/1048576
[2026-08-31T20:04:52Z]   full KL q=4 n=10: 860000/1048576
[2026-08-31T20:04:55Z]   full KL q=4 n=10: 870000/1048576
[2026-08-31T20:04:57Z]   full KL q=4 n=10: 880000/1048576
[2026-08-31T20:05:00Z]   full KL q=4 n=10: 890000/1048576
[2026-08-31T20:05:03Z]   full KL q=4 n=10: 900000/1048576
[2026-08-31T20:05:06Z]   full KL q=4 n=10: 910000/1048576
[2026-08-31T20:05:08Z]   full KL q=4 n=10: 920000/1048576
[2026-08-31T20:05:12Z]   full KL q=4 n=10: 930000/1048576
[2026-08-31T20:05:15Z]   full KL q=4 n=10: 940000/1048576
[2026-08-31T20:05:18Z]   full KL q=4 n=10: 950000/1048576
[2026-08-31T20:05:20Z]   full KL q=4 n=10: 960000/1048576
[2026-08-31T20:05:23Z]   full KL q=4 n=10: 970000/1048576
[2026-08-31T20:05:26Z]   full KL q=4 n=10: 980000/1048576
[2026-08-31T20:05:28Z]   full KL q=4 n=10: 990000/1048576
[2026-08-31T20:05:30Z]   full KL q=4 n=10: 1000000/1048576
[2026-08-31T20:05:33Z]   full KL q=4 n=10: 1010000/1048576
[2026-08-31T20:05:35Z]   full KL q=4 n=10: 1020000/1048576
[2026-08-31T20:05:38Z]   full KL q=4 n=10: 1030000/1048576
[2026-08-31T20:05:39Z]   full KL q=4 n=10: 1040000/1048576
[2026-08-31T20:05:41Z] q=4 n=10 d=1/20 ordinal=23 status=CERTIFIED rss=1441169408
[2026-08-31T20:05:41Z] q4 row stage complete {'status': 'PASS', 'campaign_id': '2026-08-31T09:59:17Z_b6cd7315-caf3-4225-bb78-e4a81bf9a0f7_q4-total-output-orbit-mass', 'schema': 'delcap-q4-total-output-orbit-mass-v1', 'source_sha256': 'c9c3a84213d46da9a38fdf57a3761adddff950817091d8068e781630376f08b1', 'rows': 24, 'certified_rows': 24, 'valid_width_miss_rows': 0, 'resource_rows': 0, 'wall_s': 4651.466, 'cpu_s': 4649.094, 'completed_utc': '2026-08-31T20:05:41Z', 'evidence_label': 'MACHINE-VERIFIED', 'timing_and_resource_evidence_label': 'COMPUTATIONAL-EVIDENCE'}
