[parity] B01: cands 55 (gateB 55) match=True by_w {1: 0, 2: 15, 3: 460} wall 0.1s
[parity] B02: cands 20 (gateB 20) match=True by_w {1: 0, 2: 0, 3: 20} wall 0.9s
[parity] B03: cands 55 (gateB 55) match=True by_w {1: 0, 2: 15, 3: 460} wall 0.1s
[parity] B04: cands 110 (gateB 110) match=True by_w {1: 0, 2: 30, 3: 1820} wall 1.0s
[parity] B05: cands 30 (gateB 30) match=True by_w {1: 0, 2: 30, 3: 1740} wall 1.0s
[parity] B06: cands 110 (gateB 110) match=True by_w {1: 0, 2: 30, 3: 1820} wall 1.0s
[parity] B07: cands 24 (gateB 24) match=True by_w {1: 0, 2: 24, 3: 304} wall 0.0s
[parity] B08: cands 280 (gateB 280) match=True by_w {1: 0, 2: 24, 3: 560} wall 0.0s
[parity] B09: cands 16 (gateB 16) match=True by_w {1: 16, 2: 120, 3: 560} wall 0.0s
[parity] B10: cands 40 (gateB 40) match=True by_w {1: 0, 2: 0, 3: 40} wall 8.1s
    [parity] 500000 supports 16s
    [parity] 1000000 supports 32s
    [parity] 1500000 supports 49s
    [parity] 2000000 supports 65s
[parity] B11: cands 80 (gateB 80) match=True by_w {1: 0, 2: 0, 3: 80} wall 75.0s
[parity] B12: cands 55 (gateB 55) match=True by_w {1: 0, 2: 15, 3: 460} wall 0.1s
[parity] B13: cands 20 (gateB 20) match=True by_w {1: 0, 2: 0, 3: 20} wall 0.9s
[parity] PN6: supports 3486 (3486) match=True
[parity] PP2: supports 917 (917) match=True
[parity] ladder cross-check complete
