band [4.083,6.0] tiles=20
  1/20 OPEN boxes=125 margin=[-1.07950972630617163460159401439e-5 +/- 2.90e-35] evals=314
  2/20 OPEN boxes=127 margin=[-5.80545249145549934881666882024e-5 +/- 5.79e-36] evals=633
  3/20 OPEN boxes=133 margin=[-0.000102010719763138276617158455672 +/- 1.97e-34] evals=969
  4/20 OPEN boxes=129 margin=[-3.84653255205860765100237757892e-5 +/- 3.36e-35] evals=1292
  5/20 OPEN boxes=133 margin=[-7.78029247765902469616865238018e-5 +/- 3.82e-35] evals=1628
  6/20 OPEN boxes=128 margin=[-1.27213231923693121676375065929e-5 +/- 7.95e-36] evals=1950
  7/20 OPEN boxes=129 margin=[-4.81290090377820490762458702807e-5 +/- 4.40e-35] evals=2277
  8/20 OPEN boxes=132 margin=[-8.10531810675344180486244708707e-5 +/- 3.77e-35] evals=2616
  9/20 OPEN boxes=124 margin=[-1.42242141700590691931265442211e-5 +/- 2.25e-35] evals=2932
  10/20 OPEN boxes=109 margin=[-1.30078109803577487265832288228e-5 +/- 4.64e-35] evals=3205
  11/20 OPEN boxes=112 margin=[-4.13432503680933790024105857683e-5 +/- 3.07e-35] evals=3487
  12/20 OPEN boxes=112 margin=[-6.76920178197825010304985639137e-5 +/- 4.23e-35] evals=3770
  13/20 OPEN boxes=108 margin=[-2.63399664328978880111736054560e-7 +/- 2.43e-37] evals=4043
  14/20 OPEN boxes=111 margin=[-2.44777676094932462067925062155e-5 +/- 1.35e-35] evals=4323
  15/20 OPEN boxes=111 margin=[-4.70166902698522522966533976943e-5 +/- 4.60e-36] evals=4605
  16/20 OPEN boxes=113 margin=[-6.79779498900685964738491799728e-5 +/- 1.52e-35] evals=4893
  17/20 OPEN boxes=99 margin=[-1.26814706493400694127482357441e-6 +/- 3.55e-36] evals=5143
  18/20 OPEN boxes=100 margin=[-2.07830731435410184995346455554e-5 +/- 2.34e-35] evals=5396
  19/20 OPEN boxes=105 margin=[-3.89465474647761734183220025089e-5 +/- 1.01e-35] evals=5664
  20/20 OPEN boxes=137 margin=[-2.36655951346020762045080036454e-5 +/- 1.08e-35] evals=6016
{
  "c_lo": "4.083",
  "c_hi": "6.0",
  "precision_bits": 256,
  "root_boxes_known_and_asserted": 132,
  "tiles_total": 20,
  "tiles_certified_count": 0,
  "tiles_open_count": 20,
  "band_passed": false,
  "tiles_certified": [],
  "tiles_open": [
    {
      "root_boxes": 132,
      "boxes_evaluated": 125,
      "certified_leaves": 46,
      "worst_certified_cell": "[-0.906250000000000000000000 +/- 3e-29]|[-0.895833333333333333333333 +/- 3.34e-25]|[0.427083333333333333333333 +/- 3.34e-25]|[0.437500000000000000000000 +/- 3e-29]",
      "worst_certified_panels": 32768,
      "passed": false,
      "open_reason": "panel cap reached",
      "open_cell": "[-0.881510416666666666666667 +/- 3.34e-25]|[-0.880208333333333333333333 +/- 3.34e-25]|[0.473958333333333333333333 +/- 3.34e-25]|[0.475260416666666666666667 +/- 3.34e-25]",
      "open_depth": 14,
      "open_panels": 32768,
      "open_margin": "[-1.07950972630617163460159401439e-5 +/- 2.90e-35]",
      "open_margin_radius": "0",
      "remaining_stack_boxes": 128,
      "c_lo": "[4.08300000000000000000000000000 +/- 3e-34]",
      "c_hi": "[4.16466000000000000000000000000 +/- 3e-34]",
      "certified_margin_min": "[4.20500888867442883412848342945e-7 +/- 2.59e-37]",
      "certified_margin_min_radius": "0",
      "certified_margin_max": "[0.0996651048350734330912145834745 +/- 4.90e-32]"
    },
    {
      "root_boxes": 132,
      "boxes_evaluated": 127,
      "certified_leaves": 47,
      "worst_certified_cell": "[-0.881510416666666666666667 +/- 3.34e-25]|[-0.880208333333333333333333 +/- 3.34e-25]|[0.472656250000000000000000 +/- 3e-29]|[0.473958333333333333333333 +/- 3.34e-25]",
      "worst_certified_panels": 16384,
      "passed": false,
      "open_reason": "panel cap reached",
      "open_cell": "[-0.881510416666666666666667 +/- 3.34e-25]|[-0.880208333333333333333333 +/- 3.34e-25]|[0.473958333333333333333333 +/- 3.34e-25]|[0.475260416666666666666667 +/- 3.34e-25]",
      "open_depth": 14,
      "open_panels": 32768,
      "open_margin": "[-5.80545249145549934881666882024e-5 +/- 5.79e-36]",
      "open_margin_radius": "0",
      "remaining_stack_boxes": 128,
      "c_lo": "[4.16466000000000000000000000000 +/- 3e-34]",
      "c_hi": "[4.24795320000000000000000000000 +/- 3e-34]",
      "certified_margin_min": "[5.14457533342125189497184807704e-6 +/- 7.13e-37]",
      "certified_margin_min_radius": "0",
      "certified_margin_max": "[0.0978017767048085764890937537559 +/- 4.55e-32]"
    },
    {
      "root_boxes": 132,
      "boxes_evaluated": 133,
      "certified_leaves": 50,
      "worst_certified_cell": "[-0.885416666666666666666667 +/- 3.34e-25]|[-0.882812500000000000000000 +/- 3e-29]|[0.467447916666666666666667 +/- 3.34e-25]|[0.468750000000000000000000 +/- 3e-29]",
      "worst_certified_panels": 32768,
      "passed": false,
      "open_reason": "panel cap reached",
      "open_cell": "[-0.881510416666666666666667 +/- 3.34e-25]|[-0.880208333333333333333333 +/- 3.34e-25]|[0.473958333333333333333333 +/- 3.34e-25]|[0.475260416666666666666667 +/- 3.34e-25]",
      "open_depth": 14,
      "open_panels": 32768,
      "open_margin": "[-0.000102010719763138276617158455672 +/- 1.97e-34]",
      "open_margin_radius": "0",
      "remaining_stack_boxes": 128,
      "c_lo": "[4.24795320000000000000000000000 +/- 3e-34]",
      "c_hi": "[4.33291226400000000000000000000 +/- 3e-34]",
      "certified_margin_min": "[3.03261377863449743759616121191e-7 +/- 4.35e-37]",
      "certified_margin_min_radius": "0",
      "certified_margin_max": "[0.0959693281778289286676676180626 +/- 4.35e-32]"
    },
    {
      "root_boxes": 132,
      "boxes_evaluated": 129,
      "certified_leaves": 48,
      "worst_certified_cell": "[-0.895833333333333333333333 +/- 3.34e-25]|[-0.890625000000000000000000 +/- 3e-29]|[0.450520833333333333333333 +/- 3.34e-25]|[0.453125000000000000000000 +/- 3e-29]",
      "worst_certified_panels": 32768,
      "passed": false,
      "open_reason": "panel cap reached",
      "open_cell": "[-0.882812500000000000000000 +/- 3e-29]|[-0.881510416666666666666667 +/- 3.34e-25]|[0.471354166666666666666667 +/- 3.34e-25]|[0.472656250000000000000000 +/- 3e-29]",
      "open_depth": 14,
      "open_panels": 32768,
      "open_margin": "[-3.84653255205860765100237757892e-5 +/- 3.36e-35]",
      "open_margin_radius": "0",
      "remaining_stack_boxes": 131,
      "c_lo": "[4.33291226400000000000000000000 +/- 3e-34]",
      "c_hi": "[4.41957050928000000000000000000 +/- 3e-34]",
      "certified_margin_min": "[1.01882083589997369963990918566e-5 +/- 3.75e-35]",
      "certified_margin_min_radius": "0",
      "certified_margin_max": "[0.0941682601871078089923086524757 +/- 3.69e-32]"
    },
    {
      "root_boxes": 132,
      "boxes_evaluated": 133,
      "certified_leaves": 49,
      "worst_certified_cell": "[-0.937500000000000000000000 +/- 3e-29]|[-0.916666666666666666666667 +/- 3.34e-25]|[0.375000000000000000000000 +/- 3e-29]|[0.385416666666666666666667 +/- 3.34e-25]",
      "worst_certified_panels": 4096,
      "passed": false,
      "open_reason": "panel cap reached",
      "open_cell": "[-0.882812500000000000000000 +/- 3e-29]|[-0.881510416666666666666667 +/- 3.34e-25]|[0.471354166666666666666667 +/- 3.34e-25]|[0.472656250000000000000000 +/- 3e-29]",
      "open_depth": 14,
      "open_panels": 32768,
      "open_margin": "[-7.78029247765902469616865238018e-5 +/- 3.82e-35]",
      "open_margin_radius": "0",
      "remaining_stack_boxes": 131,
      "c_lo": "[4.41957050928000000000000000000 +/- 3e-34]",
      "c_hi": "[4.50796191946560000000000000000 +/- 3e-34]",
      "certified_margin_min": "[3.02352175894727054741077493825e-6 +/- 4.75e-36]",
      "certified_margin_min_radius": "0",
      "certified_margin_max": "[0.0923960939317109631697337534216 +/- 4.53e-33]"
    },
    {
      "root_boxes": 132,
      "boxes_evaluated": 128,
      "certified_leaves": 47,
      "worst_certified_cell": "[-0.890625000000000000000000 +/- 3e-29]|[-0.888020833333333333333333 +/- 3.34e-25]|[0.458333333333333333333333 +/- 3.34e-25]|[0.459635416666666666666667 +/- 3.34e-25]",
      "worst_certified_panels": 16384,
      "passed": false,
      "open_reason": "panel cap reached",
      "open_cell": "[-0.884114583333333333333333 +/- 3.34e-25]|[-0.882812500000000000000000 +/- 3e-29]|[0.468750000000000000000000 +/- 3e-29]|[0.470052083333333333333333 +/- 3.34e-25]",
      "open_depth": 14,
      "open_panels": 32768,
      "open_margin": "[-1.27213231923693121676375065929e-5 +/- 7.95e-36]",
      "open_margin_radius": "0",
      "remaining_stack_boxes": 131,
      "c_lo": "[4.50796191946560000000000000000 +/- 3e-34]",
      "c_hi": "[4.59812115785491200000000000000 +/- 3e-34]",
      "certified_margin_min": "[7.08617912473167438205170242524e-6 +/- 1.33e-36]",
      "certified_margin_min_radius": "0",
      "certified_margin_max": "[0.0906536706173217459298566550900 +/- 4.47e-32]"
    },
    {
      "root_boxes": 132,
      "boxes_evaluated": 129,
      "certified_leaves": 47,
      "worst_certified_cell": "[-0.890625000000000000000000 +/- 3e-29]|[-0.885416666666666666666667 +/- 3.34e-25]|[0.447916666666666666666667 +/- 3.34e-25]|[0.453125000000000000000000 +/- 3e-29]",
      "worst_certified_panels": 4096,
      "passed": false,
      "open_reason": "panel cap reached",
      "open_cell": "[-0.884114583333333333333333 +/- 3.34e-25]|[-0.882812500000000000000000 +/- 3e-29]|[0.468750000000000000000000 +/- 3e-29]|[0.470052083333333333333333 +/- 3.34e-25]",
      "open_depth": 14,
      "open_panels": 32768,
      "open_margin": "[-4.81290090377820490762458702807e-5 +/- 4.40e-35]",
      "open_margin_radius": "0",
      "remaining_stack_boxes": 131,
      "c_lo": "[4.59812115785491200000000000000 +/- 3e-34]",
      "c_hi": "[4.69008358101201024000000000000 +/- 3e-34]",
      "certified_margin_min": "[2.69602968317701751347048261288e-6 +/- 8.88e-37]",
      "certified_margin_min_radius": "0",
      "certified_margin_max": "[0.0889415374048981315495355505544 +/- 3.43e-32]"
    },
    {
      "root_boxes": 132,
      "boxes_evaluated": 132,
      "certified_leaves": 48,
      "worst_certified_cell": "[-0.888020833333333333333333 +/- 3.34e-25]|[-0.885416666666666666666667 +/- 3.34e-25]|[0.460937500000000000000000 +/- 3e-29]|[0.463541666666666666666667 +/- 3.34e-25]",
      "worst_certified_panels": 32768,
      "passed": false,
      "open_reason": "panel cap reached",
      "open_cell": "[-0.884114583333333333333333 +/- 3.34e-25]|[-0.882812500000000000000000 +/- 3e-29]|[0.468750000000000000000000 +/- 3e-29]|[0.470052083333333333333333 +/- 3.34e-25]",
      "open_depth": 14,
      "open_panels": 32768,
      "open_margin": "[-8.10531810675344180486244708707e-5 +/- 3.77e-35]",
      "open_margin_radius": "0",
      "remaining_stack_boxes": 131,
      "c_lo": "[4.69008358101201024000000000000 +/- 3e-34]",
      "c_hi": "[4.78388525263225044480000000000 +/- 3e-34]",
      "certified_margin_min": "[5.89565378434836041605482986721e-6 +/- 2.03e-36]",
      "certified_margin_min_radius": "0",
      "certified_margin_max": "[0.0872589746771568948860997339332 +/- 2.30e-32]"
    },
    {
      "root_boxes": 132,
      "boxes_evaluated": 124,
      "certified_leaves": 45,
      "worst_certified_cell": "[-0.888020833333333333333333 +/- 3.34e-25]|[-0.886718750000000000000000 +/- 3e-29]|[0.462239583333333333333333 +/- 3.34e-25]|[0.463541666666666666666667 +/- 3.34e-25]",
      "worst_certified_panels": 32768,
      "passed": false,
      "open_reason": "panel cap reached",
      "open_cell": "[-0.885416666666666666666667 +/- 3.34e-25]|[-0.884114583333333333333333 +/- 3.34e-25]|[0.466145833333333333333333 +/- 3.34e-25]|[0.467447916666666666666667 +/- 3.34e-25]",
      "open_depth": 14,
      "open_panels": 32768,
      "open_margin": "[-1.42242141700590691931265442211e-5 +/- 2.25e-35]",
      "open_margin_radius": "0",
      "remaining_stack_boxes": 132,
      "c_lo": "[4.78388525263225044480000000000 +/- 3e-34]",
      "c_hi": "[4.87956295768489545369600000000 +/- 3e-34]",
      "certified_margin_min": "[1.74452240252851720745694780720e-5 +/- 2.52e-35]",
      "certified_margin_min_radius": "0",
      "certified_margin_max": "[0.0856049827097667315549750117340 +/- 1.72e-32]"
    },
    {
      "root_boxes": 132,
      "boxes_evaluated": 109,
      "certified_leaves": 40,
      "worst_certified_cell": "[-0.888020833333333333333333 +/- 3.34e-25]|[-0.885416666666666666666667 +/- 3.34e-25]|[0.460937500000000000000000 +/- 3e-29]|[0.462239583333333333333333 +/- 3.34e-25]",
      "worst_certified_panels": 16384,
      "passed": false,
      "open_reason": "panel cap reached",
      "open_cell": "[-0.888020833333333333333333 +/- 3.34e-25]|[-0.886718750000000000000000 +/- 3e-29]|[0.462239583333333333333333 +/- 3.34e-25]|[0.463541666666666666666667 +/- 3.34e-25]",
      "open_depth": 14,
      "open_panels": 32768,
      "open_margin": "[-1.30078109803577487265832288228e-5 +/- 4.64e-35]",
      "open_margin_radius": "0",
      "remaining_stack_boxes": 131,
      "c_lo": "[4.87956295768489545369600000000 +/- 3e-34]",
      "c_hi": "[4.97715421683859336276992000000 +/- 3e-34]",
      "certified_margin_min": "[4.91657761523328491404921052803e-6 +/- 1.88e-36]",
      "certified_margin_min_radius": "0",
      "certified_margin_max": "[0.0839786675553603613116223875660 +/- 3.21e-32]"
    },
    {
      "root_boxes": 132,
      "boxes_evaluated": 112,
      "certified_leaves": 41,
      "worst_certified_cell": "[-0.895833333333333333333333 +/- 3.34e-25]|[-0.890625000000000000000000 +/- 3e-29]|[0.447916666666666666666667 +/- 3.34e-25]|[0.450520833333333333333333 +/- 3.34e-25]",
      "worst_certified_panels": 16384,
      "passed": false,
      "open_reason": "panel cap reached",
      "open_cell": "[-0.888020833333333333333333 +/- 3.34e-25]|[-0.886718750000000000000000 +/- 3e-29]|[0.462239583333333333333333 +/- 3.34e-25]|[0.463541666666666666666667 +/- 3.34e-25]",
      "open_depth": 14,
      "open_panels": 32768,
      "open_margin": "[-4.13432503680933790024105857683e-5 +/- 3.07e-35]",
      "open_margin_radius": "0",
      "remaining_stack_boxes": 131,
      "c_lo": "[4.97715421683859336276992000000 +/- 3e-34]",
      "c_hi": "[5.07669730117536523002531840000 +/- 3e-34]",
      "certified_margin_min": "[7.85653663338772799121388314855e-6 +/- 4.19e-36]",
      "certified_margin_min_radius": "0",
      "certified_margin_max": "[0.0823817665938815291625082376636 +/- 1.90e-32]"
    },
    {
      "root_boxes": 132,
      "boxes_evaluated": 112,
      "certified_leaves": 41,
      "worst_certified_cell": "[-0.893229166666666666666667 +/- 3.34e-25]|[-0.890625000000000000000000 +/- 3e-29]|[0.453125000000000000000000 +/- 3e-29]|[0.454427083333333333333333 +/- 3.34e-25]",
      "worst_certified_panels": 16384,
      "passed": false,
      "open_reason": "panel cap reached",
      "open_cell": "[-0.888020833333333333333333 +/- 3.34e-25]|[-0.886718750000000000000000 +/- 3e-29]|[0.462239583333333333333333 +/- 3.34e-25]|[0.463541666666666666666667 +/- 3.34e-25]",
      "open_depth": 14,
      "open_panels": 32768,
      "open_margin": "[-6.76920178197825010304985639137e-5 +/- 4.23e-35]",
      "open_margin_radius": "0",
      "remaining_stack_boxes": 131,
      "c_lo": "[5.07669730117536523002531840000 +/- 3e-34]",
      "c_hi": "[5.17823124719887253462582476800 +/- 3e-34]",
      "certified_margin_min": "[9.38904701160256962115332465745e-6 +/- 1.86e-36]",
      "certified_margin_min_radius": "0",
      "certified_margin_max": "[0.0808129429918282671021991021363 +/- 3.40e-32]"
    },
    {
      "root_boxes": 132,
      "boxes_evaluated": 108,
      "certified_leaves": 39,
      "worst_certified_cell": "[-0.927083333333333333333333 +/- 3.34e-25]|[-0.916666666666666666666667 +/- 3.34e-25]|[0.395833333333333333333333 +/- 3.34e-25]|[0.406250000000000000000000 +/- 3e-29]",
      "worst_certified_panels": 32768,
      "passed": false,
      "open_reason": "panel cap reached",
      "open_cell": "[-0.889322916666666666666667 +/- 3.34e-25]|[-0.888020833333333333333333 +/- 3.34e-25]|[0.459635416666666666666667 +/- 3.34e-25]|[0.460937500000000000000000 +/- 3e-29]",
      "open_depth": 14,
      "open_panels": 32768,
      "open_margin": "[-2.63399664328978880111736054560e-7 +/- 2.43e-37]",
      "open_margin_radius": "0",
      "remaining_stack_boxes": 132,
      "c_lo": "[5.17823124719887253462582476800 +/- 3e-34]",
      "c_hi": "[5.28179587214284998531834126336 +/- 3e-34]",
      "certified_margin_min": "[1.30882154071386525168125076318e-5 +/- 2.55e-35]",
      "certified_margin_min_radius": "0",
      "certified_margin_max": "[0.0792714520473569870640722275260 +/- 4.16e-32]"
    },
    {
      "root_boxes": 132,
      "boxes_evaluated": 111,
      "certified_leaves": 40,
      "worst_certified_cell": "[-0.889322916666666666666667 +/- 3.34e-25]|[-0.888020833333333333333333 +/- 3.34e-25]|[0.458333333333333333333333 +/- 3.34e-25]|[0.459635416666666666666667 +/- 3.34e-25]",
      "worst_certified_panels": 16384,
      "passed": false,
      "open_reason": "panel cap reached",
      "open_cell": "[-0.889322916666666666666667 +/- 3.34e-25]|[-0.888020833333333333333333 +/- 3.34e-25]|[0.459635416666666666666667 +/- 3.34e-25]|[0.460937500000000000000000 +/- 3e-29]",
      "open_depth": 14,
      "open_panels": 32768,
      "open_margin": "[-2.44777676094932462067925062155e-5 +/- 1.35e-35]",
      "open_margin_radius": "0",
      "remaining_stack_boxes": 132,
      "c_lo": "[5.28179587214284998531834126336 +/- 3e-34]",
      "c_hi": "[5.38743178958570698502470808863 +/- 2.81e-30]",
      "certified_margin_min": "[9.81703710022554555344953588835e-6 +/- 4.71e-36]",
      "certified_margin_min_radius": "0",
      "certified_margin_max": "[0.0777571889797274602305197523600 +/- 4.18e-32]"
    },
    {
      "root_boxes": 132,
      "boxes_evaluated": 111,
      "certified_leaves": 40,
      "worst_certified_cell": "[-0.890625000000000000000000 +/- 3e-29]|[-0.888020833333333333333333 +/- 3.34e-25]|[0.455729166666666666666667 +/- 3.34e-25]|[0.458333333333333333333333 +/- 3.34e-25]",
      "worst_certified_panels": 32768,
      "passed": false,
      "open_reason": "panel cap reached",
      "open_cell": "[-0.889322916666666666666667 +/- 3.34e-25]|[-0.888020833333333333333333 +/- 3.34e-25]|[0.459635416666666666666667 +/- 3.34e-25]|[0.460937500000000000000000 +/- 3e-29]",
      "open_depth": 14,
      "open_panels": 32768,
      "open_margin": "[-4.70166902698522522966533976943e-5 +/- 4.60e-36]",
      "open_margin_radius": "0",
      "remaining_stack_boxes": 132,
      "c_lo": "[5.38743178958570698502470808863 +/- 2.81e-30]",
      "c_hi": "[5.49518042537742112472520225040 +/- 2.57e-31]",
      "certified_margin_min": "[1.20992050809907525543000129163e-5 +/- 7.65e-36]",
      "certified_margin_min_radius": "0",
      "certified_margin_max": "[0.0762689775794595524950870413256 +/- 1.93e-32]"
    },
    {
      "root_boxes": 132,
      "boxes_evaluated": 113,
      "certified_leaves": 41,
      "worst_certified_cell": "[-0.890625000000000000000000 +/- 3e-29]|[-0.888020833333333333333333 +/- 3.34e-25]|[0.457031250000000000000000 +/- 3e-29]|[0.458333333333333333333333 +/- 3.34e-25]",
      "worst_certified_panels": 32768,
      "passed": false,
      "open_reason": "panel cap reached",
      "open_cell": "[-0.889322916666666666666667 +/- 3.34e-25]|[-0.888020833333333333333333 +/- 3.34e-25]|[0.459635416666666666666667 +/- 3.34e-25]|[0.460937500000000000000000 +/- 3e-29]",
      "open_depth": 14,
      "open_panels": 32768,
      "open_margin": "[-6.79779498900685964738491799728e-5 +/- 1.52e-35]",
      "open_margin_radius": "0",
      "remaining_stack_boxes": 132,
      "c_lo": "[5.49518042537742112472520225040 +/- 2.57e-31]",
      "c_hi": "[5.60508403388496954721970629541 +/- 2.27e-30]",
      "certified_margin_min": "[9.19505033732649746717101410071e-7 +/- 3.66e-39]",
      "certified_margin_min_radius": "0",
      "certified_margin_max": "[0.0748077350224753990197071724432 +/- 2.90e-32]"
    },
    {
      "root_boxes": 132,
      "boxes_evaluated": 99,
      "certified_leaves": 37,
      "worst_certified_cell": "[-0.890625000000000000000000 +/- 3e-29]|[-0.888020833333333333333333 +/- 3.34e-25]|[0.455729166666666666666667 +/- 3.34e-25]|[0.457031250000000000000000 +/- 3e-29]",
      "worst_certified_panels": 16384,
      "passed": false,
      "open_reason": "panel cap reached",
      "open_cell": "[-0.890625000000000000000000 +/- 3e-29]|[-0.889322916666666666666667 +/- 3.34e-25]|[0.457031250000000000000000 +/- 3e-29]|[0.458333333333333333333333 +/- 3.34e-25]",
      "open_depth": 14,
      "open_panels": 32768,
      "open_margin": "[-1.26814706493400694127482357441e-6 +/- 3.55e-36]",
      "open_margin_radius": "0",
      "remaining_stack_boxes": 130,
      "c_lo": "[5.60508403388496954721970629541 +/- 2.27e-30]",
      "c_hi": "[5.71718571456266893816410042132 +/- 4.11e-30]",
      "certified_margin_min": "[8.24193949347942978154861114528e-6 +/- 3.05e-36]",
      "certified_margin_min_radius": "0",
      "certified_margin_max": "[0.0733729394197929472259916344795 +/- 4.49e-32]"
    },
    {
      "root_boxes": 132,
      "boxes_evaluated": 100,
      "certified_leaves": 37,
      "worst_certified_cell": "[-0.893229166666666666666667 +/- 3.34e-25]|[-0.890625000000000000000000 +/- 3e-29]|[0.450520833333333333333333 +/- 3.34e-25]|[0.453125000000000000000000 +/- 3e-29]",
      "worst_certified_panels": 16384,
      "passed": false,
      "open_reason": "panel cap reached",
      "open_cell": "[-0.890625000000000000000000 +/- 3e-29]|[-0.889322916666666666666667 +/- 3.34e-25]|[0.457031250000000000000000 +/- 3e-29]|[0.458333333333333333333333 +/- 3.34e-25]",
      "open_depth": 14,
      "open_panels": 32768,
      "open_margin": "[-2.07830731435410184995346455554e-5 +/- 2.34e-35]",
      "open_margin_radius": "0",
      "remaining_stack_boxes": 130,
      "c_lo": "[5.71718571456266893816410042132 +/- 4.11e-30]",
      "c_hi": "[5.83152942885392231692738242974 +/- 2.22e-30]",
      "certified_margin_min": "[6.30473368102467175421462078077e-6 +/- 4.16e-36]",
      "certified_margin_min_radius": "0",
      "certified_margin_max": "[0.0719630910834879727749773937879 +/- 4.33e-33]"
    },
    {
      "root_boxes": 132,
      "boxes_evaluated": 105,
      "certified_leaves": 39,
      "worst_certified_cell": "[-0.895833333333333333333333 +/- 3.34e-25]|[-0.875000000000000000000000 +/- 3e-29]|[0.437500000000000000000000 +/- 3e-29]|[0.447916666666666666666667 +/- 3.34e-25]",
      "worst_certified_panels": 32768,
      "passed": false,
      "open_reason": "panel cap reached",
      "open_cell": "[-0.890625000000000000000000 +/- 3e-29]|[-0.889322916666666666666667 +/- 3.34e-25]|[0.457031250000000000000000 +/- 3e-29]|[0.458333333333333333333333 +/- 3.34e-25]",
      "open_depth": 14,
      "open_panels": 32768,
      "open_margin": "[-3.89465474647761734183220025089e-5 +/- 1.01e-35]",
      "open_margin_radius": "0",
      "remaining_stack_boxes": 130,
      "c_lo": "[5.83152942885392231692738242974 +/- 2.22e-30]",
      "c_hi": "[5.94816001743100076326593007834 +/- 2.95e-30]",
      "certified_margin_min": "[1.20243192566148095629001712989e-5 +/- 7.95e-37]",
      "certified_margin_min_radius": "0",
      "certified_margin_max": "[0.0705796089133316734216569616216 +/- 2.01e-32]"
    },
    {
      "root_boxes": 132,
      "boxes_evaluated": 137,
      "certified_leaves": 48,
      "worst_certified_cell": "[-0.869791666666666666666667 +/- 3.34e-25]|[-0.867187500000000000000000 +/- 3e-29]|[0.494791666666666666666667 +/- 3.34e-25]|[0.496093750000000000000000 +/- 3e-29]",
      "worst_certified_panels": 16384,
      "passed": false,
      "open_reason": "panel cap reached",
      "open_cell": "[-0.867187500000000000000000 +/- 3e-29]|[-0.865885416666666666666667 +/- 3.34e-25]|0.500000000000000000000000|[0.501302083333333333333333 +/- 3.34e-25]",
      "open_depth": 14,
      "open_panels": 32768,
      "open_margin": "[-2.36655951346020762045080036454e-5 +/- 1.08e-35]",
      "open_margin_radius": "0",
      "remaining_stack_boxes": 131,
      "c_lo": "[5.94816001743100076326593007834 +/- 2.95e-30]",
      "c_hi": "6.00000000000000000000000000000",
      "certified_margin_min": "[4.51167995077828026136900952542e-6 +/- 1.89e-36]",
      "certified_margin_min_radius": "0",
      "certified_margin_max": "[0.0703021217062173332614861651543 +/- 2.59e-32]"
    }
  ],
  "envelope_evals": 6016,
  "budget": 260000,
  "panel_histogram": {
    "4096": 2377,
    "16384": 2003,
    "32768": 1636
  },
  "seconds": 1482.2498660087585
}
