band [1.30,1.45] tiles=6
  1/6 PASS boxes=458 margin=[4.72624527089909062519132865185e-6 +/- 8.25e-37] evals=1056
  2/6 PASS boxes=470 margin=[0.000240395073327862141588643022442 +/- 5.98e-35] evals=2132
  3/6 PASS boxes=466 margin=[1.95705024245827645177570572783e-6 +/- 1.07e-36] evals=3208
  4/6 PASS boxes=466 margin=[0.000132308074488193612996523519926 +/- 3.03e-34] evals=4290
  5/6 PASS boxes=462 margin=[1.37592981854517008890967389057e-5 +/- 4.07e-35] evals=5374
  6/6 PASS boxes=418 margin=[5.35819014603360434659829691102e-5 +/- 1.91e-35] evals=6340
{
  "c_lo": "1.30",
  "c_hi": "1.45",
  "precision_bits": 256,
  "root_boxes_known_and_asserted": 132,
  "tiles_total": 6,
  "tiles_certified_count": 6,
  "tiles_open_count": 0,
  "band_passed": true,
  "tiles_certified": [
    {
      "root_boxes": 132,
      "boxes_evaluated": 458,
      "certified_leaves": 272,
      "worst_certified_cell": "[0.875000000000000000000000 +/- 3e-29]|[0.916666666666666666666667 +/- 3.34e-25]|[-0.437500000000000000000000 +/- 1e-29]|[-0.416666666666666666666667 +/- 3.34e-25]",
      "worst_certified_panels": 32768,
      "passed": true,
      "open_reason": null,
      "open_cell": null,
      "open_depth": null,
      "open_panels": null,
      "open_margin": null,
      "open_margin_radius": null,
      "remaining_stack_boxes": 0,
      "c_lo": "[1.30000000000000000000000000000 +/- 3e-34]",
      "c_hi": "[1.32600000000000000000000000000 +/- 3e-34]",
      "certified_margin_min": "[4.72624527089909062519132865185e-6 +/- 8.25e-37]",
      "certified_margin_min_radius": "0",
      "certified_margin_max": "[0.329986393688809141584819932045 +/- 4.42e-31]"
    },
    {
      "root_boxes": 132,
      "boxes_evaluated": 470,
      "certified_leaves": 278,
      "worst_certified_cell": "[-0.875000000000000000000000 +/- 3e-29]|[-0.833333333333333333333333 +/- 3.34e-25]|[0.416666666666666666666667 +/- 3.34e-25]|[0.458333333333333333333333 +/- 3.34e-25]",
      "worst_certified_panels": 4096,
      "passed": true,
      "open_reason": null,
      "open_cell": null,
      "open_depth": null,
      "open_panels": null,
      "open_margin": null,
      "open_margin_radius": null,
      "remaining_stack_boxes": 0,
      "c_lo": "[1.32600000000000000000000000000 +/- 3e-34]",
      "c_hi": "[1.35252000000000000000000000000 +/- 3e-34]",
      "certified_margin_min": "[0.000240395073327862141588643022442 +/- 5.98e-35]",
      "certified_margin_min_radius": "0",
      "certified_margin_max": "[0.327768038517030416007351582895 +/- 3.38e-31]"
    },
    {
      "root_boxes": 132,
      "boxes_evaluated": 466,
      "certified_leaves": 276,
      "worst_certified_cell": "[-0.875000000000000000000000 +/- 3e-29]|[-0.833333333333333333333333 +/- 3.34e-25]|[0.416666666666666666666667 +/- 3.34e-25]|[0.458333333333333333333333 +/- 3.34e-25]",
      "worst_certified_panels": 4096,
      "passed": true,
      "open_reason": null,
      "open_cell": null,
      "open_depth": null,
      "open_panels": null,
      "open_margin": null,
      "open_margin_radius": null,
      "remaining_stack_boxes": 0,
      "c_lo": "[1.35252000000000000000000000000 +/- 3e-34]",
      "c_hi": "[1.37957040000000000000000000000 +/- 3e-34]",
      "certified_margin_min": "[1.95705024245827645177570572783e-6 +/- 1.07e-36]",
      "certified_margin_min_radius": "0",
      "certified_margin_max": "[0.325384211733221132763873087712 +/- 1.61e-31]"
    },
    {
      "root_boxes": 132,
      "boxes_evaluated": 466,
      "certified_leaves": 276,
      "worst_certified_cell": "[-0.958333333333333333333333 +/- 3.34e-25]|[-0.916666666666666666666667 +/- 3.34e-25]|[0.354166666666666666666667 +/- 3.34e-25]|[0.375000000000000000000000 +/- 3e-29]",
      "worst_certified_panels": 4096,
      "passed": true,
      "open_reason": null,
      "open_cell": null,
      "open_depth": null,
      "open_panels": null,
      "open_margin": null,
      "open_margin_radius": null,
      "remaining_stack_boxes": 0,
      "c_lo": "[1.37957040000000000000000000000 +/- 3e-34]",
      "c_hi": "[1.40716180800000000000000000000 +/- 3e-34]",
      "certified_margin_min": "[0.000132308074488193612996523519926 +/- 3.03e-34]",
      "certified_margin_min_radius": "0",
      "certified_margin_max": "[0.322829585829942970170560547391 +/- 2.55e-31]"
    },
    {
      "root_boxes": 132,
      "boxes_evaluated": 462,
      "certified_leaves": 274,
      "worst_certified_cell": "-1.00000000000000000000000|[-0.916666666666666666666667 +/- 3.34e-25]|[0.208333333333333333333333 +/- 3.34e-25]|[0.250000000000000000000000 +/- 3e-29]",
      "worst_certified_panels": 32768,
      "passed": true,
      "open_reason": null,
      "open_cell": null,
      "open_depth": null,
      "open_panels": null,
      "open_margin": null,
      "open_margin_radius": null,
      "remaining_stack_boxes": 0,
      "c_lo": "[1.40716180800000000000000000000 +/- 3e-34]",
      "c_hi": "[1.43530504416000000000000000000 +/- 3e-34]",
      "certified_margin_min": "[1.37592981854517008890967389057e-5 +/- 4.07e-35]",
      "certified_margin_min_radius": "0",
      "certified_margin_max": "[0.320136677181712508481991668752 +/- 3.29e-31]"
    },
    {
      "root_boxes": 132,
      "boxes_evaluated": 418,
      "certified_leaves": 252,
      "worst_certified_cell": "[-0.875000000000000000000000 +/- 3e-29]|[-0.833333333333333333333333 +/- 3.34e-25]|[0.458333333333333333333333 +/- 3.34e-25]|[0.479166666666666666666667 +/- 3.34e-25]",
      "worst_certified_panels": 1024,
      "passed": true,
      "open_reason": null,
      "open_cell": null,
      "open_depth": null,
      "open_panels": null,
      "open_margin": null,
      "open_margin_radius": null,
      "remaining_stack_boxes": 0,
      "c_lo": "[1.43530504416000000000000000000 +/- 3e-34]",
      "c_hi": "[1.45000000000000000000000000000 +/- 1e-34]",
      "certified_margin_min": "[5.35819014603360434659829691102e-5 +/- 1.91e-35]",
      "certified_margin_min_radius": "0",
      "certified_margin_max": "[0.320276338299345862587314129833 +/- 4.64e-31]"
    }
  ],
  "tiles_open": [],
  "envelope_evals": 6340,
  "budget": 260000,
  "panel_histogram": {
    "1024": 2740,
    "4096": 1318,
    "16384": 1160,
    "32768": 1122
  },
  "seconds": 1193.090333223343
}
