{
  "status": "PASS",
  "analytic": {
    "precision_bits": 300,
    "A": "[1.22426406871192851464050661726290942357090156261308442195300 +/- 3.93e-60]",
    "B": "[0.424264068711928514640506617262909423570901562613084421953004 +/- 7.87e-62]",
    "r1": "[0.755475537760921753798934102730463153389138146851846932153522 +/- 4.25e-61]",
    "r2": "[3.81960492290262769286925967185147565695676054350190109070299 +/- 4.35e-60]",
    "zero_of_p": "[1.69871071202960474288652997109361644635973362603930591427037 +/- 2.43e-60]",
    "inner_halfline": "[0.187381902949475724416258916719426856535141376471403789608181 +/- 6.58e-62]",
    "outer_halfline": "[3.33743449060605960077355454533875298766340726340289541570882e-5 +/- 3.28e-66]",
    "J_1p30": "[0.374830554588763570024533304529760488130036021088075637124676 +/- 4.49e-62]",
    "d_1p30": "[0.407067075076070102619650609937767304725585891197791566099591 +/- 3.25e-61]",
    "d_1p45": "[0.372681699794549909096130771635019116943344299692367393099092 +/- 3.11e-61]",
    "equal_c_margin": "[0.0322365204873065325951173054080068165955498701097159289749153 +/- 2.01e-62]",
    "coarse_pair_margin": "[-0.00214885479421366092840253289474137118669172139570824402558373 +/- 4.59e-63]",
    "evidence": "MACHINE-VERIFIED Arb closed form"
  },
  "mpmath_cross_check": {
    "digits": 80,
    "r1": "0.755475537760921753798934102730463153389138146851846932153521575472136442001",
    "r2": "3.81960492290262769286925967185147565695676054350190109070299434111872347867",
    "inner_halfline": "0.187381902949475724416258916719426856535141376471403789608180934221730195396",
    "outer_halfline": "0.000033374344906060596007735545453387529876634072634028954157088203276001326676",
    "J": "0.374830554588763570024533304529760488130036021088075637124676044850012393444",
    "evidence": "COMPUTATIONAL-EVIDENCE only"
  },
  "root_box_count_n12": 132,
  "c_tile_cover_control": {
    "domain": [
      "1.30",
      "1.45"
    ],
    "ratio": "1.02",
    "tiles": 6,
    "adjacency_and_endpoints_asserted": true
  },
  "direct_envelope": {
    "cell_center": [
      "0.8",
      "-0.6"
    ],
    "cell_radius_each_axis": "0.0001",
    "n_panels": 512,
    "upper": "[0.38191563896934030047437988512180601043289269206635 +/- 2.81e-51]",
    "upper_radius": "[6.5676781379775571739e-74 +/- 3.64e-94]",
    "equal_c_pair": [
      "1.30",
      "1.30"
    ],
    "equal_c_certified_margin_lower": "[0.025151436106729802145270724815961294292693199131444 +/- 3.74e-52]",
    "equal_c_margin_radius": "0",
    "ratio_1p02_pair": [
      "1.30",
      "1.326"
    ],
    "ratio_1p02_certified_margin_lower": "[0.018788963178463369167414180463534341236598517209793 +/- 7.79e-53]",
    "ratio_1p02_margin_radius": "0"
  },
  "controls": {
    "basis_and_active_regions": "PASS",
    "known_windows": "PASS",
    "weight_counterfactual": "PASS",
    "margin_counterfactuals": "PASS",
    "analytic_containment_and_pseudo_upper_plant": "PASS"
  }
}
